200000 2000
357654 533618 692445 903354 552775 919389 347207 632365 373098 941305 231536 420244 323598 51895 88748 580835 473218 292941 207960 334133 182492 731102 92398 623390 27542 458762 448351 386588 134457 863818 934235 452538 538841 817863 694396 286634 869121 193475 376857 631961 457619 316411 383406 958098 86862 622606 789237 854381 876292 437138 272637 547453 626294 300503 70311 908912 279515 415656 961468 712258 117286 803811 680254 376530 441864 372299 648405 865836 132424 329117 802085 110053 600942 238323 600624 552251 973902 618390 865238 956450 391601 14846 347514 234431 685849 812068 465805 202324 45616 161351 684763 239538 254174 30768 413099 758362 903562 484762 489785 177869 466724 929276 368264 590376 839374 330000 282707 483724 135721 798095 921164 657227 5054 510307 215722 461900 148555 245213 605283 316471 491923 474034 114939 36194 343121 208703 539613 935990 905728 932528 678690 103181 544935 93111 154672 816247 608313 7244 830476 53296 391746 422579 123736 563294 501632 765183 218216 628716 139260 86517 177267 436621 741536 817232 644932 148005 189408 811144 928382 51348 886493 120078 808785 992323 919475 883065 150015 317266 659991 167175 694603 668193 982664 591792 865186 432318 41696 829414 921064 898895 830014 527636 377009 556440 932847 216297 118361 900005 541292 599915 27699 478459 798120 788755 594743 366247 511718 547270 216286 311202 236090 521474 901574 34508 230242 557988 488584 601179 935552 599136 122846 816163 113415 397092 461951 647943 849238 598397 563818 394426 254369 223648 646245 622289 372567 41581 95186 844870 43734 530548 342749 520464 761107 562528 901914 23379 911428 777091 34604 182288 21324 856795 958207 316248 591868 926815 633673 34302 504408 82330 197411 706647 818356 246314 222522 921998 964883 164700 997813 712104 539810 353182 698670 886207 904188 635782 178815 100123 462760 871535 977315 600671 48780 5719 172281 497223 58102 684966 236495 588915 388250 558728 609728 342943 131789 707986 453046 196857 570451 375228 653177 232726 911784 414543 52073 5237 297211 511600 172940 214346 983647 189501 910038 520861 874723 926819 651175 649299 883300 7573 124575 164259 65675 152067 374833 202250 571727 925631 744668 126323 682163 915639 346710 279736 377450 13720 376450 713366 506763 943250 241304 234061 467372 164905 662499 571630 553813 687005 723405 377517 726442 573634 499489 463663 646157 564493 99402 76135 116923 111823 530204 572787 350688 950391 385795 284526 369227 913013 310154 956032 195338 46826 681687 311199 272891 295242 793759 734940 892420 469896 386990 1846 582215 652519 384006 381351 179965 224001 780017 209132 840819 511996 637166 302586 739829 965744 645057 469063 378768 351348 261832 258312 761202 474116 832371 634462 841421 665492 794680 941202 208097 902460 160768 90730 15171 596992 659743 370901 888688 764336 689073 865483 994791 571847 2463 781178 142827 41926 718974 123999 697802 633325 670196 640833 435677 476400 593803 833931 898773 343317 847840 236104 19384 377987 207389 194218 168453 173503 717200 413248 293281 585759 447954 878816 660808 523483 149135 869604 933392 29635 276611 807217 622149 517375 516316 347993 982328 808564 985815 596217 589659 411894 662662 205106 106668 902024 582292 119684 560710 311295 188439 226118 390569 656568 732946 713745 38475 107121 50300 282624 224355 347075 993579 178675 170802 442615 715742 327422 520964 247947 108766 870481 737636 994602 289275 678949 927067 881817 986410 524618 592681 953873 348835 243064 714682 438481 806073 760904 834070 870876 257414 656004 153672 393368 973564 962334 666922 612393 514566 580024 657648 702501 632740 541162 834030 53447 472149 288126 181460 4438 889142 888696 673581 862504 944394 116297 628413 485666 766715 122763 925417 332481 385231 443287 35384 639211 880845 355185 673320 818502 417589 452078 239789 252810 709196 831789 837092 631743 136060 515829 704321 271851 850363 915839 527180 970473 340795 710078 92079 308633 298588 489336 938312 830538 833987 237626 190042 59075 57630 459859 325942 425501 876908 249688 71599 236766 800537 734711 415032 215051 795451 424690 614733 721798 180556 702443 118278 654517 103504 101270 466537 861959 223978 857334 24905 63085 868856 927555 351769 244997 719323 363365 315762 462398 37682 565704 113151 305400 538500 65253 559765 145288 703656 994035 798234 836506 629754 206790 559906 801094 37564 646491 505564 416265 832760 681513 815110 281490 138042 681433 775944 295348 163190 454118 272320 423328 189914 290838 215730 266693 288456 167677 354331 526934 381961 51048 28051 38547 466762 489935 912119 398842 335541 898232 716934 413176 900658 810324 513720 764172 735364 701131 219184 629262 791008 457066 722240 655403 985860 90936 444704 617588 308977 414272 20340 273240 26733 70317 157378 250100 344431 170857 143661 154701 273564 217585 800325 746135 113948 222301 548133 961289 470338 631490 736497 343771 696645 69911 304747 26904 259497 191308 248111 290572 951825 670532 806271 226775 857407 888004 293739 727778 609474 920585 382075 793282 688552 885065 849312 449759 227881 753994 501132 908077 286383 827488 234650 878122 701876 257153 210225 927008 373392 320606 647308 885051 78266 17875 267098 278833 851299 647306 898273 891765 328463 166276 592131 881945 799567 862185 20113 286580 717280 145808 800480 81926 595450 62773 105561 470836 88784 609717 400007 483846 882449 933068 301631 965204 773178 563449 49874 999229 688767 754208 796918 342018 76761 629975 881178 234679 692565 638960 363148 992930 233166 567046 772870 69188 899537 947063 515163 566601 308543 345651 254984 183506 687417 741854 392960 971414 473703 328930 304821 528841 546929 179610 278905 38067 699703 830944 568213 805543 466813 314580 228380 151963 867461 182999 781824 203570 435574 814555 174899 421846 17100 16053 641076 528894 340695 922554 137104 241279 368224 158343 196406 52479 847186 583776 452617 304374 306384 357229 48515 652757 135179 744006 254389 962308 115527 137658 236466 79175 526548 468774 409549 266824 204894 213561 858351 906009 280039 710782 420809 332851 335479 808821 581120 324650 447408 403014 892728 258172 471867 314609 575540 565563 756088 675154 225308 991427 757724 154673 952507 453168 723441 993903 139897 952781 589734 893540 950136 138754 563658 841917 995688 527979 728987 602941 463919 281774 970509 675794 428516 654178 492802 533548 276521 276121 790321 186229 722942 256994 666063 10474 282451 609660 245912 32427 826200 969452 172315 340994 434344 380110 509839 44751 990632 251272 217102 758411 738821 390823 503323 859762 656812 667017 141975 861671 27429 798565 662160 908906 184022 22394 164053 560301 934582 156854 526859 184833 19424 996938 78682 200144 133500 71062 258874 25456 766854 385947 484659 214851 582890 200688 741474 886486 726031 917578 674251 125485 655176 769533 93588 35241 241057 77805 229517 584293 882281 974515 485678 342883 756559 315171 800983 861648 338957 824519 919261 60596 97693 20728 708297 111607 45787 218997 598190 937213 875302 921576 528355 190960 725352 721975 793855 623905 800996 858603 980821 404997 507420 980442 197043 955134 652986 349121 887115 89051 934536 426516 813164 986905 616246 587511 716616 250522 728000 638899 784420 614315 446610 582787 940948 212111 484 860470 925965 377977 484269 167555 819478 813643 294682 928270 571626 423302 371313 304174 211673 166641 523494 225273 911946 529285 995667 498550 686440 281433 216025 755314 697364 483986 324482 893435 325268 684480 146999 879402 522804 394612 875220 890836 250449 118460 307750 905948 718165 230187 576591 881789 703824 734776 480243 157556 951824 445776 72889 71525 346419 682548 102035 167997 252947 186410 760945 273496 858559 338836 501232 168078 600098 148963 296445 239748 444427 287796 700943 414772 545684 754704 925719 886496 631998 595260 82418 838845 575267 151476 124131 558606 46034 451116 332142 938003 32497 879518 173185 906015 404126 83959 32463 583465 52853 682878 627116 230117 128815 718130 660964 403032 197947 805392 138765 585213 836598 891913 54672 359359 796505 868096 822661 216072 153617 139084 362983 228194 519144 70689 550357 321815 720989 72949 655667 846249 58397 262641 1443 139160 427642 249971 921403 130057 900909 76539 713782 30920 849541 859002 796776 439688 975936 879256 364587 219782 619694 943335 308118 165249 434583 731439 604724 934028 481393 531933 343468 516579 653936 444870 30798 846711 418674 552376 629188 750194 360072 884464 504783 475105 18946 750890 257445 246454 897833 434131 725612 661102 474902 154666 663196 116481 61281 512960 140433 278209 865954 379158 444042 15247 822515 220846 78067 2942 2376 629356 856738 501698 739846 983914 326576 69795 925516 855348 685798 955640 755190 13171 300182 15210 966523 106885 644157 210171 920772 699762 444490 324834 483471 21593 165285 963454 48714 602800 167967 653341 492693 115322 461663 772946 864017 391750 687404 151813 474111 192883 737539 21239 279274 862149 437042 324263 577866 248419 339474 402925 796480 480193 783217 35983 273194 630141 745421 944535 182597 411767 97730 127090 127680 515927 711888 642314 613607 96133 713517 607748 402744 823922 487171 321348 7833 853229 219034 800912 54896 685857 22821 982257 36792 858495 943980 860176 335172 970830 898041 968451 508657 636617 747362 864974 698047 1692 116286 34945 717590 400656 165272 976743 296090 519105 396951 322157 994787 571042 906913 77747 440729 882948 192012 610270 316807 746475 830950 967845 42310 193266 437837 106704 496024 805212 346477 972225 70820 95102 350157 381535 73745 258830 674002 586333 644154 903629 11760 135117 186156 401122 860410 507492 335907 500911 789388 783478 848973 153271 943619 188131 675212 747278 397082 811649 683409 25165 348555 944513 199434 689372 416403 760815 258883 569445 585408 679677 82435 123687 123755 921506 411592 314085 176206 7317 882252 459305 301847 48983 279070 838450 294300 933153 109453 4648 247842 842175 380651 882647 226421 805972 197995 314778 145447 979208 578732 11033 562833 391225 195432 469680 268101 153186 346081 162317 406526 891222 591329 112989 745334 930810 790678 477217 487871 881873 683761 133646 833145 198693 298771 405513 622847 829134 217812 470070 64435 371481 189790 358469 82523 486928 381324 679791 981192 876448 376505 901190 71564 201643 763129 634603 439538 431131 209508 340058 608410 744039 345569 200984 357115 977013 908250 527966 284602 885865 139729 340589 696291 320144 548969 493266 335378 801962 920556 776400 202867 4234 773254 827223 143484 63354 690321 143064 600398 898338 228914 297608 657229 545932 847745 790821 527720 137023 905862 944458 71519 475194 235394 802399 317493 533984 56372 788720 623892 415555 101802 657616 326907 456423 838549 773773 292080 779073 669515 852671 584484 289767 72892 686018 749777 892815 287330 883945 709122 471265 291429 224683 82168 24034 458166 527026 292224 146345 99255 556178 729299 745009 481007 874380 241275 218084 652802 285150 84455 11700 634161 353849 596964 891565 378336 87579 673138 138502 654273 899490 529024 911881 241172 827595 263822 148987 734820 414965 359807 698350 951717 895891 508446 212678 377 384227 647903 819901 808654 663094 293353 200178 76465 589479 652813 694229 806734 125383 511710 169974 567028 265396 138584 211920 447083 731395 700805 390183 488529 505841 185386 576025 223086 881057 844335 438779 617368 73392 37494 281282 508528 443606 562375 695347 320379 955990 334078 497578 943677 122405 128884 541311 150614 699461 145752 261152 165701 671748 910644 117457 833884 948969 194864 851150 154483 41611 54099 938024 63808 112605 482980 97884 472849 286728 833693 476155 90560 634253 726117 340876 91486 606234 977686 353294 25308 215822 49402 23582 350878 746107 980146 739295 788786 768269 682018 894588 664010 229733 639445 129334 755375 20723 454400 93238 72797 36589 559899 275199 985793 215001 519693 837846 172132 932747 664849 245413 855626 450411 188414 462230 338535 242358 948394 266093 563724 971045 614151 98661 426242 528699 426026 506835 290462 375267 121661 512013 838045 886820 530241 995377 143527 611938 685940 463068 859147 918963 373956 688510 481824 745109 748105 909930 12027 845761 79030 584283 385753 125192 283453 330718 126476 805887 905149 595014 157525 636474 846034 48259 204472 407443 980434 428789 76839 252127 625577 311413 810659 119561 608669 484194 314717 220244 543898 162353 434872 972433 969964 969739 975655 358062 138291 922463 146302 521354 642286 529419 69408 36194 219160 995827 993785 855298 435033 148734 492914 614446 398148 53889 953324 752477 415743 809794 351746 402106 370873 212984 936265 119023 883120 600377 279997 147645 118857 988778 753259 342063 900016 841439 655357 159698 234007 812001 988895 118181 463834 831121 205386 547785 292496 942853 702366 7672 134655 946732 151611 219151 236304 142513 99233 869927 857913 921945 853445 521318 453458 8397 765533 767076 853105 881402 678867 691668 88887 796663 811045 943651 823877 553142 806707 341014 97571 982812 790260 436380 477411 174561 623960 483679 373645 821833 352102 724348 574002 120818 816984 761500 679466 933074 930516 62798 881316 137361 591315 764673 709331 489611 882286 420164 722382 993587 768018 906976 625519 301166 950587 888692 55047 287035 563536 204640 272270 393338 834725 591155 626696 160687 851639 536711 727293 119124 446194 58394 107367 684166 30299 534235 156826 890294 502288 612541 228186 37433 6303 727767 854559 543891 5937 290842 667461 875976 996855 476000 192683 193073 377247 844360 491560 743485 88013 175113 857878 728726 140554 542146 399473 634137 760404 113902 916522 705663 150260 425142 225198 57246 111529 89828 102801 160496 533631 487511 216127 185878 835404 965120 494532 115345 771893 963886 716801 661542 690905 995782 873603 309702 548004 379140 19213 51869 627668 743761 114922 915721 674522 407789 293344 828614 311212 899908 631523 440859 968798 675190 791041 937746 268614 70862 30636 542943 547708 255043 78131 985388 785072 224604 643849 729565 820091 450391 162812 310040 171830 412247 140047 601464 396821 942766 595540 506907 119832 620505 591095 118775 570885 14680 287185 727009 999007 770735 309512 114409 90132 526743 753398 65303 190569 509013 736235 341312 181462 751611 900599 774463 932155 925863 676147 476799 587546 938585 405590 504344 869615 383127 562849 48946 486307 966936 695942 5480 476764 808431 389280 559109 567491 245842 207534 700350 534671 35200 708776 236062 855871 612108 658661 874656 84316 558379 905738 667564 458351 999014 316802 164235 223623 165602 400777 606278 251144 961758 952728 673934 979830 203955 20653 519506 507364 751051 329091 291029 151179 64795 613462 898199 435298 140213 628542 107223 371256 641122 18517 258269 316848 789860 915523 599637 663 657232 505658 579730 166418 395316 719636 215014 29531 355621 801003 910693 405448 138605 647123 270284 872822 703941 385181 566697 225342 70034 946056 179425 658189 361505 341779 790832 711340 345857 303327 464964 753569 650933 580430 447651 822127 809700 727306 745818 102960 836722 869836 295767 185255 630511 181024 44779 595112 473426 642993 470356 4727 294883 96690 977242 686416 813458 54437 720313 64665 370708 805664 127667 89840 336953 490327 166205 874824 541787 391634 376348 703011 95919 805316 229359 858508 638176 435736 164253 819250 576601 300204 611428 150429 251337 770839 15284 557344 514065 981821 21870 95798 967036 761529 918193 533159 289629 325025 403013 742490 417235 875648 843625 25299 190866 414024 642905 930004 879067 163906 404671 498759 372638 899296 110398 221109 905333 757959 531942 942652 682389 782203 935463 566152 403210 826163 656160 367474 675670 623446 151055 334770 843204 586463 278288 672606 979940 333755 971337 271107 847309 484341 77112 445573 506619 115949 662313 379184 180092 852607 816178 456506 753269 228053 858834 539062 132817 22715 103887 439926 247197 20489 628123 900528 92572 990748 151200 807848 695855 401908 528319 43331 744965 121740 543975 98285 610343 396850 860782 419276 832882 97520 388189 57382 29957 171178 907323 748398 601997 905966 272953 324421 819209 152749 954519 37607 845587 687972 93665 899998 931944 357119 565282 945878 867114 304290 730062 110124 816308 395426 748740 940955 427041 922026 373772 761802 293968 152867 139023 848947 70611 867208 380634 206505 134632 469637 971703 114391 740312 593741 343265 178251 615826 313541 87462 868855 166331 556308 611348 835186 332699 810014 15933 255972 904198 214079 696839 650089 451663 191683 426448 234675 87278 618406 998572 479650 153704 72058 990991 70829 166531 981815 878036 420992 115189 916428 256327 302635 570505 569055 428467 642299 600211 733504 193868 791476 832773 936084 364149 734225 981900 166788 231436 860111 387548 475912 564097 301587 76025 681028 541633 475893 543956 511983 309650 558888 462435 817711 620682 555310 809131 627838 251579 600006 50107 49299 933436 13403 736299 824871 926096 18844 441247 513646 23352 522451 34657 300169 29299 946155 41251 685283 87075 666821 275628 619881 567675 451441 689585 785700 646322 983486 922968 330285 672044 381240 768155 250954 28965 475236 989760 192461 245462 612973 951956 419567 164878 187276 625672 890274 641611 550885 786904 416322 90635 624217 624205 405421 139101 571268 252174 854072 539193 364909 193448 628644 825306 933802 269781 854639 23467 738958 922541 715647 863077 291373 21534 84939 250562 47467 616146 692821 25810 396166 172862 705090 89940 893891 349603 534247 482172 547697 676453 811172 452322 954102 850123 969556 745360 319038 790678 442698 267218 974712 583146 928229 796929 185935 893261 44505 607628 671028 608470 355288 854099 409529 217166 265910 891170 354492 210416 987634 843509 300901 204680 370421 752576 204255 950786 531219 820563 96353 712356 989646 567841 100137 33922 266026 525005 344702 36411 382545 981824 496973 609235 932700 773256 940649 185048 142042 819859 274555 635499 282457 352467 63228 106625 63206 503489 100815 371313 403796 174247 64650 851309 121806 946129 811326 155815 186538 694130 543820 389960 381872 750984 872703 499561 193048 96105 682919 706953 976475 98279 603670 839924 577098 83366 46826 986482 258622 336937 649549 685885 692775 172094 217544 769064 551049 595627 597987 952178 410880 245292 655225 64911 975645 432982 257021 808908 608857 280316 342040 29344 608865 969624 78687 240812 186901 557130 634723 767288 953776 164024 661782 525361 809554 279752 76090 459608 505544 296932 166672 276242 268273 283369 236164 109225 542802 488102 666036 136378 683326 352253 113309 313372 408161 27086 329434 559051 46948 770130 21725 407726 580256 160478 735986 454264 517338 476795 788550 388117 752687 881392 920076 405861 185732 415448 481115 299240 240463 628253 849115 665891 691788 942165 796592 690645 340674 863971 958930 806440 595167 950868 582358 579711 250161 163838 181569 501845 23187 276659 406713 445254 498881 578930 208858 537458 417083 790893 657104 140477 721330 528198 680717 981737 642539 499898 241222 792840 383046 525282 363418 554394 893994 60069 668690 147677 50221 287667 464971 746826 154540 456989 65589 993507 191948 430873 616152 931616 703855 382945 588455 918131 793572 918963 83584 91473 679175 314805 117530 299062 142292 264798 711985 873384 700612 45622 440217 609527 587667 731515 665575 761656 300999 434750 958413 539725 977028 450111 329382 584951 202849 314357 122004 847681 984503 388942 488768 737271 509340 896163 57093 856834 54275 849068 431160 308285 470975 477314 766563 609035 790969 99331 835520 692374 204322 333710 250023 948571 722483 97003 158639 981115 725074 603280 190261 765123 666286 564120 485935 353637 376051 623374 854058 596023 577799 909273 735179 857550 366235 602168 947055 727134 520649 787286 775824 224656 573566 570320 794638 145523 316262 474441 256174 799522 870297 371382 808570 67433 792496 723856 750636 305014 899771 796823 237509 865951 455531 880497 325760 223794 236543 95921 186943 45919 384175 806431 89462 893263 727393 784222 253347 800882 825988 85129 195915 774569 870933 215761 708289 507314 873420 2402 944934 636754 633978 750438 113649 498928 264580 290084 499619 608553 926198 245582 268542 495487 578642 614193 555468 311776 693510 852738 751364 190018 274167 499926 356223 59672 599306 913799 531838 837092 211592 749181 480401 650190 212834 719077 27336 149062 672636 134277 436556 661056 458466 243149 285164 849821 797546 341117 355682 636796 951678 725274 539542 617472 583837 782346 633710 271953 750500 41640 888700 150957 824168 665464 55062 884776 234539 225625 375543 880058 168286 143694 129873 654657 406298 732172 848227 989563 994174 868845 560832 839135 940598 616138 581923 714764 575784 921661 669563 435042 208761 492960 256209 654922 830211 429062 244157 952209 67249 198598 549582 874164 373371 512599 782123 406009 255353 794969 756262 335890 845633 169093 516518 166028 720418 548925 401622 723942 131149 872635 808518 960941 610337 931408 941401 629439 116558 946218 434495 422568 2557 791052 955512 94473 346957 206184 420582 864068 710033 734752 905662 451546 21318 258340 600227 194595 949238 140968 184760 649100 46444 200048 939413 903326 541021 663130 944970 872415 33819 521316 562872 673531 362961 889854 665081 701957 610284 101216 626456 252373 253809 764606 443711 729116 313980 78390 20190 543344 256182 267470 239626 861985 594623 221932 401684 949984 819401 647821 189685 734440 764529 110466 879226 759872 135193 974883 478301 84301 539101 881876 687131 377993 505549 757384 855061 443918 607093 239893 660750 868877 888206 500483 191137 695363 652443 804827 914582 26052 164647 122257 367810 864892 876182 731536 325946 772206 406970 392411 804365 125324 146517 87249 516814 950649 671702 455163 172931 257957 674510 475157 15315 289773 347059 48012 788906 270599 896817 396157 842194 574226 85814 246725 413929 157559 977598 757383 928205 764308 216035 270876 370667 942111 591228 268657 787725 408482 344482 965740 411340 903298 111105 42735 919767 292278 277680 195802 378821 839593 636143 653821 630897 71491 777418 877417 744946 99217 17791 105576 960483 42093 205203 728322 261030 10807 29375 916588 192144 476024 919618 344133 284667 577524 643530 670145 626080 836679 505069 235019 252851 725377 250335 544261 79765 33944 251469 111737 185939 174703 50383 425466 362234 166682 681844 7261 867357 808325 169329 106285 821531 589411 161350 432322 98281 553832 211265 727787 275733 70401 956036 416971 639611 510494 486893 465423 775891 59728 902045 743635 38022 94429 793124 608831 676936 225294 621037 633142 795712 725277 413303 67608 727541 640401 231125 659537 147910 879126 992531 586527 596652 815970 869925 456404 431472 848411 565715 319476 901918 361780 837174 931832 816120 389173 275952 718640 772494 874997 444746 40833 42289 84932 426927 184230 485764 901529 993452 9115 213733 894632 979236 228607 874862 913020 464150 111375 245781 281768 666257 723762 979764 734483 787512 401374 170205 573037 575277 927369 786396 506958 626214 664988 672387 374929 280712 611927 895534 723643 800525 679885 96657 739766 218137 3935 515909 468188 569535 100625 841258 123136 899702 828799 940530 196646 382833 366297 893438 14220 320787 848903 368023 292549 247471 295956 112503 461297 771143 749969 240720 751452 51544 35594 101262 161347 511811 677792 10584 979425 880555 540032 967349 764299 159830 938392 439539 543381 500898 370743 376618 797647 563551 444178 546195 154383 55701 473491 257472 897366 637788 613403 373841 49002 346259 358991 720672 353933 967643 214101 700853 225884 743409 783521 313195 649485 422994 553617 729077 850409 400928 248341 287388 682042 698477 321321 175421 397383 129187 304909 810479 19490 252637 593363 179814 407881 917702 26169 35675 549829 566909 589017 238175 455155 300370 723695 560895 775881 21046 916335 708321 779576 281636 240954 323547 669259 244135 839797 362578 535441 108285 758391 397186 97116 367711 332824 850531 699872 506353 521000 251806 838882 928840 998660 554420 77285 608020 230443 575024 128269 442658 314026 775369 337537 688347 70676 960637 266467 652480 485458 207572 481945 200615 311572 516549 753189 954028 766638 472384 520052 513988 957679 945769 281935 2775 181956 659124 993648 879513 624698 731444 45919 581504 708816 673522 644848 674644 457465 482016 16226 248110 833722 749346 140072 680603 113238 687030 999082 690337 640912 840596 423594 363685 857318 759293 999985 701614 93292 835728 729600 395265 312595 467561 3691 441092 23189 398813 571842 649406 443444 384919 107773 426473 18056 693958 580731 172267 927122 399276 907154 980009 962131 423274 672026 49511 195258 641540 986727 848912 145218 894193 543843 808850 850748 615522 498454 511871 831286 301044 159629 276580 218891 716119 865905 385623 671764 557437 13424 331523 799217 707738 368876 875032 649938 10754 318476 554431 372652 529381 648184 98928 343917 328668 574563 326703 322260 51525 460195 119022 517268 499345 571604 190751 842020 430376 203611 514667 32553 931882 627797 338465 915321 198998 402668 902725 527482 886120 916593 299187 386699 6817 840184 181067 725007 751404 68756 471465 148026 218920 78592 992778 171068 830522 335119 408955 852081 653160 420982 122567 728324 411171 220756 917590 553720 942182 646759 692415 637306 624139 639964 587438 740034 821062 776328 196383 974577 733376 736972 61391 357782 129832 460818 313013 855127 587043 10004 292949 295262 718330 605807 445565 530402 969337 723253 330353 937143 109480 65067 771082 96758 113244 530171 930124 735210 827796 992966 502821 409874 347463 621043 249348 3855 652519 47098 359307 869557 956791 88337 943779 285346 354938 850706 427095 572792 85589 452602 831559 403477 524007 62867 286029 215784 902806 683263 787577 673332 140317 349377 673696 54520 86442 908817 84916 439707 460846 862690 748784 931565 680623 58359 823369 937542 342456 926642 130035 836035 6479 991639 756425 804864 763069 622289 574939 706968 78304 161969 159939 645606 362201 452920 505648 803003 247464 921440 272587 345866 471168 66646 111572 531048 377751 347906 506004 894296 272123 4251 654871 242128 483829 512354 398899 324931 723516 703365 66349 341429 771778 362328 183430 381985 618777 494540 804492 298254 994807 882946 42119 254139 207403 770863 35651 966298 541731 625548 63939 847910 759701 164600 206773 299936 251634 779079 124288 414746 694227 235660 345750 605323 205280 726145 745981 512091 276114 382490 368280 973118 519350 635079 249079 735463 344796 170086 110093 895743 629149 616585 75556 938097 6294 875015 880905 310460 987116 190949 709675 550107 91790 865884 919683 693968 258249 285544 35697 367522 61734 549771 4331 112098 853237 208888 234064 616057 386478 119774 867937 874227 94901 607663 773103 152390 931855 574112 427724 297488 317206 506012 194884 986310 628225 51742 75075 619690 505020 656731 167634 522885 319275 11114 542585 224686 563738 646130 258297 780685 705932 540313 168379 104114 618371 614641 91874 703815 77161 166734 64564 287907 875522 49743 698805 408018 567846 705048 733613 203101 23639 717335 397842 949573 990286 12962 647655 378864 106687 34662 318914 993640 724500 701362 148862 76844 968672 689816 736960 429711 72089 466268 416424 396629 757507 880944 663742 148569 939906 693552 725418 164537 375948 582988 667556 584959 757069 833377 327140 139414 754521 595257 528781 232927 659013 7624 99802 284304 461342 422860 286935 563809 458731 337145 674367 743103 315255 507886 926188 219376 29889 121949 564202 788442 86293 103322 662410 364638 561843 912521 874911 333964 751163 395720 130803 119104 145054 353649 67028 822876 232224 183448 174446 273321 347457 753784 14830 798800 537642 410764 126238 24313 569327 928373 831886 92946 602 378326 72748 560802 551877 88767 555236 550523 592619 689622 747913 370221 876037 641833 327274 867548 74403 631242 291041 826341 359560 474780 674824 904302 242965 307627 254896 821706 855000 744825 303731 767041 538458 857646 38002 804594 759165 314381 145422 206207 760742 192305 747728 699466 859356 237007 736607 845215 439714 525437 726261 411679 684851 514048 987360 151186 353788 447909 811651 926469 316589 629916 616525 477418 711593 346108 393885 838516 984491 81281 960234 835436 74934 152771 280983 985876 579502 234155 360054 141089 41715 555081 870815 434147 899751 323020 229587 963333 860838 532526 283325 187700 123853 811167 84795 790628 57113 881984 858579 525345 595544 312322 644264 16969 5852 367703 855855 266928 843288 136458 11468 622826 13086 722748 888134 914973 765426 994797 8661 360948 522617 913283 75333 704197 728125 903692 60450 474293 82697 420305 252915 625722 999374 535490 879830 221131 902514 15082 523730 275849 473452 816295 293040 409928 59572 518562 559125 53879 462821 594313 646168 567049 846129 600032 477679 130830 767995 826787 45981 253860 719714 451796 907093 376950 794020 680721 351318 368328 669768 268458 363672 150380 403181 879650 288639 411373 965493 972303 38746 379234 654903 73033 944208 119359 574747 43065 974185 978887 7734 754526 780531 485845 44823 683530 771939 699892 867893 188897 210424 501314 701631 506210 261054 762000 518865 185678 243519 593596 153322 547251 32324 299629 400298 510552 607405 568650 133023 574638 583079 629987 630620 568146 97258 391617 164199 656832 619575 313706 128359 79251 72028 491276 987877 749190 29483 799734 892435 557295 325376 742755 14536 400482 255072 890900 669698 514806 367632 667438 915651 134787 55203 909382 285661 293497 224550 893812 186193 997444 23912 387501 981182 365141 12425 33333 532039 663161 789605 645191 475422 40182 216781 865356 452613 942010 213446 342505 94093 557546 530452 541383 548566 675110 740870 487376 882583 242138 779405 729118 26837 537075 310190 646187 359835 681299 10115 592944 312325 202688 64076 298752 786287 982452 925470 760350 165034 490117 52062 114896 596532 669047 327022 29855 357471 15182 210313 423138 814882 552098 836139 85556 381492 120401 16350 824454 552837 465678 673543 65113 662833 294165 319624 739656 792908 141652 482753 336667 256443 598732 201097 223548 127894 682154 127187 861974 796074 873782 581490 355524 168536 581021 152640 577010 158785 568322 902815 583754 314809 567251 513794 411236 640688 102690 990738 355185 414919 369278 818434 30906 987864 527637 602342 464550 310162 496367 900768 213578 249743 144602 185032 446250 293551 246334 747742 473679 839350 732667 203066 126156 984505 888457 804564 422261 29865 132445 732978 771193 687185 750448 429591 81986 914538 435075 137043 411773 746462 459388 694414 960339 657989 806586 658315 853543 292164 641 434134 170242 371559 873463 578777 187044 899639 295993 691556 640281 560744 23285 915591 361582 375535 928895 796875 626723 613551 994875 437618 42543 195676 685286 190418 911442 918724 564509 119067 957858 154445 704289 286407 930794 76790 735005 685706 409734 895325 735571 346139 346870 18193 546643 712682 67860 254375 420807 58215 752054 368514 582924 583847 592397 213495 570318 918218 519073 841950 728492 301881 970474 323764 499735 290755 999523 963456 593349 11449 579606 956484 946635 965681 400707 89606 532627 389744 135269 544752 507620 784714 248565 341803 931558 820002 980996 858321 374485 327821 593384 419941 454554 63624 785856 959763 621065 485502 799822 712898 857645 110793 830680 935976 136480 878656 217076 949564 587070 251739 418356 393270 800983 406855 488567 615221 617141 139294 722300 165276 840033 15513 939244 433970 10216 142365 809151 222988 686206 202751 665841 944147 367918 416445 602693 502149 792604 566281 273133 428403 377364 732367 601107 434634 161289 745711 623341 487957 10072 828708 206344 422387 142820 315174 172438 480737 635078 407615 520919 991097 958864 921095 963951 638624 558918 697107 881672 601373 964500 273356 954128 928520 723621 349694 713393 23000 997368 901301 311024 612684 945278 843667 591323 847269 423229 542318 219308 140643 950858 408055 934591 334703 338403 674147 744763 84545 689398 909845 878797 522316 440582 69394 277092 879568 598351 988291 467225 689392 203327 425626 855523 106725 932709 19291 245455 414276 647635 193245 890418 739748 764300 659190 197647 890629 536246 375664 655464 5892 146330 996596 651958 145231 250928 791435 657832 439508 251375 488228 736969 784991 336039 806863 529102 232475 257981 360526 860913 625402 901344 987495 373153 750458 964087 138950 865462 312515 240470 9492 673258 418668 616596 17242 556392 498115 876657 269493 830163 71351 503633 391274 387315 284678 492135 536543 754972 752384 211759 2839 689036 530692 527274 387150 651686 992594 267060 578158 556217 456766 408895 756536 533200 378454 455637 607578 622761 159590 237633 33195 934052 108250 447804 300927 515218 363942 875088 489549 122364 81913 233751 451575 182981 650030 224034 456728 900574 646552 905855 734843 110777 781405 905912 457428 64764 989432 382495 233017 121350 7570 326659 26036 420389 781416 855972 167280 418256 370488 853305 955505 672703 77971 126543 633743 28089 418651 6116 331733 159851 947925 10789 275182 100961 801810 174841 412934 786467 178996 352154 390004 859511 901610 670976 704325 789515 104495 290688 403450 46097 626695 943759 766615 249339 798361 633642 566931 669242 562735 509223 389528 329672 882443 313422 924483 80666 740630 551953 522475 248179 941015 832691 608492 668062 410248 804656 968614 435302 737800 597252 247371 43419 223168 120940 144925 4644 671862 413938 712595 226429 227642 794858 368291 889225 772806 173962 769526 181351 782298 552277 457007 183285 25848 507963 618616 114548 539658 212076 963359 975555 803502 300758 965163 164716 272763 779512 364253 637175 37654 742797 753771 351374 951199 574369 840740 660955 625990 41597 25121 153311 8355 607109 493533 954523 484347 54130 590431 285348 932874 686927 545329 69961 442292 702189 45281 274391 268548 304259 719218 936344 785688 187727 741402 462637 853408 561623 292165 181671 390354 33996 963469 672887 663511 108299 313754 204692 779343 949013 886427 182495 870653 802426 695869 606534 216178 95280 493685 911775 325876 435443 52803 550290 364449 28435 735449 978586 73744 30980 447145 849688 971514 607740 273204 734539 351199 928877 739213 176494 842416 458532 76961 709578 136230 824789 634983 350683 973431 930145 498074 647862 533436 432989 975673 975785 74924 729146 471745 984120 535189 74896 267720 267117 806472 829041 802183 293842 147347 69162 216220 816023 811159 39787 781156 700768 963791 873489 959285 761783 295591 242512 628135 354084 544568 549877 692487 729706 229815 52905 511121 188513 560431 266980 775769 277819 120699 392751 636696 490783 22870 989099 41830 628171 879939 7880 128873 91986 284307 690974 460732 759037 942202 813944 338190 656983 626367 356731 733743 681520 700587 814394 706824 702382 886625 917916 347434 591980 418276 574521 598817 952745 490367 837688 417989 67673 946424 434324 999870 158616 382426 568471 563475 159821 36697 614033 782932 588854 102950 499722 268769 816497 989538 103749 888739 623584 918508 474161 177420 94689 311195 491794 528000 345748 771016 761450 191920 650460 962298 298099 130743 719422 402877 44057 559496 790213 294277 964917 977860 640412 402420 576007 152390 409236 191276 12654 86708 562728 505022 776941 700180 912162 784983 148783 910311 451918 50472 753696 543385 992349 113826 58966 692732 239426 248959 589418 527805 25129 651860 810444 212439 568855 552943 159192 249077 423255 859664 694900 180369 283380 342934 392546 338046 671904 487713 672407 571268 897154 205298 803058 732818 646500 161451 683108 600421 472428 572863 219498 787636 238236 946165 233872 11581 460407 629425 10233 894943 421679 804725 25420 100905 200553 814137 600291 709684 243264 624429 427690 205287 921460 705482 213791 735159 435783 623964 949016 270249 895476 649783 805984 254772 223581 579102 604923 827418 627273 699614 751923 568688 279816 826094 925747 361795 66928 68694 756501 68385 341133 495388 903134 987663 318921 669440 579954 501610 722758 361056 392258 893146 931818 727331 829427 946185 178468 763757 529612 696298 578174 640560 344448 982049 625322 398046 337438 283827 596633 155666 407159 76054 22126 513085 724733 183701 975402 208550 924360 956735 258386 159388 25340 187687 938771 368245 659938 229563 61059 267105 864353 476659 656134 169429 310091 658996 352996 279330 955160 761119 563387 78474 670120 46347 714602 417434 863984 100042 965839 858839 360176 675838 94287 256498 721381 68859 344596 910887 567275 231291 785215 256401 524308 803569 885577 5694 376072 883991 360488 23762 985707 908217 119088 624093 618662 476519 173682 673886 635156 27005 434480 688619 612717 888630 930031 74536 282377 771007 563141 989993 475267 116128 969929 875502 766258 638411 30373 266018 205144 567972 285237 193291 939599 113355 533992 102856 255995 465281 53855 503392 927054 4133 80183 922034 934906 680972 56492 698887 402451 784391 15134 854030 78510 162739 779377 937928 639166 312640 936499 46964 137484 793846 441035 292788 576104 321570 286675 248954 347009 593734 620171 999141 41625 728529 160953 818402 524779 906272 414232 801435 425349 594374 710046 469055 477086 115711 72535 851183 558568 347515 319351 678994 299829 25808 706586 902380 117399 383613 355699 770246 124925 600976 500383 257447 770817 653353 795598 713266 216767 853367 59906 184410 18451 725134 746366 265696 689307 596325 447649 188794 983552 888076 96676 65031 298088 744702 538715 566811 353470 285346 684720 264399 591208 405628 564834 111089 72253 776991 160594 216644 881469 312308 18449 893217 718400 546508 955886 594435 259738 668677 505382 215415 177591 672156 550766 974444 260442 763217 698782 390110 245306 478481 86465 12877 580009 606139 425736 569463 644937 846268 872405 477325 222448 468838 909479 295999 374837 874483 384149 905891 741712 934734 532085 412205 526936 56759 59763 653599 536850 175479 310967 739978 813308 321569 490857 507088 137719 666422 767230 274473 870387 883231 673106 337356 31674 540821 205573 834291 521792 3421 776076 14839 104590 970345 568283 251079 600447 432783 841104 266037 431684 708611 646649 222289 576879 187131 919301 306881 97566 576915 560117 686915 451979 304077 11140 347220 289103 752885 710901 433136 20076 558339 234578 674006 208756 722602 51999 326762 12153 699359 677614 122700 73400 189846 272644 90889 392761 203472 189784 310285 621355 892920 537141 113335 213152 648966 381587 276611 664925 81191 275767 541876 525971 731195 120308 520095 149456 105023 218676 343657 709718 792830 991727 306527 299781 369762 459494 303549 991686 517729 20925 871532 261545 381477 942876 630257 185395 355185 975992 862370 298430 920617 930145 182792 126260 736661 839763 194321 874844 529150 831162 56013 431846 969398 558163 207755 275817 565882 976982 410452 145155 654252 660783 259765 607256 235081 9221 1519 579316 486487 413553 18587 839605 176752 405992 913654 258715 786860 202166 805377 764902 184393 131752 550235 265968 202270 814646 488288 207172 673046 745038 703991 349611 311832 333918 212909 295829 235112 301297 696929 935080 486001 539856 595961 507665 826836 344204 877812 560931 374829 965700 224620 179165 776902 464986 39771 91033 817293 37772 859326 891791 113741 362568 993894 841799 479667 246177 665393 909296 893395 749284 167089 671559 268411 13937 54417 158073 74043 660493 727669 315601 66196 75116 869299 599694 169096 806009 568531 292540 206959 153180 359063 270625 608619 387996 652482 530191 584595 534724 560261 143834 287863 520296 992400 44980 700242 518641 12343 828221 280671 128100 818420 439612 919990 187239 410518 80969 404094 146225 930718 134328 283015 568822 446593 150090 696635 460811 372270 65267 613605 225156 825917 459087 257434 245651 859903 243931 287107 308420 412869 707507 751804 609916 970485 155463 750624 211717 870403 586979 847802 766534 262881 75682 768614 352206 729713 893609 271536 845219 362275 989033 276434 671314 621454 438770 476061 453716 130133 274885 734630 619020 50192 491488 661965 467311 757489 888720 226898 76525 198605 388123 779401 374073 712848 638025 111433 901937 10806 968579 724582 747942 416470 763930 522677 760346 34801 322144 820053 100032 466412 678103 309010 489827 238278 124850 155842 79149 403944 233354 442041 184646 114182 384958 459138 302686 708818 397694 916329 12189 245215 184326 686227 385306 866368 606364 23074 179517 762310 477076 753662 197222 936319 624331 214557 65705 143845 163528 86295 313336 805655 157369 246811 85445 192454 421459 89224 696585 603772 556623 241149 74690 265195 756239 665971 413590 663293 744631 587004 973653 929460 559275 839769 421052 828231 333629 39693 784110 154938 516196 103147 748053 615902 201926 448940 30835 984010 658912 237367 997613 517195 358088 553999 795675 225689 809107 15989 355310 431204 373311 749507 363219 703541 615147 492940 595090 382009 891910 70502 773219 26411 790279 847106 426462 95289 792469 684010 295674 937592 198998 965060 605032 112548 612883 383083 196775 944481 858993 603353 12289 560 859134 872748 604603 315806 493336 283647 986737 477111 137686 913970 697629 927273 351279 403777 844969 240072 923517 371182 677432 576007 868429 822682 431966 740735 233042 69472 964998 773668 358789 153449 809157 226888 780521 514280 868892 348137 861642 211677 777754 934716 773240 314020 22746 182271 35368 963493 811086 644338 929363 538224 590390 253502 532110 590188 872684 540019 793147 819110 740546 140580 675477 747761 421502 484733 293575 36211 458905 448870 877459 589099 279842 613804 391721 246003 753756 685121 952656 471826 167466 115793 423126 627644 457949 398491 5532 301158 11014 489174 780919 353603 615866 359424 290525 780625 988620 933771 890335 660865 235457 56205 886007 906081 873861 982119 169361 54738 411926 4975 787822 89596 564955 861616 726294 598989 370366 305155 334701 428941 781167 865258 115931 697275 604648 356276 691159 688073 438353 485055 426624 559533 518521 271793 546414 50267 262420 410853 37273 944144 539764 999375 999318 889099 952852 86307 833071 377789 578022 912456 878974 290913 625700 657383 310532 644138 155085 941898 79997 877640 315596 594999 805545 341897 742699 845104 877653 939559 982219 608276 496347 933211 404069 910622 21345 524793 320330 845117 623680 748783 69343 861111 893746 514402 131040 824358 824210 237689 823460 891091 64927 698682 452821 165757 448911 211521 569887 836350 380277 638438 286346 786980 974014 105607 741885 779521 842194 713313 978933 216551 312155 499322 984643 111789 322610 9038 702045 790206 463922 455585 506635 170783 496906 449293 150400 266331 173774 764134 498276 239026 847970 125299 239675 117315 756831 924420 970708 810334 962445 529495 140659 627926 278208 903481 79724 141117 984102 959331 270974 392650 301473 499624 95341 263193 799990 391706 41055 261526 294505 875395 81849 938792 194496 56274 967275 811454 699308 204450 674876 678610 866547 221466 796248 86057 946860 109171 700164 700168 595754 736883 355652 803346 800415 447257 852831 781422 232892 363501 132654 251139 168921 794579 897578 22255 880744 741363 213641 234318 725127 543451 752579 366649 147347 238369 194522 931619 697768 276099 295084 691549 632211 7748 907916 213517 67490 549017 411749 56020 131721 674688 667686 940038 260347 606060 97412 480161 811885 791435 213497 132002 397700 261030 737473 784169 482300 535980 820829 481547 444593 645323 863781 480923 519408 706276 386697 191153 569288 339435 739742 645683 737502 256091 323305 353700 441397 62774 174315 106677 318655 753455 812096 419118 732319 749845 885487 241438 886864 547511 305640 632503 119300 683527 225509 612102 911826 614212 254819 907211 653797 254285 801289 599905 275405 188388 229659 257232 521749 922722 887075 198757 257000 166542 477003 87938 60538 77481 792126 571343 426673 549848 304756 128735 953562 477628 621002 319017 957390 149509 844283 463172 909869 711748 696387 474139 844947 576562 933237 4343 634219 563058 424361 900083 482912 552035 359515 549674 423005 110238 680213 277561 445706 841926 769969 809344 322764 734390 854572 846723 694332 260374 388667 253638 406135 770734 262940 267119 994779 868423 920464 504919 196772 319041 848394 313298 919519 797136 390352 965511 635372 798104 911997 517011 421082 548024 813859 708502 20173 459736 81850 351915 522256 195111 686237 820834 485489 276150 302956 470702 286213 884933 640517 869361 444825 418550 165020 217861 190372 92997 464594 121467 369637 324969 742437 858598 162792 388389 116710 57002 90448 70062 519587 518284 118312 452078 579396 356449 276692 471202 388999 98051 740612 782136 817684 9808 392539 783008 80575 92176 949342 919259 120332 160354 796758 260216 227344 259780 141321 989151 809924 323016 896050 607132 160710 368717 522198 39783 615122 642496 593291 495260 458040 445444 872673 682802 257211 49341 918218 589699 914465 342864 265226 309278 528319 214721 557473 690946 63347 361496 45747 733108 520681 172580 215366 758880 285632 409578 195706 931038 401645 427087 560391 667195 319803 951225 279603 94005 405339 116927 390991 787396 771666 179058 803897 820578 953554 28901 391594 496401 975616 665876 214632 447208 465682 600569 332080 915264 243777 287191 260440 516841 703575 898001 541736 34709 613104 457973 795534 472682 82276 709837 576185 46322 201154 760108 59739 97027 85906 134322 544621 671489 138711 233223 85567 240332 541003 480014 461676 838558 48 364333 538039 489599 647244 41108 301886 332207 96117 111100 19796 488370 225957 986135 924222 433390 906261 401230 680903 643295 229458 490454 29958 948139 901435 174500 885880 764202 533934 539026 621816 577449 369549 12249 885313 539353 163614 38383 707520 107240 465294 954443 926996 923521 208345 850946 858934 878947 56912 446908 502161 783309 370326 889513 421401 804129 641133 65920 427094 79394 855612 359733 699179 784495 91072 805231 795917 640656 759862 67288 668389 241872 903566 439146 783890 52582 954499 99007 681975 952786 10048 53755 522106 354665 901557 792652 669884 346176 242550 128174 849410 958306 331496 919146 606664 895521 59331 585838 889605 198534 305880 310860 374196 784186 912644 598985 688177 831772 686322 132196 173608 97235 55860 905625 297262 936493 632397 812780 792409 335547 603036 331977 315542 531137 347649 85904 991440 715140 160037 437336 500797 863752 236011 180032 690225 875621 760212 560321 197597 402253 907751 729057 4907 201227 971700 191364 751910 516879 160066 759842 227921 135114 773626 978154 800737 474164 6226 996995 520995 461282 202388 580619 35675 686582 675670 170668 611714 806365 795308 35542 156827 836899 377699 489102 856640 136077 318675 493478 119256 908237 262295 157087 979572 571201 945050 22346 645622 457721 695334 291513 49887 12350 419127 846950 684638 555449 491804 443947 698000 767697 299243 659254 869846 308309 6196 277254 285286 703800 620810 768736 224071 968609 6633 760133 694340 230904 500330 591317 841447 297622 455768 4875 670190 840802 456415 807892 446846 632388 535062 799007 337014 624425 16993 707267 974478 190089 695425 869535 989317 639419 415759 102662 965484 528582 43354 735459 256142 25245 818226 764981 660564 995780 285250 541211 526968 149865 874305 365420 590463 451723 20400 49503 269281 259760 139136 604129 904233 189181 42 750698 624225 857846 32816 367619 404762 752915 287876 226951 634837 2177 980420 374992 589619 3725 87366 36275 818309 905816 268789 551327 688288 759438 469490 626193 787736 163565 898459 196907 816969 867345 891616 227130 927145 147165 20108 344889 782110 291986 412873 597148 331273 621585 331813 487632 135806 697495 471514 502296 364842 150980 494726 227337 426092 898986 799534 866164 798621 574987 187391 300451 98983 483189 920016 501844 547670 529700 964864 883748 151802 179215 656342 496173 839630 935183 964557 110625 617385 178558 612971 259630 265222 465775 769450 668965 647156 484470 100043 212787 198547 606086 47060 432327 75916 460504 471659 251139 201681 627262 850996 95218 719589 916577 689500 726163 689331 501624 362370 268513 33177 501047 81511 478596 390242 402555 827854 871780 586750 263751 536819 722352 150480 306560 770880 358954 765770 267401 753067 547557 54147 377602 722114 869926 729112 132719 755328 452829 240157 794470 55130 833114 155474 55700 931178 561975 293521 228882 725535 463070 771531 664357 174813 176178 529230 343780 192814 696634 238938 659355 135812 591547 941683 899266 707010 381060 826103 251677 582252 163509 370441 986493 850283 802672 865801 631873 9777 473891 450333 412266 494497 499867 911275 260017 61946 536616 73030 915209 549639 58511 895121 684853 473505 492503 434222 936633 220763 335596 162824 949136 517018 779609 906656 376276 548088 838189 821980 314406 140894 925530 957800 445871 87844 934388 202899 450024 17688 441859 806584 112490 294414 746940 775110 199608 274197 863343 229761 886343 798187 447070 143180 235422 101325 301745 57677 761684 641959 41118 194305 191009 757136 792519 968611 941535 817263 589785 256991 950616 908420 680673 980115 239777 101013 255767 849019 557857 442485 620272 940000 220953 423827 215396 809693 827953 260251 822770 845154 152374 282151 775731 311289 682647 60390 725121 210861 362379 745702 964365 183905 206483 347158 98602 175990 265104 688646 867401 536941 830309 909584 562383 716966 893961 394106 186747 597034 633183 844955 661466 421709 793930 282028 679146 992427 558564 451251 549196 465642 166678 557610 351472 648292 37142 756232 896462 356924 210116 613413 350463 918258 409136 975257 523340 448530 319472 861742 218270 710695 200914 78043 531376 221371 718554 170902 265178 402767 65612 723782 726003 580344 503549 561491 920632 576886 909346 665059 729450 719914 38116 307312 664803 246701 972080 57494 35988 238679 402431 384916 594719 579933 564036 334425 292597 490676 418533 55861 735088 563630 918860 138996 876448 148807 762227 662380 143900 537568 264055 649531 801497 307344 420649 202335 941235 401555 988205 730873 562805 873127 594414 31631 214777 480258 37765 697498 744717 857820 232685 116304 253547 572493 284854 492348 665596 989122 769569 416749 654243 698944 770327 705469 19234 856475 350618 841452 414455 489140 474930 521278 658823 469442 378975 451613 492123 409954 205303 594256 47553 421691 255103 843385 25062 824637 725400 843575 457188 122913 305557 754174 636329 312702 500533 699876 341215 414888 463993 244184 405587 931896 646587 225378 76187 310516 99043 774724 444642 599938 56496 446967 215707 197015 672960 382925 570401 127947 603303 312538 893293 80570 368423 683708 617934 836060 657776 186460 808595 459642 712713 931261 713657 696595 636868 680267 62023 807457 681323 896802 435012 184274 283539 554161 727865 166888 854006 619081 323775 381354 340669 590909 93822 985789 7896 613245 962490 409661 894519 470674 238015 644205 134194 415783 370444 916057 707084 906693 333787 340207 770725 486968 823567 187002 52253 427074 863896 800029 437770 44626 654412 830872 195807 959217 2330 576932 256782 742685 181754 879180 145303 884825 980912 428897 601436 690874 574835 379441 53617 602333 425525 609463 111990 384075 809723 201740 619464 279712 291687 675269 875610 241995 400025 933567 469217 496385 923448 600727 358781 271535 497920 460901 947088 881074 521683 267901 709591 931903 379507 496215 83704 152607 340427 591464 890141 457817 740772 214737 2015 662903 832229 315867 434175 627389 839956 374872 951368 331983 889714 438590 68116 816008 70174 16648 982974 235976 595290 85842 818285 718156 721166 537239 444739 304382 496444 979690 964152 793652 974479 727619 345336 154065 157364 99391 677443 995456 85063 862334 831491 318527 338800 722863 856949 240695 98546 929188 586096 480007 701837 943314 918429 217569 35051 350577 842130 376803 172368 465815 211225 42977 188692 557174 425991 500776 791193 874343 54680 480512 512515 261479 408872 643364 10581 148405 625768 284453 735687 67528 234064 731888 908621 563681 792454 806990 934290 444291 73036 94114 780564 485449 188683 857059 224171 532440 442624 31572 509769 223234 860617 502035 94040 713917 134544 350028 815446 231849 541988 371787 686392 33083 244381 119817 61270 601289 611345 159766 477317 83248 749617 561255 987873 77106 210556 478829 611261 217720 564690 437546 681636 269738 9113 271236 843952 293933 21246 935879 286583 993232 747745 933707 50723 178442 95156 566075 620321 311347 80259 799906 758976 701175 388913 763778 972357 898789 124855 564868 18694 773106 387315 524441 445262 762781 209377 132783 769161 128086 994445 251934 204631 611970 112705 974217 225873 63620 209418 337107 408894 231740 299504 974748 414225 989832 185921 561026 97928 611834 818636 788015 171072 287029 645220 982499 431131 384126 945749 439009 460503 351430 182671 109575 725446 275013 684253 725095 226803 679109 2245 532950 486956 128123 525637 614944 913407 579898 981855 711294 720761 672572 841658 680531 51494 997296 773176 128362 573867 226435 717568 728166 122105 283970 985068 807723 57079 533138 471382 194046 607199 106728 394319 719531 251153 444763 551025 847634 162875 924593 928683 556225 69061 570901 429295 923940 923837 280743 449955 490532 674107 217607 767804 244646 135112 311129 303163 984037 691782 827247 84535 927802 466595 905422 77200 224290 855003 150171 627300 564572 103538 799765 721999 342495 865434 993931 989471 135622 478965 394881 943668 780047 242583 9720 565059 937256 252901 698671 178407 975605 373922 901727 394279 883827 51823 541049 905169 655399 631564 262261 332007 237728 565335 854813 805095 196931 139505 257764 66136 407568 880261 137545 443342 847670 440623 260631 157779 27483 465438 795918 829840 500878 234106 757019 244102 233469 369594 474803 117207 472686 205256 4817 859492 855731 574710 549083 741354 250756 51671 973933 352221 487705 751704 820302 86544 772936 226607 981529 626060 753006 366413 553740 654176 226536 656041 732857 664868 722255 84514 65917 685206 33172 478702 715569 759553 70870 469280 250894 91415 855221 113907 309382 659091 594449 521165 631969 359471 674167 432381 627708 491206 324085 855495 819395 968475 529635 693738 353108 182188 443293 91032 850337 527476 208374 335475 506932 894763 796062 823175 612874 906212 682718 588214 458312 165154 585559 284122 256987 116014 502034 560280 592728 405793 470092 548482 767989 948552 853045 837786 617068 834858 48666 889739 694026 868135 754858 516503 127737 305503 417122 481797 663450 276245 125818 515369 473457 552153 368490 685622 318035 206270 915862 941697 437595 670254 220486 924803 322390 747616 968410 927269 739639 117167 546204 820693 999062 906635 169003 971209 493358 494835 496130 508255 792417 215989 678848 118367 21825 849439 80690 448665 833751 30238 857723 374921 515044 185283 382138 723770 839668 585209 840432 133281 13700 514419 723031 167720 724437 50356 597896 625531 578295 834609 188088 509289 893397 30594 915823 876366 638166 921118 13503 506516 190310 794343 727416 404150 610177 962336 387391 929521 962228 657500 398185 849488 867824 811044 843921 784520 682539 840018 366740 492959 231773 394424 616497 269092 815055 17434 536788 620111 759705 830773 650744 692865 174899 135010 479312 984314 68800 853608 17690 469284 120684 836989 323554 982788 400656 958465 780768 844058 134849 960522 55061 925470 188065 773730 862741 386149 278851 665528 528221 828226 798272 368991 442031 854018 483351 570940 515563 558434 939296 683700 893973 363200 524971 257890 486437 701853 133862 538796 81721 389716 495261 97437 63599 494302 810071 558203 305970 39545 964954 768122 289168 819407 973206 781745 369361 602038 32523 53269 44502 113495 701617 547048 726486 423222 50260 948252 669595 221842 157255 848126 979560 454830 87406 701683 962783 987276 66067 963367 309453 873677 652379 660369 684763 713334 989493 296891 398144 725963 380037 274358 804821 214137 685237 829376 397991 329692 852296 386443 352769 654942 4240 807879 681278 509331 125546 867619 867116 487260 325927 599060 659297 360837 280145 266125 191993 970371 8755 923359 552790 517876 31369 312818 469046 781734 189588 293335 953357 660976 491912 380965 298844 860307 518527 850053 991691 212066 605437 178869 348825 604033 521112 411804 241161 57549 992500 73669 24622 64450 838541 546685 903463 489146 496659 258334 331019 664162 946196 875848 763753 805933 610700 106402 540116 42383 118453 955396 484792 885194 748845 767137 72682 409258 622875 363305 333604 245708 468657 681562 323552 82202 725324 665141 900300 811478 616955 852145 786578 232671 275151 379100 61676 265389 216129 857189 738614 187905 816016 863088 198185 137593 356118 580486 305060 235609 89246 974580 105516 298894 585353 479985 7426 890148 306305 653492 505950 966826 551003 482900 285863 699669 73460 726743 5103 697010 878612 83763 597909 638914 953776 628310 549267 959859 550771 87194 843653 577331 222485 333510 737339 805610 895204 768049 753052 722184 30251 96836 596924 561288 878725 30367 661447 663651 901779 247097 351519 516921 420434 544117 16754 739982 718776 2037 586175 771806 751311 574450 82681 262090 13264 159521 469475 276296 906896 475622 386483 739504 270434 714367 523555 439664 390785 867298 222552 687432 341747 430466 463776 426681 227916 869010 486686 121993 678650 991825 557567 452264 84013 600712 49029 918805 643755 750131 928422 585653 344777 317358 576850 820686 329454 489317 49122 102174 966330 361099 482473 572295 552100 558299 790053 758976 69877 330078 803295 85754 667486 138996 681667 910637 677106 19841 188616 143950 894719 248979 699474 817687 571741 514650 439271 92622 942308 846043 52460 124279 53114 808182 964255 36545 444864 250803 516845 465420 946085 683709 546613 591658 674412 969221 719268 886131 112964 435973 254447 635160 779180 976532 784172 87735 882684 551567 825641 921843 187117 697171 638442 570776 972968 846574 414916 877711 166652 973005 331556 499637 257818 959262 899960 682170 869635 744854 822919 935161 516578 862596 947157 251439 716070 506489 407878 870263 197967 583879 834861 477208 185970 198091 189512 461969 100805 941895 380522 247680 568323 93621 533898 560633 290475 194307 271035 925019 19371 246541 119343 298214 93524 676554 914196 916908 710411 862746 843410 482969 144676 466502 349570 405251 630150 62268 369995 714313 575838 765946 337832 471979 823166 507574 28475 482860 740922 301766 326588 398161 504059 140850 493640 207721 851672 120610 201803 22855 469691 101011 119231 971631 726330 932079 577897 836786 771841 38058 42575 385325 364373 574840 177592 857506 796314 970193 947866 387008 988390 463243 526153 892220 236300 162808 531569 981079 480932 737394 484899 414385 244527 190587 934340 383389 438488 976759 261516 376315 975295 965487 515863 188882 522181 458817 231897 170268 396061 562033 294342 611532 198889 459267 868186 389979 973664 992910 674569 787265 733257 110805 204500 841081 327979 47231 894308 604199 717214 968227 146690 165221 128858 756606 4160 26772 29490 807106 934436 250406 399639 655861 737465 89474 336984 9048 84575 912555 101779 752271 472234 44082 836647 356257 68898 857787 553485 743613 276142 991666 654909 823496 82627 816588 502058 409975 804832 758110 115312 981718 601890 770707 765212 283937 617777 260876 789922 846803 664834 803124 617070 651508 286185 595245 852898 889470 946825 872362 758286 124521 888054 748257 808619 152251 319033 335523 911293 230948 835108 541717 874757 655827 355382 843172 596879 420978 263400 162562 362251 462882 687303 878643 307657 540268 702198 611066 145639 179095 163727 953329 18746 112075 316169 358790 313399 539335 32575 71592 984723 95666 598308 260648 688828 863467 293196 649678 144434 231441 504357 850468 217225 658104 547625 14820 717641 165561 23686 354002 896614 286597 961594 711694 780613 930575 862240 548397 680115 354616 581416 425934 535242 940012 159382 562287 513504 231346 648911 224460 792869 100029 714724 686926 229207 799352 188479 608469 762557 811081 468287 118739 662707 963764 737616 680789 295723 33986 969318 977399 818993 577188 909815 603168 909671 545626 812766 870009 190086 265355 861171 818441 846778 253109 925742 228896 277391 138040 872409 113359 252928 621318 614002 968446 276254 327461 169280 236922 404853 971907 882163 164466 644047 301014 888944 568718 166808 558178 193013 285625 164460 101509 804158 355496 145460 456150 418698 125963 580695 767333 329385 752717 294094 536797 32218 693585 384042 212392 737596 272277 943512 542738 261713 604385 913879 702388 460561 620554 90627 350927 396018 626667 43820 235534 800075 691394 916313 715686 197156 384227 692164 743490 118122 968953 930075 241240 65636 929201 668560 186080 468618 786725 982764 359652 427741 911626 860668 548359 977321 998530 495822 228896 351657 649944 115152 77996 51386 880420 343374 854346 785236 367110 338827 359796 642867 986948 992036 967613 540269 965295 955768 471819 790397 394888 906069 244768 775266 62215 816649 798843 887026 265130 527792 249024 647412 689407 801944 789644 846086 519739 269516 467087 359075 645129 528565 419355 949491 918434 131624 673962 349889 74844 147031 668104 700033 920102 829250 452406 68939 238698 858711 40000 504965 571475 526508 748668 5940 545961 712939 236404 487857 190707 970651 576714 730118 293352 194076 818977 637864 701564 308105 822586 527743 254039 604929 637706 181538 987599 147373 830727 449348 230369 566109 754390 134270 170389 141728 726308 60389 853862 385912 807372 909363 782160 281790 973898 141357 983669 847265 536138 556813 59012 299698 810509 810554 119642 378568 459496 260895 67883 218675 858799 593378 923589 347455 886037 219705 765942 779566 989656 638690 934478 60920 273274 887076 788571 476035 996776 900350 618664 542603 395409 851197 28957 392813 6340 772832 95128 869623 707059 950977 897737 474504 612186 261584 108819 780666 594381 621465 752295 791497 458423 523419 13995 88128 619649 496210 967180 541334 672093 465780 146138 131738 429723 825007 289640 216884 125567 396809 170655 919402 334756 239761 283726 954474 209222 229928 118953 148675 613025 118835 1420 309455 160027 605123 319554 155394 913088 516974 164814 130886 897575 615576 809000 239541 185174 106587 187846 783971 676107 812416 201714 917239 80492 707024 735162 427617 75602 535884 535823 697932 257907 654548 40436 473808 600953 988671 94442 788595 609346 538869 857894 763428 903300 375640 533749 771032 427434 411141 201788 92340 847352 993810 836703 2926 33205 838454 889368 64377 282576 110543 335752 761331 930743 125920 81149 843904 979858 498890 118753 51143 71513 997732 308963 731172 417162 114639 894187 294344 968509 652785 40346 786515 664426 605628 2538 724853 604105 879444 785144 195328 761354 244303 163300 367396 278788 32662 74913 263605 196927 7613 211614 306468 158096 176765 904820 804463 327604 378818 444399 41298 558792 594340 815872 878259 74190 178500 845520 619813 510804 389077 845150 576995 607692 3502 27642 831447 162311 597487 612956 353203 341291 695962 852075 526920 908500 998580 339617 446817 400351 983345 973370 166665 977837 472586 851314 23370 889892 669914 854603 712697 448938 966782 765594 230652 886853 13104 280592 177113 886522 152242 670354 999394 664026 885709 468301 275442 431827 892111 788375 468935 730693 643560 321767 117907 645660 186597 394058 579475 608136 263594 562278 941744 468173 228621 574532 945235 328616 95847 792296 304755 349212 598685 20912 151485 564274 610272 959260 552725 865792 672970 414405 881887 346170 550558 816219 485106 109363 909341 693129 499842 880735 171907 25618 724517 287564 255039 594260 972510 860902 652076 405714 786 345779 820132 284014 698018 561664 68312 973886 276831 882877 504811 49620 744421 681153 762709 254063 275254 863818 207482 452413 535374 118815 874818 979527 599148 2981 43301 379193 982419 637410 613638 855853 468695 920948 628032 732199 464951 682244 797585 255452 149652 242563 651027 871813 24507 288311 300598 193813 235233 596062 521690 288726 728087 418392 818612 712941 280286 917841 273034 187268 416278 438594 905520 779092 910569 822194 847360 561209 443573 28217 255067 5245 390445 486490 23055 248630 166726 129056 92934 924574 491898 820467 297497 681536 880486 169343 950443 907192 854068 989170 566058 93211 88638 859950 610477 901938 56643 843024 885285 682639 756342 726649 450660 621745 81201 542514 583604 67157 388729 359083 478141 698739 375920 618613 48183 952194 478622 30955 973750 57072 366369 509139 629636 361751 676020 103011 422977 89520 914637 661842 877680 626317 727327 478456 422017 513049 462009 136794 909381 21340 661487 818297 846622 651834 773782 332848 860940 488709 840689 381702 525387 912114 980089 561417 377786 216782 374510 9623 369454 318666 410254 143850 427505 598432 671470 515140 740971 242919 903296 167969 308393 321627 186056 985570 305874 347119 201651 907608 929132 722251 704959 917388 485510 965817 716236 945817 820811 212625 923641 437303 970904 78669 76463 56197 677023 570192 170028 369073 430770 565396 25817 969874 158744 91046 213220 102139 407045 603699 93218 913087 329302 351773 409535 214838 335603 986746 649909 901435 233583 197487 993201 112594 163954 757991 504590 931977 916050 895093 294040 279994 474843 259684 663480 256014 375335 687287 133565 770702 431494 998110 603594 853969 606550 537003 977771 215238 276818 682890 578080 642818 738345 943797 497259 929828 828021 649972 285570 872663 244822 182000 962922 485586 348486 517701 540566 474104 962383 398996 611693 604727 906909 724816 954738 84909 619907 901910 804650 850847 6573 304938 688952 146361 647976 678803 444626 493961 381281 441801 871544 355711 323699 736896 548117 50849 317363 967667 580004 657890 764588 384168 414952 565514 360355 471894 395482 251097 152879 438709 195624 391436 56411 544634 851555 606442 838806 287932 830223 51952 619328 256704 541652 786690 673078 324424 286772 98534 780316 118741 365313 284995 793114 935655 898752 727091 484453 480833 860067 1816 513979 306704 627094 16615 699651 7796 500320 515942 716758 93416 895446 659869 998909 968205 534677 972514 67831 662479 672705 156984 693811 541370 375005 836458 296155 385092 486861 570356 293383 282047 539701 946152 475643 53104 649932 829051 194646 227263 513863 583919 828580 822987 264538 839041 292044 315532 371389 236960 973456 585651 108218 666556 887504 537338 232750 49218 171045 83633 14438 296668 439672 213159 896949 760971 118587 155356 955941 395782 809804 128970 831962 789722 317204 117556 716104 996137 626696 111427 732351 104997 263742 296667 246587 673622 790722 404260 586202 208470 892156 122147 625995 815636 69034 796296 778278 879194 279250 561134 934318 348912 573466 642815 437711 201328 142106 47014 959636 47450 9539 515374 393951 590813 111440 82232 81693 531194 280515 737106 973530 965518 931275 75583 438275 145380 909131 215984 577977 206463 126964 246066 945301 746747 100339 594828 923348 55083 710640 858063 57155 885635 444173 542392 381959 744934 502358 77952 108807 640767 600999 597203 498422 975342 239622 945678 742041 633409 130652 682469 718111 915628 1921 20688 262786 168853 960786 93372 783097 245588 514797 301703 884829 890663 15946 782219 17049 206455 564842 307431 72074 509061 819796 954833 469390 348782 734990 895594 643784 3216 195036 556561 864039 119131 438942 432741 170517 415474 847941 75233 627342 703234 126879 267731 435551 176385 830815 752045 618812 536489 651806 194008 549775 586493 559813 646065 194839 236117 85082 254906 726019 151039 667546 472461 761786 27940 265479 832536 507368 151327 134253 338632 259547 573516 485457 340328 254502 981338 739828 485919 137284 106363 846451 941182 507415 292817 314945 853028 287048 505450 948901 101389 128660 336564 944601 704367 453743 57243 312057 529746 868802 51659 441877 655655 56877 977214 446770 481845 710958 876483 425299 876239 114698 34971 91578 66841 73088 552738 986286 324275 957825 972469 608998 943107 882192 641717 59256 512145 430765 191516 606132 846285 660875 414873 810302 94943 403375 421061 972019 173575 556770 556131 12823 399941 811914 438141 952177 147808 545858 596774 956574 33163 166218 776307 69122 320435 690949 532427 911434 681238 998636 676365 886927 534233 757528 656267 847059 630950 6792 64017 531210 461067 472787 973949 879491 299141 821538 869543 413656 681809 841681 146629 573198 601374 612515 308869 834244 339205 768139 384533 608095 356816 365767 832090 488743 763734 697178 988172 908176 61677 348108 932226 607287 678091 351442 82867 765071 792048 249004 896175 73794 354697 454446 132011 454650 583545 526464 441033 583547 426084 400340 247698 303183 738363 811843 790325 70202 564765 577294 174897 204662 571682 570917 972998 347657 818787 421636 27379 78520 204896 547 527705 935698 504041 907081 909929 300780 706562 568062 126074 842531 737719 989386 775482 484631 793826 425731 11341 213315 124690 983672 896247 425502 879810 241856 905525 183121 899248 676477 779945 330657 170956 353444 989851 109697 848821 769281 859742 322568 637277 871499 248509 218584 806144 439633 111176 975777 229343 680036 840848 81417 806154 697578 605379 101590 90642 323488 564347 584854 861098 350782 131449 675231 938918 904576 798103 947051 941742 497823 511248 403860 115132 748001 86894 371737 939295 910197 337948 955963 514173 936117 373884 750234 66074 600463 801627 299758 593509 918655 662405 715504 961511 519272 823495 99914 440580 405509 281170 173218 138675 881009 313406 808737 645533 103491 130650 590517 176472 508857 935372 176538 118174 54031 468888 88935 907983 12306 613543 87757 784901 260819 963573 733013 967436 748690 2873 464145 15965 378025 663464 830246 656831 30200 324542 695269 724735 510784 331762 69905 168118 625868 876943 772550 833749 950384 427647 923835 787352 904752 423590 27622 758142 743547 243989 259300 745686 958790 863976 843980 428583 217935 470337 616802 884204 860556 937666 237589 586008 419735 14418 851440 671596 572752 273787 319450 146303 785040 118511 997271 5201 166211 763323 515114 824741 151205 451933 158844 553416 534369 989158 486553 314325 708888 402703 747775 376642 943706 958516 370184 371259 399503 903203 660862 521842 252489 715731 835266 417432 67569 405514 117124 102758 443419 481646 158647 339573 448578 405333 594108 81464 665147 261711 763859 670900 452672 299748 294603 313091 743013 649045 373559 870420 437860 661831 684923 1861 12463 98654 924788 631035 245763 124463 867470 938532 894881 53927 843293 367092 182019 446029 519454 592127 461959 637871 871674 303112 395246 476209 108504 553027 207952 205681 153407 899465 42085 973189 128915 906064 48403 714526 4030 624984 262962 7914 5280 126288 840561 852093 864622 989944 843783 641064 692414 914435 171070 424613 554799 732399 245597 520660 302042 979061 806539 375283 769196 586928 537933 246288 307026 361792 767334 235505 512604 52981 580273 509263 195548 521439 218118 794026 867637 855603 347970 966334 830447 856145 599873 147813 469177 170516 578778 368295 571847 430310 533463 534668 234543 740572 273571 81 946344 48802 860795 515041 641264 88020 707921 142294 941275 744043 317626 227737 626722 788879 987326 452441 803366 20539 430859 537479 649459 780582 10361 242312 713005 728656 926514 565992 888089 183109 367066 46459 129626 903791 45735 349028 461440 335430 837650 105582 948649 871880 66956 272828 283427 844150 188862 413943 489407 653674 298350 320652 318713 400925 367920 890079 486939 815975 95494 737536 863225 619369 14383 555231 624746 744496 794856 91047 57007 675441 572767 948499 492152 469209 867459 236677 231205 953057 47351 503079 756223 546363 181923 292275 57408 918836 153216 876229 890064 519755 322929 816180 787256 245370 779621 98646 871076 222131 288750 303046 123024 444210 257176 46663 400057 730474 622517 835285 745118 932614 784155 838750 572051 922786 412075 637046 985121 578730 357160 903256 794234 659493 222097 912505 573402 697823 439468 701480 253936 239949 715720 309596 536741 844537 58010 335897 708495 121485 71350 107355 940081 570500 412542 166580 431682 333902 479301 144519 871060 19525 993300 259630 903221 229683 133502 190406 912500 876530 971603 142898 517866 786203 827293 954844 756278 265984 365220 707441 498197 156307 769951 496770 640053 15003 528637 8513 199667 321522 169927 942067 524596 172359 372724 541749 75900 180486 189021 396063 389165 455901 583029 459790 904104 161274 348922 682304 988676 297524 981197 526606 318072 302321 697134 925876 550676 944477 50985 810824 822049 90057 693819 280607 583971 952912 524787 315388 369764 313109 826630 497364 378996 81905 373848 657367 293728 99447 758159 320936 82789 605451 788731 721765 862535 763170 600437 915769 201760 127117 67562 572442 953339 628414 805637 326884 513311 650700 841420 805899 79760 683023 123667 941913 602355 7170 182105 687621 515653 612436 704990 396400 773669 895731 178128 83459 748282 18781 645139 342485 138430 664838 133542 49513 906071 898293 558979 735436 901177 316660 744182 512407 60800 871855 126636 628174 209981 72568 175637 801418 75840 868704 907851 573450 640767 234688 479240 187904 376578 931344 912303 386070 206524 196801 404951 667722 735512 931947 439664 799489 681594 101638 153025 446014 14911 163042 924248 321014 445074 828661 760456 990634 682306 432601 81339 750329 381416 391818 404585 55367 771880 74567 658702 592654 299617 817921 685465 79178 676290 696749 382837 719916 763965 74395 957506 522139 814724 914582 567029 729064 812540 724793 349974 480980 327419 75210 247863 925707 272538 596963 684601 704418 461550 105042 456960 439408 997366 192573 796485 16835 704406 802744 157221 637010 502957 667857 739645 434476 700884 176439 244321 598456 427402 672301 162517 699703 750530 903825 13391 588215 542493 136169 922197 980721 451226 256144 986028 937430 25749 936415 325424 694771 646735 253761 64519 429671 393300 868900 186976 825034 544737 180116 499143 110345 505469 191711 764127 743002 541074 689186 657699 337489 305072 515175 23457 639426 749604 322913 833686 483183 68320 489554 850849 70866 154557 342110 182872 838747 895059 746566 834415 240602 436075 535315 48420 872376 609097 88677 882340 912718 471452 950873 154799 93975 90415 192385 298315 946348 736170 184786 797703 568335 301245 470576 540810 241045 469456 258530 809176 556790 325067 639699 986009 855742 848464 751265 527116 961356 138883 955807 235873 120541 54817 518894 544829 133065 597971 232237 630655 911393 900214 517198 977150 675129 798744 628826 834381 672902 145204 734637 594841 72967 555542 928977 91018 659934 165329 804771 517707 219405 622343 470069 635664 799973 248437 788886 432271 143088 811434 54793 800254 128286 541119 784360 248277 509808 406803 138926 157196 774126 336267 143354 672786 604292 919053 850542 637015 274596 569526 267634 45167 759456 510673 657955 822315 166702 83641 56598 562815 870073 144060 750443 337778 526641 226826 688871 355023 458553 597099 775528 418625 753361 336816 924550 858153 869535 560017 493353 148290 158309 728982 361123 971222 741947 822964 470603 361519 979763 540086 175682 17164 948572 855892 43282 887427 262738 538029 556675 801496 204573 545748 424270 968251 561615 946783 941 41010 362514 463170 677123 668238 486777 77890 144403 271456 881190 222170 132445 42131 13352 600109 899445 119082 997662 89648 985934 73033 568953 428885 483616 339879 20446 716124 95112 481388 292702 253253 598897 348144 338873 895193 567209 408208 975854 756594 82448 832362 28842 711148 539013 318657 835199 505531 258039 859341 2892 67198 319936 969725 585871 881939 287471 735487 785176 139510 374414 802248 671920 329400 33942 90124 81272 891075 992560 826537 573795 969950 501300 305990 966318 515984 537473 520841 656564 676895 195210 309001 862248 772537 992924 831977 544550 799501 498513 1445 416039 650132 447907 959386 617208 837177 928432 760539 988815 542207 141539 798261 317892 408188 547450 973823 495435 490789 175551 620463 419407 535909 998813 295713 15931 483456 82451 401751 577805 967490 696154 450980 407223 510438 140382 401648 557485 2481 1218 809987 569255 151600 321178 928521 129524 620393 486608 881395 871613 461969 845014 411661 521416 466796 525210 506075 326190 406042 90623 84851 871504 140320 762953 468091 80072 730954 821544 829367 378709 709787 599697 930147 938815 148241 342390 956441 843182 243662 898860 395187 651687 131159 692510 502962 66550 287455 14867 994478 176477 566962 713143 195494 253917 444137 742977 918614 651878 880774 58292 231306 271172 575780 582218 405217 853541 26418 266343 339747 121805 604425 880655 10946 743083 798661 378400 955668 868601 952763 88304 257946 670007 169217 806861 672011 189799 251504 876730 317014 374342 479059 386522 786670 246317 614661 333461 735262 677632 943866 380797 560243 248733 111646 662631 970686 629840 77219 489128 504817 338722 956261 735563 278916 137386 299185 385929 874954 524024 944136 556901 728826 28032 700134 761093 137119 743620 315101 212535 606541 860691 305057 999189 187946 360402 699960 9619 71838 310281 840143 413001 103396 360694 20002 995640 370782 420359 339552 857171 332199 468505 862672 617301 915636 683860 609982 779766 915701 49872 227671 756437 839087 100187 889712 285925 174166 226975 733947 382771 602928 567676 743268 834615 128728 515766 18626 588740 527413 530700 864027 158699 996381 477873 92864 948433 82736 662898 376234 174843 765790 935281 30588 33978 555722 439573 292581 494922 100699 730781 509353 418767 143328 777639 369458 368184 250986 807828 899688 764066 994444 624496 976955 991099 82583 1883 493264 219749 524926 425323 97564 784935 107869 905901 404612 912914 164082 825772 114386 611607 547069 295798 776697 201808 565914 425590 267279 350924 48057 668530 811292 110683 419707 197033 651200 444368 827040 596832 122612 402113 421810 913915 374391 180514 634088 756353 208727 992983 540226 234944 425013 259479 261211 567823 16165 433259 166287 824097 453812 50158 551330 240612 818583 831890 918986 731343 599508 715875 535232 184215 673040 445692 492544 245549 647262 340804 164114 43368 225813 938488 53264 27385 897915 260476 655577 302700 653293 68481 173478 790389 934382 69418 923092 306238 171261 520456 400233 471645 105939 476416 565010 789027 891546 310630 259494 998389 382427 161927 365577 712544 60570 643093 479423 209814 602564 512796 886330 671729 574062 839762 747052 99478 370625 14156 327849 805210 453543 737242 427759 706373 64917 703025 569736 198885 161719 574196 404317 762877 910566 42405 965133 172627 594063 763058 547415 90276 358579 704115 403949 494710 912986 319807 39237 15742 200675 111026 887449 86804 691902 568544 971630 674802 536604 211982 421834 916081 352123 993428 593299 965003 823811 113533 43764 267804 130119 73765 867426 961599 735124 785068 740040 790604 865727 112687 854158 586652 835458 424503 565281 297113 14466 372903 28565 456227 870190 629809 22533 962378 994663 2025 656523 576510 671788 130180 737775 977483 527527 30707 215719 357419 480898 758802 674362 604234 775811 444095 213876 851180 640789 132700 318469 973628 567908 106286 644151 752958 223177 154662 858217 120259 215361 522701 796898 725004 479243 768842 622630 71059 637860 612239 710502 416041 860876 841199 257196 822447 340599 913875 486464 649437 362986 283450 137257 497180 508848 530101 870222 151129 629754 931056 247236 710696 531450 165348 126422 913153 79461 335686 876914 136021 331351 497390 987463 98305 946257 284831 902149 794654 810585 844980 599119 706488 750437 178277 358335 268855 841943 87071 449002 834734 917336 600494 6115 464454 963233 28585 43538 836854 904649 59350 518375 287067 308228 558192 814633 741685 718603 256143 115794 280636 161909 643457 679698 172641 833116 343086 795944 460031 493720 329959 631488 812898 4214 443163 90667 506058 564262 519525 589969 842592 372012 848058 187696 534893 83473 683329 917310 732530 518524 809464 719804 155687 635336 49166 595960 92487 318652 830598 3319 468156 987111 488053 110387 961507 27199 264306 665135 153457 458330 53084 217591 685494 422553 316088 303185 51506 399198 691128 739419 793546 781553 646864 611912 90606 81188 288498 711398 362575 410382 236091 928489 728669 686228 510498 79081 326496 386718 576187 633032 734427 118641 1027 338881 203301 164184 855161 315442 333813 413001 132231 951344 295803 900737 821080 874205 804479 885873 446263 352631 45758 907433 955267 633642 255531 224157 856475 978669 174002 451919 483583 61974 69424 296807 660369 30953 27863 165865 634043 979438 597887 179140 66257 425554 912898 169158 761137 675225 150565 983688 521167 875357 89418 6459 430210 870482 785720 559217 53906 26794 710038 111437 998250 551442 107263 327003 520913 304835 641324 43975 697926 396120 628690 414724 205345 375092 622592 651637 436305 73229 35735 707566 970991 162499 854416 763791 214712 456771 270933 330100 363941 386886 933182 108634 563657 78128 467544 623673 115540 160213 343285 588963 204648 682511 995359 152527 978414 834641 173455 206911 165169 404328 138558 308088 821742 498931 964528 434040 692964 532078 55941 903615 385958 736644 46763 823865 478745 206110 654099 321293 566020 922226 805671 709671 570705 375825 148645 630242 392287 93387 579674 908345 815794 357103 897379 501812 503683 146026 411995 161008 597689 610768 867541 818791 180613 405635 383555 949129 810596 602985 235840 837871 130071 533992 59124 386521 673156 222513 462615 291877 69693 364506 930377 969611 369976 853170 684973 396522 910612 720782 936502 375040 446350 346250 706306 984156 358121 845351 462013 239014 267263 436903 351744 845913 336327 320422 194200 469616 645337 618189 470362 87169 54233 847857 819987 968755 438845 355255 691344 163548 819093 244263 373050 4871 663354 353309 58803 474241 996396 327853 479672 440936 133374 138176 53301 853806 278861 278483 937494 929740 35033 951400 443626 84407 953550 403758 774846 985036 973065 460164 705616 652391 928742 955505 124070 348041 814564 648249 509900 136820 291838 832128 307890 335388 94365 116019 544816 633028 515180 928112 324555 832549 246079 272808 270019 468831 745884 942565 755407 807570 220101 49722 311814 160260 375509 545076 651296 846279 403833 915518 131898 922336 664479 192451 500631 523191 766957 919371 36149 426563 310334 510011 563028 658019 303355 265478 767741 66059 795354 45842 754765 275777 527846 702529 688728 301736 718916 31598 531766 483862 933235 36469 760720 737603 489566 215053 26473 46977 138505 196423 79489 448419 159288 838430 845943 682139 742344 790792 498887 466207 705824 398162 668911 473703 211670 179204 758518 592456 110028 587002 327429 215359 942735 387977 392427 63008 965074 696210 710916 89494 892495 982653 673569 439177 92935 427054 190993 263049 752824 675669 593542 825537 480403 753295 323407 123797 408868 863650 24904 291439 835306 487662 574220 439926 249733 662816 286505 732936 211104 572146 538083 366987 316294 88463 244314 2007 853767 680562 92106 22803 506357 675631 772684 145932 804925 824820 71535 460178 245894 455567 671680 958246 372741 556666 715259 108076 251486 417564 515902 675314 749554 128805 761666 157996 249921 393632 815596 500755 976357 239985 177584 178609 438596 711653 657522 234419 954132 472353 321012 441434 286103 587615 55295 946465 683502 551320 657206 206258 595750 535381 305301 130506 93789 16323 557202 303612 407537 122710 98875 590641 493768 99974 305508 662167 217423 171482 585767 870166 420568 678683 547447 557901 695088 23600 508503 779726 263385 717181 110372 465962 167325 28023 889985 958596 337331 93424 5176 124455 370433 507582 139361 30079 75535 122972 914658 732331 807381 4840 760861 142087 860093 887871 421803 276948 243527 340375 529320 282351 474131 168309 779489 338073 73338 181904 288789 462865 768679 676816 631194 171993 598469 931815 425757 755589 286733 895733 572278 92794 595471 721209 900828 211666 29326 226526 745355 117368 204864 399287 669991 87560 305181 335979 975361 121101 469223 375187 434280 749293 725442 822645 865366 982426 871619 830154 722981 923299 724107 393026 298855 398583 803105 56775 812360 982299 743818 793037 986340 661033 548004 185586 703155 825358 287092 920774 409699 787698 154172 23176 446255 636603 946502 871672 167014 904540 897785 483956 29088 145754 597767 769177 481913 717268 550058 851908 994702 737065 309991 928221 822672 689043 889300 691916 429929 877453 592875 948326 634154 451172 331817 936309 259474 150765 381354 493230 70735 631383 301522 604493 377305 16922 546638 368310 446818 605653 680119 443259 821888 264299 14467 793405 729375 358255 413875 57232 522339 297138 269361 875111 158352 615069 660820 404399 197557 352395 514864 900798 668247 732388 306714 600318 334225 510953 582453 820354 29947 932453 229184 942968 572158 537736 59795 948442 526590 400061 95532 609654 655344 307996 768124 197366 16030 246470 766946 803011 548359 492748 224308 190513 24093 274360 901438 707451 285965 345505 198258 398539 765557 353962 752183 673580 372227 963743 556348 839962 923481 322260 317768 665503 8950 211922 622222 172523 111531 527208 915436 96897 292082 540408 52733 627667 888725 756151 689463 190711 413630 735741 502577 451680 283215 883310 667257 158679 312150 209869 649535 360100 585694 49714 366363 938851 634748 524633 172354 611150 731707 41876 209111 24536 780356 723213 231707 903355 521583 91180 370652 125428 2677 495866 131072 498484 572796 131205 653912 921211 434110 624980 315417 846166 264786 173014 229145 94228 574194 666353 609206 456761 748534 741814 399635 552858 530781 944567 97275 124596 557665 381087 138919 392890 292196 21828 273646 986864 393041 862221 510785 76136 770583 179871 525443 975434 680925 542901 136548 520479 145173 359427 941563 33389 224729 242149 403812 713931 836389 414813 766360 180759 503240 240095 926795 628324 509934 590790 976564 937343 501537 292326 363679 693942 951440 586870 338390 911228 479174 676852 813222 663962 447805 540421 997310 625809 512632 124092 346138 390827 34839 801055 170506 655045 276714 445557 556227 638792 378730 848873 408565 632375 601426 9321 367387 426995 532936 735712 163901 793198 976347 289083 729245 712893 411266 847499 225100 822218 356578 988859 738365 909957 903315 484632 958787 574459 512279 342512 947411 745797 108645 101389 633045 367102 998827 524565 957486 519300 419748 557231 693116 885692 115492 674559 284688 941871 728583 273403 108228 705383 685595 366783 427312 325653 942159 574955 535628 769430 728916 503223 291284 413545 347525 782535 448658 726973 348831 315052 238726 332371 416702 616322 525044 800580 634690 406150 732063 542159 214004 410726 556971 695762 90393 339551 690474 768453 836704 150162 74728 865613 217946 464970 32701 459140 94494 618736 987056 995609 451127 693945 608353 155229 682449 74695 24163 303703 317004 439462 34000 432101 367901 998662 117097 821167 123389 178828 779754 881215 879956 742411 528136 39198 987077 687261 165603 210132 507511 532413 570255 989087 5372 977613 560254 72175 7673 114078 335971 457567 894758 627794 304525 980336 566682 954625 479652 778281 398081 759870 720137 769598 704628 488001 446690 972653 85599 979716 521425 823577 8540 770798 844114 924117 917332 854769 346170 245094 662141 227065 799954 751425 331435 804590 340168 488483 413858 429549 395824 896401 406812 543877 247166 656896 432269 374290 55477 449149 380968 466961 814113 147958 227900 79121 910893 693577 1633 71695 968975 550485 386474 712394 760597 715300 375047 532721 747043 375670 577246 773892 699181 342206 880143 195491 308731 226651 672671 842470 556278 955196 165361 438540 509569 716179 574094 584921 303066 436211 229934 797613 238449 703709 775302 927880 153412 617513 682191 599716 622845 505888 99344 226331 873473 927740 111961 827205 38467 410321 805074 580797 342830 908643 364804 470327 593362 358842 298885 224777 638761 713851 475867 523071 648494 403704 653423 525609 145685 699199 556707 388036 952256 295012 431967 991160 646507 794747 623495 439651 967141 129947 434816 362097 20424 541752 823553 195420 905165 847391 85421 878596 56913 819063 141605 445504 410848 379012 939028 841411 381657 390975 399638 727217 74403 956125 7328 21769 637048 901066 668274 473679 467042 233319 120042 58223 227752 941864 189669 430139 655100 765476 310105 650717 674844 500823 839209 190503 253096 823977 237633 835528 563296 164283 565168 146683 814215 824607 2076 357791 916224 237746 686291 989770 142654 537345 269436 863114 104215 834275 156000 234000 93445 314009 763093 129537 253981 147422 397126 306520 494245 644946 401202 931080 680297 144319 837667 551047 773985 959194 76014 986609 778182 401484 990482 615567 654081 404590 722579 352512 228241 17051 86886 899695 775736 920034 768967 476711 329850 596200 454948 713713 647541 688778 767942 953573 785116 79214 266256 811546 369279 863775 837205 83405 410107 256942 869395 506014 65336 378334 710183 971320 674045 775147 966747 17349 461716 519867 187231 497255 331069 638338 705787 745871 928119 98295 856466 499690 491212 369577 472762 470022 521205 271736 49514 622764 503200 391547 499102 736233 411457 987536 740966 442185 605388 376346 168702 548466 263361 189858 282450 587307 289069 568446 865239 53224 131696 855939 80585 200008 22633 11023 381283 508425 821623 184326 725544 90609 521445 693789 656504 123149 900117 105316 858592 983567 776283 364664 75078 656042 687055 787487 175141 2742 819740 591886 119559 583225 262668 546054 922391 610572 734103 408611 492100 657706 843737 643987 17982 397405 443971 156010 948410 149051 19267 205096 369836 573611 23687 766146 647639 472576 36274 18225 714233 233445 582220 312165 62804 864173 623719 9730 113084 411068 144498 683236 833475 900011 669955 303435 238515 790361 347520 803640 246412 252792 513795 381375 361308 49234 107283 310497 919727 901800 43938 459858 615011 361908 560853 417092 981201 542134 50267 424207 941176 537523 66897 362841 765067 195207 437041 156752 33439 98235 945836 865235 81599 572457 798507 384731 83659 52201 396203 314964 667755 21445 883734 58021 14146 778082 871732 753921 982685 941460 462939 78039 272028 981355 678893 604324 202800 397478 136684 215770 689174 987444 969455 634246 114958 250583 957600 812590 169091 844069 524084 584800 396947 420424 341956 486941 453746 632707 674447 853453 89783 842339 965963 467264 277125 590773 959356 632766 540199 876030 739177 290370 513452 458784 316796 970840 140129 318917 334252 909676 361226 961465 668910 755653 287886 406449 667479 843173 384361 303268 821300 280643 560281 445916 951676 757750 159714 90857 258293 529417 601183 376867 873576 804960 124800 833773 881344 199853 761121 600935 291509 685503 176381 286061 752060 894803 394030 681574 841300 581101 245849 975018 527758 499848 566770 138074 653329 942123 147221 484289 643278 804874 501410 133728 928526 544110 512373 359884 386691 375923 290353 640324 796407 112662 404386 635407 950610 140444 802268 193737 785378 626332 901632 506381 522617 288436 385047 995611 19202 730364 900499 783872 773752 424528 163507 952945 737385 268969 253872 145491 380111 49497 498308 474249 635406 902675 307772 196624 278353 711935 315480 363873 337829 223366 472459 946628 512751 865065 602795 51138 326831 763453 88850 415369 579702 785527 335100 845878 625112 55904 680191 668649 303526 978180 462498 222043 612951 595978 411112 927152 518149 747514 754589 503968 70913 84367 26488 448693 261501 149505 304222 704213 949367 481922 694548 724418 42711 892914 760081 452407 871685 759914 926259 83892 861967 737323 236775 390556 409399 953933 601028 708150 452003 515140 147303 906322 308030 124092 397866 387500 817624 793332 835196 638717 113244 238242 737742 824243 55015 992254 273620 736654 41045 534043 154947 682234 570506 773308 654438 258178 521502 560696 932240 832059 31140 205546 32571 102286 799960 708766 201929 486443 561018 697625 303265 657297 637030 413653 869730 446904 51496 815122 208898 570485 829320 370943 865544 985581 335959 84777 692029 295922 650957 820012 515219 121383 672516 527591 291138 105935 560756 146369 280314 635629 793409 663046 21258 129946 750426 204004 783880 498834 177487 437761 257121 776041 973009 772944 790946 922660 438286 899363 809382 458368 337087 583133 180716 303654 651461 15314 760163 704959 194695 680011 951919 204974 11137 112119 383876 754785 360406 323076 508239 453795 295711 386528 910783 561306 161243 968212 797650 236706 702629 31372 773764 121934 426211 205407 478849 979837 196309 177597 534258 167043 114622 228715 110515 560886 343469 773266 89804 825730 70998 456128 793157 745212 786170 612226 298057 702664 913125 761733 815999 53218 143440 751202 950351 817740 499516 794284 83857 3908 736771 39606 718335 242967 311743 807422 655571 673599 320500 319795 824481 509237 460930 993451 244094 671559 424125 810193 14221 856516 697011 984899 590376 708629 49049 47938 415856 113822 456454 967853 619369 255085 41426 879495 873472 243210 248099 334518 198611 84448 679978 952505 455699 686545 834563 916093 349044 738442 763534 508772 205759 21298 142481 494689 547457 114769 384357 291031 381053 412782 507701 825721 815907 838963 980560 425946 117056 327802 827017 902523 197795 178734 627861 318240 895303 995888 886289 3753 684251 482888 749268 218709 175461 254907 588548 715963 904336 574304 908023 712992 68537 609531 394846 844572 714856 878969 400457 890042 900342 479427 728350 74219 530851 102054 598676 59986 809719 488902 725938 740774 950526 149266 201503 456236 132269 606201 759817 462545 976437 766372 745990 321330 135685 219926 393538 682467 923006 13074 132128 497462 289705 236365 115146 214989 367939 181860 513367 706166 548942 715521 952520 788727 856987 382861 349465 908553 594947 546746 796247 549077 39162 938271 345511 672667 568000 420989 520470 726895 262475 165418 395521 124491 575785 168787 722532 739938 928897 334041 678467 435564 973530 545603 590121 988024 715015 430487 149309 652541 782533 90385 441267 837395 300798 680124 895183 423409 595907 294460 710371 960706 117328 707404 980335 147375 714876 228717 671680 311619 981040 499066 775608 43384 249929 440971 908933 386626 262294 839102 948567 159426 366814 408897 249646 740717 13024 448645 966081 278819 9448 485012 496759 106092 306756 763361 526034 135928 396378 506589 912395 113949 857791 694086 415309 760862 240415 7607 157882 589412 186932 452383 866035 79177 449472 488059 607374 181970 894537 139610 305407 698430 625835 498135 720758 699163 771411 19383 34448 814104 855120 421180 337784 135126 162704 515306 991012 118012 18076 385580 995811 374862 291570 94038 828239 524086 191690 890560 293767 366789 11011 783907 808131 604141 386721 882120 273779 991611 731955 640546 445596 326901 310017 589681 253261 193096 106095 207453 103411 611070 529498 324483 376272 681844 370925 589439 811537 255107 580218 806126 242604 353025 240390 353298 229269 935778 234400 887811 660013 201315 235121 461770 225903 785296 685866 850999 940511 693146 378464 813269 497547 92462 931606 662763 938988 109681 227516 210891 791455 660757 113102 390341 687762 239245 179874 679190 391432 345153 897484 192128 816898 432771 609174 792073 984098 319343 918204 555451 541421 615216 800216 761412 232149 464540 19190 227259 392631 791141 228683 542121 795099 87881 786449 368827 742348 479669 412901 218590 283738 510058 887841 902910 622384 992470 191131 56070 951968 290542 932547 214693 868890 98655 760724 107757 879112 807791 20415 574584 983098 766990 422692 377912 223053 957693 112108 535054 571899 493449 694032 280908 956227 565784 461958 968852 643216 19650 407898 578056 38705 149426 878523 166291 981524 225878 497679 307764 140549 583949 509798 748646 519368 255342 834740 768917 161451 376038 185497 655353 434557 69984 232272 798742 920584 366438 652201 598511 194737 219950 311530 355374 134165 5859 275945 772868 221150 978599 991052 49800 295931 574550 758605 234673 124269 436885 43556 698422 344053 743914 972051 642170 534673 79062 85632 675849 757945 986191 873865 711318 406151 205163 882514 815220 39842 981587 128330 815069 703578 376694 789199 453212 954325 434049 959309 432699 613013 709040 452292 845438 345806 461806 903257 513336 227180 940758 997438 982747 62937 54209 696245 714869 496359 55100 844876 485273 834175 410212 159970 120776 728589 860275 964381 316061 393170 632784 789158 942809 396358 618872 395022 739505 693925 974291 939565 19921 141250 765710 919736 474163 932127 455335 189010 534215 435598 249564 795626 297625 751142 490467 146849 944555 943167 670028 414179 523158 946445 189544 503133 187113 53758 166930 686678 711687 221293 84584 91907 816763 933164 289415 656944 249570 632961 333918 988540 898595 592649 529986 349111 615882 522865 673363 508892 405106 410532 78334 730881 747078 707630 745162 490953 87169 209733 140830 850803 375889 833988 965764 541750 531790 912564 303299 484761 620634 876680 447868 733881 394811 332606 775379 670719 547047 425989 343434 644188 202900 72076 339614 340616 978794 55107 554483 956707 351203 982849 377044 289354 766746 884619 87672 863444 698472 109177 148879 47868 114614 512304 828179 611784 368523 80856 62097 301710 528758 839090 139200 954220 95925 344693 889244 294394 159683 197373 325117 264535 981180 727594 624349 156389 303014 345244 859035 260266 554312 30674 68317 460873 357923 734591 397062 137980 671137 245852 25264 454007 612023 801897 381885 854886 421930 131307 943773 894374 209665 910474 641063 217942 413336 618232 321426 974173 270742 332344 849270 328067 787230 33779 828608 9975 514428 5352 798516 162281 711545 732303 773086 323918 440262 708020 203369 55834 642031 896086 217160 212893 456088 718175 966252 578114 353060 563337 35663 94704 419952 256060 178640 266358 418375 663696 545063 490028 114512 373966 924844 15442 237665 523344 708274 538550 114096 675412 527359 444515 213146 404011 759110 495286 152235 235713 940823 403874 65961 991017 467008 31787 643362 899258 88390 901616 816239 92340 15568 629295 793071 271346 881384 184978 903787 796493 772648 276331 326254 262113 174936 174513 322563 466398 350286 677346 172343 878249 380000 791105 588382 380503 459284 764573 368862 169794 47424 943916 132520 159391 782622 50285 7153 825159 581705 805610 356571 742664 866826 953691 517035 420490 699362 208644 129783 850596 440947 85845 434051 265372 281066 244644 202427 358528 117907 643788 714308 451723 810869 630871 720115 943966 994459 263635 262389 32065 188492 430184 532175 187780 79219 921178 93294 901612 54958 107714 505121 62827 737931 458916 966508 7566 968569 112785 697621 514818 909860 148211 601202 131843 665830 512040 76964 354674 572377 333475 742017 740133 613347 26830 49417 640048 938170 482702 510842 186961 7439 814825 504805 905112 390537 373687 436308 142667 345384 795585 591275 658584 480938 120321 637887 270567 337954 385919 476922 977835 409405 822798 495242 365278 138923 671525 968427 268776 785730 884443 553848 111667 338192 137003 707972 937505 364986 327576 813940 95993 638640 642525 80189 594899 728382 736008 377065 263003 453863 71403 937385 228362 517156 158119 44443 686488 634828 657663 521353 432042 462159 64513 571412 681708 792481 562689 435959 76699 472928 175875 828411 224229 12710 756495 184067 32395 722045 32628 884459 579783 611434 501077 758009 377228 45876 609776 437012 143963 343936 802565 664501 783338 75189 504014 363855 367920 506653 62196 504968 576801 606912 332921 583118 534961 511539 780925 97359 157270 826455 845892 941357 353363 203269 603132 678858 250384 320630 801950 806234 494556 554593 551765 115859 273717 921281 475157 814996 334167 7028 388092 353177 337236 731134 406450 580759 732980 601449 722350 588028 201666 68944 182296 556006 859023 529612 25274 623911 930640 511751 43540 478325 846009 478334 42502 457479 990799 772066 836703 703407 698045 529653 876698 957216 22249 320015 334112 572970 982375 466160 848603 341071 771302 551359 133953 239317 51202 612219 660916 581649 662334 143902 72857 288735 541953 455058 360229 214844 524424 528871 437530 778432 209689 741595 9265 630002 138175 41739 747921 229527 355097 571718 631787 561792 854072 836409 181433 165085 100671 969191 726996 50297 855681 953327 456599 186089 665312 453929 287967 311301 90157 850216 445895 744516 149146 777771 897711 134560 99503 97868 304161 771717 50508 264614 740211 336151 616786 338412 428644 974199 587137 46240 876348 699174 871130 651780 94667 685804 193102 331526 789369 748520 279838 212943 169784 354548 267957 189311 163951 34344 493795 237806 383594 3440 341000 999885 969053 253258 321503 282630 474235 704987 907956 962193 72741 568332 882392 530770 257645 320301 26217 416449 780520 182588 992239 952956 251164 9479 851663 228764 192254 792145 102427 264812 830137 14635 992988 894202 948113 273959 238164 691991 624990 844926 271441 321477 384242 451248 655061 513466 801273 969191 516492 718179 696658 615493 94325 136053 364475 193235 960643 11528 991856 322516 838322 124316 708069 324378 197231 766707 199857 798340 851843 462359 258085 958206 277411 674506 553327 166663 220890 824073 86862 231497 86488 389302 886345 89701 721304 145904 649592 30987 207046 248945 82 344282 747912 333386 206203 764067 73600 461446 190618 133301 800184 455446 891548 285435 119917 118428 302099 3546 701173 434778 763562 959720 442319 677569 767994 469028 298793 110720 903285 771672 604045 288286 507083 736985 652077 552219 736348 900983 21185 858131 243350 269545 451848 364657 443261 116402 315802 920185 385424 355596 325141 748764 467971 606810 45199 122309 455440 119915 783709 799283 756195 695187 508016 637941 41234 839168 568600 107764 97168 253494 55400 726459 44084 477955 215010 418676 424104 139065 380057 197361 579545 52791 215959 450541 882352 607432 912817 386759 498310 819154 93723 572819 598562 446790 657507 785991 993889 502719 306078 631648 619918 682473 722394 556118 216823 231145 479362 948645 354843 389739 663041 951358 182722 624653 193927 225030 319509 240735 740902 497043 426145 651566 617694 924495 993949 764389 763970 89104 567197 733322 231513 404672 148429 573438 873323 951179 727463 264200 898475 74644 857568 135955 504008 911851 600192 889718 475783 41896 755182 998183 745587 364754 776398 131332 778744 907029 841582 777851 77305 690362 639261 459359 344782 295362 949093 72778 57193 440761 548719 201311 183173 617705 828478 644092 702389 865454 717782 252276 808239 709887 898714 758697 334023 954566 459626 525376 230160 877249 771132 777759 649138 761632 913433 721747 29988 282951 213736 546312 804881 140010 872161 2063 674983 211106 704503 876707 411107 786265 961653 12415 418309 944730 928249 456174 58550 680866 572524 44454 862722 711840 226029 781817 697562 400773 818490 143091 454489 449253 649536 635269 677572 628083 569357 830740 60726 880800 9205 567906 726827 722159 458915 277512 995549 889131 515236 349691 692633 768958 489245 539040 462394 470801 665122 44303 652455 79995 980240 447752 36292 241957 505232 228307 454596 745639 129026 318194 10456 161949 663259 610354 305736 574564 768376 116730 504976 717903 798982 577199 911789 61190 563373 688312 68231 701809 192396 901354 85813 271260 934373 717420 930782 704579 702803 593361 646662 62230 126454 248129 646794 576025 791876 570921 700469 330648 422612 795163 570860 89110 824271 303310 873103 660443 776657 884740 456821 120210 358782 927450 813481 665508 830861 39633 800898 100130 455032 938200 206279 442168 190320 473992 489517 850473 525704 789108 414683 173191 512748 339121 20068 695928 810196 957855 358406 706396 114183 40419 914326 748452 291587 568369 910909 450122 676743 906400 384200 389778 262673 989590 795691 990467 160360 324350 25518 352654 458787 796955 881107 74950 199786 986926 120306 825677 811492 936578 930526 126811 562417 616205 34324 226139 441921 461671 803813 629203 777852 45706 177356 858936 973768 46735 580690 717994 251905 528735 869589 62044 485543 601101 868919 307006 458264 846001 744988 680029 218847 936042 963865 725705 418778 575412 863099 159230 610212 239965 411783 853248 568577 916953 166420 10750 84235 782737 809995 542595 134283 596110 899319 943862 226073 621248 583699 861246 380635 595468 813281 799859 384971 484972 161721 506250 536476 53962 539680 990919 33143 573762 11793 654380 639501 109383 393210 973473 974356 112746 547449 549491 68768 952732 711055 253273 772305 666791 952340 452069 266213 349383 758034 235679 369796 462696 490008 647969 920088 726831 29300 542392 740382 564981 991252 40590 142806 634784 618923 966009 370847 456673 630247 529723 761499 154044 627694 940936 686400 609223 706037 198031 378752 988111 422398 385855 216767 736567 306437 166201 398265 216631 42697 689899 48658 471642 568650 16126 166072 567088 792781 83858 737662 280102 776997 561476 942181 177989 493508 233853 38536 971476 256231 165118 113771 775215 192963 725141 932628 194724 822857 246863 44954 366296 438298 930271 919878 316469 599824 514918 505557 945630 130963 629108 926840 781066 10866 494154 628807 958453 24909 569968 649663 257540 1035 383969 854086 443407 173183 360897 942997 536664 215035 87216 842700 135827 531972 983495 865446 416633 585605 252062 900014 260419 924225 483892 104361 823241 532161 278639 773076 72201 352183 139864 596686 985336 526264 964137 317183 973412 803041 685004 378216 478240 707115 718936 104437 143598 118310 207970 730807 566604 141512 784234 492465 878087 825436 857846 847184 483985 308156 34740 750059 504887 561511 159169 157491 862674 818174 728631 3911 980310 821765 889946 913496 483225 60335 747630 711960 189100 162862 572090 463890 519278 83086 102296 177456 777966 662540 310713 176604 792523 919694 122524 646218 197989 281253 277178 937015 623577 643710 291807 280280 467907 284032 203130 92615 300440 848456 750360 410141 941638 993609 912760 162004 867489 843189 282407 697885 683491 208529 201668 192045 301161 685754 991906 338519 443907 670927 674659 45990 473486 308201 965830 296955 56593 297470 184765 268103 513172 631206 68056 55132 888204 180674 293297 98776 10353 908495 958182 471552 274134 168660 182886 813186 924207 946800 521571 923124 807974 721021 282485 604012 633141 154093 150404 946764 438261 995565 867709 715085 385646 905168 391589 172921 647255 447797 895736 299207 58808 717129 25528 495941 548609 298533 147302 603573 19110 567954 124415 405280 238630 469586 929546 301771 980854 377562 86784 469363 598587 320723 256051 230498 363765 684612 850230 344581 812694 897644 61495 560800 560746 802139 715586 405138 142515 904134 277744 371681 99470 4577 415353 428277 26815 729108 620336 442345 769650 598805 906011 300283 346516 183341 546677 211092 166674 867090 186546 480025 474995 230511 663752 843942 767860 62736 516917 637442 790349 491450 607489 989410 102263 820538 850966 125080 962391 237816 416268 766697 784879 992618 592561 608625 810112 910687 619155 244726 637062 639896 134720 465464 23394 711380 665416 514283 764302 254887 386964 722808 226801 290602 65705 531387 355583 172055 842310 650257 344876 682325 489130 863410 976490 208137 460553 813413 3556 531799 306354 196074 49949 122278 69542 454549 976217 533555 36762 329645 161784 939394 728800 283057 761751 165726 702410 396143 119198 447249 510975 758384 538699 788619 881227 15842 446674 262550 280332 773536 318778 446697 353697 577444 811039 97972 915666 635857 8820 746847 835915 570328 4036 483500 635258 393945 750272 273604 383707 596590 362030 326619 436859 992605 511240 304207 46087 473486 385032 65647 840181 30313 83825 462304 778591 683513 905814 733399 162433 644363 733250 451348 107500 596788 145317 153979 787949 567281 536599 259901 148598 23780 854663 803643 761509 121893 436452 15778 210147 413806 234642 646164 152204 477125 433478 698409 638002 272092 518370 746442 340079 335637 890940 482285 644265 653283 488586 905584 456193 311592 999777 593094 669798 107273 563835 902563 178309 293528 627172 224656 718111 267993 356442 13690 114405 898422 151064 89262 992938 582903 556309 86182 76969 343256 833471 619923 842701 496141 481770 611526 339761 13980 981204 400189 833410 422945 894157 767758 871921 108174 129975 524483 23107 502640 654154 853099 691289 885919 343339 525323 436043 550570 240268 217960 837898 503596 84996 981791 919086 479957 574279 324831 260564 828439 530167 394106 553928 696518 710520 935536 759333 464193 663216 477680 998937 675092 93900 978901 359395 699716 516637 881451 838969 631190 83862 752826 592049 861126 729619 946459 352538 885477 492859 809710 314924 2540 625299 598444 235328 417976 239580 575808 3376 319858 151599 130335 101523 462391 195446 704304 629459 952076 130426 505046 608967 359782 735266 66294 165833 241707 43232 539382 113663 779568 110607 210727 278014 874559 540697 218541 672976 908017 332963 589481 900225 442521 445843 106949 404293 568240 960529 883292 88569 566104 858789 501347 646054 460764 724863 178834 911257 462637 777161 714686 17134 930570 757425 986942 992769 192573 818614 76240 993348 619520 873868 481098 38452 164826 395499 252692 422180 668976 605057 336606 270091 491154 995021 534645 265408 312886 893508 460662 572303 233053 336333 283813 452550 894828 688706 561050 707701 156999 595713 183782 219696 705656 861890 907943 634614 963841 188289 761248 475597 722691 336361 411483 903915 377853 675983 3728 623109 519407 693775 997238 507221 98102 786476 658370 772354 318698 103871 423639 704308 988345 22589 402761 280848 191980 179843 582375 949235 120173 924388 615736 466778 80456 533359 371003 782239 527230 259873 110123 132416 696283 161271 195068 270022 512528 342756 462266 355465 52334 547960 339927 47621 297456 460472 168888 826458 722667 145624 738464 872217 584257 712268 917267 707450 628457 521164 114740 919718 538734 945376 486926 690001 401249 746348 521706 796505 568213 192717 71441 556120 480912 463722 352647 62967 481528 284270 617915 967266 831967 800340 408986 565714 87143 999711 81299 401534 859984 809911 971814 472065 441025 955918 29581 451454 1906 59883 349799 302254 326910 70641 387789 692498 755951 694377 934267 944970 74212 339400 929382 39965 21863 463480 450385 448649 366888 37743 144269 950383 604269 816673 448189 126743 749568 206109 301075 82076 214587 23469 895878 680603 771280 607382 296128 428135 646688 205229 451130 454639 182217 447082 678931 174355 646879 681879 383567 850487 275541 734913 445513 261751 634166 212401 108525 317518 159077 395193 656519 632150 132917 323012 542895 465567 412888 397777 529755 559532 975239 37941 416170 751920 221889 673374 464926 571241 163319 563447 728902 129211 372679 188333 838577 341097 24271 334597 682421 891909 21367 233946 79770 529187 191412 276718 659942 349476 214923 17252 366240 559245 920542 782437 276614 443176 602348 814584 179244 622746 673829 628691 319703 703674 981552 253773 588611 70973 348987 67401 384575 154122 395204 635622 211833 415302 465633 10763 213993 37030 262543 336265 679760 490580 458587 872874 99011 655425 953801 632413 165898 775229 256073 475879 84764 906781 286423 879285 358612 533121 713066 150712 869871 983137 562291 740207 293426 796837 911481 102937 979088 814362 191072 594153 992553 933864 619621 134883 589699 728196 936827 168783 602611 79299 829315 797853 485321 525061 647896 866452 263713 150173 398964 808439 786798 520772 830096 74084 838963 974620 337857 785724 364187 679478 634779 458790 492541 639000 665136 58364 445067 733977 775624 566812 795078 677931 148353 633177 994228 929457 872473 167876 7850 941511 454306 160206 858835 152849 206440 620357 292715 836214 678230 197484 999270 652709 401419 728938 290047 117117 725878 632407 953095 780100 334271 402260 673837 983407 28118 937381 644371 704401 556677 11695 696525 241584 288451 191744 941728 289389 216713 59655 158043 592199 781888 806412 302665 817963 267860 957621 216005 472583 433394 773437 966182 363545 211436 112069 88970 715903 805563 884290 576847 678914 451781 288047 557591 696423 226506 1470 7230 726246 343809 203733 858581 852012 577456 985122 154096 823787 764763 26524 756498 762413 657100 104236 106674 455831 483411 974382 396530 290979 844478 803793 254407 511195 828184 289039 575692 333890 434398 242113 386623 384175 337853 529929 453041 679725 861102 225177 916861 501657 247448 794255 694481 435713 17898 732059 190344 443577 865867 606483 21083 840754 366352 45046 629072 411009 288055 702348 489445 162421 828877 482704 722413 174389 549651 236646 250766 779544 199696 578625 715822 150248 611615 143504 385084 997919 673105 908963 5006 809360 653638 199532 73388 870149 226611 650915 356620 468404 991169 281137 814782 442375 807570 537995 347823 834726 894884 245758 804801 396120 957682 535337 836642 504443 896927 242521 713366 480952 21197 111221 786530 757202 496326 326519 506457 467685 176850 890111 742396 27327 185714 933033 582053 849462 125192 238990 195877 206839 150086 844035 45814 263748 591872 258774 613071 543794 422322 619573 871463 579652 471977 124832 255937 896712 209084 110411 398947 742777 381783 407263 662692 765935 263907 15264 422384 130555 173579 380049 103532 268855 834659 556953 810598 419250 850756 245517 339273 261541 191347 711351 910517 441749 72703 570401 403375 686510 574549 682550 238435 748381 380314 515139 875100 232715 546908 420109 806111 133845 74162 592343 769254 71089 76316 761989 140022 93827 65356 597657 802256 651782 59008 269360 136575 16442 743879 754735 391872 685229 640032 506378 111692 342143 672310 505489 482898 568707 307009 29403 497155 990080 925454 689799 525799 628412 359129 573277 260561 416944 904776 42561 881341 229672 719266 302560 657423 925888 213943 275722 692149 181678 788438 783007 145274 188894 216266 715662 56802 894494 74537 884043 633677 633033 875627 133368 78063 408908 378098 954763 506447 871730 270698 664574 903667 700030 876542 283022 894776 650328 923010 735548 345333 889373 683402 76971 362385 766926 14371 349551 12621 90681 181314 667311 184225 506193 497819 76372 610666 436643 45929 489047 785345 941033 801370 153990 936558 11902 7598 77681 778111 164515 327851 126859 330475 669240 802478 259259 165746 629363 825082 145622 143428 32166 729753 777917 214044 393151 390903 168369 458407 125897 164808 632771 338007 926458 591425 645487 452471 868573 326094 205140 391469 205913 409613 943095 542588 416439 486081 256239 396354 13473 401794 416635 360717 427856 395234 820921 666339 635681 193340 283398 975581 902979 20405 664650 94753 134529 301728 822492 720859 900209 967524 401788 287306 759753 936852 774671 481648 262315 720770 590236 186065 192407 8830 575717 168772 607378 876351 976392 319854 711053 271767 878953 677316 565589 267142 926224 734092 245602 737815 499333 582561 751334 372334 752557 240911 669512 414370 962440 520227 399563 24532 389943 134054 33193 937282 755858 195890 759024 421244 222644 712107 376655 637771 916393 489075 958962 946324 318865 764432 466985 376481 72400 257615 182961 905600 688900 180783 794126 513939 914276 228947 572864 832266 142316 911419 901659 162688 391907 386718 25854 763580 13327 106935 864281 51688 743084 862124 234410 346770 561921 576983 843460 555393 612331 257096 736513 410350 987262 336956 659491 470282 324410 27557 717134 861143 637377 832150 484399 797816 577567 177767 442385 576373 352650 993402 168514 138922 941443 238468 701311 255771 516746 255418 502688 879539 267000 55858 404875 972831 140405 844991 822666 815157 222007 930034 709711 401053 197438 852689 278830 910637 117311 885505 430033 267278 947920 379848 230949 462583 226609 462459 555958 835986 557313 982689 112141 92614 60810 470674 303914 28882 348714 445789 503013 357425 454299 951267 87544 241091 818313 89894 979423 350462 925450 6515 394676 834798 160994 288757 163647 45541 234482 679836 318973 988143 726439 349673 463244 296265 216321 399381 224093 870514 329918 215378 961764 867024 313841 618392 993583 337013 783056 493862 947004 128589 92211 874245 163484 647014 769704 696763 328205 919708 77583 454188 416928 880673 574396 121985 879992 695390 548339 969992 73669 257178 595584 957993 685107 591707 625153 525297 118226 928979 971737 446642 613799 447967 590404 600976 69074 958752 892062 85362 706123 686927 664428 274050 953649 197556 88981 882914 741819 780464 703074 243398 107204 664440 209211 673233 56665 587195 603073 796415 440261 309266 868087 72393 897757 230857 88344 268499 662440 518270 699877 894005 647437 601284 842608 790584 92585 164355 307596 315980 790957 263115 56444 6589 640174 595308 43117 304837 361429 585252 752388 710354 299984 436744 874861 375285 398272 837656 386474 592383 785443 829294 939606 700119 423514 792138 795916 733759 335524 381156 165094 593893 258848 65538 227312 522812 492843 279783 124991 612709 436706 309281 47384 382214 526617 350913 285433 639074 261356 142821 845118 230963 771001 707228 382252 32155 187513 514812 199017 823720 63785 679590 523012 811440 735059 899013 246513 801070 808028 96008 286998 586368 901449 606482 218149 874956 378258 636537 147416 990118 149953 474569 990290 721163 38909 15789 503224 547277 966124 366666 513274 606958 145335 306040 736459 263454 617552 294189 818538 804857 343300 239592 908015 272840 514178 677490 28596 386967 611692 984599 688045 415718 493090 842713 644819 532953 381884 321294 458515 809163 267942 169422 826248 540036 618876 514557 291065 999958 813254 41824 223798 284169 495459 518768 258147 968864 933653 173384 48289 84870 979783 212883 83071 237390 580190 153574 303278 515710 565840 359795 225850 186902 412823 680306 120778 796151 984238 491099 305471 68040 382726 230479 111765 129609 387363 832888 621204 655492 718795 57726 5958 132354 526284 89102 930003 28251 663986 360406 237410 901065 307833 867858 953373 775457 109904 27942 612648 598374 737500 960197 203171 256212 16996 521951 633663 969190 719087 135152 171422 940085 952784 526329 332106 990317 780039 267293 778579 700406 634728 149334 14003 393868 531374 615587 787715 885398 555463 327909 169675 394795 286693 840759 678947 491192 766115 371208 536639 516413 884914 31013 113305 829801 190341 65519 838011 937761 771125 225257 487893 791893 327522 665249 436553 447470 567551 471076 276929 102805 88671 124879 536758 881500 382688 524930 16489 259759 515074 420106 454396 924634 585546 287833 259111 600168 614209 830457 526935 821830 439101 446411 341763 938807 947163 391781 174663 629520 969559 324339 976681 702581 652204 59095 22389 861475 373933 481934 553316 487711 571669 78690 30595 614767 6146 233054 837167 999178 326724 546971 100975 675474 210844 323760 576364 575122 65797 596637 605539 940747 850771 31438 707863 234303 67579 28942 739573 452955 838541 480890 92193 764705 564205 52574 315047 976638 158049 735575 278409 320573 220237 923854 955029 278127 434103 16546 407439 36874 36657 554406 9704 953550 675511 232309 87178 244786 970633 419125 688292 57713 401929 567717 311956 735725 450803 134003 785640 50950 67382 207723 402779 927290 760954 753866 763173 117709 442524 977174 920793 744620 304246 953281 257086 924803 816310 726726 99357 701537 979636 955698 271353 314775 414298 710103 442980 6646 169215 365753 522465 184970 657396 829981 841085 969872 346774 525578 884776 481170 809979 133384 29873 591313 222719 593401 529524 405834 632626 388375 246989 720581 72608 322926 275282 672328 832610 522720 995120 172855 836367 553274 13429 112053 484939 570170 188769 561239 375228 947623 538894 571010 594228 257337 968309 876337 645915 361347 342452 522223 90262 566717 16158 785528 757430 650691 463627 659455 314722 271166 186796 200867 880583 612081 323413 432424 603067 159866 979626 172423 549256 492644 737569 864756 573565 325929 685647 749841 870429 505082 651862 409932 543127 437071 84582 531202 974857 941084 281917 943847 105796 756360 113374 184948 50226 421728 555823 612209 825294 873994 350077 926842 969649 921435 998598 11699 469506 96762 677759 792860 194965 435091 547787 426508 549307 712438 965639 672363 308818 501553 869101 359945 141784 539766 518943 96302 855230 846821 836968 799022 981739 747888 354006 188036 21696 940151 561500 866263 415660 630627 232711 810760 567948 825453 131634 636100 338606 100118 848396 103526 505437 783804 548964 933149 434283 563465 23792 784717 212705 57963 545135 949936 197536 579438 916152 793550 16473 159812 234828 986372 682632 442495 430768 197012 854701 435530 35286 352069 53605 197494 90663 730587 41772 484106 574006 675589 812884 542967 990340 471628 254037 563566 187529 264248 76386 981205 931030 737590 350276 488957 730777 824484 377799 447156 738215 684586 41046 889690 598398 586833 410409 479358 242758 500513 609281 959638 8298 60926 609106 488089 940418 795287 377553 511531 622071 393898 534868 601841 348005 291826 22852 414729 838583 991171 145228 118447 385550 721242 279984 72137 349317 368157 527639 672612 232362 491505 877837 859652 37925 202264 201179 448293 242357 460394 296181 983708 402335 876563 202699 295669 874458 417804 825803 301138 181062 25172 596488 828662 514706 646875 451751 323392 346920 804301 61519 908589 541436 700936 752685 316210 727062 742491 245305 312417 124470 568934 409225 293776 989543 591808 198259 271244 326731 442953 692173 328531 515074 935324 869485 294704 976707 928821 386279 224802 186539 37869 909272 797144 968074 316876 108062 629311 853117 262242 956575 783249 743938 510017 167149 58330 713898 11720 614400 901337 199313 279083 750460 239058 425869 650774 948861 323362 386509 627863 817458 696702 536225 39765 867118 502418 940300 965271 483202 513684 399124 652649 753617 995880 423222 448404 99572 817796 44288 815928 935867 3729 740304 166187 885269 22705 901102 484878 263995 890469 881579 844366 426155 384336 148350 497583 714672 936801 585095 731082 579135 731910 384644 2347 601369 968346 725611 273973 604010 622902 148407 476999 866625 756120 729031 937267 712263 372287 225766 827981 790937 806460 471167 522214 353035 865158 526521 61531 610156 130971 670939 570051 305541 530001 495385 911816 902138 341928 137297 387095 551739 446507 138327 898930 123186 310159 49592 387134 367371 613134 856755 737488 597338 518687 273773 253671 488820 476820 800897 335787 916070 775881 380716 758645 357945 208871 23791 622238 303588 533630 378870 325042 874207 413447 778776 180689 874391 516448 598730 395836 933100 190772 718867 181908 157245 391535 261952 376198 292814 283609 819012 166540 778722 2905 942344 975994 823206 664749 147060 4169 485391 166562 359781 802306 815242 385721 369184 748885 877667 366504 375580 973184 401932 653857 432867 123472 14239 166383 542660 519911 243007 158045 561094 610467 204246 825802 194546 26630 571263 429567 699377 120143 285780 598637 565748 343259 887146 952138 995091 146492 802679 46132 368277 252874 170226 332721 28981 386717 857618 133802 277547 796561 758464 566091 826882 889739 858685 53194 379026 621320 777704 609162 83460 489829 689567 946505 587692 43595 53501 76573 373076 772794 594924 562268 102967 111542 580211 249727 718237 326605 362174 27148 787977 563257 980223 721648 68322 467187 890796 93231 943409 22655 140912 668528 912696 417757 695561 155825 910932 749732 922917 493235 497466 403998 974812 372071 457695 459795 262845 203059 445079 170648 827229 139822 569595 408719 749499 436395 33476 929756 427913 708615 110838 669868 530799 813589 832042 127117 502631 996242 281210 603369 59832 504585 308029 538984 620881 952064 424663 344021 461637 40078 730710 607862 528449 981041 553350 360085 740981 919333 542253 497464 686093 690686 665376 397319 327603 430170 940112 722300 216353 771518 377187 35108 931890 499280 684474 186496 974701 448125 178038 321147 738575 248345 277784 237330 943080 784080 724624 530905 995023 407962 682218 182810 915569 475715 856932 757841 896569 505458 673330 440323 458534 743086 684799 508514 840404 235905 581652 683186 375378 391632 403252 123214 465728 888202 267003 990261 118648 227288 18264 360920 643961 360584 357806 254117 849596 933556 966355 856199 650478 853716 26097 745887 381029 184391 184559 688167 349540 157285 339437 943831 76665 527237 787843 748158 373865 969250 472553 707025 325778 80482 764436 240193 427228 419963 252500 820913 482519 293913 111260 606385 474557 663931 926891 250395 135919 310332 215961 464231 69327 824500 634157 154121 47409 616668 412315 159532 357452 813359 32112 523931 241156 305483 463190 424515 355831 333431 135197 527197 183000 67761 413196 443861 345686 507744 224310 803984 322830 671523 732524 275127 418834 380324 594804 184293 378508 457713 158560 557961 313437 332889 472811 126331 163319 485709 223122 80285 161756 222055 583113 459326 888055 76420 945127 363825 856644 194419 227548 364921 396677 540205 647275 317093 976428 598400 43828 380898 525968 718277 382144 440964 265627 636391 399489 539468 395843 610815 310264 131254 971032 874077 723624 130873 826613 73872 976165 967675 248616 611296 823317 830748 685319 807000 951127 199635 366274 337975 39333 786040 914539 280820 365012 614470 251295 112435 708040 99860 501692 378754 611874 22601 314340 298120 327864 663957 971526 739408 927695 132173 548744 309577 966039 16279 362914 583083 202842 861468 442072 26874 308506 895216 731667 574267 307471 757094 973060 344552 554380 222389 130988 513330 475973 301705 830019 923778 425372 311223 36453 463143 487334 454515 942336 431247 486765 581268 357309 293602 975867 176387 320021 504340 57243 596244 113068 433246 759712 642357 945515 575949 25325 404997 38003 222835 4549 283504 890237 717036 24153 392749 183345 101903 639393 230141 890271 435426 798385 760084 62136 687085 469501 977989 847746 582674 640932 207924 12963 985846 712852 759190 23381 831772 875346 860021 980044 739140 373416 222462 968844 18210 671815 217137 871251 375420 694574 210169 131577 494926 629845 515853 849799 163970 755652 203282 77166 337384 524176 125113 247588 87509 358986 684788 477834 447333 296901 112207 235523 36754 600359 573748 900983 236656 634532 226884 239349 998122 731932 364901 696248 901995 171624 413589 712171 115592 633645 221593 700903 264300 577856 857047 97266 646446 494601 61942 346837 92049 488234 488339 895747 361334 112236 54084 601384 31693 455128 265131 868147 671445 543362 114492 634717 421012 813662 229889 981204 558752 586830 732186 671913 743782 566325 673622 425293 941234 333173 801079 954243 167382 665592 976544 180791 427240 831464 318404 399759 563332 687390 941598 457111 96912 463323 427536 387097 341412 688254 732835 820299 608598 722008 41223 589638 420216 492445 647587 316472 591721 913928 674001 780160 927994 46369 770916 23109 149672 510187 317869 41666 85095 27871 737431 751499 899972 200206 524744 976073 237275 941429 115042 389901 737721 700355 879319 649040 882369 732685 124257 953629 927413 852136 106572 829304 174932 836035 600231 691617 160534 896109 993084 73966 661841 475462 456017 92850 690960 692981 257763 991849 242845 208323 797796 357584 853542 528258 528164 394505 967599 981943 184412 100178 689762 948576 124760 923542 686251 352715 692765 413695 294372 605119 848195 134086 970873 910948 138242 219826 717170 472083 57432 507304 586672 162782 40625 79583 732224 333663 196836 753830 524794 127822 261513 785834 186409 815511 289498 89776 949128 244292 346996 328247 724887 399265 582401 817731 475375 919712 152670 831026 427999 503577 989657 440001 255965 448605 17913 997147 531923 642429 414624 292792 812203 544414 116728 977436 717738 61540 909476 256598 51748 707380 571371 199580 233221 493453 451388 220208 606563 172474 961314 137995 851869 564073 415179 755315 310496 947856 111571 244008 499019 841397 865516 271070 873235 939021 382615 733181 718387 844359 967055 813933 767097 290697 63988 226896 161216 763723 143367 733956 130219 150941 683313 716953 156783 541773 101398 358643 62038 111203 647085 202475 346136 659085 884875 644278 301498 990854 765153 680219 180242 655704 278231 687356 75803 383794 432848 639153 32693 409889 866252 23498 134416 437119 610141 216428 648000 909672 717641 62689 192416 814634 851461 692646 622170 996109 35641 755776 401810 889853 359940 264818 503154 939292 141825 323848 713602 219118 202401 803933 581501 557162 456722 883248 793775 603301 643498 891422 681194 652169 653220 231791 733297 374652 154122 127239 455133 185773 341875 950969 377761 77162 723679 761763 173253 250498 510416 861181 819341 427257 480183 930294 969032 872497 41787 208636 353885 984613 68045 905075 544298 150077 861384 806041 412846 817200 515926 959894 7057 798570 903907 575182 358231 649379 813552 263948 694978 291418 851746 385999 552803 107349 161126 988654 148623 528720 108559 496355 703746 428195 568477 92521 672101 189723 657570 359696 528 242924 93555 361589 717109 552470 644297 56417 703786 858776 333550 547653 724062 737808 564119 712442 219823 175437 215326 526758 384719 480894 805221 138536 82737 634508 25932 317983 186356 468295 216071 831010 464794 595387 403756 910398 664804 204658 882423 985397 158719 314834 205927 376119 100822 210697 939241 477606 692572 227444 169508 236883 882021 641375 624430 686419 178121 675767 626651 445783 761969 457683 548997 664278 530124 508845 550402 392371 653986 227170 400043 914769 649270 939152 665986 350381 897625 605484 348942 926070 766281 257147 927470 758374 345225 169594 96506 615314 660765 682503 690755 385240 447305 742796 204689 418876 396874 538748 486756 41655 854721 974568 295419 809310 919167 872846 219894 934364 329995 402092 819559 371679 416850 208834 904750 137811 247252 511508 832186 972542 790986 51542 666565 19488 747495 549349 601957 528875 699415 996385 498922 242660 861666 251681 481787 330883 449489 960686 534723 879318 89926 212657 951682 726819 881512 670530 187226 844488 232552 885431 465952 634386 514915 152662 12533 31604 448529 988549 357879 417252 284265 105010 899831 271730 937036 356308 879351 962786 491892 812204 50876 828176 342699 459567 661688 302839 937302 136088 214966 669505 625775 882742 802918 178821 475464 665752 178893 764385 705487 468365 319395 8955 313925 697952 478736 691493 809100 175698 303168 13079 180864 439198 976394 57610 433472 932374 383104 474110 458832 451874 688161 983813 904312 159677 865123 949122 955994 529249 31476 440226 605562 397780 902621 436595 192031 200816 191668 595265 51416 104436 426555 340343 956816 44395 35551 470799 960254 944706 161399 9489 250390 475616 997756 22780 894420 627639 590287 147553 988095 72236 332576 552316 358070 653016 756017 246401 519071 956155 131866 585884 992464 481081 512737 575027 377638 530240 193305 840284 182092 725085 579516 78843 965418 268549 108472 10683 131782 67020 183455 224916 740955 8105 607783 548142 479949 888974 422243 689299 18071 642447 531894 723896 815988 50177 299521 248442 284964 662399 663881 740786 994114 746808 607303 522502 718709 723851 879081 454810 205465 195453 828100 559612 76706 599468 380570 631413 2055 675685 968 844979 643809 281290 952106 14523 81295 989295 101268 343993 459073 230473 396739 142633 994408 741103 308999 68912 583930 258333 71010 153068 763411 835936 25343 641362 738773 135896 123632 340256 956435 83157 673994 254059 757673 675940 613254 844830 765471 105599 52302 375232 709910 390620 443382 160647 703589 127686 396923 412081 207351 703915 362205 172885 621258 999555 906501 72848 247000 151283 3277 669769 30079 928050 194073 279376 696230 128798 723598 199151 408680 458751 469348 923361 83928 884380 120294 206904 815231 127076 757959 667058 12454 273636 394007 294272 534736 446465 764641 412685 617902 600845 713880 926030 349089 399450 278015 434838 693728 698268 514050 647270 343697 521212 132802 713372 89326 851768 522358 415282 824508 802256 96045 544145 84572 741122 272419 639533 998491 353344 187317 216516 69016 661932 735090 158773 236791 295646 760965 4605 511974 534894 701120 987136 262612 157172 814035 640822 667095 619671 296497 623975 607431 270761 418153 282234 304254 679895 511511 411440 42717 879234 516046 449189 897395 923166 638123 264011 185429 840347 50258 412589 332783 700514 583963 183529 264364 280517 197880 239666 667881 324779 68581 690685 450871 393243 532139 170556 346142 532253 469214 486955 411647 147854 561360 863521 417430 8743 613639 855879 489868 745159 39212 597672 484978 459870 623500 247915 18734 384913 52436 651177 845606 821150 59876 189153 288274 815463 583468 390734 413630 816970 401698 721106 73666 911985 520174 677574 187955 500449 141059 546871 395688 870380 427961 566550 944265 641410 610065 847886 9617 639235 911452 440364 374730 327809 775325 936834 502627 770486 999575 228171 952365 914078 470214 225744 615463 405856 894199 998831 764151 268451 543628 111538 92595 878651 59305 53365 333863 605175 301222 737571 706000 950193 459132 869659 22726 283290 894154 786882 963632 517890 772663 156374 541395 962979 667736 453299 516282 819135 558122 332236 425771 543997 66719 130000 942932 548683 615486 855770 185974 573969 962211 780458 429279 33281 579976 312770 202981 512068 935609 167839 924195 41954 871410 393663 250485 176672 550629 833394 775763 205559 627372 82422 435803 319584 326871 200931 978770 964412 93437 390339 195057 521600 877440 959025 236416 836849 123483 911556 205381 262191 431518 445373 691976 220476 36682 307560 390888 657981 702993 592418 431796 939099 29584 697053 311131 159934 214361 676048 889182 911960 706723 349964 450599 262833 324698 69684 498295 312158 679189 576567 719726 794544 247858 210893 215102 596989 440428 931981 316827 490013 431273 23805 601254 548940 9104 62081 185794 318979 352766 39663 364038 738789 119195 779289 85964 62921 255771 78995 963954 266641 851878 823732 253137 941176 293674 615452 183813 12927 695274 616396 200367 488851 87744 63410 604183 13474 530534 442495 76430 212628 387981 753397 64635 916464 739500 780754 930259 377466 843845 237718 973564 473100 750503 535993 749585 460839 14019 562354 418671 18926 618759 8075 673600 375404 762928 124338 557107 25673 102314 929958 31735 406398 707214 891919 535334 657727 855376 23990 360743 976073 677884 652709 836709 125095 343290 18391 293887 550086 368822 967178 480211 831802 926503 500625 261825 4141 354343 590146 63971 963946 481681 239096 437737 521169 884980 10640 328159 417749 375684 77355 152931 512483 921023 6892 244419 870940 78663 992300 823283 38445 66775 296938 377202 955043 515840 344936 808497 500971 292575 668344 204654 173455 284485 405905 247187 41995 4323 515967 919059 809993 430666 952529 445958 690646 332964 57974 108782 131917 650678 503825 392328 367338 434033 967713 98612 870309 852322 265747 666732 276665 770025 310508 522398 360720 112935 412392 527249 437216 389599 382871 963803 338665 967221 249138 938789 172703 549321 621394 281982 638445 167321 608585 976753 433189 854366 351176 741620 493730 755699 900503 520613 171505 221330 449035 49247 461437 911552 347905 495865 910489 128280 719091 523610 409760 552346 620746 567753 733293 160502 184624 834100 789457 749333 567277 826340 975209 505073 304549 874694 942459 646206 260406 271255 669210 297167 138611 785598 715509 816010 22379 26664 783214 310869 18252 746129 870057 882936 212462 120106 439578 363318 302844 978745 827500 505553 851600 929508 168813 505840 276803 111411 270503 434598 241880 286782 78990 184602 328193 217041 950051 647590 184191 662933 758349 26075 406440 55374 919894 321425 562934 690600 160276 495906 809943 495766 837477 302190 146808 802219 525525 923797 119002 545719 556127 882831 561350 336419 840769 866519 434278 386689 750225 245261 98869 707789 917541 339413 140049 699915 602531 809842 659519 818203 507358 62165 578528 244496 193141 115914 301500 387151 772947 404079 392557 301806 385373 469946 545023 363597 531946 931911 280568 700291 609358 701996 842593 644861 779277 723576 871144 549491 811299 375597 533991 636049 830407 29622 14270 781536 976340 94671 167045 381143 778958 365365 816659 308735 806614 422551 68294 112138 30706 926503 894377 497137 622820 560200 86178 262926 437539 126224 841877 168930 761382 514432 635553 718431 855880 683367 449718 900624 278616 182423 319798 186859 587875 553736 198917 855537 292405 165474 729995 214321 818664 851030 351271 805040 944953 864743 780561 112436 122433 151041 432256 639721 6261 958083 729077 547013 773384 639987 843344 375321 79264 311131 988797 689951 883952 384415 926401 560437 330665 860916 867124 51422 556014 119260 956424 745708 453046 265913 476483 87032 323722 214222 366174 483235 985839 340637 771114 263798 457026 843394 5818 274266 6807 959854 250764 584484 418862 741783 84739 997835 581565 780811 808844 172143 201940 102139 885380 958282 201125 150261 218515 891082 558362 715982 83903 77358 445207 985661 810858 153971 855304 133532 447359 310220 644199 758600 435414 547475 313618 311020 485597 545182 372702 634541 305628 165542 621671 476492 344513 414700 637417 835303 771749 973078 254635 376167 751777 13931 104639 887716 955681 271647 231705 982546 423480 280469 951439 24632 235337 302929 820323 243019 477231 630866 50026 513268 462744 930806 461442 561391 246446 627238 291393 634478 597722 583663 789924 20221 797829 865566 458792 342584 81706 101765 113773 862609 642345 126656 278094 414650 571846 707698 799834 300436 931980 959781 596188 546553 843838 426066 131524 794315 958291 496365 229806 255787 494624 962185 189090 221431 756643 879671 163997 653982 680079 528221 332123 198786 465732 28865 801670 211366 751103 116922 902183 518961 608737 991298 889791 668897 903393 704782 710971 230930 457533 928059 103380 67263 541015 630760 21478 520005 367985 523811 435678 916497 360021 804883 538770 601035 880566 417969 310157 516411 430637 721866 177981 382906 141988 626220 209736 746973 598124 729865 760540 920557 70439 496464 647962 790339 740045 970747 114910 331121 528183 341866 827211 658572 331140 850571 72218 951510 790781 274009 750472 199621 131852 89581 782908 680648 412969 995090 288778 136169 194917 681938 62628 506440 579966 757344 759677 434373 77490 652692 568611 607668 818005 255953 27795 263500 730858 836852 954990 567110 557100 834266 596504 506698 772702 409688 589295 731450 278808 520870 143199 798336 955942 903347 493880 807427 470835 73250 197148 784113 865218 852617 155056 931250 227944 668455 986364 323189 12732 151374 737626 591961 283673 211574 78557 291154 74512 330733 435182 56586 712480 487625 377301 778692 723048 34291 918678 279471 837455 678286 69333 591572 859307 968960 668827 815364 737216 48041 928325 271363 545833 651445 482162 228915 331593 120504 1650 248318 422829 403942 163291 110146 909949 416144 552001 322332 611258 171949 23999 904626 789187 238695 911155 574655 398556 358980 791004 902583 888364 698225 96679 739356 729872 562621 414030 77347 126415 361969 107592 393763 221230 25276 645786 121834 666506 763270 952389 175626 493103 722371 522854 326480 393749 653901 469554 390459 101225 666108 902122 128071 685862 277985 835195 670013 181738 636653 509910 738558 15490 127901 791265 965874 533675 851060 697894 644763 245973 763551 248273 509533 172329 630373 678918 323748 309007 465643 260857 850384 828262 47087 719354 562918 476046 312812 607910 645852 918482 383593 733541 809931 627477 982323 321832 520972 596212 951776 179125 805901 501546 447135 159929 990970 33391 657727 448897 56449 322884 570465 783908 187700 216931 263335 774615 904491 875671 906269 169335 387594 33993 341068 453573 431014 521687 678470 519772 286848 600821 45971 538549 117632 741798 504656 731590 290461 962853 837060 495444 223897 118927 846861 928660 719550 311990 371108 874396 22969 82493 574395 684788 976557 193853 678007 775190 202558 225782 463218 818219 118713 785313 849969 615690 78956 338803 856411 367111 108055 348486 759743 247628 691093 46014 264373 652733 550741 691158 164209 929382 577066 296639 966594 578747 268119 964166 465589 305419 389628 604824 200366 127448 474297 969755 64778 677395 744142 763299 830766 521353 744572 598396 684905 203146 375571 745042 669651 481303 850089 810222 649091 97518 358107 971504 937091 947929 287060 247523 665071 822964 157912 177826 960246 855763 986497 355099 52808 250501 33602 565976 678762 637614 79622 870058 422810 7557 671198 135421 669452 416972 377633 231574 902584 691804 139680 964973 171303 357432 926901 385266 598838 405040 689966 895171 424914 93383 597479 243355 61040 186010 426095 207896 220450 825783 907615 509102 270271 711108 21336 315867 856510 776244 670216 749255 396887 978865 606118 519265 613448 281689 775395 172171 677148 153486 984346 486284 745673 522495 350835 825322 408687 211249 802774 866323 349865 121466 778177 867061 868150 80618 116752 315282 268334 470935 497102 540810 420613 55626 674507 991322 939821 482347 642170 213294 858767 669398 674678 216877 974245 70312 227385 674446 585374 408857 27983 129843 400921 125514 703730 892925 431620 155155 595712 805096 65066 771936 661292 89993 254809 76218 239806 1946 816721 212309 910955 368726 519722 766245 361375 352001 384662 156597 886393 497709 296041 992291 683301 226858 125532 590779 364034 733325 272234 419320 706933 852028 546150 919078 335031 768700 129180 895280 984397 215527 29324 599936 478069 708079 938026 566949 101310 207180 778621 162192 834358 484140 600666 453056 710410 46791 685574 526522 728685 565869 166154 938916 411551 271733 312465 254192 927714 998697 810551 550980 447014 864886 756660 693026 1211 167754 452783 996091 814251 155524 803554 766110 265316 790536 268668 338549 676208 605310 270179 299183 330244 429920 954868 848736 739118 55649 91216 837299 573605 497247 984590 884156 933494 62480 166573 362026 669987 666907 997066 97513 32302 909163 932973 541213 226546 485764 177782 633756 858299 373260 262130 829121 950591 173564 522997 478702 811458 976498 745843 831174 4413 312606 923209 525727 525093 853825 628150 148640 840281 627743 865159 12997 831148 549365 533789 805632 340584 968290 274391 240518 895097 116151 841328 522966 396428 247902 967000 576120 73946 258260 398454 237066 946723 583322 976935 825145 213098 980228 201756 364985 776420 932996 991404 682531 757382 524139 604212 540145 768365 817608 723502 373163 136412 115003 320725 575850 161558 318611 337908 886365 283241 707328 750344 190859 121815 671263 31162 176366 535162 10245 507120 772871 234617 489398 57190 260038 22928 309752 213773 3668 868926 749109 402079 519062 225623 231082 935672 300080 972474 609156 732020 613519 265749 195662 464347 426524 734618 863373 536632 970498 805587 18618 193854 580243 105251 904578 369915 893290 29521 664818 292248 602075 963432 716555 158790 333656 225262 393120 552680 56685 20400 812453 498422 674310 349285 760412 142382 930077 205694 462466 935506 701950 23046 423592 112373 156077 827489 620423 597980 771526 551101 530377 76613 826122 580149 528755 991554 802733 949342 62099 678804 985900 203346 156045 203913 802739 590703 220847 986735 331673 303816 696496 283548 321230 674503 982364 92713 777480 567911 985909 195310 343359 602362 445243 900810 231997 629845 502843 842892 62937 731287 221863 242562 232902 371940 815289 721530 981408 769106 59062 933999 864520 75432 386312 583336 670688 682218 412346 380506 731096 59902 481634 132474 695989 658042 843173 260608 872199 344731 74523 536269 376516 486448 491094 321455 528788 355128 931238 336991 76674 724452 739922 974821 181445 732574 59009 539189 13110 822620 172390 306766 4183 902199 706792 698175 434371 317850 715844 44009 751473 974375 889822 870160 862609 548779 229199 445511 367794 485303 947453 269597 429903 848735 76283 218123 483782 168794 286300 411519 435129 642113 739574 550446 282760 221505 800762 562499 950652 685528 673579 990697 936827 86469 421923 460865 412281 342993 466049 533843 405958 515418 865657 744744 557108 717634 107127 415265 9802 33165 931686 373630 797458 875864 381697 38169 972954 806714 999505 711963 302398 142199 42410 321893 696930 670654 666371 542298 505535 805557 418911 299949 405031 482774 258274 674677 915364 675271 377894 847247 465562 774915 569941 302581 308909 490154 148465 22939 274533 970548 986078 496555 799963 71249 761868 894405 799246 119285 425530 702413 848110 471562 770918 249339 360471 594340 336139 661140 396829 845201 925277 94841 898785 876192 917569 55019 276367 184760 955180 154124 382667 246177 554897 122014 623818 254758 615805 22044 347539 603454 480847 393167 662424 383019 487061 429816 69613 170492 715582 809614 67119 726902 312283 920042 242428 555347 631115 838219 377854 112956 741917 176753 103283 78842 4877 54097 976879 405474 195906 732564 100420 553432 757419 256808 142879 646771 336276 959821 728146 969141 555660 63527 400156 490363 132928 745858 452619 24554 479141 174170 915339 558842 572476 906957 526016 480064 476674 210855 199887 792839 359933 246986 792204 967722 791208 691499 460680 6626 480333 571251 502741 646135 470957 880728 405094 326180 40809 865818 318624 973651 702323 593317 955290 142238 579839 169999 555013 96574 388578 626899 348219 438925 279987 305499 574294 318939 407495 214803 96575 120887 234129 705295 798171 432585 452797 490783 150871 527755 357944 984590 847445 715364 122524 560786 358608 224893 998552 990240 229137 720759 715490 693332 279842 118276 676414 115720 549 2308 151129 651278 348296 565744 671545 250386 644507 619200 502035 840632 484881 245154 478340 163506 746554 180560 310557 547787 103180 920203 614288 960515 589146 71761 716616 703489 925193 395667 831247 53896 134423 228059 114618 750341 953964 517682 732011 906318 226835 539073 748161 644962 683700 403343 351664 102167 747686 410560 356161 675027 692735 884027 838210 579382 447032 996363 667355 230665 303508 399250 760566 102712 185834 185753 319645 17947 181988 383678 308706 147399 114214 138221 641542 186176 487187 299071 952184 384703 606271 121760 41657 879281 285003 685463 770071 563181 387206 872610 673073 380065 241779 150026 663478 913549 96530 999149 250158 74881 405493 891928 636372 820881 899330 787220 794511 895381 780198 664713 908884 536321 232907 121299 449697 319763 209010 891344 926640 54935 288600 705054 843780 193848 922287 588471 904755 892842 485367 843271 266590 829600 201174 557410 434432 300860 720642 294036 841145 188302 461574 884100 128816 856218 684499 470886 891015 614251 254144 681556 592457 648331 357613 93752 872641 873052 404629 11926 980787 799041 810262 57497 163194 674872 844372 387401 310660 351302 528715 619401 104335 305798 972258 608865 268606 149523 283922 620663 80412 917296 391242 192046 274855 485645 654851 261068 880377 258374 649565 218244 962208 978989 161469 425471 266971 353950 878605 764860 569520 852208 813182 810524 706980 819813 591059 659583 960789 131251 589314 833950 43305 861789 759852 204212 701680 717788 776757 988801 844027 566782 448681 69960 237519 37979 902676 608870 737246 946245 431637 893197 220433 297308 643233 378913 829627 338342 641266 243839 807469 489007 6834 424072 487833 981616 333537 362042 732306 436645 667403 745464 828719 724932 350454 257313 320378 990709 119517 77986 92132 90344 722550 27193 418662 453514 643210 353621 332073 976999 351784 143700 781899 877575 603155 535704 193123 99479 612722 386229 706332 713587 63650 792634 889178 610876 60522 183028 459433 824009 427103 582290 314515 204350 635289 643394 554126 954357 248021 351244 262006 798548 192925 659184 648065 21999 983145 288600 536162 271457 706651 301165 550711 650162 153139 792368 885359 33232 507057 2532 742687 142474 473548 972531 620694 835099 805837 52154 181051 522033 24264 874180 770585 135172 986661 601368 874111 559189 794336 593869 122495 187757 200289 966680 470776 857712 389496 666700 373854 863675 327900 149449 473670 93748 956214 520477 964760 690364 160005 65956 412346 252210 203685 145246 906412 459777 557894 977836 137531 736460 447469 926165 873155 373064 886437 634007 767328 725388 692541 635818 950002 363482 853722 420019 385169 274236 886421 582022 347245 437259 451893 771995 906912 317684 793657 164178 659991 817714 671535 409916 82636 713335 504071 525553 793987 364684 339032 677870 340674 818832 291701 541039 61869 139386 827265 219376 446089 34767 85264 540637 848997 788433 915488 836010 907305 136565 191044 316152 373225 823773 820140 991220 369651 693364 455359 570858 189036 750982 227744 921469 280062 981105 941944 431664 444640 85504 721486 666230 323887 763352 566126 651442 718907 747086 695430 679868 272710 900005 878432 239958 915596 283168 918258 104724 695851 543570 933646 422888 840537 148070 416141 218667 467437 322776 591359 913435 686381 788354 936364 960959 809676 836159 496974 387224 651241 63534 812330 7996 554701 108519 542162 921552 266820 634027 926941 454210 278540 489588 142739 260414 421908 165770 688114 21754 488137 174143 680318 365409 307487 802385 878203 845019 716465 895106 105247 869797 760341 322511 224068 933122 319201 655677 604861 570437 705252 403627 486504 973720 574744 939584 506978 523653 635273 531583 345262 573023 578700 724013 194264 143792 920322 267127 927058 514682 530954 525524 332788 898953 573229 339897 71932 347592 805777 919460 642705 462278 488512 589725 412854 85845 202695 645374 699542 916195 615387 624580 773292 656301 433103 655556 838842 258205 365630 241463 423330 219494 473410 788868 650811 806757 611224 442360 394833 711790 183794 308479 582148 483082 57162 195365 423843 388184 537744 172391 41504 305472 90050 771052 921962 463916 139777 892499 984917 425730 857111 677057 250753 500629 993257 390347 13159 936034 820307 507604 368475 639239 483631 919116 859225 656482 646654 543134 968394 680462 798265 48038 615904 641348 544986 881753 708341 624369 932105 88903 804545 25165 614622 829985 63342 585495 130972 29745 707138 105873 702142 683655 799085 314332 94156 198049 81887 546612 689489 294349 760498 44871 59641 856739 800097 930033 411157 743860 879219 202153 461896 773470 539517 211202 528366 591199 950195 810372 169342 796181 326014 219717 536603 665738 209768 477014 358113 345227 193534 241324 748475 563370 629223 341974 948098 884567 248243 359874 516544 394379 154735 612414 763146 51278 867965 916709 130700 651183 491078 769428 619161 556244 997838 990166 596980 966307 792402 41003 164138 837356 535152 933803 406616 305054 956475 272697 233321 987010 634690 877594 803349 386680 82045 470068 138511 519257 123214 807549 638393 310143 61208 225346 319939 136500 803733 637088 535336 909368 395542 437836 56604 49573 18630 153936 716178 800794 689234 260886 53804 912259 712360 830691 722154 961029 297824 400966 866698 712862 583030 732501 697951 697884 353742 274959 93458 669298 241397 224905 417480 636872 365410 986075 495868 632032 79959 35431 943190 465598 352202 516623 574548 622600 974033 946074 594999 995868 459481 565758 762867 282461 11767 149331 235683 81782 33051 12924 447669 785056 18579 273763 857005 684644 117539 128041 390556 541036 528855 668413 706836 193627 721180 343257 604434 3616 719709 951828 626553 588949 380401 545543 386610 191326 307440 756947 572096 444431 465771 326862 148618 622079 450839 960136 942908 762450 942136 980639 735190 55526 899399 739248 754213 59531 922691 748303 56223 528539 258874 28666 368934 252625 269818 57925 129436 154140 538053 556697 530337 22683 972541 782866 808781 924677 279597 411599 945743 480057 588688 455308 625222 353601 581406 828828 122385 678628 239055 133599 343738 102602 141992 119033 270425 111188 82032 259415 759700 467755 893590 957509 940190 484840 258516 592276 406718 361196 36994 617567 523094 338804 642810 838949 501087 33949 595061 249766 583608 15029 864406 585918 25038 774673 707526 527862 887843 487155 816861 873199 799130 71081 613530 941302 568045 167965 772984 59915 616942 199770 672043 641974 75551 138000 794763 750435 475076 894716 436261 362097 379455 298213 444172 184874 870921 83593 487126 625814 571072 23773 292517 128755 434682 209001 33401 523517 947121 672591 994400 752408 365066 175235 485871 225728 587433 478709 165549 369800 306792 474275 237904 262605 823753 200967 272070 911342 354980 728187 65781 946333 146209 317034 19530 420815 226138 888932 964136 561589 243890 420919 515117 682232 248357 398960 662362 853508 166740 52106 546698 674769 227323 458854 66789 151469 858258 826624 201070 916623 352242 946073 416863 447247 562899 269223 496004 584979 796585 62011 420115 847513 887655 244949 406344 329658 273097 500245 912429 282845 963298 755296 57526 643456 162618 932138 780865 393928 365971 324834 113364 79 550927 654321 50058 214151 122302 984825 126564 991509 846114 452513 517590 208016 266094 95230 668489 915064 300217 143052 128118 458029 14959 721120 388196 746919 8821 450768 690630 317862 980454 386633 413928 448914 825223 848033 953680 606693 687122 791343 643311 712694 594182 886995 671790 136375 636979 743364 320784 989811 128121 829745 767390 261024 510175 247683 967562 75727 379233 941793 279139 719154 790579 544133 327824 593157 136133 782175 195110 894182 136238 6638 220897 451979 499553 65048 597268 870648 596355 775276 570619 365461 16833 889516 344232 432022 231619 431247 484076 252725 873836 102862 510638 963770 759035 660023 534372 96803 635169 949229 247635 960294 117333 128577 391191 565377 714308 440710 808866 220964 575723 598729 17291 910046 37961 578992 709678 487315 884051 21575 295166 903446 104074 256040 191953 461639 635281 908758 838343 222880 791132 402358 318937 171388 204401 910671 184536 333565 786179 362955 130531 274874 541381 472522 490888 380198 901670 106699 889353 499519 542767 26255 283435 985427 900897 357739 570684 10729 48478 939241 796461 172759 321856 142457 814343 160846 962224 305974 842514 412445 25379 534525 767945 206986 143106 720446 26914 558108 812816 13812 743267 799020 212754 325861 796196 702392 835140 67268 50005 594974 437842 122122 207158 80011 938673 259860 249277 388227 140005 143074 616022 118132 237025 677636 16383 557388 458123 218930 754080 809506 845268 962996 29887 57713 642470 4308 38179 890393 947477 426236 479989 849557 879413 175967 520094 689614 429556 489473 463189 874986 260940 284611 301153 522750 13937 783153 678665 663859 747494 137021 730372 864510 401387 599440 935010 772924 737744 371434 421461 814928 913542 869209 699636 264808 52820 314144 835834 597087 102991 827257 558597 220688 988749 787567 470370 317571 725125 145595 666006 967461 152921 922118 91230 316239 524848 48631 749482 33905 972260 114096 11109 177537 511784 808947 57823 701746 998810 483916 898942 359185 711032 42139 889738 174225 281793 833708 65566 400910 677283 683687 91801 990008 584278 40911 820115 304215 789762 461072 640990 241274 469126 26377 110722 554340 664980 912336 167520 862987 515626 69959 99456 910862 49156 394296 794319 404702 615725 409587 369163 921687 685163 405890 259077 123279 933394 80567 707647 164402 587865 364790 842216 313348 897153 523806 966945 87084 761439 765811 711217 889426 201095 421892 680578 412726 948350 558158 883724 456200 812284 924705 337559 473630 816892 955742 547275 508113 219724 907599 973162 658532 400388 669975 786019 305382 284261 819389 102367 221862 259445 545590 186519 771055 676740 377822 896491 826053 675998 199891 812032 658698 794787 673920 25064 607119 425804 172604 399821 8983 911637 874161 109538 110294 740691 208859 968184 88765 270850 543298 287878 345133 629279 596254 80436 713794 732902 450236 714552 897819 121115 814188 195176 24751 886170 171481 299159 817380 89006 444600 965133 588968 436480 103274 835410 919730 975202 492189 503844 867135 416040 803301 476517 671288 634343 836766 638448 782963 556794 640218 521517 151908 725659 663375 6997 452315 417861 842826 696603 42809 218779 578557 396462 151388 467422 820057 663742 757729 647436 99944 86436 814026 100551 29888 181867 389638 841745 968738 393100 558827 673757 490214 212875 164864 60789 231505 616361 637823 206470 96201 606878 888648 681949 281051 638280 877950 499215 358396 560858 692007 47413 611064 648713 798503 264829 165506 526176 455197 127295 392183 605981 3868 940048 56041 150999 644699 928727 446205 129567 273792 7425 861313 430954 202663 604003 333258 681371 115785 39475 322778 742431 892092 5558 395576 103934 656510 372202 786021 949448 113949 340784 97695 377212 78842 855710 349951 283545 583697 14048 963310 298365 50787 542789 269289 869356 516645 214133 471064 826495 962270 999044 431811 907907 860777 212376 313351 558036 503398 569173 200161 201470 667890 256903 767702 347269 68 700414 301267 832156 717331 371837 301239 736104 409787 151948 112857 584084 29497 508873 842424 303825 5862 297913 80949 55945 516718 308207 833790 313898 969138 930176 93181 133442 27280 68391 149348 12253 450965 285409 320087 428352 731769 285565 697670 320350 535566 772514 497227 450174 554983 585905 140376 620573 326839 487632 814794 213577 322888 334406 436836 788714 165837 81054 403232 748722 928337 886085 927637 38859 907926 556086 625356 743743 125574 91963 115447 387516 826941 700716 112551 695282 867652 861526 196330 496176 629347 696651 867659 4190 884705 654181 151053 716622 724349 71339 20677 505576 160338 348548 142410 177665 107977 61616 773506 717357 62124 196063 97845 396965 468181 763285 910570 778825 35480 191853 608497 129182 106421 42564 542660 527305 837356 883300 285360 295454 385931 467288 483951 122445 327290 848455 361949 547465 279052 467553 686475 285901 345026 851508 474499 954917 592541 225897 991597 14980 155641 69671 861902 632554 496818 515732 809381 146952 63660 836959 625081 740438 718626 150466 205780 712365 664269 260987 946401 846290 867436 836061 525220 774956 727041 870621 800534 883489 400271 459816 985236 107797 652615 748380 301112 804440 318533 543990 268547 669727 68540 375512 931167 681580 583121 793705 830939 208181 951867 751430 162162 926429 828040 84120 856135 487135 77833 60804 533613 80071 286758 599638 371765 717862 805270 528102 16827 882937 468040 294244 552936 945457 859095 45891 611264 874429 151905 962282 734327 118612 423261 104319 818384 124649 117493 543125 944830 412015 45349 145020 667663 826223 574280 547254 336665 772547 88180 407200 858386 391175 969625 344980 455347 311306 104430 616672 673316 229864 725777 730817 208088 46377 756052 816559 544396 992303 114142 633485 109575 404020 894387 987013 185124 361286 18390 820653 502186 378649 630653 509533 581936 865636 728580 973297 258747 764683 740422 932044 998832 1136 72983 933966 439548 645827 923017 708808 108144 76770 884397 3202 579215 91332 602015 321036 514295 864176 687942 696139 873965 428946 212400 428435 240936 246494 342688 991982 860161 677247 663127 202540 415376 670458 211762 134955 670176 460906 285444 368530 105491 425917 486943 140192 25616 525885 486991 286370 941747 867477 230078 224441 482017 884016 357792 450869 136251 954823 942334 865782 772561 642754 165992 502301 414712 696707 509390 1729 598723 668977 445211 444834 754530 214529 580019 96485 954841 237259 338382 62172 206010 889581 171798 67058 988478 512852 908407 918527 942378 356109 88212 582425 466216 265947 8901 344139 708911 723226 248643 367315 983518 527093 784887 938264 956329 738868 914276 266156 64384 401295 80614 398402 801098 154552 365517 527739 670768 437989 606053 109564 754290 484552 883017 143098 855719 111388 325608 53449 384128 527730 244715 398888 275776 824634 958692 184324 64683 242400 160984 23134 225157 42061 826336 165198 257274 460665 729185 528837 143110 221202 938805 549808 325432 344196 129120 933411 543155 205441 752985 751455 896619 451336 687057 903598 870711 659564 880797 874083 931604 245912 686851 194621 834520 441032 290425 512562 757180 713906 89557 33987 815121 549655 150277 19889 589681 936619 705473 538946 229500 275647 122766 833392 895974 631557 494798 672555 171567 837767 882886 837449 654614 28087 809784 58451 189442 634548 646676 418789 826849 785776 398208 399244 287780 176968 858832 370248 785233 510907 771221 850709 908296 682165 62162 529405 38959 539098 974701 312258 390165 887175 207450 491110 548135 711045 539037 188950 268454 917989 757381 967372 768483 133681 289634 852555 487501 507669 177159 150153 972955 549380 713674 639520 375638 791887 859187 727360 796254 963582 53086 875187 599732 425287 465199 319373 88573 852347 67177 419374 275108 683421 876088 990141 70893 334798 59963 649295 141927 851554 337646 539562 71995 189791 766856 486714 600926 872329 631289 655010 872424 179104 307731 789598 907844 609154 125524 166674 148308 143109 348924 975548 376550 874147 628178 136494 542257 261967 874778 131355 253773 134464 118667 540391 654060 26262 375005 12655 422151 889080 219638 331642 691708 518482 647815 366867 354161 264007 160142 143175 601775 397917 466433 797245 917252 398880 380544 273046 549479 252220 876420 714941 89330 70710 796128 969423 383948 702872 19170 970436 312518 648008 736896 309748 459253 356181 997973 194711 913566 475371 56720 831684 405388 260489 591568 763131 685212 222449 922142 530408 284696 932383 186023 247844 766678 547580 432165 355626 241958 198768 98451 480973 392352 166978 378940 745604 26298 941031 456916 195667 486641 558096 962699 607825 503656 545363 416012 517524 807849 852573 59169 494783 461403 187431 908416 489686 173318 713731 693475 488971 4776 685715 989129 80225 104777 573798 406824 498390 411523 874574 113941 46169 347486 355225 959239 900573 947207 668342 318684 828359 290599 500684 123487 308514 683877 459669 707902 503158 295753 727160 145833 786765 816980 226349 980587 402840 873341 545107 705260 416953 311088 502653 152304 692000 229675 508664 309570 459222 334207 566609 663432 364754 302250 494286 87931 182950 473912 213108 226599 474340 606301 129941 450358 615928 146802 801624 553131 167314 984852 114767 213705 862826 97329 778775 71166 139759 935851 623325 488962 442304 988000 624541 185982 920303 48449 268225 653666 637260 842972 134474 180158 739056 366749 822202 845696 581840 665250 507371 755723 879556 737135 446486 559553 382825 639898 452519 428855 663799 247999 780898 153453 816179 174854 270463 188071 387557 510182 558163 153257 339507 751132 762147 528059 778450 548542 501176 113686 173721 836354 516826 257411 513544 218578 740445 328726 266779 293445 283864 239011 416074 489627 847158 877628 582456 180561 750666 507005 704029 948837 722694 555267 137507 158926 61249 93141 616567 6131 374936 738924 971426 726642 461613 50949 12074 437256 916917 691143 920303 728446 997294 778840 904671 804625 251082 80929 127853 387510 970362 78992 385396 981485 655661 414675 459815 783291 777829 397101 35858 128543 360666 605564 599995 898456 915906 646814 734251 780962 40021 714073 868665 401090 451451 337101 136003 852201 399976 901350 207209 320 145282 151128 105955 83122 727255 422737 696771 715702 757919 554883 702319 572552 113459 82219 783371 51737 328910 869440 2271 379596 302814 450849 292935 581334 544539 710254 987221 18753 811172 795113 89310 430605 521608 596086 528279 114344 101733 894539 73496 878029 148759 32737 597151 514758 26445 117124 30764 836032 602316 64278 458118 872117 502180 394375 392850 585998 338237 103926 676139 542944 229179 319220 904901 461144 363966 828320 333745 859553 90042 457773 491069 661715 461635 150264 43375 747417 852120 327373 679160 848607 261319 305461 425320 611507 579942 349581 266678 604826 822331 532470 150196 801719 305733 617614 148841 419144 764805 67093 768996 190771 646400 69069 571984 514354 361239 396864 599576 351925 907641 734778 399570 702918 825789 479062 232421 308457 972604 594153 349499 155351 204315 715515 400054 556614 514576 950810 347229 418345 809657 933603 271709 409151 11340 407245 727624 711807 404780 897137 323921 974247 108301 538652 934131 793218 293455 680352 486242 867508 239924 331680 144175 338990 77002 83595 374950 531420 162010 932918 255395 680582 869652 915807 418235 541407 225283 701881 60653 973452 603064 982754 949651 512889 682716 509269 6685 613856 521961 366782 654745 113148 916536 779810 695902 692878 911835 995262 184137 297207 540576 386571 442505 929371 406183 800783 805580 356840 656291 399474 211371 106561 50524 573379 91598 497555 297668 300881 334111 607562 351970 783670 70011 675407 962148 90043 846337 238465 445999 702771 121651 523446 118404 452238 203914 405066 132460 529 432839 788823 751661 909777 775691 11979 991581 179743 663617 391178 295883 61195 445076 765726 579962 409320 973716 831405 876574 886734 322142 791754 446243 340464 853310 900587 172439 853525 432603 930413 151610 622030 389792 873876 114158 195187 398387 494559 445936 921476 575958 627070 802590 876846 863859 812775 461396 516399 407221 473282 795135 859107 347946 941113 612018 100696 311862 653679 376517 70929 899344 493905 633682 640392 571735 981353 256842 136500 124162 943582 791274 313621 719946 273971 687708 144546 984765 591731 474527 500414 613819 586318 336240 866440 195901 201208 756186 855600 422604 224609 135956 162736 405476 753107 285004 199577 571645 417949 466256 189420 260380 659514 853324 502563 499946 69981 437013 564708 952340 400188 981818 504669 24010 515266 596105 403817 17 917526 367660 253872 401360 205103 742649 767804 26100 363811 624732 15482 911865 927355 347467 326197 165290 310169 372288 813000 51263 60564 338282 161968 86307 660947 295730 12942 84239 503325 348960 959710 652835 765073 855559 923858 133616 787772 192358 228408 604578 829421 369901 546788 62980 644824 418076 826960 937137 17714 80322 373709 541912 535530 858159 748760 84957 957107 424821 4985 640351 21219 549198 278290 87094 777196 893973 630125 603273 877125 574602 364140 900911 64150 655004 962972 644103 571628 805127 140616 91709 653736 912639 237684 927236 775285 519669 578806 47934 543476 696021 536660 753579 231402 266685 895794 119697 749131 830059 752758 40817 378649 441 171978 21641 418605 696912 417881 222804 284186 162499 356907 744148 616039 508237 465856 871352 907068 925831 245288 773806 919799 691737 423621 621756 189401 219441 750756 382781 430910 627502 328141 546650 479599 992312 589209 201784 925035 491929 635826 210190 316701 912816 338805 6826 733920 962544 887133 995323 487103 291210 576146 333652 210847 422300 410286 201242 469287 381399 568300 863567 740250 723188 616327 698374 404696 157074 859565 41641 900629 536709 245193 460925 50981 349488 889598 44579 919811 529321 501357 61099 801150 14329 462192 410200 701427 18115 95267 516080 167035 245360 75855 582596 655847 235208 87889 172088 380705 506806 175059 58378 343695 217305 179157 248746 754457 420382 148101 70323 357211 116536 502795 711491 882436 705440 789837 121679 767719 330679 123445 213994 245318 917144 483125 949957 881374 870008 209121 118379 967922 629522 84353 329128 212130 732345 282710 411238 728124 543010 266366 773437 611895 570437 731058 717138 315969 298306 567377 611969 967410 121298 89017 43879 920565 874394 600650 698632 782742 726439 179681 875007 242521 791378 726219 882214 814281 750444 291521 182807 386232 963871 847908 663939 734905 482153 55622 260076 261013 600179 841133 743545 401325 257618 252488 832804 115648 226601 496731 838828 430836 228033 312668 634312 185305 748521 699485 604002 22972 472417 286801 709798 756595 919155 535066 573275 207021 556978 620375 194030 357130 157214 157109 842254 815667 541031 458536 174180 107247 792802 580635 368364 356307 587271 30413 204113 694040 287972 526897 736456 323711 993134 551988 282741 973939 365286 731783 276946 801027 799124 419759 779944 926525 112273 730169 924690 59341 485679 332785 253697 993197 856532 860698 755133 216264 115878 850807 71511 36323 190654 13771 844155 488727 289224 30835 348832 16864 370391 785472 941503 419146 950723 968635 536385 646574 191532 145210 222183 290878 443665 967138 374475 367313 916063 984421 133441 810743 398792 573528 950681 905550 757913 516629 801573 257532 267058 468119 131402 367005 28062 469888 774528 11522 496316 221405 618707 464069 584214 321740 129479 987765 275238 802049 927334 377614 6332 670662 920566 260665 446045 169354 647886 319744 727548 284086 925174 918945 165734 736402 868057 990127 111049 42930 32058 783088 464259 254650 302960 531365 950415 527459 131685 470833 347986 458466 196034 890683 776012 312195 507774 323581 253030 992531 422132 259347 937263 838701 390168 376682 518940 317039 938673 718988 889503 786596 544996 819528 901449 459272 719545 799353 946143 989825 220850 210819 332089 671151 970273 586711 159799 13210 701690 139618 607283 886642 835995 352618 7805 641221 565402 975857 256049 571014 817732 729552 728324 906435 410210 91780 615751 729979 621641 90267 154158 715382 28070 40416 488955 449894 375313 828923 324702 480192 684984 820671 849586 113630 204624 314831 862156 712354 419027 699728 906699 223249 471305 682837 733565 483753 668115 117730 225909 249648 730352 491771 911094 286837 236378 508929 54290 750915 11671 157114 342998 845314 383744 344159 482864 380524 333895 956702 58054 15444 878151 474776 852508 41708 773718 670526 209357 242583 891971 236207 246525 26569 151999 444347 983329 383572 98271 12901 839638 198038 768003 936104 348416 358334 983445 866829 196772 285241 746257 547373 940283 536708 454149 22094 875769 506960 981447 64391 728503 837465 804043 642561 530405 675114 77111 997837 313856 751973 912472 896879 497606 603374 127588 907015 675092 621019 48826 965230 948579 19198 459961 11816 742942 172846 289684 643566 272840 995321 966784 224051 472838 983994 66694 714678 425193 728830 623055 839088 337 408997 212889 945913 999584 765156 188028 155090 1340 236269 546005 272765 284868 835899 197050 915665 846107 74838 711370 872272 179629 216086 60172 620943 808936 663824 384121 221061 730614 992876 637205 189288 345720 397658 32940 829996 736878 834104 177381 833645 131231 192177 656173 630901 395163 820578 407985 187377 986101 587334 816620 363728 886750 118732 230080 590841 937934 749782 74442 854429 683528 249658 164604 364600 710294 543008 866564 945966 348709 939267 748047 191373 973106 780217 905416 125807 608609 294993 879946 489543 598919 904744 935284 50625 924241 470358 632282 593143 543067 479937 553313 180256 386316 321842 952216 588497 851238 887606 671132 408165 659906 7948 855309 674293 429741 717418 361231 565556 673043 109166 143404 606169 351381 42748 544679 151583 156658 454089 206935 839058 999008 743720 240234 760159 707392 759976 694231 21187 290903 409791 502849 145643 501275 163447 748881 818255 773504 612859 377176 231776 856700 352660 114955 823715 391415 620552 762770 562597 653837 925781 633700 742052 931121 35729 147353 927153 221276 700228 168832 483762 514070 817890 278343 115223 640201 481495 333892 502478 552402 707813 234586 280459 757049 817528 327230 158628 120640 818868 314237 708028 29175 691334 744190 832432 330961 161280 580064 658942 587396 963319 650628 956574 649028 630125 492101 908911 386728 923299 204925 619647 972927 347391 181137 42779 66499 255696 170151 252799 444617 73669 134665 607821 790058 757134 828200 525257 133931 556039 657822 454268 973013 822947 768840 57748 836069 139320 626710 585902 175992 448017 848090 168984 520397 449006 567952 903267 417715 517032 378656 123426 593469 516121 458363 470810 995124 602578 275605 53544 829454 321407 374505 308843 136935 285380 169362 668167 276330 545753 46286 265573 158247 414850 150158 149677 600641 182623 191115 89007 482659 925191 572830 157959 51317 264594 674352 272742 803614 430822 270329 85719 145430 625678 920479 844291 395147 127969 28137 196742 413594 499412 468069 733586 155346 730684 342141 46078 301539 901168 490915 193728 420699 441918 371342 85905 357950 949769 984912 958159 18104 363386 224982 393355 848683 734518 654191 357300 984531 374551 794801 551192 483585 13695 381044 473676 127141 78001 522634 999644 502990 424357 383655 153022 88838 429613 682063 155040 197856 245789 578735 728315 475258 755174 52769 413149 675258 17805 764630 416863 544214 220474 57735 681617 298731 121329 24991 880025 510616 841459 161988 583798 631245 787621 565813 145624 478172 238200 227912 85423 996019 106996 882920 363196 636408 447359 559671 151972 63581 619465 978230 588088 486174 650859 288071 581288 899120 576121 738595 367863 66523 796644 359489 836927 917349 468587 509140 958780 525843 251386 373776 989268 349997 495662 28342 547856 867732 759445 940705 233718 959081 607214 524129 205683 869334 755807 702862 834619 261260 961678 308961 442943 367225 336921 507652 800332 955955 54595 563919 638317 603268 997733 270753 473282 981471 364504 644089 689553 356756 345133 984823 166548 560775 110348 468981 602806 817470 834304 410154 280174 916295 777611 330401 144667 293631 22761 773118 979875 736441 428217 917698 930545 681516 778220 13893 890182 607193 393682 771616 702972 54221 425372 413606 571176 109930 359576 931311 87260 456753 590165 212516 131304 989400 938026 225550 160445 291562 238751 318564 969009 720348 605278 396392 862546 790119 482075 430045 396877 544004 850394 564018 40206 97975 593660 803003 740551 526840 538444 694029 267098 199857 206508 820017 197624 714958 398970 110068 784938 276707 641928 514046 354354 46196 701564 199213 291156 163076 313734 619498 167723 740276 295086 476367 222454 339057 549559 138373 261109 282061 266607 303590 383124 113924 287264 361659 918967 804858 846960 56402 48193 35127 19917 70383 939319 403835 853039 337448 337312 771498 614956 132991 272889 904339 822072 411871 47039 305280 692030 657998 288729 750105 12959 202959 707781 636517 197325 536665 965246 320914 714097 592814 369931 38996 371110 851406 328317 364650 265933 307807 672402 983521 845152 812417 819622 968362 791446 759613 403875 5775 179425 560222 964997 716792 916366 339780 846234 152795 664140 772058 896671 650823 892972 409963 753522 673818 660002 530669 144645 388627 970544 362235 716360 133380 459809 199425 695253 69831 224736 316947 943440 25860 712820 325531 762457 997656 885007 743047 145010 684079 844568 640225 460470 86898 780879 600320 673943 104782 277303 729882 866401 713275 986234 469508 770994 660021 358572 375589 850213 166683 525972 349632 239991 105904 570757 436526 783018 985789 476017 441523 903988 366629 906129 678909 945010 543780 971318 314758 753336 286517 165206 401735 53787 454605 658116 26824 879351 856513 106001 835155 900451 498276 492877 892530 485882 318950 698833 651171 664826 642143 427358 604895 363153 951273 892535 821415 740870 322221 221377 898391 468966 758742 462233 880810 61333 651383 134311 157197 222050 217026 953141 2212 375438 413515 60326 658944 330080 591784 2341 779257 297068 972980 362913 257738 16557 704582 55428 905900 662995 729257 591520 408677 446825 294008 84088 753854 163689 205921 817301 756780 459564 60118 411325 730722 341992 943126 150775 126695 118727 12013 796205 459970 161746 599188 640118 758458 637455 209080 273283 728044 172875 179900 131146 167012 724189 412652 529190 119284 837446 509658 546843 28753 441496 759546 541659 832378 143411 237955 124725 673101 269834 961909 435779 78883 368099 644326 813778 779329 427247 745702 4951 567070 494898 99706 982550 397289 513776 335805 609018 825755 238331 151262 464884 345843 343573 486872 640943 389567 591840 450228 773659 470333 647408 637078 186008 997788 901079 274422 19202 98272 737984 898048 184382 963629 813811 697289 52924 584674 26818 607414 674253 81538 44956 29712 243084 60785 965041 900210 623708 376788 598046 862072 493721 844535 428718 471789 201099 611519 537433 490634 897312 318407 667363 812950 49983 326167 746443 778506 356654 601111 259465 62979 641512 376698 691430 517807 8503 410472 670781 573055 647671 309358 928136 288052 938352 658969 832577 392465 76866 215788 817539 196206 833288 323340 916589 294082 780162 505676 962365 208165 654826 624339 220245 637487 749179 626046 759717 671479 360231 777803 544243 670835 711539 708745 739229 906262 302741 861237 584864 301161 734802 396401 602353 188361 443695 848204 485933 637290 147073 229067 998966 883597 789542 251110 105357 216938 787996 403 579608 465084 640349 357485 704198 459078 190887 742160 13587 203960 121836 824215 483706 344153 48147 225117 517405 119794 996828 774623 237020 726299 399718 218745 130148 614482 711044 588008 460913 692017 70098 875204 273761 880060 710954 21049 784023 951351 728385 156349 225125 706553 593645 444906 4138 298394 563158 429010 740124 468838 757552 8132 778500 787244 667615 721188 316112 359152 35120 242276 174439 975081 580625 127761 916135 601787 561515 858982 74002 255447 56260 63591 850040 690450 946142 745590 676397 379241 526605 567332 231670 721516 502534 844538 633465 295620 726047 904991 700265 398931 471809 100963 234306 41291 917048 769482 431352 477889 385507 62990 278591 523745 176460 291338 269555 741129 959393 297375 34434 633736 47401 805671 63686 674078 241444 444002 800497 489057 368079 181509 354292 1434 752278 282509 767936 779116 317194 148907 819332 229898 613202 127377 265016 525415 151775 717805 60312 822463 398812 624582 74248 67548 924336 840729 527452 4020 335831 867354 104315 351494 328901 312706 458069 767955 188398 987487 224740 491631 755876 979334 441443 566153 183393 742765 828686 599710 447640 130115 90829 531948 458472 95385 409638 178619 700291 614896 797889 893983 804871 352116 642108 926696 498062 954842 314432 120425 482221 598724 823204 110785 100361 176049 334485 297776 227397 418418 552238 563210 916593 69916 72475 395766 735244 395975 745121 428543 587722 166848 507568 587956 48914 130588 683427 531897 722500 951709 676378 342917 411420 406300 15992 772026 2522 612251 969283 643174 357579 635171 88441 148794 796585 338102 376543 67924 305532 918360 75515 708763 4673 825270 929213 196044 785632 103650 706884 13201 119201 125494 228818 57234 420377 403126 446512 257070 452787 608466 428727 801740 359462 717669 193581 571451 343129 757295 855770 802185 741024 449265 961087 842700 535083 11810 665566 419855 790206 596405 324720 999112 453465 470577 701946 270965 563688 30271 18372 925797 783125 914399 141019 54795 916134 958503 894200 628917 422836 236255 803186 503003 740017 367132 934344 248235 891806 332935 520127 614154 528840 513326 9020 409726 868551 162688 578316 246374 959491 536425 668921 554725 651244 410117 169191 210450 451415 705207 202340 81235 209617 920812 323410 859388 33046 256641 102347 135049 597784 738124 519182 785137 55711 870149 939061 324892 893175 862842 296308 633922 383167 103399 316749 806356 747814 402882 57753 804908 29578 692035 673075 690239 381259 929394 471305 753785 95568 92733 545641 299984 24254 943316 259343 728936 727777 235471 699540 258999 455637 170705 764102 438792 139344 387524 173501 972059 317270 121110 75213 11067 685723 914412 629020 550957 878696 904361 712405 736845 324766 920031 653241 672017 788566 419544 512650 773031 802595 416143 983993 351677 827982 222841 707080 545815 982230 194898 395622 246949 783717 565423 902881 321832 835766 696547 36496 865618 538804 550754 731956 969439 517835 472042 824319 47770 862709 355349 497887 366877 141938 942970 300372 644794 350855 677108 248264 444968 841361 155608 499653 392201 250975 301498 887132 208907 719684 249499 443178 528209 937034 838284 479937 780128 439095 403534 908608 545177 195505 647605 591666 252379 143863 144347 29364 654311 484093 811895 614074 73433 116850 79868 321079 329047 634402 210248 67371 494113 986706 750563 398891 485196 973792 215652 421599 536019 599499 888381 15811 203291 158615 893593 6229 273798 48312 86953 324134 20803 125639 643423 253406 671670 315195 186011 877682 758053 683300 958224 105175 605787 397402 415098 406682 371245 89410 840127 729759 37190 40547 38558 235547 73127 548452 307723 765622 624778 148516 731061 23242 804441 369868 13903 794735 571507 96741 773053 700182 226553 282883 261113 3688 768712 280106 85949 63888 555860 896728 223720 527441 101993 908141 906125 913055 652535 603339 556864 24862 152385 142617 709565 923614 461778 85099 894624 261964 667146 53771 38651 937672 469762 596176 287777 422222 585835 959654 955897 626719 396549 21872 971720 190738 543927 694797 672825 803479 602299 749478 841646 71082 687205 612986 522183 930067 570121 888028 779980 652972 287983 309211 977556 920070 117509 205946 80226 487149 743926 188279 420336 670004 745687 764352 562043 142321 605894 134898 79497 607138 370715 257946 951251 402261 467981 434389 584558 957557 741525 120405 528680 412410 457457 775555 50378 479156 297218 780838 480795 778464 165223 931021 266113 692502 916605 564740 431903 281461 917829 121629 591041 47625 782993 802629 449882 76382 591 444876 297760 924893 668777 27087 123180 392974 472694 858993 707679 460877 535617 958528 974070 376219 803332 639408 481397 110864 354368 130950 286713 317497 14393 726861 730242 856402 587642 716202 463372 791343 967605 152805 641805 972013 288448 876483 292019 983867 128866 404720 720296 485992 740625 78601 611009 750483 772037 265893 790404 462069 395300 564464 85391 37784 155073 270754 637617 370953 86511 443169 956435 219840 788803 357365 903610 601647 115934 909604 328031 753197 389813 872961 177711 691925 808121 583884 411266 700252 32436 839531 95302 745130 100602 418552 914020 70861 228459 612967 169066 414643 567119 132481 856841 324434 94726 18611 945506 329958 708231 856096 678653 938577 648562 557751 91176 495369 98368 341197 909649 421133 197440 16912 47737 457002 752039 93514 382808 565982 901417 148330 546381 647664 389804 746445 394450 513168 95114 949147 917984 93322 204146 398948 80001 827362 762537 846571 550928 620583 815986 56434 802 900936 214927 291682 893470 23217 799978 922324 332505 150965 182577 448309 710225 875293 190427 348530 802348 865161 75833 133061 148785 317631 400588 349484 924775 953430 302279 169304 549999 713809 536427 448133 901225 907914 334037 263338 352690 965900 961134 350465 530285 604797 726123 189214 270394 362468 624592 228535 223959 74550 380300 789571 461987 25340 974440 864134 276009 52492 446930 331624 232065 43734 265275 818959 646311 143963 759004 119582 744833 496184 106471 676366 833581 221270 504101 920227 933362 8321 251880 565777 369322 77068 330347 342893 973983 965723 912583 276920 313750 264181 244628 384471 856355 616440 641372 938110 940595 78538 823438 915857 661049 134832 759438 480465 695018 926629 979918 996892 219492 374025 277361 54638 464363 202381 931696 200686 409339 939950 120493 634483 126313 264007 479719 755627 937846 727458 550513 503194 257284 25074 410160 7507 996273 643391 487863 515779 740463 410877 683579 442218 14000 54326 252332 598795 339536 786835 615662 31368 254211 136521 342609 164032 290712 235722 43456 651964 51681 766384 649232 550802 43355 186029 323219 711161 765924 650288 344837 724937 201948 998983 829445 453406 110229 969257 995518 452297 455121 859669 55316 988266 353696 887642 199766 585750 644217 17156 593723 571609 119006 105122 635813 332656 236308 555803 394810 234116 965949 378094 937987 203800 745526 893809 255843 392516 544605 518868 984640 770853 796149 355505 881201 949158 604913 512150 698801 572264 589760 210086 534337 713464 799644 30407 548834 890614 73190 294155 469286 691538 712760 874692 481070 2755 631108 707020 661758 691163 506834 22085 27485 162448 584212 942929 490920 428977 682511 559622 937369 861138 551222 881275 14713 187604 637942 801298 533416 15074 26175 878891 594526 367215 88591 425376 552072 336909 873940 277924 159378 944365 782554 395586 814421 606802 36987 953566 823018 228940 619558 280799 274571 828644 178343 680861 583542 596195 90211 743238 298345 170251 743821 377923 835001 716978 836903 24968 111986 105643 771384 227328 220321 363594 832503 625394 559961 7143 251699 423920 639080 43874 703229 960282 739632 636160 204643 855375 637565 653874 980773 871626 582398 557998 180033 212988 848813 664874 741945 670882 302767 895250 679922 263525 838579 311692 170633 920416 332118 470107 931848 35690 698761 150719 906375 118674 309373 485198 565502 998434 342343 265770 218955 448603 495127 953760 895407 531974 537090 578797 437122 451980 131467 369769 435883 350446 919222 98077 531643 428059 412975 761501 374632 534846 143613 279903 370717 315283 179833 514709 633474 571975 151059 251784 219034 699128 78347 631554 977086 29786 531168 84195 435914 147090 255450 26877 69207 333514 676025 800274 195426 814497 791334 943420 134166 664640 408997 822323 892 61630 48090 932909 212569 811300 126632 368170 61292 905724 801365 343 518546 242483 187517 822611 414279 883955 986487 550768 863687 1041 403230 97045 63227 886325 884254 156041 13783 981708 948540 357756 523162 637929 548529 663756 813912 339655 722058 170871 923449 166711 708926 190019 596995 91992 488918 575773 860320 620546 415187 713668 245108 203480 113376 880366 735593 212904 16962 997277 242291 631600 938550 653158 323168 860539 987415 336072 226956 73309 517968 989770 866815 416322 310202 814511 419553 237150 420536 53713 347763 389591 483569 273793 490110 336105 138245 735674 526388 336110 253830 170265 475232 592097 757039 433927 703890 563851 901602 659531 559551 64454 599203 937536 863495 144681 392977 150162 931408 968776 707787 408292 894325 792684 205748 689864 687462 989046 701913 911503 6222 408372 461918 135602 160192 975472 762637 961876 871118 178491 873658 450951 400839 323328 513498 652557 235545 346416 88648 382247 18508 139833 93523 493230 713174 114840 565726 19655 102990 428006 1429 163014 32235 652257 685578 174738 846674 645133 476430 52892 590540 861564 256776 265013 979619 841631 511194 830391 44816 468994 549150 442308 444638 324842 837039 951561 217609 590436 471261 818743 941375 836158 795256 648957 384988 900767 98077 688942 693351 976732 645712 624301 560717 500165 588135 384462 515763 345124 147933 506186 948687 149307 671540 13059 555216 297550 591892 418473 996527 566045 762377 788406 802401 546479 211408 947505 201719 327898 251075 865453 330133 564871 665131 558490 471622 499238 234029 59899 18896 149540 163336 743230 968020 254123 245963 981016 330716 326621 774674 934965 461124 365870 984965 155460 237201 368559 667499 719013 838440 429699 533633 551707 763662 129720 527616 744177 623466 607641 955584 251590 853683 13266 263561 351453 655024 399646 261461 776224 419578 948626 165562 27546 76290 715329 414415 530399 684165 982585 222573 354925 477796 583909 255655 139167 709217 307328 956020 634330 116370 873121 24520 481308 74863 933252 754249 581131 225004 697842 336518 570396 63123 889781 322039 207620 389991 197406 386853 924652 685653 902818 615255 187046 345494 827478 283153 461333 358211 372421 372207 297743 332063 174594 176757 430239 641172 855711 61774 806849 465549 460000 904496 151236 275900 3766 703112 513811 61754 167649 737260 263724 935969 142726 156032 240913 200352 899739 705969 853012 579280 51018 932258 568874 963485 141441 4060 728894 724275 968588 589989 370433 385381 113791 553893 754526 395699 155854 527726 393751 632759 55072 84683 283888 894424 887340 723362 395666 979706 981131 265007 359409 566036 974290 677636 73231 390895 520923 159111 100614 319447 246785 5779 351262 726705 62038 553946 660670 755628 140681 920529 503058 327369 513070 168836 527956 953910 727077 164275 57589 871898 200972 786056 109223 856442 543317 841085 210869 77574 728089 528626 928994 701159 858930 745629 620526 501860 929094 637932 480424 567984 928796 315919 988467 279342 751345 798978 391781 742122 970665 956757 939407 984679 104635 696857 441241 880727 854820 292175 929434 3186 955947 815211 900529 946983 808197 279184 500925 991457 951039 204943 240873 93558 53825 91713 501929 129029 367482 774503 590854 606706 754219 986137 271066 627731 331639 705047 143498 686801 635413 423145 711332 357344 718266 594923 984426 316963 534729 424046 994558 854470 44709 25039 193764 652412 872546 481588 615385 160319 829052 464248 741436 496897 957429 287171 352920 521611 840490 940574 254950 138439 810233 631158 627890 939077 348420 760161 645955 995205 457761 710948 286255 621300 484409 819236 875134 437231 549228 31516 840324 798831 911755 774102 920083 578592 344966 307587 728448 411093 780394 310835 960065 181052 41282 609034 579759 27858 853502 263968 115012 221971 986263 178425 604167 119312 924146 314871 744482 700920 602419 457954 834282 305553 238826 934054 74489 397052 233173 335678 763579 530696 304307 543929 600522 540108 639012 443956 70517 336692 753019 344075 250189 736847 890341 968417 977898 10893 94904 316496 791077 824000 529191 283532 744628 262347 637409 858809 820546 749681 100682 635000 18408 211882 617473 745858 208763 680027 212851 424660 389057 787980 323549 738354 401501 242640 580567 776136 962739 708087 170711 793962 387225 930602 195325 604489 703140 361338 209000 434047 708990 258087 603115 610131 607265 994100 592784 482575 471560 159498 700806 770086 236436 14558 77678 863215 918548 418522 313798 675372 750780 464713 842177 606800 502599 99779 179959 129000 223541 441922 350089 995651 4776 75686 461308 231711 832395 46861 181486 181043 961106 236310 283171 338114 127862 143556 48994 240725 674516 911707 191839 212584 732123 95059 639384 251084 508942 767385 764213 123662 427819 797542 631035 937731 233572 208389 641874 754533 461498 170628 35784 681656 895902 862781 458575 289728 604739 55153 340326 341474 367276 331552 282835 624914 15989 109113 479858 491004 700620 118338 293071 434933 4394 812494 163250 258506 6818 365623 347816 164755 681556 736145 592962 897246 187010 963845 173595 864954 847231 825655 9338 382358 542497 209978 912160 225305 763389 929590 645513 714596 785956 98102 673048 301403 887790 768238 107700 667024 718716 333153 957143 68966 841143 316812 971570 286333 857660 203971 446468 269727 770057 653338 976840 248978 441392 876862 951576 427935 16687 163712 887050 319300 689188 980099 846508 783953 965378 108775 462414 104249 597871 116804 505399 201490 567552 504872 925996 961138 3014 954087 109068 14416 684580 400447 494823 526364 48162 931110 958141 279933 113600 549475 637535 89468 908656 552331 703351 156289 955525 455009 788360 561244 584959 692796 815002 566969 73706 990183 518145 246686 731352 70107 359833 19987 420561 895520 772594 378521 283930 407721 9459 473702 809023 412509 366894 844222 676808 586160 895282 803465 536920 844683 767071 301931 211151 146249 299978 120492 558906 996586 348886 172343 768526 370058 764603 386490 766395 569485 395180 908895 986770 73134 742929 982369 897832 439111 38510 981551 410251 59059 806478 640665 600075 517105 291144 77426 567041 821076 160366 853335 712252 149902 737445 102049 153682 317522 252311 385794 150285 949060 743268 709117 783627 814117 344338 378650 390748 757986 426779 956614 619984 873283 640345 379347 101003 537522 984108 560807 473806 476784 555200 127838 673744 359261 45233 626256 295883 509198 861301 137418 811604 623432 940914 355318 64338 689708 337640 827122 379293 291058 862224 432544 970864 153694 154866 448 863814 571682 999054 919647 277309 553072 978841 511061 387835 682093 426827 989760 546576 669692 299589 799732 408460 13950 528062 954691 19724 678275 684020 722715 184709 931867 15608 754063 641933 923075 251947 571911 208114 383523 354229 65314 64906 493712 356841 876148 833433 389954 27818 892585 789781 720219 641015 191256 543727 993124 933813 896091 549854 618895 302054 685040 483107 619065 655793 990495 670204 840088 163981 840271 552704 338998 565689 243723 660584 474331 18060 427334 414018 820434 868893 442170 873892 514789 593748 788045 780435 382030 111797 5777 922321 420031 840068 592564 818152 760735 815136 939244 714262 526240 233800 709428 50040 35008 745611 199610 936740 574033 234882 539503 910766 429717 150635 704195 222504 936306 214993 29666 937068 557932 711966 977072 291219 454758 456226 799148 619096 351376 288083 874647 929074 246592 644479 285214 360377 269803 740017 397601 131184 725068 242480 845468 535952 783180 767418 976111 448586 923322 739889 696680 55276 15077 52428 475932 80364 799815 616832 227580 507694 833788 692064 790451 355691 683096 884308 964876 100149 380819 738222 704736 480642 134333 401851 725484 134519 574350 619389 338520 344266 119237 560474 41477 183054 924105 294446 170656 341634 242752 562012 87680 834623 737709 190243 114951 171352 46236 686748 130486 396483 796162 362986 274418 566217 162364 98133 951420 1674 781342 960513 759015 445296 6700 597537 20009 643957 587727 972479 790590 518979 75947 11708 537220 680968 405152 757158 326373 832708 944670 353889 225499 112993 998423 386148 256160 82660 982489 914447 396810 254620 241112 467285 424134 31578 358148 720925 487235 897999 381816 640011 539897 280784 414558 519390 209914 244019 713130 372788 63807 399269 377219 207717 466317 24763 494547 385142 839842 411439 265121 188623 546633 392428 153738 979594 509839 253079 43092 258482 537676 104080 544050 238988 756797 426253 993718 224072 865851 308529 259140 255785 552080 465366 729630 688435 753028 647485 281968 15800 117809 775458 901085 863120 184206 380069 543909 421993 884168 869138 520346 797170 967766 775457 192760 144726 807773 515893 167083 892161 195006 394760 216314 938267 893085 177999 829715 793969 116345 16120 836640 925732 312455 850843 53137 843547 370273 171862 98008 11494 54692 541473 785589 726740 934696 813082 213314 729979 467477 98769 321046 847200 641328 861941 330883 439911 790426 600459 563131 976554 268886 294646 509718 82490 220773 944787 214728 14341 604746 802816 273010 448446 938676 286319 923854 878536 831486 234508 781406 221898 881034 450020 455383 130017 241992 918012 726313 840245 783610 874566 686355 394906 101882 383365 46340 709389 249089 246994 927253 102788 529221 204800 412029 593211 240773 836122 555895 587175 911006 63514 199755 139215 325946 831731 921773 408000 303521 414406 386747 854185 936823 800175 650544 151895 218349 259873 597846 509618 597684 578339 395247 129347 82647 455812 303946 842950 290158 591701 9659 957435 827264 566097 781320 115220 326252 399083 232432 175081 180362 741871 431498 733487 353009 613662 512101 132561 29771 871819 193932 298269 50977 928485 25595 283378 668733 858229 318666 961846 460146 341562 236798 262104 278788 394221 782577 898754 452930 388765 70762 836122 365275 342205 420471 363221 510464 787652 994814 579527 436484 38879 881895 326913 766747 841803 225160 28246 171535 537368 534817 496018 922007 233972 905987 344680 820620 643401 865099 156355 415530 641757 354411 714037 251395 184595 299385 973875 6301 387207 771027 676132 491049 535282 504123 134591 386726 427211 284249 927065 554534 651495 872154 755009 227541 65689 408674 294397 364371 683047 470724 57194 473729 489542 699884 951619 635837 535428 188481 759678 98494 371800 133314 83973 260532 356035 683593 165966 331500 55754 82911 400929 583483 31393 719225 491942 366770 210955 863974 253607 43478 380468 663829 101898 214790 169954 909940 463731 791593 613161 826911 91840 748262 984013 108750 498736 78259 310556 189598 233789 238425 512224 29089 832190 702152 526594 474985 127690 778353 184452 16121 199913 445282 855767 336108 963217 886873 484887 803662 731407 903399 312450 268425 51530 927278 199417 732002 965876 833177 494731 589221 30983 987332 823489 123223 468527 370871 762679 238722 401673 291106 37983 846752 604864 324114 400250 361827 529117 890576 591177 623401 758549 800194 505891 332947 617731 847791 13027 946564 582679 810315 279557 623297 937972 610971 996004 783573 753733 365265 619910 819058 560724 407023 334928 784229 513010 419376 184228 159112 61783 545273 807887 615571 713158 298302 809103 689507 42680 110165 17105 684622 650013 235427 3261 248526 117004 377947 550892 591860 122264 668020 651514 207395 501342 452223 826521 639337 339353 550833 195798 367886 123081 907480 408893 814010 872725 716987 404865 115661 664894 145575 812742 236954 967550 703083 766222 647787 621359 420675 774778 483519 156602 88028 459985 403401 582363 301748 761212 602115 51135 107806 912988 873193 943729 218911 579582 20083 850529 641182 233483 144064 259988 919321 591663 688220 237780 331851 190058 397557 99269 184793 40568 639634 742784 585405 926317 21841 107632 652726 310508 831981 529032 83791 849933 333669 288662 144538 794311 70953 514712 950171 151581 287490 85051 833160 923277 843904 872082 437554 194350 208924 162007 568033 763033 419975 866503 451129 311936 162119 808276 718187 715149 583555 20967 647574 286152 12226 804006 973209 597407 363397 80246 714733 124924 781151 270917 602800 687998 870582 659666 672139 29863 427301 722756 219621 538463 880350 552769 257615 906523 609925 765847 191454 504856 557277 165797 404038 133017 977640 32755 984697 723671 868833 2977 771711 680751 243402 365695 446664 105482 508633 34401 549455 411538 89336 433973 889596 816660 40218 518934 184120 332830 963494 152521 317906 72795 692202 610661 772727 688815 827021 227895 749409 397059 465349 408540 43189 356854 352878 50175 754072 868353 474145 44232 515740 208876 526130 204232 987158 356242 188908 593899 422735 967452 536489 348416 606769 924746 780783 624257 578213 702807 411582 362702 970657 760804 576772 936155 708132 829685 445812 219415 369602 427750 626827 233682 18802 398811 487986 492935 5146 981370 490338 132365 998913 653305 685992 306004 841157 851492 689914 435058 380507 288497 352935 963477 608156 923851 129343 947434 139171 248048 726525 52770 780911 159669 816127 647049 751175 256256 616708 7565 781266 937976 475962 275040 535763 16623 634578 350413 707656 533153 771221 599049 274197 244234 336921 139992 309913 749061 960492 493010 301437 421432 220579 864057 647646 738508 563294 1350 152894 142954 407734 852553 871308 584038 561752 828564 408887 867279 215765 114483 657183 211940 705387 63348 808924 536996 294995 315576 814521 14596 687594 103945 102654 809534 188045 398177 519646 744197 385171 698260 578108 863611 87369 497327 307647 665728 382332 747846 500538 410264 839400 920004 152987 479688 746425 306855 612435 948471 179580 215593 896486 972499 103294 450041 486648 42327 537710 27672 477244 693378 483164 777614 344490 589598 329672 425605 355416 777232 199621 247177 178997 567395 844326 624341 265455 735958 257360 539170 603727 222614 60824 31123 695934 413531 518129 822023 618363 245568 809170 281624 669808 794083 579414 361753 159147 928970 713358 343439 115683 786223 418507 15912 97908 681620 95155 42175 805524 236664 953251 783379 381685 462330 898869 319190 621428 52967 656012 522896 348271 508108 555933 780519 781957 251736 371400 621021 834381 439199 572197 176122 71961 921017 549740 477242 458597 864018 108567 19231 668582 387555 165070 41624 566604 583802 852192 802056 217855 979891 333160 21354 440018 765438 417988 54844 947895 25787 219589 287382 952566 307393 282403 424200 690390 701781 806717 737211 392210 758335 575400 726482 159159 877097 878541 342950 914113 525379 451153 107372 773787 99326 878504 64917 38221 756047 633448 846721 421976 520518 265949 972631 141207 435361 332044 803286 525368 683257 356965 67920 438328 48150 197317 272174 691702 737363 708729 509846 773899 31277 732919 505457 386268 292107 72017 626732 283915 508439 977917 806614 965209 218047 733583 23425 925204 188379 324513 588468 548866 902538 395209 697559 794557 981687 331763 273406 537510 133297 625215 861011 523760 488964 925365 645892 885393 702691 792070 859782 85451 25820 927422 752466 123946 993349 15934 232885 918110 277212 834997 287919 205798 120601 853548 899449 604599 204901 501941 447035 745855 355388 690831 668276 273778 929323 315419 664995 879555 203741 832732 463674 355030 319798 341662 465668 197938 491627 215271 118982 819503 257502 925854 918089 551797 143286 431318 779910 113348 591320 777905 188501 33509 949084 447841 556862 644300 803637 464731 843468 32199 371225 763642 130316 418689 399756 126460 743716 634261 100060 152690 354897 398207 209568 276101 178981 675476 723685 952126 155637 115716 84453 625786 246602 549391 201568 862002 219212 940732 692506 587266 703536 63132 991846 192444 631898 273272 559094 221020 616076 465341 648412 271194 999138 322421 362792 584565 837220 17315 237604 713999 63884 60770 59505 471506 769984 275976 869167 12830 897174 225554 50136 732767 6362 942426 852036 265830 313912 551903 812665 782924 137121 137341 700332 125996 896730 264758 849570 204864 575823 112238 440069 425227 291334 178531 184858 441766 556269 353944 940781 182292 667467 514801 221010 151914 927216 544199 594503 706825 459300 523150 794510 816815 937832 940432 943070 670894 189300 896397 694040 255237 534288 925222 275317 676149 257740 341946 905706 525055 998377 750771 921906 608314 738172 596542 476713 713614 432340 621285 873393 771630 920051 634280 97235 359979 287427 885487 22513 16990 691884 253069 615123 943295 953511 933648 931598 461570 876676 619129 266092 499801 841635 515285 701465 914816 949324 173288 202961 138834 271296 406115 270475 477851 939401 919383 667219 1838 544660 643102 927483 8527 432516 936465 655740 604873 339337 577357 933147 959051 233839 587529 908791 431431 949599 108291 552914 780833 441293 892572 362499 827053 606104 775743 211022 819791 859912 117621 712105 136997 164582 680974 142329 487139 597080 949674 452540 37191 314225 286918 400373 330524 133649 139138 128035 282948 329270 8688 241478 567040 647047 54876 701870 354398 812563 530949 132868 471395 285150 19822 150792 75648 459262 89022 15608 89354 326462 639094 645123 22022 519963 59248 262846 847760 952161 622929 875421 14545 332220 418209 779348 11353 725835 514372 642853 94591 720666 240531 764875 686578 158163 254593 49390 926387 180411 873608 169451 799455 652365 109010 305267 357182 255492 533649 908045 533497 927764 787402 514753 181885 643843 797350 218151 324138 529532 520776 507042 350060 215093 461905 243004 608331 302637 974201 701822 540842 435506 554799 382105 2037 280560 297852 208624 610533 162776 404745 996147 778755 209527 47688 513839 766028 804598 792758 482693 221105 820804 13049 436333 179440 586957 467641 68867 108785 315168 821664 485730 581953 33673 995740 206205 263530 653666 298418 346029 178071 547054 55941 700641 897297 658997 450119 726099 406214 10199 78951 910862 274259 773223 29315 918937 630477 721910 907421 331509 275736 443248 364478 911739 820643 836532 393320 474008 592750 432925 959891 154108 438568 995057 701467 371782 521973 722962 51051 236633 493739 458667 828694 307246 872515 840743 442429 64844 69753 985246 754438 580688 137712 997126 890888 554739 461000 116455 794175 168980 800264 921057 379892 816660 994869 957279 700835 103710 33617 186144 914224 899050 551500 393692 90863 532702 689406 43122 144526 527498 614391 418269 212341 876830 525654 354245 584674 6811 247684 219994 727718 83006 66173 968464 829429 310780 840973 842225 469205 834161 225256 652947 563874 825455 516238 542215 161482 619606 868750 472364 971966 275254 378995 353933 13551 83839 784004 419442 246540 404909 966803 231688 16301 445353 374448 99801 303772 284744 379076 208405 425891 673683 279864 416573 631166 739839 675503 841220 512815 820516 390795 269551 439684 744483 934302 628634 572310 237026 65989 351845 658623 726713 560097 183372 474920 540942 454287 626159 417368 774125 824719 466009 357925 932897 445621 839049 979099 446836 190290 530986 782942 594567 215250 919917 633261 630662 530320 678078 132104 478232 704784 656965 821128 564814 162867 995206 565115 868140 857749 969505 400833 899330 239594 689366 193725 292537 766833 168511 594757 719588 820853 267037 634301 918783 286912 833834 353168 150487 898136 209849 486219 740356 90630 548773 212675 658945 69488 980605 351529 603666 599518 776540 335018 20037 79583 171699 693740 670778 546806 656878 567443 431569 550645 721527 301698 679036 889408 259874 697682 517323 272960 163674 663082 145983 927825 305891 867961 211312 810726 258238 625717 265469 289023 514431 83665 362325 387681 277068 840083 386587 12382 92504 559634 955897 564142 636470 684658 36621 96484 582040 713401 206054 106203 793921 476345 628665 888777 922705 79118 613924 478165 995297 562664 849019 8138 461584 557339 236494 174089 698396 369671 395767 221691 523664 745900 182593 804672 663359 645751 80523 718469 481638 723142 397124 140015 76114 632753 204721 333056 839857 196888 283832 910551 340107 680503 654473 928324 367325 903927 588445 792290 203783 711548 89111 77452 249759 785349 101657 745396 566373 35120 622116 193515 18144 314218 573824 126714 509722 503632 536017 83361 459282 581287 515500 491068 50479 873657 655287 727321 677657 434081 566641 604550 632160 100558 283284 487564 507669 305859 951127 736954 353357 318831 274127 900433 690630 997860 325006 555058 947077 779172 346326 112455 498364 41441 753839 156136 832105 614228 283749 904641 501351 880561 726128 736449 5329 59349 425017 366743 184480 848538 7624 912184 270219 500139 144914 193835 453753 126683 941774 748133 93732 265123 501943 633758 552434 14090 146432 138721 220483 177244 75262 77302 631442 243765 611281 302798 873827 918926 734866 730855 518713 552383 984330 529542 767909 877797 892068 209802 961830 664564 736784 915379 577784 558811 971067 554342 200741 372626 7347 153317 448189 992482 523529 71052 763810 890872 17594 494766 117944 945841 963070 524841 505990 906205 805907 42739 709924 103195 145062 332670 399957 800304 880540 239191 225834 447588 126988 290444 248805 166343 427850 427395 900214 600781 679651 659409 594215 352616 284491 871041 767520 801084 877506 364696 672696 234257 958460 357735 106955 894017 470477 926929 162108 766636 112241 584443 409390 945250 755560 639973 378052 158762 557628 170751 202276 222762 456684 204130 714457 155957 608842 712830 144782 742554 265936 400466 311864 733354 21099 826500 71968 241209 776075 114146 62577 546978 289550 752212 403643 586488 165841 701826 832212 337700 893038 468861 771959 891245 595766 770805 88730 366286 24009 145020 497385 684730 707027 998221 815745 278814 808014 418036 717066 643389 271628 701875 311449 908337 539808 102896 933195 806378 784966 778242 792220 512296 457549 499928 136134 382972 691980 884654 850214 196283 411725 812245 319272 522438 291914 243692 219874 477192 492374 550869 291138 78774 14324 192614 582936 368685 20764 346970 381392 930315 385982 741969 418491 634503 688197 701342 126840 747061 178315 15199 208653 433818 841070 995654 117571 137857 886163 976825 873137 434386 577887 131216 751345 984959 499474 547574 263381 391944 413515 368690 996620 476289 800093 816605 335775 341243 742953 174256 889317 134859 622023 52309 802568 377376 565374 596734 414204 549945 470559 480217 204008 379999 641841 662010 506187 793033 588790 548670 706737 813811 504026 124688 261364 470000 239624 940989 826818 907100 231396 918620 919445 134316 9440 376286 972358 611794 370481 288770 401552 160897 183025 490817 764410 89740 598784 331494 523348 982797 368195 353271 546073 607236 761634 284553 815238 479151 830114 606780 486154 528718 514347 735286 322268 468800 782058 555257 296386 212610 581982 532471 405489 150570 862277 95657 486679 426333 412316 700077 491759 908189 425529 281345 629198 956336 841669 343918 901765 393921 46547 637463 826675 415723 187746 412009 502838 645855 871834 872004 857000 778212 233727 853920 203377 607883 375935 441839 9030 544665 870424 495328 752320 328695 137137 850305 8839 67956 610367 10793 874696 176026 113544 692484 737469 288049 293250 376412 436830 529322 659060 706348 699405 726853 640519 8805 38858 339968 68920 962162 60259 57469 21194 844243 303503 109330 362045 134429 558447 156130 545874 447247 294688 926185 550368 372084 943595 219649 48250 196947 897701 267278 659422 703284 764026 511071 665521 879129 114425 32698 817759 3120 777209 603595 775178 423898 599085 600133 711574 4323 773315 518504 330732 547949 85199 484711 103305 665890 761013 139760 481798 255907 430367 965811 391143 1404 593042 806985 53968 743593 273409 42690 686043 788543 900967 454603 989828 978120 467019 587871 354421 78139 82835 408753 876976 253140 381644 722851 687424 809652 398995 668869 928517 79569 518593 450535 641148 765008 944476 282586 164757 989094 358777 615879 911722 391017 259782 306023 564842 872959 2758 470032 220615 4254 245280 870288 647896 431726 7204 602939 110079 491209 186689 897778 996842 978491 636795 584354 235217 299696 871283 236130 72338 637989 818621 761415 84537 199536 228182 128683 236967 32114 134478 827995 74828 392658 378073 368612 839516 275391 538456 593516 60797 979015 834091 498928 693525 993089 348112 839992 357713 494611 883504 527602 173226 288938 755650 142849 107204 32576 351432 762053 837463 708777 267701 579358 531480 410985 811948 103218 857406 245414 197934 148543 311294 154656 180442 315372 777282 108700 205380 745716 755038 398620 744343 563904 594363 817412 348528 935926 139919 151507 993 405873 729986 105645 876670 358670 131799 468880 568402 376448 953784 56763 564839 684864 379281 944691 350354 259417 820303 247732 886623 731864 180847 284440 381051 924622 547576 537947 429197 949226 753646 892343 576864 957063 201079 658121 614657 876319 556743 769236 133658 727036 737200 69006 759306 678053 170611 724220 98956 536033 413566 633852 530342 379464 428995 724611 332045 20861 777036 968194 23417 625942 260329 720775 516152 871535 168492 405375 514232 502478 276987 5148 214610 461042 577270 379774 517573 274693 334777 502585 234564 647886 980395 895827 977670 854871 77715 614013 284485 233161 209124 857256 790192 606082 946795 720346 462441 367884 565538 793767 305688 784881 442195 581108 104460 279 922775 655708 78948 489254 289753 125829 453382 870870 107659 982930 4056 755672 532428 526401 611915 454830 202567 309970 798646 759891 302537 43132 123709 219784 522180 795644 2378 835350 527620 358968 572193 962431 169196 951114 389939 239943 417125 269136 912975 701307 852836 855650 379042 216578 736390 141674 871263 819126 319637 928181 136772 265426 714668 293185 502359 726871 361300 436000 395741 610388 39118 618814 420765 84628 991287 534592 704818 995835 667674 585192 105644 584868 249941 127902 55801 335959 834115 895357 174070 974539 587581 487063 487594 391004 775372 906349 434387 586407 117621 924702 277059 668221 843722 732363 209613 220899 193136 515516 882276 977566 835641 425714 101043 142146 363331 74304 787247 799155 624828 895087 655618 619043 754238 492768 905145 728917 591821 111183 768468 38962 844970 505813 758836 924884 16485 736034 252867 77134 527123 131829 606035 134741 139003 207078 226166 468389 161678 185877 823515 59639 42109 641985 542717 734351 273650 446550 201730 30933 334601 890537 962551 952799 24196 708730 246064 765615 1581 869862 419357 185229 500323 123259 382513 564966 615883 815331 474041 118298 845687 229479 449022 321962 854755 19497 366133 572548 569402 741666 952163 222053 970893 355838 532756 311731 201339 880259 966151 993352 687997 513893 125574 86926 148892 390736 328444 526348 558414 608262 488896 157693 589188 296443 662384 785567 491782 611002 287396 40672 96061 303854 384223 982845 796260 406553 801980 297474 962464 687555 204716 43434 896283 848670 446404 451863 387821 609529 310818 477394 2145 292296 315477 597922 478473 811056 737578 112544 825689 738684 655159 358466 84398 703995 144870 807694 322631 901870 377335 89702 37601 977776 189760 614958 352930 190513 922215 365737 892155 669748 204475 794308 874979 595988 451236 323352 993270 254233 289303 4069 565023 898493 215526 287225 945225 62583 670434 988335 528098 189093 346770 524655 176848 381603 872729 535195 132328 183450 535337 365197 72282 511109 724024 763122 448303 367492 251385 87350 415508 859641 872486 397101 381006 509971 661387 280873 216660 750662 439704 333842 216340 862689 147761 859963 652096 962436 91232 585343 542191 727766 260043 93683 966051 692014 200073 374258 309949 715969 416093 547521 229197 321279 837662 769656 294287 740139 151229 599668 623267 793050 740470 618839 26517 527174 242575 587243 9777 676157 267016 527754 36555 316933 693465 594392 630915 661091 468312 37061 432976 864542 546253 466648 198384 484487 834168 124574 641513 954195 743986 200992 98807 436824 157525 8510 418054 560201 697456 720838 644947 330176 336903 993425 795277 703885 469157 482941 568340 625969 615620 845860 743273 997026 62554 7634 147410 53362 61164 337092 880618 80587 727113 726603 871705 985053 910413 488805 666644 32068 684326 901933 727119 197565 335646 402051 718729 381482 589872 43416 628368 59352 150452 528117 829059 472317 669773 270005 641534 294110 988344 72489 757603 902715 331796 771421 287394 20883 603838 786627 761476 563428 195696 171118 718770 182572 324292 337872 362434 463922 385869 627511 965196 837228 21750 705931 599733 119233 261609 784343 304932 760234 856058 764875 733777 532159 548895 367535 766933 23035 314317 112245 693431 26084 723799 619786 266946 441939 862928 326431 707827 659227 401454 267370 896189 143558 787242 394529 368585 945352 985657 251355 173611 121363 868162 836130 599084 400612 829048 762431 490831 194335 776095 656656 917099 813634 471124 517180 985484 435296 732924 745404 103127 897602 217351 823038 89760 388293 346264 992957 421589 688284 184514 2835 282704 237957 345366 161634 352577 47180 837258 541492 189483 209929 177799 565914 956554 973538 754594 270091 331664 366470 699751 188798 407855 593552 341677 91633 461428 597102 820470 978440 813493 546403 895675 242120 879731 432705 219296 535784 241724 341592 57117 698094 212534 277067 640270 149164 574558 17582 733775 319227 749750 199649 443384 790198 172111 571851 856258 33307 195937 853396 465160 695958 556813 621307 381977 289637 352660 851947 404460 777540 238617 481936 771431 892545 449739 175366 940845 564202 685184 157470 440254 941289 416771 31358 621851 228885 198041 335902 206177 690049 757519 709651 600513 167856 219514 349660 296083 991868 717509 458322 333048 950140 27893 980043 101354 174903 527759 875312 361252 663371 434583 924016 484497 821293 482298 115080 921041 43744 888281 108571 373646 303887 495874 668088 5488 275583 758697 868606 738110 731848 983775 419978 16213 550512 627472 748218 701517 491352 58074 287461 331842 845773 47962 423263 534795 900806 683447 356511 249722 129189 584890 441426 197118 407198 739589 64657 841098 174933 948697 941128 328780 732777 543115 431108 559792 469037 232205 910109 820963 558794 827771 260249 158525 188683 992405 102088 692703 137492 888878 136224 159662 240290 649733 697410 195857 682625 594649 344267 606764 430233 383945 160824 468022 271403 348634 807283 113353 425111 303938 605337 523702 940559 602280 546188 296948 966751 495002 421447 348421 84859 513992 937438 65625 640953 585227 317648 163884 416706 741329 941576 432273 522444 911488 431659 717738 374443 302719 559619 593645 328760 707977 487975 408591 118864 826966 342669 105139 576418 613408 353756 425101 155242 70798 213619 734852 443683 174266 267436 123623 737914 228862 453689 5656 633910 610487 944138 854905 227812 622968 440209 425666 54155 733759 361202 748593 465600 437315 558468 942009 401243 616080 375091 558760 241710 364320 187329 751694 961151 205940 511723 497319 851905 794676 906667 458830 919493 164033 352322 378129 779027 825171 855828 304349 375220 266660 405025 497334 612150 711895 972394 984497 923406 527676 890022 447588 327040 33874 324678 95825 557906 49947 942745 958227 184599 258945 724174 694629 780071 637921 252365 225726 40365 161243 646545 311961 487886 519131 871871 447393 693861 263787 692978 706609 156582 394024 487759 527275 693632 658288 761456 614672 609005 175052 624881 351340 969872 401748 910004 146473 881573 541824 167161 862930 235079 6480 624625 229828 222046 615238 908642 273453 812905 541074 728036 272040 51883 665630 453368 308373 919217 840604 616076 901680 345134 313444 767100 622927 662456 388180 8860 371308 812724 18025 290345 881223 197673 131451 301879 784203 725971 99274 171841 909706 484703 51116 877477 841186 920915 603057 535766 748185 141234 576286 354813 85379 671031 51078 609848 202488 157316 530053 653021 557954 33396 191726 237728 695702 160019 217055 584922 22970 642579 62299 938930 707067 395278 412467 573909 253739 868552 931606 232965 475089 360536 867480 177638 882895 252784 709656 506970 65310 527474 692926 15456 454978 437314 126507 402680 545206 45108 919891 549719 878021 472071 822244 541577 83914 558553 905295 443185 848880 213786 620624 420439 991572 627342 196763 224581 944026 365671 165119 830830 106812 837807 694669 544246 716894 454314 693354 297980 724307 124732 855077 143527 920367 771213 886223 332140 801191 948770 158605 820955 950123 421260 412857 424531 426044 924117 191771 701449 672033 226018 766357 165833 147682 494613 304217 194633 762020 596329 29084 252156 66094 700905 98563 927516 154844 402870 922037 694256 125799 886196 538763 281566 215559 192281 125378 219099 265869 382364 882144 226460 507268 837163 755862 739148 785020 827071 383011 743199 868544 796567 482738 539695 138952 868815 609456 765228 548558 65049 959333 106204 466620 570872 265389 192378 67039 560401 324609 774156 754446 184911 851438 426971 587144 409337 396578 608994 81198 240510 724664 358674 696204 441684 945280 712292 6730 85205 777134 213698 15075 892296 726366 836346 460297 321758 453886 502452 31986 707925 705433 493669 915325 94980 799919 404556 49335 967750 629665 388846 16929 180518 887790 605163 114558 167344 28600 928908 529128 122686 516044 919829 193903 962943 809425 214287 684574 283422 985958 809878 366972 584552 538109 953133 185664 96010 24343 99166 834783 935952 59646 964203 161017 570388 916483 330760 106414 963613 344571 602668 474464 796706 739971 580551 232516 730779 117694 255910 386496 779571 729898 554433 225326 468261 233014 76451 850638 48561 174152 89185 482109 303110 797871 338797 798661 207111 73121 20845 691441 928360 626591 465970 580659 825923 970553 741711 616983 490212 516999 304204 757953 332148 122062 535047 539888 914947 698679 731920 237471 65777 292221 603131 925727 852218 48245 363878 30006 798639 479451 444330 419355 547313 247922 498824 441000 73294 473565 81496 397258 556740 716495 971989 752417 603361 30109 291988 718343 249882 173565 544545 663555 289763 173395 24560 411352 240131 733673 812733 120952 933113 17351 569988 157593 793371 142367 952271 682805 314605 369652 791571 350093 799170 541813 975516 757853 288503 705700 954372 6539 686376 587169 379683 781014 852944 504262 915717 240436 833230 954782 675390 662169 564438 820079 90768 928573 443781 410311 630622 102025 108847 627855 447685 682643 301532 308001 996461 648928 663418 74805 213593 837318 53490 834616 671920 251592 222170 924061 216117 635964 25061 161691 634779 447221 142053 423826 770025 310899 170543 150692 77092 987204 416138 211040 727448 499463 283740 499028 543564 845199 551931 132154 228017 142062 324309 79438 730915 445032 682981 442307 77495 401772 950253 882336 220485 730376 475024 814638 416083 157167 40956 185816 687842 561491 502902 319431 39486 74973 143614 754822 846395 261266 844464 403137 5427 480915 949022 968857 806651 726554 38269 752893 176535 956821 714174 443876 783351 828653 260074 637086 737549 25039 124128 262737 359719 357113 869384 164802 198050 726879 181924 328221 551371 214701 521866 80659 28591 659916 93959 161708 617970 511713 316752 842696 688537 204310 36504 809560 335854 72686 310009 580062 938017 805961 816399 56749 576433 507472 993981 708766 28308 579485 724021 113671 921853 706925 458528 13773 143731 566409 926838 810913 548546 685899 20558 444869 259854 111430 302763 672247 43913 759945 552056 646847 358782 271872 405157 11110 724765 933236 170503 872184 522458 672092 494522 748855 126561 835810 482295 113314 447286 419289 40403 142123 650294 92695 581582 372201 910867 255147 790037 240163 29079 985004 106726 759658 94940 309338 501685 497377 220864 96961 396983 723815 51793 850357 734064 50978 985831 413052 680823 416524 161571 429643 24753 872147 117105 80618 889509 15606 509053 697243 187153 598626 884461 689326 105482 264712 349795 355683 49748 460728 178113 723278 470096 865120 589696 91901 129862 934144 751093 525513 268664 127424 299141 211624 947869 581957 718561 557263 897435 171993 738871 444190 344349 743242 228297 229178 886255 910585 115534 455822 848284 699283 926297 702313 460010 760338 510719 899106 368180 200262 71305 974789 155978 740502 817978 493325 901932 613914 101103 589935 146506 611447 296356 816058 851597 839370 780258 887861 258142 827080 757465 970353 416339 312936 347484 477268 277068 706805 854522 652525 382626 291859 886302 57902 18641 623406 491243 94586 841970 889369 666342 212213 327185 471700 643931 748103 642102 547036 189649 315240 407917 234905 996190 729077 249689 223966 522253 437210 729200 148052 393529 608351 567570 935440 117258 321860 600493 361873 369383 148245 933582 561436 470207 99100 85551 653233 940475 119465 847187 424135 974106 898262 675486 773017 996583 956702 950090 753645 858927 841297 661992 139793 54922 245991 651495 541391 301906 645067 900772 566390 584289 100763 496025 981152 672834 219010 724575 59931 48220 288835 873731 284945 230873 187498 56898 477756 158719 361986 693686 858102 276592 984220 138537 916037 683335 439460 593758 454446 330860 213928 28198 714897 975564 754490 400406 82320 678391 173634 835671 833862 604297 118347 41372 859730 438979 270497 933428 171086 867945 893765 794309 447150 261645 185260 828105 726366 234955 287291 852764 869382 30726 760051 51112 833795 167777 288606 430293 131084 521590 588375 338964 866937 682473 655976 86433 290113 342321 241888 60136 795326 458542 857590 502781 819089 428048 329631 45997 600362 622474 103389 920339 596828 203832 377233 301055 707882 165352 254542 454630 140474 913254 214352 543774 829537 247027 112284 111658 810266 29521 293958 460777 872340 28071 933458 613024 898592 947621 138541 545385 36253 786526 695014 636265 800574 148955 483163 178058 118880 682286 166489 119817 555074 364489 21644 732765 380754 753812 130503 304576 269289 740777 145537 101436 494233 472957 313605 778627 449041 429045 814484 404898 877021 997827 480571 950244 750535 936622 543305 457259 889012 932618 762313 681450 304932 480668 567208 231654 356005 108536 458619 383392 925444 215403 396917 509192 878104 961411 272992 734790 223485 811047 708489 764364 874270 296398 71238 710204 783422 15409 285430 127111 917129 817147 974800 908443 16192 186876 204514 762139 163560 526233 563931 418189 503278 336136 479632 294985 398560 605752 960646 771949 773442 826373 675821 950674 659314 186027 674251 461232 579218 252135 557128 318318 444338 158826 949792 30689 862528 579963 817515 995306 725969 431167 960889 459912 752921 727206 24990 132064 930573 878777 634131 62755 886424 701630 161481 531613 600174 756566 255557 698766 151735 734548 484340 568202 809896 384943 176889 236959 549321 29197 118400 182710 294698 151547 118676 301266 184220 305554 634875 396544 336635 993615 206150 253398 856263 805445 408720 32323 911629 676396 383017 701211 214750 144152 145757 61261 379570 954627 669100 245670 92404 499061 692050 239040 195227 511100 944246 24809 108553 412564 399301 793355 792770 131582 966896 143734 6741 650285 419856 716007 469460 786336 301607 919804 349966 182416 610627 672805 129033 161123 288010 227931 456902 532357 814248 743366 418189 514489 287978 63849 250784 763386 926020 835361 328369 66157 329625 687985 903845 476084 854254 945394 839693 62885 93170 98799 854478 563654 644662 375357 262851 850478 602310 412490 565130 618286 710994 490059 487338 353920 309867 171165 878386 914005 662115 506040 679658 945058 917861 34063 501832 974044 308626 19505 797129 125593 263391 171646 216962 449872 400795 876931 722075 912714 852428 256258 53197 75506 622941 439419 137886 577348 255190 930360 762119 847287 287647 713415 96883 318232 312237 221300 546950 580886 735789 178688 469327 505024 157382 566710 978517 190715 726001 12003 196591 600744 95911 622591 824998 738720 506164 600234 776639 352767 690184 93702 337907 385383 709257 558726 325789 87417 244541 242821 529454 268686 407908 673682 32445 35060 616826 978562 375364 716978 859960 157703 130262 569777 318753 541198 795023 804370 511291 137850 469216 428354 616942 962188 230498 352515 531365 339274 53005 364753 554880 528054 713895 385755 536676 315570 372200 176628 729757 302694 652015 668988 388429 987574 441062 992619 236221 242661 133649 937381 212255 706388 271505 636621 664243 178768 923622 307316 143210 295872 17069 531295 545991 343770 545702 96367 309394 591622 850738 109026 866644 749480 52130 128263 15585 243829 61280 542809 389916 957182 799137 757019 747252 347787 707423 831156 760611 583657 647633 349191 963819 98337 102613 48702 458960 419324 330844 171449 887651 688263 925970 245033 302002 569541 932662 205706 563997 928395 622119 434241 703686 999135 214560 91735 14692 206930 757013 147714 554697 853700 42391 806191 218236 784317 407316 984195 2500 276936 152304 233142 269707 938190 531205 603202 87819 38136 235089 67234 674606 662201 838656 130093 310105 634328 349965 387833 788934 422919 893192 869262 155429 233852 464760 600066 538928 460361 798888 148721 840844 437853 505097 961116 123792 568503 454820 426456 381297 127035 761021 850376 814719 351954 797582 905791 272930 757435 811141 604651 319952 451264 769756 656591 985298 669966 206214 970738 985799 345482 862647 518326 221580 660103 195729 761490 457660 579896 427707 392116 593446 934984 304106 602164 227400 834287 768 650734 933223 778159 845408 899511 621341 688832 608388 497671 622233 840567 387353 156627 193842 226642 879617 381553 234598 978181 70318 421192 604755 327471 626793 452167 237704 115477 541066 268445 702818 504675 295827 326975 183027 714020 666244 696343 113218 654937 638837 657900 30095 571297 113335 932568 262747 316859 41927 568827 632256 932904 869038 341078 467489 580021 437496 200224 451070 942067 761059 783594 206647 529001 506907 190836 407242 322554 66813 670648 41424 900777 890658 857083 901062 631172 812742 803116 810882 685637 329041 240941 225096 129659 406118 627475 482660 594367 300205 501304 828104 948864 83591 320669 30135 468953 342586 95150 816335 326577 995072 59936 152975 34532 947289 764972 468545 899229 577222 703697 453494 355350 65363 760724 965187 446569 749958 447635 240865 230692 818669 598395 605685 164098 482850 965491 645068 892676 369590 212772 400282 829107 853532 787340 412247 59982 230284 451861 921821 17022 987084 600901 116305 925678 399821 202166 75587 706414 206416 321460 785471 207237 897528 863622 596224 253919 485050 756223 316396 709112 978798 942246 135254 408298 402090 724390 371409 100214 344405 126379 923077 954276 205321 138678 652760 921299 251002 540713 632153 627128 467142 267827 91078 999109 859366 35990 615065 514247 153208 457585 223355 882325 89137 731836 345236 718788 472024 83022 775808 935406 268702 409126 579883 940120 401404 408455 603734 803699 809930 175580 944175 365848 37214 503210 738898 285123 602408 204138 841909 779209 345725 46535 241592 84850 167937 911538 863780 396020 500501 251212 282179 787147 650176 293179 41309 960053 790848 505096 272945 892344 738806 601653 461423 452439 826763 368815 817422 748134 781709 249841 64236 97096 170341 669396 817983 733410 525115 400018 192700 104586 199214 373712 30734 269740 315105 897252 9163 322032 936767 286767 728699 119361 74849 145703 648572 496360 624798 531311 190998 338922 117901 777937 104610 872852 226384 721169 212778 782352 725149 591615 109819 705527 117577 156398 844822 25268 666216 316972 66044 170275 409935 651644 706713 398317 336693 464308 783740 892101 819019 394698 225398 580936 396859 143149 582901 109647 18378 224529 392519 721403 485880 256697 709638 688912 659272 745751 617028 887132 787789 299289 335878 732003 597325 178143 662691 91806 241673 912595 154863 61668 155606 988660 185379 770613 172621 206263 930263 48463 342027 438053 549626 715451 496597 940670 893004 842062 508748 306585 791401 750068 248435 316535 927131 33437 140765 781917 729232 915756 5396 570042 175894 488970 745504 954049 201169 91387 627119 868027 776754 675038 866178 411496 265781 420140 949637 433202 678297 226144 604541 99068 547210 924691 206191 296340 127026 781492 628679 225283 7553 724055 610331 972955 710100 365660 109665 70510 789227 617915 390951 331695 582389 120067 724340 349770 893757 252736 713701 555773 702451 639746 822854 509729 715570 111383 636088 981808 392817 525699 877685 308052 513754 710777 736614 572666 218848 923308 162257 726718 543501 789876 739120 785659 380525 722692 635012 571348 1959 24797 976633 835243 549248 298538 783094 677173 502629 452671 263683 467378 788761 66556 590019 26853 109255 28564 176570 155868 18964 773136 416349 232926 527665 657954 176406 710730 546816 901132 261136 489898 738996 703708 366182 602628 469245 754804 145975 125140 570003 5471 219352 984937 134521 143663 447799 168440 759925 615016 476278 720182 433403 217732 116779 419096 527033 792606 231197 586718 935618 723420 660230 888810 897011 224289 104145 339111 759255 708508 322409 366158 555979 72357 244164 726574 679754 440982 609940 115164 303665 549955 878347 902101 958068 370975 463525 545477 904980 810269 203457 819574 283229 984676 882726 607094 492918 960396 976315 418063 32029 154514 658225 668698 684902 922167 909063 624210 675208 691709 867924 172716 68240 19645 628187 370494 402828 449007 924297 473379 875951 445085 16885 452669 328091 482890 905082 725768 355941 654345 43444 273402 237897 722263 408430 294467 596753 337029 347578 902911 269758 343476 785823 864788 75764 14319 36996 772256 910461 905853 706075 987890 224190 164266 778710 54726 458213 67051 340611 26651 372182 701902 826395 308625 770311 429255 758123 233434 954222 958754 907331 765094 86945 706379 324560 281304 391655 640676 933285 777376 615659 288583 194869 551681 93116 957921 848391 72529 820467 178125 560200 357151 261261 395420 879545 328000 375081 525136 578188 348086 393628 126877 608986 309789 257404 879972 628955 677551 981356 204288 2012 485050 720115 931282 381787 499727 612470 757249 401310 492623 172009 834170 822450 513091 296806 88431 427900 187849 633178 388146 21022 191656 506709 987899 646077 784811 986418 493627 907160 8781 839650 585301 354249 689209 398726 557440 236665 610012 578953 649226 395823 535450 142178 436297 399675 278311 958577 690251 287866 920441 770676 108100 839683 500693 573416 524265 444369 508115 720316 300158 344515 897501 537362 532200 759356 595609 658324 83835 980912 121812 450573 434480 438168 628254 589433 559300 388805 991548 908251 742416 156221 481706 825005 54 374755 549099 192447 365852 119141 379160 380065 204874 128501 626035 295408 972907 911382 467520 730180 189447 935949 37017 216386 348191 271562 399889 269654 1308 837852 699209 181379 828035 10892 413543 327251 162001 34476 112991 555107 881073 235164 812711 672327 420903 165864 205248 197016 825541 523009 581682 463336 970439 556958 699333 793871 665246 221231 867109 928437 387654 677803 117338 694753 159124 671795 796908 165000 370768 181738 615812 134195 448409 99045 890738 186681 438896 163424 449221 484904 530444 765977 6622 867614 394254 613046 927533 158958 495070 754501 646583 804373 697284 898202 786970 390307 461432 833790 754636 477584 652844 717646 848495 924220 8678 253982 275438 466225 250213 390120 337563 785519 331600 56892 89760 799188 115746 31734 314200 92349 446295 560505 593897 245764 486407 984545 593076 141028 503751 174811 657672 561856 974691 961783 754618 656982 374680 299818 5187 958617 772213 945125 497963 641785 234134 559315 190125 742505 648115 247348 552198 996539 406596 257240 31197 767043 18770 477578 222537 963932 94053 824933 860699 724657 589124 79985 459057 999349 639623 2003 917586 618723 646121 773188 616592 727339 145354 92726 825145 688925 352101 203882 652356 245889 507340 950214 959271 190487 940628 40185 909286 130411 487731 197274 901555 483686 633858 85877 784819 962498 325941 335403 253507 730251 637006 93059 624101 885797 654234 857611 952718 545773 683916 965512 729320 70432 803728 712294 244571 552573 952970 625972 92239 934108 755765 926559 343567 243116 284108 734073 44709 805431 705646 548339 324019 594716 159113 71013 850451 599676 235919 648001 178953 149942 403130 753229 273379 347322 456942 923747 75226 240370 585375 490763 978551 787557 474509 222985 55827 199454 588368 548072 25556 544585 266496 355343 842485 428557 790698 2456 50113 724237 348715 796637 316660 731246 732975 615448 311341 282259 890621 544959 412366 801489 470843 972802 445713 300550 490745 888896 624258 537404 249041 632194 751393 151556 71692 990279 467364 440892 445711 887088 889361 323446 59803 743872 218194 122534 505694 660700 740923 208269 685602 823 126020 244101 434828 676840 199602 159399 749833 351239 984182 370469 490917 584416 540545 515085 887558 909324 433479 402411 378647 828003 258851 163744 156952 272370 600967 87524 754817 8280 12942 824522 185316 275753 771479 52813 131579 662663 823979 660839 656447 88477 897597 859626 70249 523708 364295 830207 417473 780876 778395 637638 133405 46388 664422 583415 583445 742775 534415 524538 926518 14598 971320 270617 810808 250811 532778 446115 322876 191819 12206 427215 676661 668408 334784 427064 143903 66761 893657 283649 483670 657656 394897 997020 283533 793330 853917 103843 712531 642319 719325 485122 950452 495004 812068 277638 853276 90704 356018 740462 138474 816479 894350 284601 513790 675805 930328 368004 371028 204686 35731 115378 568151 29720 736149 596585 193415 353228 501081 972492 717929 827289 540313 159964 55313 738478 823131 820948 594721 203333 979585 318709 557902 181531 613857 610502 847651 518966 851170 146335 714672 507329 746418 140119 496263 721306 676370 50721 673838 563875 34270 193690 977051 931511 146930 839288 170812 533821 375803 68390 125612 393858 611182 671865 102527 355031 304462 667369 397751 286646 70329 797949 421991 683896 929746 292385 846487 932307 266695 885567 682584 354602 633334 777655 597935 40591 462873 867407 935683 278128 646507 498774 991693 726297 847993 22404 217953 633919 785094 613542 743007 146307 511796 502803 294068 392918 873859 345845 616668 834144 353272 345217 521016 630121 649251 223268 333952 940527 913133 434339 388805 11261 100318 715252 310113 199001 303230 432517 665043 261534 915307 814020 185398 864419 927003 590891 860144 654305 729163 69686 204931 446437 257779 63641 797739 233182 55404 297869 545229 154898 277184 518067 795052 415822 690051 883290 986509 237182 819971 734739 615775 673736 827093 375088 553336 754839 162709 100471 471466 40418 814091 959317 186986 981669 798691 963512 195923 472532 232958 561456 583532 354594 480480 388024 283541 518307 180790 653767 251286 438309 599215 286899 241341 515014 386817 907301 330596 531191 483495 985212 627606 309843 14706 532502 380068 492602 891574 876787 199719 137568 714662 890183 38455 362593 783213 698511 410850 206534 454074 599456 268225 638574 511679 904227 369295 193241 383220 479044 541020 534969 304534 924062 140982 201777 624812 395599 523340 753793 969084 827126 268453 548663 538789 452272 37603 692090 753398 266710 806024 727795 567416 726412 462317 648503 706871 947633 632179 50431 86633 150778 360695 723647 657588 712641 359143 505766 887171 123014 56689 856132 759790 488177 876013 760427 423894 761170 874479 884562 608190 378150 333136 775623 784895 115264 625426 571093 985892 719160 910550 186572 153 874862 470808 199356 360921 360226 8607 170381 110352 686528 222791 409361 204700 621346 558062 182034 964630 743771 444689 29142 143541 177460 444613 150267 790418 441742 600068 702433 879377 99170 717023 460962 519186 293553 27376 940911 809193 940982 910084 420897 583574 982078 535859 378465 455868 973237 50865 755628 906155 70212 789438 293249 362105 586106 280927 413981 649142 437999 346532 21822 958874 733450 764804 323457 599121 22 159941 308721 467166 964233 593241 201115 801165 108111 459902 393941 546600 973697 870483 370915 4376 970619 818249 160153 871915 329385 867835 893574 658585 567312 73128 190358 473641 137446 780576 736249 260911 144283 763156 829192 849471 935674 430394 675313 82799 878441 240666 94089 639879 9509 242912 770122 843734 672583 636353 899799 509101 306995 11757 73676 897499 162463 951556 614858 499802 179630 132629 218540 700766 455252 11393 731936 220102 124949 517222 522774 248513 173276 130349 772290 522683 435388 636855 482633 10638 390985 951472 128575 513014 255431 179061 976080 498138 854826 763769 762787 227762 17812 804533 620693 968435 686778 952542 275822 444527 661682 319813 987421 9858 303126 245550 522453 4145 878667 589084 645577 932266 500758 859323 888335 525797 270746 236109 262271 74639 379802 809822 570487 218416 43367 32617 706525 5438 470872 665420 96088 583482 488071 339033 275381 848491 331670 788612 129795 352868 378988 175481 489539 109191 974336 118437 937478 493162 986306 618088 34771 916819 30057 253717 685083 383962 346548 381826 835300 296855 175411 397130 88941 876168 181922 198413 839047 192552 280536 720035 498864 592006 796467 676539 262953 588666 24437 404610 378121 561487 279127 587191 879935 273746 407809 822612 990340 16985 780426 667239 79310 54792 481841 525292 756747 184415 470163 925235 731065 419342 439005 511206 162671 767023 98421 660158 498867 917894 200005 626293 192429 780345 130696 475933 166727 64418 421205 557849 528882 992654 246188 546156 411806 540980 125273 542280 864054 343290 65964 255309 660309 697711 408024 861763 584727 738162 85073 291599 638859 385260 501769 287924 473432 503106 179171 12640 772439 409960 529869 144712 86798 544202 999460 72596 628946 207431 434013 597173 975770 684068 328371 631436 367460 723995 895748 687078 349001 721754 860028 767024 541878 178932 721369 103697 20391 216647 711194 141675 343444 800201 899155 10410 604835 542052 368290 39026 430090 737565 759654 14664 358240 759 48934 7938 708572 380011 436868 437308 391027 436164 851490 908770 361695 262123 90634 720724 113208 724189 80752 181997 943170 590152 698005 451243 64265 482743 231443 312649 280466 877300 722244 631226 704949 308863 946594 653226 235611 407753 234439 783979 550138 213552 801370 246439 144355 425822 900048 740448 571033 927948 104591 468569 915793 867634 296934 312601 361905 111143 650312 13622 425674 633636 286956 177869 865382 730185 246821 603565 57337 20863 866278 611780 148426 630168 768955 282628 700159 55217 853027 450433 106592 789660 253644 591048 7443 739564 207341 647941 634030 432853 716741 179349 589543 15865 198848 84241 598935 656708 6678 294563 525777 624896 318880 458795 698319 907878 660174 446219 85551 525397 592277 306902 851731 266235 595415 125449 813313 116687 572733 760938 237530 239576 824210 205793 816901 982101 525889 648839 988162 48590 229381 397597 302133 180320 327118 900881 532254 883377 418657 523871 47755 904068 548298 222735 977306 38859 176256 410595 411719 360663 280600 152021 456864 876418 4667 237200 517719 830432 985584 873624 807319 529395 794405 643111 212967 3844 949996 952617 22836 39181 576040 526538 852509 605616 126390 199112 808085 295461 777847 326981 700858 148598 703968 862718 693859 911433 597594 790599 254959 830512 64720 920974 436574 273341 42084 374727 63965 214253 619292 614187 436047 391150 400821 13680 98891 572951 126372 126348 358438 630732 590777 562871 958395 944069 405578 805111 634034 880337 881719 837890 347573 248066 232852 138713 883249 522331 88633 493736 303425 755737 299455 49570 290953 86372 195248 765620 942067 205045 799893 67479 964285 564247 651042 171240 817150 692519 899783 578218 868014 341963 764480 915262 445652 220176 491978 875574 156153 110161 77853 233379 79640 316903 994790 988195 936891 654589 292684 511887 50981 296757 497819 812051 666120 523036 58833 256531 837132 42995 762203 803496 463656 626068 751589 391217 500813 679692 571479 200279 246421 568659 717045 54734 258677 580304 98365 925251 272154 495808 244963 942754 922171 129800 273859 141730 565506 134724 625050 133077 55533 554947 11637 849568 747513 693715 120015 193222 272671 797332 580387 290085 840245 587481 60182 795985 171160 66482 637086 146195 450592 626348 510266 52018 910699 111840 536890 851763 482127 901238 212811 950879 102811 429518 284828 750054 412470 264794 513895 423878 576733 10110 569354 457334 269755 76122 514624 741192 107811 246195 438605 125257 836410 680961 601261 541834 622112 880313 970383 548598 629026 189062 522866 409665 812624 358405 147227 119029 701267 111733 950924 973374 898194 696540 210765 267228 557444 997408 137541 532021 139154 85110 192807 135275 487354 721441 632470 454050 462929 817129 589216 144606 984920 202529 633948 201356 324698 852459 46021 428042 260202 63655 15975 707643 199498 155014 592888 576312 640633 352433 878951 734679 150920 704791 871406 411119 932596 981665 320289 36668 619775 600387 702657 107386 219889 500302 41127 720460 304343 45742 685572 455459 490472 985978 559097 276108 534883 970226 119002 518019 17585 855193 807829 852149 359611 413932 833601 600626 352509 128349 798625 166700 914529 723873 298114 34367 79670 896319 177163 377832 901862 625971 603585 562282 7451 695970 770847 54797 353904 89882 227782 666450 252319 979331 700384 202712 957110 825156 382437 136118 128476 759748 265699 994649 229204 830200 615847 592150 333693 176727 200326 897252 908395 591362 147991 804237 325986 606554 402394 790296 905948 36523 268683 720749 858356 642425 656301 806467 741967 571725 435852 453852 734566 889496 447518 596386 119475 544002 254449 943705 224050 966513 320211 815990 947659 74392 971382 365731 1362 898964 950931 944141 135095 261727 336006 717308 289767 450743 343955 951304 886950 217425 217468 843120 312778 979205 226105 100588 551900 591045 23013 938525 565687 180256 614575 381250 485811 808734 227071 717323 227327 644398 336761 381065 76204 667102 354408 841062 820509 628376 325698 85569 476122 655031 722327 888105 959369 763061 502918 880919 269396 401119 146238 713424 255842 750368 592873 182805 278594 19362 611274 957873 82093 789958 165437 770051 823219 48707 154694 131667 661612 110455 604428 415511 304189 940575 174454 340368 205906 561162 901695 604106 26016 387718 906771 70643 395295 128792 320172 141049 101630 807195 180054 707016 60815 989478 215585 388740 300573 160006 588710 40876 735610 556024 462302 95330 13608 831232 807533 282059 373024 939076 661534 341161 973021 81284 861341 348565 881737 155239 295445 971918 401531 33734 112749 693262 684766 414567 849287 418334 43990 168774 30057 155561 314101 495831 937896 149099 468913 387436 962977 146710 762978 531514 81692 655631 788837 227712 323173 36703 242436 561337 996995 256168 63209 879889 253649 602126 918165 33135 881698 828154 354408 274101 595616 491528 500645 284490 110183 666961 278788 178076 507432 970373 681149 616855 227665 383318 16070 195351 625201 270247 550419 741107 599169 381199 817443 986097 823353 931800 994569 242296 328032 838338 83547 515802 728409 729335 266354 335742 555276 705076 554526 615209 551820 349498 457511 600513 48561 667312 330042 613383 477931 683003 429156 844612 756685 419681 709889 961472 153686 506260 853801 36741 273754 865398 136939 486229 489195 89397 712547 866951 670179 778860 31388 150751 995588 672442 814001 827058 889904 406937 403947 514374 787005 964687 644393 608706 528545 217371 821560 746879 649640 895989 260746 587280 128726 197704 705758 617058 493375 522197 646710 536251 655528 758230 461523 530085 695623 535325 391900 434925 708756 600665 12235 166565 97332 630853 666469 128392 6216 948388 312357 676780 830700 420733 621629 725634 777554 479818 575304 458439 541759 353271 644113 863784 832497 275713 952903 303653 188926 882243 844419 168387 383750 77042 534500 527328 191099 657969 339405 689497 354695 640455 768694 278283 460237 882791 750972 379621 995404 801608 740835 890568 641117 708355 130581 635729 583951 631433 86091 149939 38882 148517 900580 481338 341565 661621 547842 606429 704993 64242 314923 613633 979381 80390 120786 230305 102274 481512 481636 357822 812319 409987 356810 376810 143731 756571 955588 651761 22305 843596 59430 635313 173239 370899 877117 211849 29468 223512 383201 992672 289429 48975 831730 48758 215603 123825 719376 496184 912715 224176 626612 631637 883827 393688 392803 616926 761354 537217 291642 691564 65472 990252 346933 653213 132792 754022 12940 134499 648690 858342 307975 467616 654767 322221 881858 374462 544719 313565 152894 273410 50173 519144 438971 279378 843282 470643 809158 46928 434043 410980 300480 36899 167149 697001 658388 450634 442250 157220 70339 885812 412783 116330 873712 351183 668082 146985 882729 270289 302073 675572 709718 914434 770794 146188 948214 815926 618955 185816 170854 415964 50672 245604 586341 96906 548793 221590 62256 246616 800452 761069 168650 203705 85791 55349 357295 839617 671502 160726 731731 60508 175834 839102 494735 694948 676013 128818 128477 227061 7869 248737 119208 529710 650230 692894 16930 766002 803431 264152 89102 225925 556354 284884 788308 213776 814126 162068 11374 580278 588338 290918 427148 116661 325041 998508 17149 768057 222812 768518 677487 396872 483798 940614 505010 887857 696636 587601 767233 479561 101111 935570 758710 683335 29870 958901 201918 900623 123176 145833 990230 590735 762946 508225 493814 724326 402967 350588 323174 34119 596099 16975 358720 643494 266292 395155 251475 160098 20909 756090 825959 690091 214865 546572 465763 392690 980113 450725 525836 905850 86270 257390 975378 952324 517265 1787 429412 586640 635477 762202 160930 237053 923344 96180 534341 213764 87190 605995 274508 535142 866565 480614 299351 734347 85603 226461 923137 279421 441244 316277 129954 2359 835315 508761 228593 161009 461235 640828 538832 445599 209259 136753 831596 328290 678787 231376 656870 35421 441696 505600 394021 930169 227186 420049 801358 267545 26784 284360 304744 880731 313543 485237 468258 380234 829683 518531 209991 590078 279912 774631 627797 785011 399544 416035 398107 848894 86535 230576 490515 82567 834309 827985 550985 83412 530344 308469 446116 810073 221324 993954 389695 515774 197288 218894 23639 287522 124878 425278 322819 6232 376846 724190 711289 910199 221468 400333 773577 920086 722011 278290 365039 696988 468897 272530 620093 319337 813409 108793 466122 101483 529876 233898 494458 793163 777603 695624 820070 366628 958842 357701 903845 607867 93694 901642 877703 533573 173644 947019 105399 443714 426023 942206 45670 565379 944838 438598 627467 707448 438320 56791 249758 875114 681803 252471 112873 304952 869142 115757 182327 233027 759853 521996 322116 130271 6075 387205 866946 310028 447884 560376 842730 595736 299258 161522 256854 7262 823815 646200 783951 247252 812018 857712 898592 215540 964082 701016 236938 719700 647998 953566 455263 228832 253537 972521 707732 648030 958460 584164 52662 301043 851233 328107 341764 407785 316982 600126 853289 804010 301624 795183 416348 20800 755547 720967 717978 519562 944899 174452 335059 731055 664768 313091 561984 551006 510708 666096 654453 467119 598382 737338 312040 792151 550476 616490 974300 555115 104003 770846 231766 197611 799356 582689 828610 490540 96920 758029 14750 191594 210883 3852 404870 66613 967106 439317 79368 614737 828303 253392 39722 930557 808256 374573 418913 84739 380015 68017 146167 761058 169758 832360 199255 423522 954726 850982 474476 14943 812194 932563 406120 584975 93876 351118 654649 98515 783893 614892 746186 187612 5030 405357 374414 752412 90495 829319 369907 635781 415294 918428 102417 565316 125367 595129 445227 86170 207958 846344 955103 727084 410919 390320 414677 682008 608987 27350 312485 184860 227376 350419 111907 267635 330308 885512 264878 575343 825378 240420 901877 402550 484294 114810 704020 19189 552467 319567 689329 932947 685415 969903 555059 314260 161799 651422 651982 996093 761685 830945 336607 510843 994987 374602 747523 161841 380227 618599 633791 468482 878496 676928 84325 725146 227419 920165 189340 203525 784134 395707 2223 820230 741280 914274 281864 495540 873112 83496 902484 54520 943447 339376 500321 768011 364433 339949 677958 302539 228740 680605 223633 873267 925430 254482 914411 82131 160149 292160 239991 211697 656627 27382 41280 191999 65308 86110 999354 20621 942626 299474 83582 151575 235054 654323 808171 869441 168444 762524 121440 446953 568653 613634 627493 454262 274339 339160 320251 370137 952740 904842 629188 553010 460270 752672 369818 620649 917899 767510 396139 189364 667151 547555 478103 897476 480826 512330 373668 777041 831270 961674 948707 839678 956302 106377 200697 23846 620956 551072 83029 900500 87588 187135 634755 605886 336017 674945 988076 580787 11138 558356 98301 281717 732360 787800 542486 949698 177712 314370 875326 498175 461807 252241 642430 77956 940064 595200 663756 731920 48225 428589 737210 537632 704334 837501 55451 790480 883370 653570 618914 837116 911618 199088 792010 207362 919925 951220 463919 5228 855283 397965 719134 116007 773515 858795 901543 397860 862068 248971 380331 978938 757693 340261 556349 933713 347977 670764 317633 372855 268697 113718 217453 922605 388856 654618 223217 498365 186693 990698 480814 448719 927332 870380 924093 989627 438628 998118 586554 508701 481654 100916 381700 905109 112742 686895 276007 974366 452310 125614 804409 569080 260887 996198 122185 362372 830493 914100 306268 170911 318894 115822 397379 4537 554155 747914 959099 426967 907550 903961 81985 593965 128069 788707 239590 141962 350481 247566 736752 247974 440982 409539 576515 613179 863021 295958 246349 337943 604932 991144 69273 815312 16812 467937 776958 54484 968431 259098 702131 369748 66747 829527 365443 765848 730787 618402 341500 179423 932737 731501 231284 166153 795816 565501 358507 240653 436824 566587 34582 23226 988703 911510 201821 666048 544802 287165 540135 388540 336295 250550 209956 752567 422823 941040 892390 926574 792424 226150 848070 747808 426630 584281 481525 24985 223776 905762 46701 978256 310512 648896 630075 217151 361551 835056 504381 224389 72417 275204 963902 400825 141544 891503 572199 579799 566501 174176 263540 398753 596113 307194 743130 81400 17676 52142 417659 466325 724998 503030 31627 594846 915371 61180 716369 151230 937098 930059 902193 308231 513854 298170 829449 185293 571400 648844 130206 230332 128703 517026 975835 841391 813568 227751 910197 464597 175620 282054 71367 26307 712088 773441 516962 420567 504615 760760 115687 458465 924624 401280 424240 301230 510413 930377 260138 95336 123290 289586 972823 802530 382993 454743 188179 528648 437673 232965 207525 719549 887470 778916 402501 849590 413895 257077 554860 350378 992168 302174 803887 88919 947080 461716 912536 582278 100077 929132 110963 673931 668989 289182 657547 256758 547201 893452 476568 983610 108109 490101 360832 28005 635510 293896 459204 662067 968451 623482 487867 790663 35179 715681 732255 38545 456637 871148 652331 930612 534969 732897 837979 87486 959414 42236 700124 764811 71172 938220 166152 200044 490837 26758 719162 679919 965275 66688 592643 600783 137744 970968 576539 237828 575789 86424 895693 458486 924674 109800 561347 882821 62718 460096 326801 171010 798509 352060 129842 358561 40296 572762 515850 454775 154956 587933 240541 957745 526142 38182 516057 921190 198202 284247 157135 6138 908329 806637 828089 545865 718763 801633 769758 482516 184883 885410 796062 598425 947773 413348 238059 391857 569193 557401 813713 984813 10296 58745 661654 102007 738649 406170 904126 457073 155914 529829 255370 74481 142040 984511 663410 567287 900382 72483 749970 755214 918047 44548 66197 579511 196465 498660 773919 97455 990166 852087 25124 475641 985125 927026 617194 649405 263128 171524 746015 195396 991055 645788 75170 264633 802625 868191 370696 846173 402820 212308 527499 890395 668632 572016 439722 93107 870312 279182 144711 972701 922297 255440 314395 13160 561119 76572 279405 666390 568261 132311 179363 814328 598547 549909 175538 200685 931898 211950 506631 255837 448685 919792 621878 888422 468603 856728 129559 666196 326292 170930 867352 494741 581037 131474 539581 702256 164976 825413 927724 569567 746752 928450 261976 850084 585425 407475 448045 472499 757028 508772 751821 783609 879303 192228 963351 439528 125443 133545 349833 67817 304546 759890 887122 714301 6157 902685 676304 333949 462261 569269 402878 283189 589456 270309 368383 820302 268268 882373 988832 744284 129811 956888 503101 323599 170822 277511 66284 834100 510705 23732 206155 633106 207248 340646 630223 653469 395611 731882 15556 677363 753322 599886 180919 610276 785986 903506 661717 423811 406409 175793 180266 47757 938218 717081 318448 96499 745347 893286 419519 97693 30361 632219 20427 554583 889835 395092 886770 885106 34236 188944 29916 450240 425060 491277 164838 832798 467411 551062 722942 929518 130740 942889 750058 584983 112957 341596 420003 875325 185243 225559 72484 320998 153160 151299 521762 163874 695927 845462 495575 279840 177066 802097 26166 881444 610555 110927 844949 995936 530035 715011 536362 345284 371064 710976 372109 19126 851109 138435 147733 306164 268648 905058 179503 868483 762719 578414 424501 880535 943583 402790 344108 920651 747010 824021 145442 916295 840968 104387 207067 882844 780050 914828 41487 542420 803806 692450 714773 134960 141990 324779 182753 386873 660703 231019 152699 102520 510201 501842 334425 159619 651660 286290 500690 840245 794167 571148 911171 166029 589725 425276 821675 242732 728678 244229 729776 760203 843612 210785 925813 892965 300320 336312 526630 820925 890115 436755 500120 833887 142699 339237 26907 249378 725537 10604 788458 96033 457054 915847 869066 666324 318957 466321 393469 263324 246800 833986 221088 858505 54806 590761 403368 888376 258405 983302 668698 890992 936602 819939 157628 667364 375325 201579 371847 125446 338650 335393 963268 358046 63985 270397 156327 977819 67184 583216 426955 641472 780944 456542 88228 477221 935972 477378 637680 894517 433988 349518 258655 815919 33623 168313 958897 115936 723186 620458 492691 344519 124746 374987 491762 839476 316426 763105 907883 883745 959400 875039 551330 442490 827655 988153 621929 78633 539717 277007 649060 970377 645418 907923 837489 296504 841938 50386 630412 400747 10928 917113 855285 393291 408544 964740 618588 371800 933668 522504 488872 587322 879943 748106 946071 989144 767671 294195 949067 482930 797930 890379 803569 574646 46510 350564 163272 477796 196032 135045 979436 211716 883008 480980 331945 694892 150219 194794 353000 433174 661060 839709 900463 588608 11901 888303 130596 827569 825303 877055 14024 125825 927436 969169 621494 125824 617296 66539 98509 737187 496565 634904 84161 356689 786672 627729 868170 521674 254820 844075 571468 719256 957299 103807 88496 398270 559033 569936 785005 891335 825422 951122 152900 982461 631112 938639 514113 626364 173072 72539 288572 170930 220306 795098 158543 541680 762312 822556 421733 645834 411683 32215 730616 15759 540111 688018 788315 859615 960998 438730 693408 884196 415615 709707 806366 863618 654270 142351 500437 932325 681024 441284 762612 82514 837090 934155 773734 631125 783947 555856 605847 699541 301244 875588 360759 731177 68974 551810 419298 599194 971763 438592 603358 752044 137822 684892 744192 563380 429715 102383 127708 671817 296158 434078 432504 903737 6403 395925 208559 812822 866523 572729 896812 936873 135015 905603 310760 379695 929340 635375 109535 545600 157996 118347 241129 497782 423854 763511 985426 181346 502274 938877 616123 777565 60927 42334 878678 934068 532071 213355 584559 250006 66234 468626 365551 792648 986208 781204 499214 39709 822581 70106 943762 864151 348084 884616 963254 225064 558685 947494 476615 18817 627160 114569 285553 16346 757110 623329 338904 276926 636670 374757 347983 773369 728688 641069 613504 955926 393524 122266 811751 804710 17981 174906 668229 204455 406914 286704 806070 641234 375835 914419 485635 311963 593621 439633 842571 842356 547374 644331 1058 119697 958193 465537 122595 460178 591281 48667 754561 400965 245746 775452 326176 983917 245085 807186 21162 192358 148985 970574 269125 181817 262085 792020 795014 890487 811801 28286 714943 279366 778281 118707 648423 659806 169240 904029 730099 190282 772248 204373 748030 788895 885554 7082 154820 119355 314386 621437 881760 805977 898582 865318 906647 389004 432060 207101 967138 545170 59723 878603 192477 513601 469511 579362 382985 351066 254269 518457 14961 278217 546706 311168 322096 626978 95734 952655 212588 386754 798344 752102 78994 326507 833209 971019 341188 842839 763357 845952 800660 692573 535286 805204 168859 356362 823272 991983 897136 902369 257699 369969 401286 483881 499705 50088 134895 45995 23154 761847 403416 109914 110083 334103 567591 164730 743842 782433 256034 238576 550112 880327 897959 805925 565470 716086 713174 829294 817533 274332 869609 719883 259579 637963 920596 96951 73277 677200 626608 60665 882638 280852 725334 675513 742736 511519 204609 789206 74891 572656 579506 467262 954465 58180 466137 555336 539739 117626 265845 639578 58113 62862 244843 284474 569537 635045 917545 333368 358206 196601 443148 211428 366068 619630 600932 115307 51215 328831 324349 171470 207677 710287 338937 916299 574234 793818 957321 369292 370872 406882 98314 101461 912996 337446 307343 271096 52175 329136 400338 996306 641917 750915 867216 164812 983844 691478 929288 632220 544888 861846 698769 2367 465328 625680 108552 650380 533950 80430 55586 676645 96675 831059 859012 990475 581949 320180 8441 817108 915635 556349 48203 754452 917759 80837 14659 156887 100722 368116 290553 525441 886174 193581 333272 699218 542656 646460 347106 777471 467593 275932 537684 896525 58533 952198 189546 748741 977112 175870 635541 361364 884548 151000 480931 237517 399281 310775 648446 162967 686317 199077 919988 163857 320157 856578 825287 708147 609334 761589 585904 380333 782891 839769 499448 549705 873522 755157 974625 377123 518042 650254 751914 917327 220733 159937 505145 736571 420788 95825 994017 12162 357021 295234 545253 392265 612623 646429 580276 212503 589854 499702 224724 533827 413996 197507 435508 7032 316935 107164 579872 766041 777609 386361 97529 909054 731241 632008 854674 838096 296529 530724 416171 821971 84803 163896 312044 377262 943575 392634 896858 263220 435927 650746 319416 140900 204630 326124 494311 554422 968282 221598 148608 461630 243911 779200 189894 302551 135240 786281 845949 780942 82032 635578 294453 678897 622259 238873 282436 658871 457187 680200 921493 72807 926417 904963 865344 13425 505012 333892 956760 661053 22173 883047 452805 637576 647258 9607 682657 973447 374721 825365 395850 682256 885157 958 351481 446716 480664 489909 624382 367624 351375 420594 18489 977570 673984 560401 987183 513263 433467 612017 991869 212716 759729 189860 502797 314526 569278 637449 996647 949526 856851 742735 263067 986025 542050 844490 113134 110872 921646 536339 73023 966414 405464 800398 681333 825729 487938 669072 508363 533673 977135 721328 909934 882717 364345 843711 458673 145978 586755 523996 42327 768485 525945 555702 373118 66989 333299 509560 519496 839985 9617 455633 919019 954506 425749 730724 405512 442169 169008 561206 217778 64599 391248 231135 244632 367218 413989 111702 591101 68111 252086 317957 392415 994488 624229 649326 34096 10360 915942 802640 755769 713544 197317 483288 665017 387836 788701 603842 413471 763994 642139 691644 579812 383693 772573 769105 368507 118924 697015 105778 187405 646612 887116 401426 147079 984664 883998 762979 870315 139494 492923 650720 665957 772322 305890 635375 625929 139901 510145 581545 251765 368355 468716 837023 954569 648397 415244 370323 317803 899033 768898 456382 861012 472151 988908 796491 628139 627378 121733 293998 160981 681883 705427 154808 818289 87788 568664 116577 575646 606955 737351 924098 426877 868463 90294 593206 25093 889291 525953 124978 354819 234338 41552 41234 126574 225048 388964 759548 130376 228928 215518 262571 426456 656765 511825 420833 905502 325725 661265 53726 71376 236421 670813 237005 146945 109716 846225 601135 357846 61707 466433 568345 608767 474757 356017 650927 681794 381680 236283 873188 321188 243904 562020 453750 245848 755843 440964 650995 252606 605674 680042 714005 806427 234706 966063 680927 691181 419933 405066 701638 450526 516913 796367 115862 592496 823714 945612 374298 975714 11217 562049 75307 154278 796186 72101 594751 858414 665917 512217 522919 486004 821768 715795 122975 461452 292549 769880 577318 70065 909809 964258 38049 948027 29533 275282 313946 293134 180092 177106 311673 268143 499940 351039 878391 96603 952883 680008 74739 192741 276602 305516 172230 333403 468877 823558 780569 506978 904729 605282 896060 362141 726612 414967 867169 634912 891052 869609 869207 103974 919795 145612 610221 319167 307816 516729 311476 25083 406987 808020 675056 739456 211392 674115 491594 743741 715980 757774 4564 580801 69513 102196 486491 388179 716617 714915 170803 438015 172048 548282 18824 812106 287448 63335 645670 786330 323527 430280 512951 769818 694519 779733 305066 666371 4226 848072 841212 402990 169202 938182 114089 111757 778934 717911 892925 356324 818253 266705 3023 657041 889621 383840 609479 61316 481232 417324 917729 857445 933561 27416 985074 547797 503194 80897 473772 624961 231555 767145 231850 279714 981244 572614 489227 181648 269284 683979 111699 732443 578818 51118 733927 666599 861967 958036 525648 469655 205247 729403 468734 90863 633191 612306 35886 633330 127813 274733 508795 637107 641471 446857 42860 388819 52172 219733 388455 72893 476447 495322 681504 731395 815438 732714 598750 715633 781158 663473 399754 145076 957316 642824 726316 401586 869143 254966 982636 848662 128404 56038 133151 162454 824023 651105 785793 70821 528216 459588 268408 703340 626971 661160 25987 402546 763801 486444 578687 134770 877291 643217 285936 844043 671102 146278 728248 192892 777593 9643 528004 198650 556438 757418 256937 360441 252833 121482 729972 254836 177164 160611 353263 996822 301209 991577 388046 219377 530822 861291 338674 451038 402791 573538 181132 792627 560101 232291 357930 96498 754765 483200 836657 114217 20274 77541 155093 882111 368391 351099 385168 922307 679446 442593 381121 45574 140485 999620 785370 241877 773917 588698 417131 647422 952119 312540 284985 372498 688474 893288 795170 201371 468695 564476 360002 820730 722526 593961 97461 957546 371845 937500 983966 443928 475852 141246 482651 633117 895641 606345 789333 923298 905971 65402 176721 11182 314979 333702 642976 968726 344545 315943 342717 406922 445169 346339 705547 942912 6988 341757 261189 651949 474255 576878 393832 124244 946122 126177 494801 604970 586751 313696 385740 498989 53776 90751 234717 638163 824959 56302 240968 685008 852730 80309 731310 151230 639378 704416 199490 385384 662262 240733 962772 431307 398622 276726 12553 71073 969628 710342 644360 732208 131529 894716 629919 831785 952968 292627 695816 553727 157464 541085 435879 585594 48303 59461 158519 521027 25195 817039 425587 483085 611846 222114 290455 564557 889642 687455 975637 665178 732656 398133 187238 455295 579169 257141 74663 100480 922052 419048 645728 882732 850705 64297 91400 640424 20599 632345 359689 157614 859702 730087 58566 541006 616378 254315 860228 196133 281829 704100 588665 84417 744364 535596 825406 751066 399704 558917 778632 555528 376661 194589 947107 74704 314450 831869 177119 285973 943466 771184 357590 75202 804420 884023 180220 558309 245760 197953 861507 508016 579124 109670 151940 762672 327945 979976 880859 407986 189254 504880 530742 138037 807940 729393 255298 666649 685794 650192 93062 417683 402628 273171 71844 211061 657990 526647 332327 114738 927303 416079 606030 54553 204151 822014 647509 678946 873649 302096 1901 740053 890570 427237 450733 38910 448132 188887 814695 67303 868344 883489 645130 33280 936365 537538 74491 880096 98710 531241 107825 68344 138069 648426 89828 572173 37201 390934 819851 696823 61733 222851 714547 411505 168735 678194 769048 210985 786873 461194 333250 237300 490974 344720 718732 931693 981079 384395 870958 881665 957282 46488 993065 51058 824840 284277 668690 303495 464181 785423 625434 565448 954069 974264 678662 399240 123396 174780 741547 904980 698286 365017 290248 638549 990977 855483 856649 822517 973594 730619 807500 673899 979482 538189 873552 228208 370582 461986 486201 672112 597082 900721 782649 478574 26215 990954 452474 967477 59546 108657 232852 119187 194458 603338 121405 170468 256068 390199 804425 452620 485669 829151 942343 175387 518728 20730 988541 849229 584321 867796 268256 616163 137322 871805 255658 889725 928449 431939 819433 141644 337176 170951 704000 101794 788133 880725 65568 263829 28017 580528 879022 538902 895638 246993 638669 211132 343162 30116 835725 331117 762898 408044 967677 550061 752792 675286 808659 919020 544005 240954 337286 697788 388836 317981 191596 16306 809147 261089 285074 396376 942509 481010 163059 113941 146537 231066 713213 547990 216572 404682 798296 354761 336933 365695 91333 687052 527844 449232 427813 921038 616855 830296 871495 886370 297826 956272 558959 173022 931877 190183 403408 191185 507624 428889 410658 917332 846044 536829 331908 715737 766283 833193 423041 389494 730800 591058 59124 647399 306406 21534 597527 575940 508047 479763 396150 914017 332975 342566 307279 576210 625000 75119 455881 987693 611399 923573 411509 593631 157971 826268 786264 132059 644862 377585 382543 61709 611231 980882 750421 285308 252187 210842 195047 444533 328510 100485 312344 807738 255206 565664 384287 968827 383585 655363 661077 270614 175803 286295 533798 932808 367093 882215 113239 373017 989158 907007 831982 142061 265186 778467 127648 278017 484208 761942 283539 232791 29358 490396 16227 596600 569038 131490 292127 447025 421512 815484 158919 909569 59358 754728 147184 684620 562477 734841 867983 321924 695360 858960 723347 684663 302884 984834 357934 598360 957234 72124 947755 185801 540493 955102 321576 79529 196557 616098 387027 284077 706550 595351 835963 342999 404300 671722 73510 514251 133523 5659 923490 58212 586801 328899 645500 337326 532068 857021 895669 843791 531958 260934 799068 888521 902536 216892 265878 52876 505982 490932 897724 146121 189677 145762 497380 646112 447934 137180 865013 95416 135719 257268 637289 187725 253724 806969 203787 893698 440897 396274 29477 399302 47435 356315 244641 720228 392399 345596 222660 386963 265962 942508 951005 247282 747186 801951 917840 303405 21477 821515 112587 554247 76145 999857 811735 278178 388696 514183 834079 185015 112362 674333 541374 212587 735081 176476 578565 460550 172504 881046 666808 238311 5353 698341 728167 811913 350044 638538 743445 18077 978233 227456 774885 273503 347654 100574 692182 871265 995640 845466 335798 163400 649773 357373 674151 841045 908506 578528 957170 86425 313289 698400 803517 813604 975413 255192 777261 463149 546936 456277 41301 684767 780612 806362 672417 814358 653837 737281 334907 808752 478878 558349 492081 904381 249461 810759 627077 257348 177447 13373 13463 834410 9427 100913 87457 51727 453351 28958 150610 210986 225353 322781 13010 846022 31814 6206 293899 736256 462051 341501 568344 39941 579342 281675 695363 131363 197943 941976 64852 904625 194215 527417 257125 75862 42288 244535 423654 666672 476686 591917 149472 819767 122845 712193 522479 991283 865151 206142 42471 505452 351720 307435 111186 443996 311512 436865 615498 245086 131184 61647 661254 298007 704636 982147 602052 239172 415123 61010 458863 142103 436558 721164 509031 911009 376570 64990 580704 167728 502179 90417 846510 971042 44269 369572 546186 566654 348142 846427 829363 467924 659553 831969 469898 731989 84422 74985 717189 510635 920215 17386 159829 171708 990161 964584 757471 90825 306130 199476 183844 657226 824556 395679 848526 798313 213836 497940 822057 122234 798486 862633 560619 732160 663153 167807 330081 697629 756116 256735 600391 721935 844626 383561 847203 8134 560419 576591 95831 523755 87799 323337 454302 618121 401986 163089 152751 71075 992965 264082 743785 720261 330655 746832 836354 75940 562062 534798 687290 930048 652340 378842 258412 337738 823173 124185 298969 83031 343199 836194 860766 317831 264309 69182 321615 313658 105485 120925 529618 511867 852061 235649 994485 472026 945369 247979 523426 670612 555727 979218 615758 981726 418368 220483 715501 245425 347782 775099 700901 20849 273088 270885 658842 229272 240747 359335 849161 756762 958697 95844 305337 427377 358700 224227 368432 175814 174616 380070 389480 573215 388953 695023 664724 794914 421490 21157 499121 128183 526737 679218 769982 293177 61091 860131 281552 792448 265786 438570 158385 415796 278149 789746 75247 959748 518764 645175 298544 844960 155246 995385 169383 752628 284006 102491 593205 841985 96213 923818 592674 424995 235602 503953 254543 864493 488313 117006 900071 642106 190805 450751 196309 458653 883555 268241 163427 431965 479075 912576 848473 178714 802343 100121 54786 684340 921264 1884 712285 780767 439473 816965 600606 113221 764424 909780 118129 798042 835056 558198 198692 42919 829384 292903 139297 905504 263062 476776 784727 850591 538144 892763 357884 525195 596193 904052 113628 245927 325368 667921 900723 417339 614127 154622 919237 58981 301702 509515 858432 804490 652516 194943 759357 911016 563306 750537 183861 582914 335110 716401 842281 845814 389453 861611 92319 710122 575679 971914 116541 668478 91545 245417 992609 698125 685641 749556 551884 748454 229483 30772 398351 876927 237027 602692 873400 901328 956187 338744 622482 705958 573266 612999 522352 479212 726036 1260 529212 180931 425342 840112 396762 602092 637817 513260 98472 948386 864251 207750 738479 800040 543038 209351 336299 693859 160207 99579 467061 269377 620668 750141 835720 983837 399605 780616 295321 759946 222683 864302 508271 577683 529966 167352 301659 346117 447973 374227 829198 329587 347414 137581 333345 379210 936986 761993 335040 801576 488023 65487 981715 201545 360897 187195 581979 713548 344559 166379 354290 628378 978343 982800 365164 148534 441448 511635 205832 276940 508177 639003 274509 365056 351887 162504 16329 150961 684644 2994 105742 501404 348022 228023 716318 454596 697530 245493 117415 562521 276262 795606 729919 622079 559542 215223 657259 92542 721272 305083 324866 824620 264124 448604 824664 461469 195209 295573 628899 850586 960471 506425 989344 879649 144503 395699 93432 502924 628569 832259 582020 287211 723529 847709 23653 35222 694633 256471 606030 446235 567052 243236 696378 359844 158906 295930 844124 243993 387047 167755 527057 468718 328524 169901 112914 260171 104354 279402 247104 575429 140459 267769 981190 105806 33710 22380 36454 901473 724197 744706 920310 342696 138417 581427 438603 594590 331731 508816 291964 318476 717433 441993 318479 947944 585818 373095 218334 75337 907809 635423 543924 987204 889037 963179 152183 47030 712624 570766 471508 543693 151614 571133 851964 557873 510179 487507 364911 228001 802611 582919 239957 533440 449113 868630 601823 542968 82529 439076 499709 555051 312503 953850 946091 712910 590135 948328 345447 493760 140831 870385 213991 854366 451149 536496 965621 100622 969779 144194 132195 476415 80021 679630 763952 773949 59863 116649 183737 409303 63374 976487 743469 668492 251423 648719 122496 259108 286260 223680 373735 344137 168876 975708 142306 347325 158833 21163 739353 871588 343095 261863 417878 969439 795239 143386 890008 246962 833318 412219 473786 515532 270845 487936 26958 577882 47565 108107 485446 329669 279647 981621 910662 210855 767591 55734 653140 625092 541982 735641 344378 349193 265877 797935 849097 363419 792848 57345 431245 277479 48747 471515 111851 505048 148550 133950 412063 611827 169798 976519 927440 184546 327686 869885 311708 868029 845153 336585 656315 295598 678291 202246 249910 896368 978266 647008 471001 448323 122694 932310 830201 276276 424107 813123 569548 680855 880735 763141 418475 754843 779102 276878 298688 660033 159201 618619 487475 883292 182874 939333 221284 506190 388695 188365 28839 146928 943379 995034 194791 321919 784270 457925 123613 478078 636263 845520 357642 529961 101005 505259 873356 852767 86284 380538 408166 556849 607086 569244 675517 171483 448107 134908 791758 314986 85748 774177 582649 659478 906202 252450 64314 244407 400921 42188 126597 152529 306902 278892 823061 522495 923630 556262 170379 293204 729184 906913 935424 102677 722988 481346 602135 624794 254620 507959 487645 562149 374529 81891 459373 684744 240286 833411 200226 445029 191287 667573 242447 427568 972693 774513 729628 883833 618811 202391 344528 647849 373336 152989 345926 319158 623666 204837 68581 579944 97933 810461 217054 38386 594730 993551 822022 962490 755420 690133 887032 993244 297507 498036 664889 508573 76406 937347 394884 873112 443594 911063 994779 178690 581778 540872 853243 779157 195257 102655 774714 234575 632387 977314 843410 88909 807805 943258 109593 294030 969764 768668 751447 519155 282659 771145 478450 592325 385358 126350 8725 677566 748512 390922 445355 687467 315471 464673 278176 91387 785052 310847 426779 63140 417216 334150 280462 932616 272322 9470 355291 589125 544421 903725 428449 480634 407371 927260 396567 860314 464730 473183 131752 939398 49090 698810 81844 571221 583535 78608 545471 706337 701419 96156 357980 472744 906931 15297 155117 840988 991239 553388 886183 287299 323733 903994 438916 921243 549388 797384 527399 385924 239464 37177 759674 811254 92875 553425 534540 654287 526589 879013 67395 63404 801907 671705 781739 249130 433380 391571 827350 55177 62646 279401 232876 330474 838142 484725 506545 307007 113593 654114 309765 940219 257505 226688 888078 666926 392740 993483 506397 40939 726427 107219 442239 125642 424459 577213 526572 632483 786822 944287 20308 659297 261713 933444 619153 340731 288377 639679 4492 785004 200192 341925 42552 456633 889849 595650 747202 891446 853264 485712 304260 269881 419051 115964 384335 825839 566802 802557 380782 723724 338846 331302 460266 638552 418420 285898 18679 167236 924824 420044 345677 84814 45019 981574 541261 940451 590787 423030 446366 730151 584757 216091 204268 877109 581530 359736 581337 29586 841733 887617 45809 536628 563074 998713 886837 17018 994398 187939 719817 377717 596870 592212 270484 918079 775881 957820 841850 511812 383943 570924 422928 257319 761798 149286 940047 932778 486947 401755 63554 154612 992576 837239 198124 966958 538131 703414 729845 378636 909823 647693 494371 61 410541 252248 232915 27797 914025 578276 809468 58390 447682 421852 649023 449263 379530 880706 677771 996541 292608 683037 216306 349324 494449 593750 966507 250914 718034 497431 685013 360297 686951 634994 102378 731298 803629 907754 997333 47633 70362 533560 750867 580530 118818 450481 242455 179070 947807 750432 289534 885451 469666 377565 725469 220632 165535 496222 290911 960090 424599 77293 469182 581526 293336 969540 656092 337534 765306 198539 982231 256381 434239 379499 668327 536250 74568 143986 997821 187474 66132 909996 914502 319382 728110 816819 479101 52595 506557 621489 127804 428101 193635 23963 17925 320949 579979 260385 454141 164162 88233 652528 511968 287012 307307 390558 281711 429283 384990 378417 884707 336942 105615 944205 400999 136094 276609 10338 421478 490878 92131 722172 593059 608685 66912 837919 342001 863363 793016 241786 225091 299253 353695 686643 696490 55532 170384 90428 644167 549728 182955 421006 410028 241454 185725 335652 232627 416485 59244 996232 20731 563806 603613 545160 976420 609 860960 951534 330335 631558 826982 412731 342350 96297 686041 328419 312843 815449 418107 50267 449843 130925 429004 626686 539046 434206 488141 813152 135512 975675 206668 3950 221886 417057 887244 210941 171024 520415 874344 480881 768609 746022 456196 228969 944826 53655 898805 240375 990861 525759 183274 125859 21500 168741 757970 976130 54883 186818 186460 751329 719346 282691 501160 141913 99325 553663 155420 936281 674908 323892 358960 913054 538075 63260 14767 805092 754389 361167 514853 291539 4262 555648 473519 767719 76592 626114 450439 533900 821272 690095 328730 723079 192202 796579 568964 103902 343633 111754 788526 541318 528327 620480 56879 820407 356934 717474 481695 243101 524764 516560 266520 525275 853045 132750 682497 510638 506974 124170 965765 91455 294327 620669 635574 775510 234123 852379 988815 191139 465450 548622 577303 272533 544407 946209 46025 503957 214464 988657 633746 55025 621505 298963 337708 590147 615745 254839 370076 933457 369577 419052 394058 846843 979298 393002 76242 544640 986901 2870 273130 14589 4633 271433 335830 147391 479765 914076 282057 372676 222531 292040 179631 61533 849653 691404 55358 604952 442989 722950 605372 162026 532917 831343 743738 829425 463883 538697 25347 165526 88634 540230 537587 262253 948388 399152 540984 156601 380048 252850 39773 594692 675114 552717 931041 750045 417474 854249 545240 857725 226395 514894 751787 734995 877665 375961 619266 256569 7278 601397 176514 998112 828468 376013 69696 634245 623967 374059 715122 203172 19690 122279 521367 352276 297913 848995 85491 594109 427298 687856 174810 49698 179265 296241 989877 804187 673288 244003 570815 228696 322650 195949 184455 492541 30101 409886 816939 942337 98485 822373 202785 274750 971806 277598 381608 507463 915907 69528 366039 706856 82654 172471 662852 797226 177598 581992 32580 587798 994166 790593 635284 497407 47213 810282 813988 919487 835604 367003 761121 80711 402410 977020 814514 818362 281587 223220 255677 840993 893942 612689 795374 770253 96552 524885 785411 261290 125227 567740 107924 764313 95024 421720 31744 498827 180921 700766 153016 89557 399159 266483 598998 904997 91378 638337 329260 516742 474839 768529 808675 705923 173248 206124 259877 257929 507310 277845 73084 922813 709772 707759 725101 99328 856879 442418 796944 19999 650762 154090 714935 155020 769604 405646 523579 146409 428584 417992 987752 963253 996530 128981 885055 573967 99249 236180 346113 96147 648317 782047 401996 111350 969251 156370 686572 71186 590952 38560 323776 176531 474425 521781 252796 77843 740989 897062 316208 25465 849805 877545 157397 433140 746860 49716 431434 148345 467006 891232 807318 128394 880674 243867 911876 417217 594976 933332 81349 420331 11675 98043 39973 969981 361971 319733 65281 911425 991950 810790 5339 35199 601655 459285 210117 524585 426707 770833 805891 686247 880295 940963 290840 995810 136012 583091 957218 329358 756711 451159 562818 622760 710960 887435 889913 517909 888067 511158 332511 520715 941044 760128 143922 270991 414715 724691 289572 251032 914257 338712 580212 957466 831306 626715 495889 744562 450399 247712 86069 941411 441667 326860 26198 187412 553090 846113 311804 336325 845396 847206 753487 71439 496434 509445 858562 674624 812309 780725 485097 48771 50754 977893 240892 14478 342863 707503 916522 803878 378030 174322 935805 526795 17395 206983 636679 28587 854203 388455 427083 786245 621715 723446 457733 723666 76004 248632 400171 752564 766020 39041 771826 814484 956935 472061 584618 222252 523623 219676 813231 515597 963220 180931 733069 621480 285724 867979 401676 90269 231409 814680 166168 846983 388350 766052 311841 880356 576793 738283 965943 79305 693027 523525 849515 995571 133005 683700 319697 330346 40146 429861 562081 271434 754022 467482 777529 631049 40442 695691 568381 448121 938551 998365 534891 646077 807679 411890 194076 401076 519871 331092 949698 826920 804213 973361 475152 827549 174364 865939 74152 529092 274066 22964 739982 971623 133810 767004 807288 260268 277896 897750 296319 91213 825752 789486 245851 672633 781301 975442 647698 150177 352109 683903 897821 143984 562414 513946 289113 246895 599213 448093 423887 36118 834576 252323 692457 20185 728894 871726 45442 331913 218912 962178 927423 66080 744201 69072 563658 747295 239995 697045 732056 777593 556965 570539 189740 559984 824722 86533 788926 762631 142707 491676 540601 73205 709045 854060 420307 525737 393323 523656 974799 48046 398921 974390 714499 650802 79483 672164 848012 33589 58497 694007 266456 966827 861864 205802 547696 363239 38251 775307 291458 948510 234255 907818 285248 484474 810909 309474 353960 816921 668715 928845 545294 652406 79471 556510 566702 47537 29985 384847 224804 40636 876344 1713 645353 814830 855433 994712 540896 909781 278255 92462 826389 839295 24528 681837 885444 672600 422285 70651 544801 924507 820695 539338 676193 474211 34759 933704 524362 488816 797294 300020 958542 765979 65381 401656 129986 327010 164746 28871 756593 120437 392748 730100 104144 43137 530045 470997 504157 729836 965589 24738 557226 176278 686285 935427 399394 696166 364231 779881 219876 240188 104804 647781 180724 668790 983325 208424 413279 34243 644053 401388 25798 253826 799838 704424 721147 790825 115117 819347 519035 799078 481614 501803 191666 72907 576857 292585 520673 250294 434316 126268 487208 602947 864842 137983 654511 980875 915843 349844 352797 313988 975945 529767 715864 660150 390084 891228 739318 736867 112642 566703 46027 193633 413929 283338 787405 669984 343358 983176 204565 771858 610557 911091 814051 580248 999642 701455 33673 396889 169382 542928 4433 967080 610890 132028 194626 843901 174103 578734 90551 639573 206988 841970 303163 238832 133287 562739 602986 489027 372620 709776 741366 105709 989262 107994 617424 489926 904139 867196 143519 533337 750654 137566 400486 251620 307265 328080 335343 51236 594298 220409 619297 233404 467804 680350 972987 429968 649194 106135 242192 701781 545490 203870 207843 920085 449230 243333 556646 974369 178181 411172 760424 561988 778620 979841 861520 783152 966055 266751 5725 56609 323645 297457 440417 276743 309629 738090 720683 602548 822047 959925 280755 986121 330530 114651 534618 107908 4219 132361 430653 227311 159676 699415 114291 267187 740105 986930 286114 473838 333312 623448 538439 107017 649442 398931 282589 990629 360565 280901 190921 187477 562333 64844 344313 25746 326334 71534 684480 611534 567917 292393 386557 900511 467427 305451 390601 180304 409723 13222 491220 691800 995754 153509 96711 745611 469546 454179 738656 953742 242010 584363 999800 129863 972446 364621 729739 164990 1023 889254 737643 2546 544887 358815 851985 906913 561163 21366 468395 603313 667748 822193 833032 794516 460191 747761 348478 971650 883590 802295 170146 847895 6883 456052 956036 384301 406192 686559 722389 379235 614035 355594 324162 497534 783899 976073 743905 740166 750882 49347 424176 309978 731738 859272 552838 857471 506977 428851 565341 420518 52450 258717 705161 448829 608815 189156 609890 533499 731200 886194 211144 596156 397100 539593 175378 286105 512361 559479 862852 737705 284324 898607 839756 217953 474370 259439 286014 392676 318117 799534 860250 79795 764074 918102 62267 69584 994680 391385 617936 413905 37452 384165 955918 785937 201578 753512 142406 501665 15556 399891 872008 216334 384869 540474 133756 58056 615527 269678 258201 180748 479126 905683 304756 913419 576430 427713 69985 109240 391903 955391 911549 263448 781241 817939 438295 868565 79627 415465 971851 530279 310800 57474 920937 303770 137398 166600 824255 587342 29447 805663 926059 616975 534169 83189 394784 871583 135380 647127 746807 898095 996587 998715 979319 973625 966613 570352 447535 716787 810175 105319 541855 575401 556212 241064 939791 527895 574761 487567 325423 604178 780392 408136 56956 134548 896740 48224 894745 796647 898079 97256 543273 407099 644525 27670 199323 296118 844570 26188 969878 119637 120487 799588 632398 67925 700739 431759 719810 362130 298840 328822 278663 997210 341081 387830 8624 145334 84172 661491 460930 136852 34513 758597 198609 420747 963587 859444 274204 309335 649152 452246 733074 903124 729710 949255 397135 896897 705723 380139 659061 857416 78829 148841 554760 793235 191955 259514 400410 254599 547230 633659 147143 326873 147555 268832 66246 23621 786756 831613 330741 691840 361094 205107 119956 311518 992579 101422 33475 871370 168324 466371 533990 371788 999096 762974 862232 991702 906544 528088 816310 916191 220482 238540 700464 999017 219128 537928 727599 897991 318749 605086 115197 794103 703661 90987 453046 495003 63485 28627 838213 326360 925719 958014 133428 871291 944382 348846 404879 33162 950980 893699 664227 468061 581058 742749 830703 799058 217885 739752 243611 210606 265781 540629 414052 769979 882970 882385 948829 936905 668243 743787 519099 159686 853516 21555 721305 642813 336653 577578 814188 357861 246763 599973 478856 731033 461241 926872 378395 384456 746577 520410 476879 15132 518810 252521 949901 989637 981535 165641 657754 716306 376147 668119 82566 197381 712223 105937 414196 234310 509516 334832 343194 32319 137843 227799 421451 185320 375693 41173 518611 918452 316394 524027 693854 634977 678800 388757 748656 580178 86616 878397 646508 90766 714920 2262 292358 337486 270333 199199 987731 681022 981993 274241 136901 653835 659563 221510 581761 957283 512891 634370 764608 299850 850695 625443 694048 943707 643016 893979 131463 182858 373366 550524 367876 815491 433325 394524 418311 607194 87568 914999 864234 853461 330279 523437 428682 418756 789784 117343 125086 664238 724571 775664 737682 401936 812738 25772 221905 527650 379931 69723 550052 212390 25047 861567 615907 718415 155497 891737 654000 384433 800080 237005 704591 100747 660914 246260 377379 626680 793704 495489 246752 624729 270024 898072 502153 927025 598828 130674 187255 400478 931093 58368 212919 508355 917761 616884 724196 261184 282264 496452 426769 986898 441800 430428 479620 842655 680005 98754 102615 115939 953178 35483 859549 109504 476291 76690 217326 329123 357534 832754 22202 603448 529224 684248 524506 43560 633662 174544 478773 516277 611091 503932 352888 881953 384915 58430 221768 902738 983294 845029 483770 132109 297258 323898 208726 231097 851943 496375 97480 280337 996881 171567 714254 403665 989445 175106 601736 376017 471093 326896 663720 332192 561980 157139 3616 578414 759572 898749 92556 168321 192968 111323 342271 235243 527701 366608 415559 453564 867275 146590 940528 994870 682963 99373 299905 268534 645693 190884 303667 587529 705403 352824 537536 437274 378053 776472 202405 713562 783254 758722 624575 197260 858229 784052 332317 448878 710988 995088 196816 302004 923902 968532 671589 774286 101974 849656 436952 608372 809189 714390 887887 980631 175564 225664 400618 791453 580857 173938 336216 206 247309 376810 273923 554285 728750 935903 277100 799893 911327 961611 844429 253081 281535 548698 528734 15169 186546 459921 67029 680655 801432 716932 686946 448933 689064 302732 687271 166604 604005 438149 535019 952384 148654 629867 720266 945667 21257 346797 792310 228584 501412 537020 430708 238733 83239 403894 253450 697882 617478 582288 385513 745478 697784 432033 542580 264482 768717 671716 92649 533727 858395 456202 583779 104746 858370 700616 734645 50837 381510 829121 527604 83646 164562 400501 507334 825318 231824 42181 963688 674489 993600 896429 408037 545678 990701 121289 978245 565035 884647 365901 570260 218748 5866 5811 848898 532423 385379 818614 859286 723903 129587 986191 536259 35879 232731 169136 388888 114498 532278 434224 323149 430308 807665 14995 579838 447167 306953 879006 574373 580152 792875 380680 999101 966308 38953 250025 332975 529042 367226 174727 412799 628556 293446 187316 43368 300472 419819 218835 555406 897369 945366 157781 565856 154592 266240 75472 53272 437969 655772 715141 820439 625010 932121 253095 695021 185634 757957 186874 937162 766905 531683 864270 911132 993859 276631 407142 548694 504875 435989 584620 277229 337436 640959 811442 377418 227936 821049 932066 556015 860415 503153 659273 387652 490801 656598 884503 237955 953612 510752 362370 511075 501775 458356 753923 260089 298067 229134 604786 83977 537941 88544 759216 467841 720428 122414 925772 586541 921004 831240 824699 778918 4899 859672 984993 641781 369914 80282 169782 525170 535496 553538 895873 106331 802369 282957 41557 43600 944865 771 852331 472172 345016 861107 345649 371726 592270 507630 729662 674891 44362 459534 366379 360670 722304 695067 857346 380156 655967 241839 255128 588332 102973 778946 685045 829317 294832 94720 304107 764505 738512 397501 521706 325551 817507 336564 873279 666368 650908 870440 388917 338169 230638 43791 331552 271392 969401 469038 439372 316376 582050 575758 60329 73048 352645 52801 157764 325794 879896 698667 222212 381822 51717 634928 240743 615739 61626 957883 442053 574759 384742 272885 148860 652566 563871 97465 877005 301305 560330 46368 27901 408528 36369 500626 614343 990701 500248 369806 178005 108673 249206 946971 418980 227561 468099 155519 884774 840257 561528 927324 77181 144296 737260 861930 92483 112928 331102 815463 408703 475747 787870 908525 303269 532973 880941 702287 650676 810147 461133 282658 642033 117568 45558 201034 809456 222584 318125 726259 207690 955033 30262 565565 580890 822502 527659 343925 552629 138398 62106 726958 487013 795911 109285 892338 926406 304778 835161 212779 641557 880298 331151 511274 829163 193336 802578 682491 116830 586390 613278 616827 588724 732351 196626 924637 454270 777183 56993 41774 107154 615012 72268 310603 854822 642399 197088 381473 939497 898983 351172 21392 24271 142901 277009 178807 444017 311178 439178 961834 883895 961200 821890 658116 784985 495131 95162 170273 914966 417977 588641 779465 386538 333577 52104 297548 812889 275814 498918 191488 585658 112783 837256 611127 188057 692031 345281 753789 174994 550792 186432 159291 884961 403200 853012 380247 169644 503365 401393 116995 176603 532554 185764 931001 336622 239100 497544 363859 988599 968219 967893 231105 753460 472186 411193 305266 874298 332307 317854 954611 387254 260667 180651 436943 602589 277830 987040 123157 645513 989747 484555 448565 982792 247565 274019 585575 497167 128821 17650 572568 948904 852413 564517 207124 402459 195376 508616 391493 755624 824878 613789 933209 511992 229519 746448 485229 557239 168924 134058 805400 981610 365007 904526 258653 859247 378370 404377 705110 180515 239553 309756 436503 882392 799663 121825 743432 247651 105379 207851 533257 904215 194096 649532 546382 820447 342564 502288 109513 682838 245794 854668 957440 324280 205588 680201 811417 659318 152361 101916 689018 847047 15151 712621 667705 96402 628532 392585 530369 568762 984476 305706 388356 726081 528506 606012 316504 275836 84566 823644 898684 31024 32929 660396 892073 458422 622974 538986 651506 615284 128702 148531 779003 318876 940670 638393 460847 432433 559422 980912 144986 513727 373975 436280 818919 326965 497565 951264 971519 879716 471608 7424 990851 411332 16522 684970 851472 704459 827071 538754 597569 3191 287730 694848 915721 943736 75256 327909 763470 32184 629234 814752 888161 275689 530622 693584 621453 741805 845768 884545 775061 774764 803059 628358 121777 173555 898070 819002 149021 383126 26536 886225 902713 708242 491505 419401 254775 597186 660300 92128 776 984091 610110 23157 824973 872710 244951 342325 146146 445127 955910 622825 808609 619934 921823 458148 724791 874530 244549 921322 532841 288263 418088 999479 600791 754347 625722 439180 207360 58523 858911 400303 868872 712131 945027 72051 28290 890089 765450 771565 78123 888797 349542 787254 369741 659655 953243 25135 817483 623039 745356 408247 974617 729442 99991 45687 819788 104423 824519 707600 839195 969568 758749 241392 549718 59281 146041 989444 623673 549483 952584 970498 230491 93898 177509 944467 912980 139523 383684 899869 657258 596928 904294 659560 380300 893249 726678 460053 121559 689147 514873 362216 230739 640754 172427 839870 870237 469062 7611 414993 43964 599985 216658 657754 758600 240737 63139 173318 204076 850609 705513 348713 867138 963683 60504 702605 955623 134516 267377 257160 497615 866865 457763 409347 515147 469919 412164 27923 779739 387487 975024 264375 757051 522511 687592 401614 591723 686836 217881 296239 861664 319751 417002 20380 597531 978451 893078 441621 379520 536481 910972 367682 431279 82165 88176 343105 288171 821747 129241 132753 719865 867282 421783 555059 626355 263823 753908 605746 582931 338051 771565 453193 391650 624759 194266 234892 398086 866356 225811 70889 592805 451212 422863 532114 290683 821808 224212 927812 80143 666054 201162 329014 363386 735806 924070 837827 178478 285229 950702 513607 703312 538690 645231 49253 441369 632315 648557 547118 408584 912175 828267 822277 298164 857743 337900 699760 206880 609388 172384 954315 967387 237150 299271 615928 995544 472464 91549 313138 653119 111 823459 480663 973138 730298 276896 866017 226452 605937 432662 703987 466662 768910 657105 834619 967497 603515 396565 197198 68366 663912 119233 56458 987393 954832 15470 581111 320186 818913 653116 43005 51874 159855 385972 660878 863303 246873 935100 282314 616619 882587 824361 734698 135907 657158 237328 82328 153982 113693 721864 840191 201507 362985 649160 475053 321580 261435 135238 607788 430737 449989 967043 302412 360133 701020 617692 687794 204771 934278 769901 193869 920942 909224 396753 780279 218199 485114 39330 495287 427570 175773 397667 739296 195042 556145 381858 726759 692470 600715 400860 41270 485983 710747 212775 381164 907991 995893 621998 383219 123394 144587 830074 933219 131273 908839 184323 363882 736504 858502 337205 418611 155340 844344 535970 29636 358718 902092 194299 760292 580584 352694 208654 101679 853516 240016 606709 596376 49091 357040 266702 567484 476354 682251 619458 186800 594973 192799 1675 377909 142455 367211 808855 377983 581288 713056 507076 101520 245334 562065 346176 245084 161705 656977 914321 280666 164029 98134 969295 927932 445138 595407 751692 647971 990831 817451 881893 181606 960465 70033 95928 513605 107569 322937 689806 790974 957 571469 329531 425404 9412 564785 199924 184035 786075 456191 354883 655683 953116 901864 1503 591226 169175 626552 118002 831303 234931 317489 627993 222449 218223 492108 507018 834510 269079 828258 765300 984046 655368 104172 248471 771611 92025 934640 3864 975771 511140 197154 79675 141587 648230 560111 547064 379625 680330 212389 98073 749325 74056 59624 890352 740982 319856 718771 234372 486724 352925 192908 49865 692417 900844 684232 490702 656635 936080 45377 506059 646713 781102 801979 686736 61108 174460 83421 529681 797934 164335 848539 515913 38640 429787 72304 574233 198756 338815 420150 402588 999974 495386 874331 144168 171959 547425 996614 569383 421307 557495 635829 364606 809625 10377 636388 459486 435555 31669 335164 991522 83051 124370 986308 647185 914710 233639 830016 537236 217596 872895 836662 217297 95543 584730 543688 556915 469241 447061 845163 397915 52179 648863 50398 573554 458515 333268 256425 904583 868608 3379 761351 588008 225815 106586 780917 134099 794684 37671 315696 964662 14870 766862 784124 264072 736868 274653 740035 993272 902493 92019 229044 449250 824711 628576 769808 652554 238581 277781 515423 980674 554128 838167 826025 47494 504668 861618 627520 861556 762347 18292 635578 934676 88499 702353 184025 436756 310078 334800 519556 506429 985194 417664 476908 536803 761443 504790 930241 520274 999363 805453 352317 198636 832489 745543 120371 283612 262136 609558 996126 868729 204533 707043 650761 561219 793758 177010 323444 790377 50380 261984 15067 194977 850104 630010 694317 516459 759309 643151 716946 417806 379215 943872 512768 251188 625068 295281 425400 48368 815669 135632 4445 428336 293011 882748 244685 709372 633328 837388 298849 463159 698285 642622 261557 795793 526763 753520 760727 876549 811852 915867 782999 19448 25796 613775 69711 891704 883398 486642 870284 334589 806337 108431 714843 448624 47853 694590 306045 150387 466860 23219 830102 136076 576081 746294 508403 229185 698567 432224 250159 285779 593449 950376 659704 695947 748820 20033 103341 328057 434126 632665 485418 91774 332155 826791 498848 779730 859722 655809 397086 464853 279986 812180 526760 950615 73427 946816 119756 497559 100173 423147 705404 867217 500413 211971 890469 382722 576516 149182 596781 748534 719772 417773 351331 887107 260705 748574 157574 885233 185250 353662 861142 147737 312082 888431 223563 615477 748509 295724 461586 544358 929802 698320 578819 917667 283625 827883 756015 389043 618552 376891 981768 253369 747272 721395 824100 144893 668302 415189 382907 10940 495491 20470 728808 305603 894174 146278 587630 839213 38855 283537 970407 373433 927514 646620 65986 843683 588943 819938 475219 507514 145100 576187 24306 470323 435942 856160 394635 325399 681103 829281 929712 604719 678928 616818 801246 516382 288039 312870 704571 910367 37050 27375 375668 637591 404023 40204 601326 952133 346667 405810 187914 372936 476279 796256 506354 376764 195941 805536 103725 7703 548054 186270 853183 560538 740623 836194 547905 542152 463431 138770 800004 509793 883479 572836 765018 231611 384018 296832 865851 741335 522057 170100 84213 89396 560026 306668 971048 599063 869881 498321 756894 494737 530674 813903 363130 602909 849213 345558 856259 467037 776411 745457 922473 561866 355768 441681 733653 461699 379989 889886 118690 824057 953194 729111 622343 825374 538980 856607 979097 759457 209460 658821 891487 680925 76966 231911 208564 579428 669853 620970 851300 731024 692479 95832 477293 96192 924500 988786 928290 627329 84335 755274 612852 376324 549313 239393 447828 739105 726716 707938 951890 150623 150098 238652 918760 341774 538300 84962 882314 57102 356506 692413 4236 213995 749476 229927 972151 973019 838514 311805 127169 218939 890841 585524 440526 385908 205126 737231 507352 972598 82071 201614 193983 79483 448966 379361 492302 265794 381836 55741 483241 197041 850650 44012 774050 727521 311349 910816 660331 989956 290839 941836 725152 43121 101920 979605 180103 771404 120094 277466 972086 760509 810640 553178 648096 144194 942361 458618 637860 140065 476953 555281 378564 602563 621908 167909 684061 695073 678303 768764 718871 183491 520270 941465 199643 535055 635309 670123 259187 538206 541746 831989 386579 249518 343801 483740 862213 260022 616409 211715 55860 662165 826100 270253 231917 873951 149133 275320 763342 664609 10453 645344 485548 886314 407862 756560 656181 259422 539137 947879 40152 480317 111401 814350 194710 474211 514052 35446 722820 377879 633125 111890 944248 486828 886073 557767 138027 940716 659707 154994 511519 420287 735645 295582 919127 995602 33880 475450 679726 565267 589823 122372 762406 902719 687649 678874 44763 765098 241006 324194 5201 201330 315225 588477 317873 357333 827845 561684 503914 400908 712726 545965 656682 615956 304244 168927 253053 853666 326911 575666 234076 215921 991605 646107 572773 129355 920126 877438 666510 734619 913869 399138 635882 846751 46195 731339 607472 584555 999994 758943 323042 623181 203299 663443 656833 629117 357575 525907 725203 24407 165454 33462 944616 708156 472995 658088 813652 560499 987949 705505 827077 585429 765030 970420 140590 899797 147622 656431 616993 854104 102112 935453 900811 150245 268987 846687 272967 196941 580618 515863 432811 504226 110466 897407 789161 824040 620110 592767 632777 720645 713455 690258 930382 815092 525094 971022 612793 495906 347248 784660 735428 890995 423042 267950 610831 706864 264232 461299 192481 942610 678606 166946 295157 4288 650791 6297 336455 873017 130032 390363 591274 152175 742148 817391 215473 175774 425452 395221 388632 192332 895570 809348 761034 349527 622792 601514 799887 418884 133523 865102 441279 274851 76392 748671 399191 495755 191764 133696 293551 871379 61155 844803 697925 97805 638475 236342 453122 271034 402431 703955 562616 342258 479779 524915 636215 455856 366052 453463 934157 411702 799516 630757 107063 620427 511044 806499 716920 258174 30198 321904 796135 814379 672626 636268 905498 39753 144685 655056 127258 257164 598154 41193 505954 936666 88603 939242 405875 70124 45170 329998 315447 744575 49103 860801 727560 498480 446086 797137 156279 701258 974014 597593 323830 618814 447554 886139 992548 868552 516885 308079 895568 759281 789328 541314 732745 945582 917312 929958 391130 233435 481303 524565 396175 758293 151456 918283 94070 790601 881592 505123 132485 508250 290037 149668 705515 37308 538490 92607 891454 570091 381829 121450 912464 800546 748565 92230 992006 740449 711644 495625 447831 362967 525055 287462 235228 295332 652453 821379 331798 806041 380226 93814 72789 493892 330516 289109 659832 190807 269079 802867 938235 533454 803433 522697 988057 821717 133381 959854 776759 701332 956501 878147 358501 925566 962579 168068 467175 310127 560377 869210 885661 442267 936262 422773 239187 515662 857576 130410 64281 723696 268859 757151 858657 190274 617044 169359 790831 193747 710812 710007 533099 319761 204862 228838 586431 42116 244490 22943 477625 323156 950855 332341 442751 66806 989394 139168 995650 682776 269129 465153 627824 444714 730100 681622 139943 512666 729003 70142 982357 368673 429454 62533 778704 541483 477059 314188 743176 741489 446165 167227 69006 447306 479228 47752 291466 904398 940334 571819 5962 184583 128384 766127 768531 377757 195080 359908 564926 566222 692811 792365 465587 309494 707490 69681 565899 702563 691664 78690 459006 439710 113945 493150 723879 944135 537342 12183 722921 557954 988837 945587 817603 142173 870387 817382 823682 628288 423400 96719 914629 324648 436188 541015 15381 396364 189118 655305 651925 475918 992945 774 712803 949514 127803 518045 397242 422603 344815 756548 78200 21117 894820 861141 212985 473109 301500 333256 537306 605946 284631 566920 809833 540127 948483 38571 476095 985636 114739 729903 564466 6619 552921 131936 452643 344869 366164 257580 571871 513016 767825 299969 970288 380070 827011 215472 834469 733440 286329 574761 812376 323192 295173 484534 282274 382101 485468 666371 201775 106205 578627 335680 38786 223337 207643 416456 531163 120535 933686 920321 725070 276437 846138 616492 498475 894125 967575 38202 4758 988902 50881 786792 797416 124467 371247 992116 924873 316272 31776 506454 248960 405753 595122 673911 482220 226330 192814 960715 738793 86577 277764 910394 824876 309785 683828 84950 214221 526912 139059 331722 227912 35524 227765 25271 661943 908973 841816 723774 111902 634479 617000 881462 267983 748913 998041 341673 329857 205647 113205 566295 624049 211347 32083 814329 367359 353808 452421 534868 764426 382137 742449 14632 236530 502496 970715 451720 128622 917489 526775 463793 902420 529770 349395 837206 115476 483739 473734 896442 385557 261718 337231 447705 200189 51389 224299 182283 375300 89116 515841 877144 577778 80149 230490 689121 751385 689081 794508 372018 334435 205942 785228 270414 224227 741024 86144 729336 639924 368349 179649 70147 831990 348178 405604 988802 226951 389377 157311 914505 498166 346564 793194 394902 818749 683256 942811 433219 563824 305271 799114 311553 318731 621713 391984 439811 881604 403508 621487 68294 559102 304992 664674 651380 921936 480331 243130 867229 608507 461605 194072 54721 585448 299560 136228 178554 848780 747030 959916 663525 944912 760217 985822 856021 62826 445726 193757 923733 766731 895856 61951 85156 503998 843297 63478 517189 715124 889589 113211 960260 541055 879016 691937 810068 251370 432629 354391 822067 592066 916880 823083 648509 491265 864836 347670 167261 864697 915758 332990 868437 985840 11441 675529 326666 487820 668849 614524 298154 855468 122396 797715 608947 648750 476069 638001 418179 221632 444053 962797 702167 10087 952090 600651 916230 515699 236696 803117 310856 452653 70752 167597 441380 985255 963286 206863 822227 304439 885071 288300 331057 308268 4153 791502 727537 872708 342977 871421 161051 47065 759971 653320 960901 169987 917244 747032 361020 39099 675428 831896 122223 40285 897166 416003 117670 728627 9122 899071 350837 422507 976344 456760 995700 973982 503592 763650 133203 544346 957951 415734 538333 412174 152504 844047 844352 867394 486442 788709 854340 651942 806465 343432 593544 250225 552861 847639 547890 614983 265152 443910 573372 281741 151498 11196 739316 8510 798423 255820 746406 343824 568807 299707 134069 298301 343947 263209 917514 522106 88767 449898 384530 34155 864872 225299 196782 663167 41054 645921 689002 748582 576830 176640 833291 99410 754199 756691 226934 381965 754688 669130 522882 501636 30257 435896 456657 255417 624369 251653 322086 60273 695467 862080 162600 612353 445642 379783 853515 206813 114644 970956 666254 711943 969652 49612 532543 392161 339834 813663 250071 379809 250505 381837 592158 824291 723480 49488 774753 478207 715125 268285 947807 581327 178862 951305 930145 595628 357998 380844 359682 637420 47209 629207 129339 103191 858769 668137 295636 865246 723733 322158 9769 822183 42363 682987 681641 673032 943573 995933 561219 745793 492337 105252 414699 389339 422258 232965 926712 902520 470955 947981 637242 76735 232208 294246 805645 265415 410239 507880 100723 222980 693327 344645 868032 247280 312473 166813 746186 857739 979077 100351 184607 887862 919928 318325 575427 554287 730970 980428 920306 883580 252522 665432 749354 764988 450898 686168 126909 778951 518742 301515 689792 120425 505318 175215 385591 659704 901204 978502 663868 869361 324240 793985 661367 163788 998325 979571 147954 941022 510751 242662 484600 270916 331513 495464 990371 806675 43185 925993 665740 144114 120433 97063 530120 570056 990842 483101 861175 411281 235577 731798 571735 612924 172735 542689 838206 646594 406278 578102 658916 289236 583876 937879 469932 917543 908010 471143 303142 533789 926042 391200 505550 613962 70014 182751 988433 533751 860184 976399 507887 295685 949229 364409 658791 581451 129824 841199 907661 146807 91839 122350 18421 213160 794731 104968 808308 868123 106767 79593 395750 331220 357391 85583 572809 533523 748481 126747 420027 13301 194077 812141 368249 704029 324141 896856 648395 342742 117931 576053 782078 953859 11848 557563 293961 287495 409039 768165 544078 514635 527879 757077 678220 959800 64257 555423 872624 490998 708686 418603 945877 570537 58522 560028 412277 801829 977453 443809 923466 699197 744988 47709 958895 386853 382948 720464 76314 239361 231383 703739 671015 829527 321236 679984 890898 885207 528692 942495 539689 772203 907755 74364 232042 41898 724983 739466 534500 860906 918636 807779 418118 387978 81379 744462 252822 472481 121003 403239 720180 495104 81498 191695 748599 634289 418396 493484 568032 525319 151348 112109 267344 510965 439878 512341 834823 393159 356847 466811 543994 818869 431311 517122 407087 847754 72995 759025 496277 672012 751964 208185 294669 729593 116831 785453 909015 942665 664159 937403 803546 205069 750473 690401 432835 827301 850464 494637 819802 195754 545300 631643 707052 89997 768922 901138 783990 918461 483963 28241 341853 65322 682891 325680 81629 131965 532922 382052 930950 341056 484152 775918 418464 563408 673018 912422 421911 713662 40713 604038 726035 28902 957227 625833 250731 32124 345698 185639 588772 589860 867917 636410 770388 442336 117133 566716 38585 53199 696077 991709 6937 975907 713408 401222 419032 382088 670547 677589 749204 187520 441623 173487 844088 922885 430565 107559 595786 247942 331004 198423 362151 355178 757033 148863 339780 716133 659602 615369 645770 187373 968033 961445 56222 102713 447782 677638 594515 48714 237465 483339 654110 659464 426328 662193 286085 736360 771519 909358 370283 229243 456527 750276 221610 985998 617381 947079 177840 840131 781868 429502 507139 687866 386864 533029 315461 968940 692694 906602 700820 793778 770967 687451 177870 230399 585162 941602 5852 571057 320471 587630 582294 762375 490791 479080 781079 779550 282864 563890 159167 787084 636636 802800 393262 6550 132121 354915 16649 715547 83963 58643 190390 878211 600878 637751 718383 957136 101123 575891 587629 604982 548836 122260 321262 267752 49798 388290 610671 165092 583323 553970 572671 551564 590821 808646 581940 713420 426998 231366 747975 179240 206142 493747 207110 296985 609143 384869 338215 555624 764991 78990 571558 717229 739629 736400 976967 789080 110624 11254 471145 930635 885168 81319 750478 762688 215219 564925 30032 464038 775517 333383 435465 497826 766442 711601 652163 410137 183002 576689 459393 505619 121827 894639 629633 488684 154980 364963 109889 689753 316659 433167 980718 559490 143211 999432 22297 550291 772922 708133 875028 142060 633752 772641 66131 920147 55402 671475 351839 694031 517271 233319 124031 664474 220887 835085 685019 902447 319617 734174 272847 652712 60653 889041 737786 339119 854823 62905 22963 614266 789260 73355 711821 814570 856418 408322 378414 291470 562462 924432 337502 468140 995250 494360 66955 145110 780092 653404 279937 563572 755175 701756 683765 861748 171004 124073 774519 915443 602919 291382 251763 677389 542700 875616 104654 281114 909969 718166 286242 84180 150926 411564 451964 818830 372964 309827 263722 447950 330844 656806 387380 491345 356386 771917 675282 200849 35845 954995 309291 688784 205 579789 354354 513812 276973 109469 947756 27313 259529 643318 555939 209863 825799 617458 782457 755733 681710 204228 821179 601804 779102 724234 468690 579936 220907 966745 818381 481487 377190 620518 752675 923091 710821 109451 4751 217415 865749 756284 677102 969778 968151 986978 356889 54852 227524 359946 860507 328120 822651 381472 80127 77877 162735 436861 28781 319110 113808 8166 986649 990045 969879 516768 67614 416310 978822 598726 275791 703006 521654 362906 508593 763532 918667 108550 386595 180679 368306 374974 432867 920628 5774 23986 648017 725540 737930 811020 838844 846134 398441 197751 155861 256172 506040 934441 172254 661089 962105 4065 949460 307945 121120 505190 797058 162043 855341 536985 819432 643872 837403 119019 497369 482003 617992 250423 77768 44829 965534 422574 123900 386329 664999 934393 769352 887665 452835 727026 676237 114749 515682 531996 637202 241394 378436 927684 983748 134954 349754 621641 216482 625888 534106 486085 488935 543418 614407 877538 422253 352073 194927 976294 149495 449323 396600 548111 458812 916715 837758 696782 131231 266524 504553 997044 57503 93282 183877 968884 386689 541375 617634 961186 842903 445453 211810 412524 325950 924003 129675 964845 878153 161819 734988 877120 593838 245315 78471 389855 339820 460303 46533 368695 745959 733046 183752 970147 944924 128662 203064 791837 270715 39673 777915 376477 256759 680733 619262 884719 831030 195687 354607 335302 375499 889941 694013 925388 912326 527954 384589 28116 720949 401276 509776 703027 599092 337408 549260 744791 578668 186001 133054 590872 892122 164840 495032 838990 938151 626315 28280 189166 662568 111142 426900 984615 235692 949340 257896 886726 836805 911323 541161 714321 710075 444430 12878 491473 398487 274792 758906 994582 213413 880274 374653 672690 629232 777475 86174 818090 725027 936842 688576 634520 163183 430237 85543 582661 225930 498284 409680 313421 480075 278783 668030 977373 579053 263933 777481 778714 830274 67455 915480 224833 256214 820862 826067 216194 459394 442814 82907 635296 836907 996079 217496 677457 652760 233672 981981 142445 574119 878507 705601 542474 736832 284359 299828 473314 554523 510149 398632 179860 817472 970619 361105 227443 850579 319154 830437 177981 182658 26673 673321 554426 618518 479 913446 961228 236095 719199 685973 10740 8183 379989 425627 731533 895633 628229 919303 33907 545761 891316 433516 743523 450373 736737 397604 876032 709349 700355 617969 618411 768196 467878 835238 428859 42628 85087 965501 275090 23907 780209 668271 167780 288092 851555 645943 553773 310034 417657 239582 241607 419641 629248 601274 174860 351301 134321 773802 937874 846 996588 847181 785039 165540 222470 519779 551345 988933 992876 128638 657579 165333 705455 888808 323341 923415 314161 605989 744877 115158 447610 351643 290340 894664 48922 466386 805224 320651 674430 11226 135649 667662 867623 599033 585140 66390 961270 909094 860410 591953 703234 735392 203860 557232 507788 881693 35942 447311 394951 227655 629833 308793 427313 679937 990591 657616 128456 606702 389591 798846 190143 702624 473088 862631 78143 476548 235944 675203 100271 690168 49708 474201 284929 50427 637170 804550 199134 678628 858875 92079 3015 684252 519866 603014 540603 722698 280386 430447 189945 954898 396412 134360 868357 273696 378854 932364 918247 36263 817915 676011 348865 962281 261502 705948 617891 256269 864058 868376 251841 434006 943930 66795 96836 21683 380778 901237 203189 842765 167810 899920 24111 265060 216176 837773 845924 293542 441682 737627 106064 584599 302742 61513 221024 817920 222510 768246 222831 115122 345797 926931 384565 64320 464210 693503 271513 294684 109703 774223 699030 463074 964300 561987 466196 781118 668975 937809 35177 290787 673476 58587 575407 496313 141432 915302 506197 328566 161479 155503 208405 175989 294530 278628 831027 23806 490858 222238 458728 776049 399494 310640 900355 510962 540157 563695 184874 584807 54106 713043 412263 168392 41175 917722 594601 396060 85214 491176 194399 883543 518508 16875 749538 814224 321686 328350 478126 232453 194659 507110 697790 114240 275568 691137 995950 846 847643 338239 14860 556978 635570 224180 222133 704985 763556 692919 691002 873598 128568 980519 267474 721879 166598 145552 43272 193743 668962 458538 222462 899265 123186 641516 298922 597383 329195 862973 485057 731104 126466 336926 467746 113477 860315 444255 382844 575664 983893 903630 559997 938940 679902 1546 805554 45038 923669 421333 388422 447271 313106 752845 218395 559905 375581 86269 450458 312274 293277 289308 802300 367972 638037 156298 130063 755696 516920 808260 924447 864323 324894 703786 495340 626646 748165 698760 766461 690156 439704 946977 924262 532085 98220 760553 314799 324382 756247 397661 514673 448382 224426 37809 308832 267445 185635 914464 176314 462384 842618 556419 223811 91501 551091 213192 513773 859428 191476 13863 135260 751690 719769 907000 898156 21641 174880 493929 510105 31554 165568 860952 624852 428114 218913 780731 53902 611593 948850 849938 588810 761935 390349 704468 164701 87789 148613 985048 791588 45217 660585 723847 460713 128097 260359 792468 762018 153159 539227 291880 403483 555346 206773 840934 453995 914431 222771 693685 42432 431162 830234 820892 373011 537966 16699 135345 738011 593219 820436 525650 291894 984551 906597 104467 653894 473237 397120 824263 610717 745338 680361 106355 143698 183820 754620 202959 237053 681194 501150 174635 77732 259488 254086 266037 935703 774174 558958 592025 702992 275811 878056 369001 597524 746922 593936 591120 684591 49663 371788 219784 210151 633936 561238 923484 943502 738683 977263 263804 623532 834237 174613 877807 312038 838950 76888 268371 134815 307323 763364 4788 87386 930559 432532 199693 184547 799366 566746 491555 113957 532168 184598 617177 467491 517983 35092 594413 90897 367186 673328 178484 612047 102710 791436 864693 871974 494757 520094 311626 951712 215284 688435 12810 185392 968039 689997 289713 664051 774250 603843 656242 893771 234429 794265 772886 558331 470176 834744 592667 375502 408300 316178 55391 855299 559027 637853 343532 696144 346716 219967 136676 892368 303256 807818 244927 274826 257488 393016 805682 648868 821125 442838 928421 274979 867196 120722 468253 665982 93617 742173 636641 940265 850175 530406 573010 192720 402909 618940 946638 11845 857378 220802 882858 396777 336879 988076 33064 950978 872163 210007 13873 129180 501868 897128 352567 404502 840616 106462 662588 730924 570322 873 96346 101060 809112 621454 625780 10870 796968 19860 534708 356264 15534 791120 578131 733925 454140 14758 745664 288339 681977 61382 9117 928181 642748 436124 427953 251013 996110 479456 725747 165861 999080 32113 148263 21873 969423 721737 166205 796213 75893 176526 729311 394161 419664 844636 358376 241605 218809 975282 601234 548158 42985 617943 682251 27025 142698 762671 644493 119821 725268 711982 249 240383 316623 585448 277253 537290 781014 845202 61730 399003 895553 615832 676803 847042 811968 691927 832955 415321 630453 299121 129805 901399 13983 849713 789426 721381 342638 881529 746180 730625 278638 612175 840478 521077 534160 303178 360062 159657 50351 185073 893702 542525 198125 99721 129660 484370 737806 126673 143119 984738 839533 33263 578764 846280 882267 638782 636412 354407 55937 701315 48806 698974 872976 973878 409708 977059 577553 75290 737164 165979 932560 906570 735395 380720 392688 30941 887777 622298 955924 570475 3271 619022 400591 466148 593309 345607 951860 376605 195477 935327 643362 919834 427572 401370 871994 79610 292113 281280 448365 578848 589532 501647 949020 319509 419416 226968 839510 519558 503770 433485 931821 160573 788273 543297 595095 864046 914294 119446 981770 885567 524658 648315 996327 315660 992440 174567 594874 602063 950346 854488 303249 639912 315756 514644 939192 572863 908991 414384 284268 840569 977494 17932 427709 952361 469880 944677 178414 626608 612648 264082 250704 39339 284056 836114 609580 312466 153729 409465 729891 515526 427195 417690 382734 181743 891107 850302 872932 996179 714724 317014 59217 887797 83391 749404 981386 719297 903767 988504 296855 815095 310841 506023 691197 810587 699485 353650 623083 397460 34593 57925 723975 189128 226202 126013 802085 968520 449563 459904 527685 838155 324566 25077 396870 134707 401175 316276 244116 415167 709996 690499 947912 682225 733099 732054 17617 944143 212276 441066 51504 167264 409129 270151 30338 728984 825909 999013 530167 887390 953705 817780 564919 749540 950149 504941 93631 476387 435951 394772 430863 808580 996705 912843 482684 264807 551500 582545 113427 897335 203052 697549 686003 514548 797312 498211 733423 60029 86136 743710 80774 803370 894628 15729 697845 674768 725085 61515 471428 631098 799003 894955 219074 168483 665828 145340 285864 374439 226892 47494 972190 472514 362041 310147 819860 83746 209101 485317 950130 31334 842005 504777 718076 291277 707485 30988 503314 747595 74544 865 338265 159159 724925 270386 420861 212434 816648 803592 324203 296615 990280 104381 909045 399588 848910 187603 911930 282804 420117 584933 176212 596976 897362 628412 268426 39735 967969 181388 437479 712534 608738 754315 821143 793700 571654 395443 669119 535298 905490 547751 868429 226915 53735 824390 560705 646151 982609 600698 31901 17104 87442 926729 426161 232735 730524 565504 916297 477045 226913 245572 399950 595799 606607 760392 477539 569371 832481 6999 94056 596604 758950 87429 282479 836460 905608 116738 773363 963045 10098 267472 104339 734622 220464 750996 591653 478126 418949 659174 242203 589440 845246 692551 897246 66369 262257 213123 909589 599780 923319 438687 19739 798651 601145 288882 41445 194051 559296 626786 48585 288717 15317 645777 723383 860088 132011 993352 787690 870812 872299 430229 50761 522783 398572 891036 298788 842967 413538 748032 501005 845387 787540 744721 211408 588945 519256 57544 601873 217744 275916 823300 742371 407404 341347 29364 390329 188693 934438 519267 485848 338057 306726 766013 228741 510331 193939 723210 758474 668405 634814 544387 516707 336190 155048 489021 378496 830770 833041 872407 100804 821397 237769 265475 309504 22947 829391 882113 10653 646494 409557 699160 311908 970133 683106 565099 427513 979156 131657 827966 801750 446072 548317 942727 549800 672906 101998 117291 615039 438230 903510 711941 603282 343281 31965 703180 193259 134457 320325 329517 720031 707442 869055 73915 18531 299876 660749 903676 162703 619867 66779 300173 526909 320839 295985 509754 862431 220694 839825 462418 389384 899413 723830 223754 261435 455146 297812 222062 93463 944199 385976 924532 98860 336460 976708 436218 432315 608085 20514 328063 665154 582136 821789 117602 265627 753844 575714 429400 314011 320202 393697 958340 834987 799446 504691 671557 996086 708774 141500 331878 981554 316846 285391 869118 848771 597072 435650 46201 742909 832464 11035 329010 2584 933190 149236 368541 550547 153909 606553 396312 80158 797960 125250 276046 491899 148205 670395 580929 246944 572960 688445 475957 419993 178234 174350 43032 727068 143303 3943 816466 928359 512664 809535 89197 123713 369098 232276 642460 723154 107042 511045 495773 173809 687370 574396 450809 939346 752171 991496 598634 309105 720791 184777 753627 730941 635504 859503 813665 70582 276927 887356 351444 325765 728680 502825 125367 631830 319072 678105 277189 200563 809059 158022 972130 373086 161445 36419 359195 653608 879364 119866 216516 292033 563396 484818 141200 795768 795920 919507 369247 341941 370572 672855 810384 845329 679541 628066 789664 287506 979004 361379 517062 545549 115890 135722 619857 940998 214405 652999 147239 958236 881373 810767 808269 851223 603046 715517 544754 32020 285081 451839 312666 885252 213017 625104 825777 833605 370168 79219 782972 410636 89810 587948 875257 179344 210327 976094 64252 973235 21923 440317 153540 948701 752302 904784 935367 525307 229935 201211 404210 867989 899335 422712 773513 487259 264313 645463 639063 157900 379338 143294 245355 343337 3125 203198 345747 756563 843823 796516 433057 182684 420255 552320 759810 241253 296307 370305 138681 432783 461394 99424 252248 565271 515679 707628 7035 635200 645209 882411 25838 306660 242134 952073 18402 288095 189563 934048 755358 250702 136624 809677 143207 376315 555899 222274 951868 909268 124144 788472 93547 680781 267621 453115 602586 939872 819263 108896 226391 23287 220430 83798 455233 326818 283060 911770 220614 367378 638882 764297 115339 726934 323401 81093 507126 840022 927464 262605 301751 14259 11012 355002 782438 746345 918997 697942 796709 542497 413920 45889 431356 67672 546790 758704 596268 333586 831473 171960 363509 605783 610812 538799 779920 384121 487392 27056 796846 384467 657730 401198 578545 574188 531897 961025 845620 957884 590559 773194 359668 158650 310194 63367 599848 277910 649272 450630 270676 388357 632622 911302 206850 293665 373269 846446 760773 855950 815790 633717 815318 275181 239587 505806 428455 485939 802491 67569 765824 629582 289889 797226 6746 904110 740962 645313 522547 159730 599741 342461 796267 119643 72622 176402 370241 786836 535152 140187 769006 271750 226395 14211 345065 328808 865351 71171 720767 608399 354326 755663 922697 159057 195963 356094 163215 754337 909640 135391 51966 630659 590204 311350 888955 835332 328538 155848 231611 897813 899847 905454 794922 402794 892109 794374 922108 893717 597155 479429 136358 765244 213261 463830 265716 483973 720353 82970 241420 99892 870180 549153 603814 457414 967521 727821 70006 8304 82809 909831 442025 369209 469045 610173 993034 758692 955932 926606 806392 111872 730186 893872 336546 825286 558927 952617 184990 79491 729187 478269 265911 463916 84774 938155 241845 29857 367258 68856 262436 90938 864926 428872 954089 331280 279163 670612 262450 147316 477134 880924 887902 391440 946562 102964 279764 376313 265410 2087 277587 282189 435917 160760 448274 63801 622685 817059 218920 337905 704938 344923 836575 908422 832524 622580 51662 536832 874872 42970 382893 632687 755071 796277 423810 353349 161416 615938 810734 317425 349133 970512 396161 234153 494103 306866 445849 762735 943521 79584 223329 678137 252811 674108 572842 581392 737917 848047 92779 310995 720271 496161 923313 208563 544961 806903 95833 210327 579663 827810 543625 293924 164053 647553 890871 524236 731220 849108 61063 32978 274937 11580 778435 540266 828243 289209 366762 849096 449748 525623 691778 400569 215043 938927 132859 357739 693852 304745 157992 817738 142925 817421 516203 282859 517198 221798 502348 822963 650979 815955 1795 295281 89301 20097 747341 454739 666542 831156 82390 837076 873901 554074 463993 476359 696869 83565 541052 666285 360190 865801 164162 372096 59215 401373 756611 38608 738125 3853 641547 348913 684347 922760 35789 194179 682235 969003 542322 369277 199443 649673 381256 473597 854940 819924 197264 656341 140886 60867 343122 11957 162530 7102 67108 657061 776295 466906 538479 331946 813964 892132 301225 539162 82663 790639 597667 655758 643412 925909 124980 584742 186037 92398 873832 623629 621572 954180 688731 134257 772921 690287 700121 668108 304772 417769 897968 512292 371639 967692 688826 236112 341464 618543 400460 339291 355777 364705 991013 59719 385227 717818 266347 606091 379742 268762 106931 208951 142227 978217 529495 971206 37021 751879 253667 635248 143775 98563 516341 62048 268802 349460 45965 27002 602124 558173 539554 342249 706734 315870 51267 954492 339896 459343 155299 182211 658153 89597 938536 12561 904879 799871 480982 205884 427134 555519 771244 702758 539446 591004 798436 614217 470134 946299 353882 284479 914618 83197 690254 734885 882842 249323 982055 846531 584577 689633 797610 766676 293091 916241 436160 58111 781233 249128 396262 896745 968793 586858 45807 379858 534673 738772 496954 117640 544470 530479 316822 357290 395083 680668 104048 66797 843821 223929 248200 52004 943153 936464 962514 805944 531153 212077 694517 919886 922360 442408 103037 115573 932028 898772 254915 314431 255697 240573 544865 44904 575242 381072 233539 177228 615188 168453 56756 758360 11771 494589 228112 166868 477110 491103 323994 944205 137104 977987 623703 35188 574982 385139 569957 690737 960337 359287 500166 307689 494894 106159 762499 310996 986461 570582 170014 89232 322784 244495 714069 956497 273547 169117 969979 218617 327978 173832 662497 111322 136549 660931 262624 374662 42469 210349 144654 362033 67598 895778 376128 923821 755018 931774 843771 143429 446085 482293 26248 968545 762844 761046 160811 813999 115333 621524 321793 502122 467475 340156 690625 946791 103327 555776 781547 471490 146559 257359 333559 158320 57919 238155 646563 475479 635842 423737 521009 963640 716778 794660 68462 478157 772065 126765 657243 904575 645103 244814 180029 278967 73966 66766 728442 257436 922661 767913 511669 59928 311798 471398 819687 738728 454677 485819 243775 688154 577050 506054 869013 253318 512349 956190 347601 613964 950598 534393 233612 695183 879459 660754 806171 392675 912097 700837 642115 841810 594397 786181 549833 769004 855884 79164 829484 37905 903162 241954 529773 952655 458634 311560 225706 846680 251283 555762 200783 182742 250358 258161 961801 702965 214612 155542 556825 357808 172886 723362 484952 656611 327117 854694 326941 550892 594848 778089 945414 429954 167873 26816 276401 248340 452965 417574 908791 207815 794734 313003 721739 75911 221224 648987 660891 552488 684909 102703 880738 249962 465349 260087 875990 311882 860246 344363 135208 204581 800151 978344 317725 589858 49563 858330 36148 91940 968780 293426 766891 803864 898180 94008 293605 431542 412706 981510 976722 699836 443386 819361 469538 835979 199820 218074 701971 76766 468965 723698 168386 761641 698177 143748 969191 746385 633094 535081 128824 318054 337345 883054 287401 559315 841386 736067 859925 958149 656491 199151 742578 706623 859127 711669 236152 398457 35357 463954 691905 242590 419394 366347 927082 994245 755893 613675 758872 446220 896385 818816 144007 112351 422439 326723 683939 589406 423393 36672 294640 585992 858600 484274 318876 919296 271858 836802 484525 448795 898901 779947 408407 357447 450293 189838 903780 56276 156673 110512 306714 615141 589152 896756 847805 979129 220451 991314 228001 572972 881408 99895 152340 128263 867561 67582 28696 938396 349293 539232 307561 505114 794578 826588 70280 160546 128948 838763 464139 304033 980595 792514 113824 167849 954929 677632 922068 702092 978827 168517 892101 455920 955640 574024 203185 758940 374855 6879 81337 488463 334566 465928 668795 113374 151965 519564 654049 331532 427416 341197 563919 902734 500672 88363 746111 715305 285712 24031 134607 219470 931288 903432 404402 487952 897343 243640 519738 716931 466822 573209 704402 902240 537352 463614 718321 844540 811704 117668 487758 28685 347449 45455 781208 330655 87424 283063 629221 612353 942755 610926 672710 801796 146058 926737 934976 533029 905516 140171 657729 689019 638964 965081 596371 58039 244740 606716 279687 56253 777133 825352 321157 149101 993088 122983 776433 299511 793090 593225 808183 660007 7835 635273 388364 5278 718433 926953 564841 671513 866282 1840 210439 637838 731193 348446 557272 652443 883837 324058 521749 820058 405273 913760 338163 109662 560050 141348 170550 261630 885134 505671 29441 115102 279915 408418 940888 560302 745811 984538 330198 658262 351012 534240 292783 854358 405084 321207 525940 657525 57585 507741 642187 583975 433922 259044 127520 910517 654513 732080 479512 657661 792723 784038 711899 214597 644937 266016 893839 382637 760558 470315 357353 169563 496038 54706 328520 979847 746267 726162 499817 456943 855913 110960 995266 910994 197789 894912 758939 80480 258922 409370 834084 203479 688911 249888 772159 632669 69151 890075 73139 97330 350884 149905 396064 675336 17395 935958 324134 440429 237882 408981 775835 478623 727428 193376 979937 420230 517588 994806 489902 139696 360090 706600 444260 555270 739985 675692 163698 813106 808913 423988 554958 592793 32210 5560 220994 444609 600322 380108 252500 259090 95193 721256 708861 812720 994297 71354 187175 661019 284610 347706 482352 475448 509994 871879 951818 459230 904287 812511 22719 842287 727890 934532 658856 543272 818623 59365 824580 809113 748574 793682 394968 688286 111310 586047 230734 499312 693827 877779 684081 202435 368321 16723 355250 405396 425178 137071 731782 43527 7107 992764 827490 407785 556480 983492 21971 919713 244570 55134 115415 202428 724722 573825 645640 58407 554497 377108 586801 75168 550249 585562 697974 397157 704655 161953 295400 32611 801703 659880 645844 104910 829675 477987 985414 593102 217078 348270 525074 679589 446849 668841 943687 977630 187869 650001 836308 127472 506299 510154 2457 434450 84160 212135 304400 577971 60937 296161 534872 728935 881065 834019 612070 997114 726323 109262 196355 276646 520877 307543 174576 339046 392620 37447 847440 169187 443103 174675 887701 469053 635535 628648 49915 510580 126750 696941 997264 583770 291717 159536 398775 178729 486041 529544 801566 993834 565535 404379 250018 24926 743677 421486 310024 267843 154734 445040 310943 474976 903105 313877 741938 90575 766939 283674 222393 896217 850569 750935 354696 650322 261709 8933 662743 717471 233770 584348 340655 814870 121036 97081 228354 327231 885173 322209 982927 810614 569720 698378 786948 264587 915441 73782 816024 998380 183859 975166 885597 86569 56701 407242 533029 40482 480203 153664 8572 349775 788038 756856 625249 170190 945309 551553 60873 734555 262560 170758 287181 961901 990002 570329 563109 475715 762369 207066 647455 973337 271477 662835 454973 893053 46340 739695 812781 23555 93070 808820 661154 339258 34788 33906 208675 805061 220662 599900 55454 444214 36954 608757 559880 43810 640118 851597 574491 232797 69376 622175 57153 170148 970385 716435 983646 50555 437584 722767 819077 86696 590082 890870 779739 19404 974545 410931 651744 683054 91383 531023 610523 897401 114106 740376 271897 880419 321692 586335 424382 701727 266599 142154 974271 238991 896142 730976 234779 743129 973159 789778 135586 930170 193639 494199 465636 478324 646307 804305 519776 401286 333679 234976 516659 696876 216008 540855 716581 739950 78920 75096 46040 554155 92800 164661 988296 754392 85242 408046 880376 209928 5657 38122 97900 690960 150505 5096 652071 105773 848368 365246 68277 118133 843336 981364 303664 427136 261916 592478 742413 487607 884860 974234 239155 949177 431155 167159 253211 522338 485851 846284 724312 534860 487160 796400 371963 383029 125353 174947 447866 845111 25966 486409 69896 121619 5707 827937 430107 161853 584116 417386 883277 839688 925351 764651 277424 39705 861004 490326 755615 216842 905439 334870 258587 597441 741452 975452 224839 215374 432203 349443 669602 977466 236331 776340 958106 586944 718974 226043 251640 485670 579996 609448 676423 646214 887700 614895 543585 639085 28443 866976 917741 103003 251040 482197 395349 106965 724561 937125 987545 337720 193147 293296 833386 305341 126764 288921 816185 781423 575339 563248 715640 750044 214574 950637 290980 478161 946164 582350 849314 822640 920064 328362 391564 4241 129664 136959 238439 509120 831706 319157 919786 262368 515323 306152 594990 545013 136793 940151 63351 11802 587174 691959 422770 391214 688116 410200 191706 813520 867344 672991 105108 134634 629021 803886 909487 421514 718594 59614 926261 947694 602508 966048 35117 105207 818426 296772 841683 165233 400670 620570 518621 830526 693865 481778 86142 904831 319768 942378 739199 699042 980212 841221 461371 536690 497830 434390 745166 922742 949668 567215 166879 437464 445288 981503 81697 491479 986263 751311 385717 627609 319912 557972 278985 829874 57536 239690 380540 779689 250210 687884 224644 820364 127507 850610 637526 688728 7448 42909 325118 395753 36488 921715 487574 190762 173853 169468 698807 991921 626482 829629 897921 865229 9842 987776 233811 359904 564005 352067 786166 661355 836636 883157 90830 764882 812105 529693 660692 699289 996221 96889 915227 128004 115568 581894 133594 464023 960316 189935 470361 114741 296669 396332 983496 956309 645576 60567 569981 672599 154515 718395 521014 673931 556712 629806 384426 117288 480091 753876 715507 752552 9882 460524 833105 556885 504856 743368 983623 224051 858185 801798 730512 227923 47605 899875 727764 925484 711086 755720 183050 974159 909450 638165 56543 21886 391215 493130 161471 352806 772374 816284 873066 582673 726600 954782 41734 351846 873284 239164 705742 507246 689165 793132 774205 817552 153239 37976 534213 158183 952331 965067 236142 127679 198414 664340 404293 261684 85484 27483 807112 883573 732958 336657 555183 391762 104458 372284 373635 316010 895214 395413 820482 310921 15899 707541 395199 621456 775205 596773 199217 848288 869347 725338 352161 738692 165925 565856 816956 694178 94246 181504 553171 511660 293427 809405 626616 731469 354848 758770 49834 399750 961820 233553 10992 852484 945779 858912 733551 23619 375818 174797 582231 139697 531033 574934 938313 754698 623360 435245 138390 670230 615789 122853 797907 142496 608163 924664 533543 820192 912504 22835 327136 376499 95504 98304 889779 911547 472145 548690 777076 245907 543997 61317 464619 408309 764718 385438 880593 749576 637820 428116 290173 233043 955898 968072 410484 997060 291489 359950 615813 626046 388868 452894 871157 831297 924603 511365 616859 108692 76094 175229 558184 290367 299993 38422 743954 332449 695767 204179 947088 126329 903271 775267 469955 169897 251399 363163 334678 634509 861573 149957 37132 188845 150457 261389 777866 541311 903204 358912 404708 976116 542869 495885 241429 238721 876610 515026 486452 562277 272019 731386 143711 721229 874078 251047 852345 678813 573631 997290 113147 963204 562868 891985 114151 366759 873919 536428 947566 552377 740912 952084 257473 348005 306823 579741 354079 166991 655397 705085 904826 387232 84404 226589 744556 816109 779270 625713 59966 425455 922591 142757 719 161741 428793 558531 557413 992457 925012 547150 686296 738090 978562 998772 357187 704761 234096 844322 131950 970696 177230 254509 249177 425360 840945 467482 653821 852418 447077 205455 554814 415128 241591 474001 179338 517698 684861 471931 633606 238625 157530 333568 974064 924673 238994 879246 129411 695334 786238 429045 440776 256685 72784 10428 93745 903457 926772 513692 437522 175644 685984 125505 566760 318247 950319 727715 369972 40001 458777 832078 75693 493464 880836 210828 78875 406026 807264 427631 171907 206803 616976 737288 648207 699651 188745 691986 628479 759399 614738 249827 67065 919259 994009 854918 356410 442090 808552 278674 900189 925311 203812 466413 602622 611798 717329 388185 512480 633285 674909 923140 236329 941488 823192 744554 611067 969045 280854 580448 24922 201473 116391 193805 916778 777618 842952 793992 687742 904395 755430 290255 29108 189894 91317 924242 813504 402471 389358 561244 437407 416700 220842 975888 310663 88327 479571 49281 983928 215274 376441 509555 538671 331043 22809 979824 899895 301779 458820 816848 966839 831630 369091 561080 45365 953807 415747 291372 450620 292793 387341 809428 648014 731088 954754 425287 553538 751153 540256 133206 945151 58565 77734 421558 102698 882777 898555 717671 503320 338650 376994 894568 296562 360879 545816 631955 149258 998264 428368 769800 506458 13837 977668 229928 211968 708546 139226 448312 633880 452 245419 884255 6350 28123 4410 611868 272057 39903 888500 724042 992513 543660 19198 193121 38120 953239 261162 246969 753481 540793 978591 522078 902053 950402 769518 326583 394001 443578 418215 155893 516962 926459 376673 384800 934048 439398 150868 22632 978657 885878 382336 734576 271884 619386 243224 543948 376842 247615 181508 846729 905304 785342 750603 785713 268118 47181 438114 828122 324950 445445 490639 905814 378871 911962 597261 420147 881692 556610 265081 199249 861758 937320 495912 65210 8517 570134 684522 902316 33093 104241 710674 37510 487621 598109 186620 125992 183595 337582 889097 23407 537389 538084 655312 868369 763991 730125 785924 63191 918089 37610 980681 577955 101990 427881 877725 472417 45128 902630 844429 834613 408149 985988 320757 867472 267825 7167 42620 148210 743642 702460 885279 126818 31682 137429 860735 109608 189223 253760 568055 626882 33423 228155 338628 444490 290833 817683 310939 176080 868026 122165 970875 377780 272299 595908 406522 72718 213499 812681 553519 794261 728067 495888 816186 191803 389117 401860 549534 648167 790922 638530 779027 722798 223618 576060 500694 912741 940355 82943 677921 573719 835499 720185 283272 170365 713282 391739 299950 860464 512278 651225 671830 799074 597021 176640 978133 879515 112734 86299 313016 729347 218895 900469 457027 75025 342082 798064 933242 756586 258425 882526 887780 205774 260503 965865 151822 182078 432892 685376 117982 918477 337169 473714 965048 800396 553682 552120 368562 937480 880943 930344 659439 474129 97826 824420 720025 157321 841582 312225 344468 975264 149538 348787 49074 205375 560931 117244 595329 64244 327751 234093 626726 219905 376058 52282 955248 679719 880761 429279 508185 140018 689783 645980 82575 228962 198814 996948 115971 638091 654778 261969 17473 524140 480704 414398 325754 857605 526470 922608 416137 250043 506259 402661 48922 404893 300081 241605 207820 436764 604284 956210 465264 276292 685538 503750 782481 81077 984317 220532 377518 172806 452744 129402 208840 551799 332488 177732 663311 968042 211985 398941 307801 383301 449349 906165 265786 726304 292770 279955 661275 425164 442729 832887 56582 684206 490048 68784 674968 79822 841843 552286 821276 546070 498119 358875 315625 671709 609617 127317 940096 224608 323966 221866 897175 735569 779577 402695 711462 415569 248717 91312 110153 669557 844516 470105 201740 576732 67722 582306 66567 520595 155875 533067 334699 215207 144340 219585 656236 847695 729121 31231 975964 859907 678446 645739 917522 559351 926690 846114 692976 664491 448382 405301 955709 42227 52085 20969 248185 801265 906627 387840 834365 968022 663897 857482 230175 534805 656589 255363 158018 353384 52069 748497 384798 150428 100183 952454 443934 382861 943190 974498 380670 910807 215559 181770 287735 722847 81180 643560 47037 917524 744995 774740 687378 413626 464365 821027 81772 125044 869657 67602 701644 144690 798579 132326 822355 524636 360061 810614 143879 835032 298814 670673 984858 318416 939538 392108 705450 900849 466710 11480 2627 449237 903345 625465 903819 422754 29154 872869 762766 203922 141882 505065 509585 242239 663802 706080 110517 976611 745249 386324 401313 345959 354078 865254 266154 640076 577480 551943 929900 586717 782197 113964 721533 187525 505834 747278 436232 971061 171722 736254 744151 217443 127042 956018 73781 814209 390761 757839 99286 379092 229825 430362 185910 673811 670679 321427 412173 661047 638383 974107 913180 288748 647950 537744 925426 370210 272954 125802 812822 567108 383595 823281 904076 185586 867284 280121 392681 332189 197790 90673 465048 255735 984955 876359 486257 471391 972999 710793 464463 626842 854364 431315 648077 661342 615555 79149 932987 106841 8607 17077 338076 305538 479113 888327 766081 989639 36522 108897 487947 537566 572534 456758 238144 795504 15115 649930 53316 729144 508604 63188 428402 980502 453917 536969 316265 827992 80840 219134 524408 159128 729242 89777 955598 542079 97450 483076 124210 509299 374555 52357 394826 59755 458052 775778 130895 437551 953305 410937 66264 108569 910767 919822 285241 291655 664631 154470 351543 563609 683943 716772 100714 144667 602135 484978 837685 293715 795761 853806 269987 814650 483603 817404 238096 450390 291205 224895 773036 806784 997728 852863 43758 291644 63316 803493 424103 902180 791215 388889 301262 459503 927966 148092 150640 877284 831692 389757 181836 586374 2858 431676 131258 49083 295676 391337 508492 474115 907550 406432 180214 602353 452784 670475 991510 361221 236481 943892 947272 539803 696613 854646 77460 408620 498481 699177 101577 798597 875642 963772 551140 515337 764039 929432 837345 424988 292985 918186 881168 487823 236941 664809 551694 752886 665630 983764 816135 556846 308040 846641 486322 732206 994667 133413 6947 223871 171762 889280 682058 119183 941539 297960 729147 119936 440327 262283 471747 773627 944895 637203 87360 815076 197962 440608 144193 667128 115773 528662 172008 836288 688501 474466 759206 333672 221881 407762 555745 127890 209163 609152 267216 838575 438850 566652 646198 595369 121267 244765 773576 483688 298653 849911 844177 449528 137809 884277 366164 585241 963569 980184 223823 715278 761119 61474 416529 924985 371852 10685 786322 831766 945168 776738 496238 155051 146726 43984 244388 496438 817830 61350 699748 897635 353080 162941 535744 511952 62992 578780 114565 409331 993858 870104 266162 236079 642070 307964 23734 911873 657587 766198 439397 370499 820409 211417 504375 784549 497504 880547 941565 177185 937761 224730 759719 625599 956140 42437 383671 329892 66054 126805 722874 88281 895721 767555 474753 782261 853999 27769 959864 899921 356083 797862 786321 740227 812484 715996 606434 685816 119894 876835 56898 871899 30027 754925 554084 749113 845043 858893 548710 735623 57743 207995 18489 643085 795374 366294 742996 323049 530279 752504 88198 6869 332551 189033 197006 330812 362625 144189 638136 594644 95375 998627 149236 801564 732869 268479 586551 621428 407162 852624 489627 241693 143552 874127 41404 907949 42588 553148 453031 947786 229489 229132 673089 965624 687095 715521 731347 129225 637925 437487 643195 938613 45029 292972 908160 264318 924272 112912 953063 510348 185516 905342 61672 607063 848487 779956 590338 973719 580580 777898 28006 128302 898575 761316 211865 199456 729915 224618 260826 393781 523397 449473 757205 902904 959595 927521 972194 874765 449991 513388 223986 422589 868983 897341 877399 109056 208493 36608 133151 267348 25904 870266 476638 667698 81450 110500 997286 613060 152348 876622 252972 479616 952992 232234 613129 876883 676571 262101 129804 764407 41695 260807 750127 992686 320149 937202 539362 193030 650353 251514 452326 841936 99949 830758 200962 866605 668745 703976 462617 988350 321559 913530 778047 909974 476542 287806 915996 860313 442476 353900 390753 933298 185984 701866 885182 658445 800959 617098 620815 987220 275656 312143 180929 21450 938238 464684 636227 959156 124346 76302 938423 977029 404030 766449 561827 425891 56464 52521 28336 954002 378402 560829 220087 971620 835792 683450 175123 795762 140101 464600 942232 172650 547957 944658 154235 953652 309569 704190 659520 269808 958265 888765 668195 84341 694047 779347 512281 866255 793361 905530 706073 690548 91964 140831 677377 330517 584301 782013 65804 55492 465252 230149 555082 161571 123015 976757 214484 967010 880138 238444 597740 388224 647725 748815 274870 62593 746986 226711 194351 513185 134185 548078 684524 819896 339300 132345 178168 187339 152466 263222 848091 129093 599979 600113 607255 96754 427900 380417 835532 925366 900487 812216 135962 980340 729747 882084 310495 26705 163018 83916 509988 47874 783045 796274 197912 523885 931471 72035 263988 703007 319294 609845 468994 12421 912160 539160 523219 390268 285934 232001 322972 43139 426287 83778 838404 423535 468337 352229 608424 456109 395304 338286 3862 440560 991647 761100 954122 217089 699607 178243 712052 465814 825126 109998 626249 389587 519901 593743 890648 419833 490766 565948 513676 97647 600861 486979 279491 8064 639808 989550 680326 904304 349151 891248 84557 480005 920544 580098 43092 908790 293310 670797 851814 172497 810844 822718 115763 672009 239005 996892 964455 905033 197248 929416 314864 338102 150567 300809 739567 672024 361250 249259 231633 410212 213849 802377 317260 242513 67609 786172 300773 183788 932479 97054 919345 691832 818279 780526 792282 947353 16161 702234 539938 321966 200882 821315 469896 891595 823934 195315 603927 320225 795415 802710 435806 527635 747084 951192 469807 460969 862510 531 982953 9710 541731 155030 328135 748023 202220 100525 149246 974161 214437 66169 918360 205110 650598 783618 120982 478030 17495 868061 510017 958901 295579 314374 387373 116408 246787 597830 699831 598746 489968 782819 516884 232437 964901 667527 158592 57601 374412 274460 294328 460161 442824 309262 372341 85097 714223 728106 855580 237299 129818 651837 382762 631552 337599 949810 448134 616402 453199 223785 261369 268 357266 858015 481413 693261 301577 370386 81255 928298 397355 585765 656728 437824 865159 333548 916344 873215 277123 382014 394570 128978 148640 926080 227921 777835 458679 765277 590022 904011 665607 340128 687233 699024 159513 62738 329704 263836 657455 41458 526715 852395 637950 817696 954099 564690 19510 601131 409130 695921 636125 836356 793786 157322 836843 664 731534 452814 763480 453566 765403 220771 11174 17279 596209 764592 728530 235926 270227 754561 183996 448216 367010 761511 23995 968611 332174 198186 68497 213816 760375 395257 918727 778460 206269 63223 645028 606065 542476 367395 163520 244367 323906 13963 242010 384690 65750 383315 299920 621309 959968 585821 773991 568941 466390 393400 673171 531086 192685 39618 625102 914591 799633 503245 777540 734640 811966 184197 185043 932037 366570 245703 629315 957962 968772 746151 649584 783190 799916 97793 716186 692450 446271 80617 859961 366563 672274 837708 503158 239444 849465 315367 687210 559647 884901 927811 792816 397268 749832 825853 819797 921699 17708 130305 965571 255124 312851 745698 175609 915660 625958 906610 479601 703467 737286 420738 968370 445421 932688 520052 49827 866744 291997 261291 204553 184754 605302 309893 755328 279657 787128 517964 226333 542526 797880 141565 477791 299271 458279 804651 904725 50009 577537 399629 100359 67589 538691 814900 672346 791030 311567 949852 464569 746534 140244 24748 912868 195794 675499 369827 64455 85477 716622 19759 572314 222199 550294 105328 120167 158860 10570 185345 404370 267576 624522 992949 564655 734178 433822 293085 992011 580218 375761 934100 942169 107844 650341 83109 383614 13136 640434 79094 437697 903294 508213 485944 568818 980363 664759 715683 320740 9659 667632 821596 205393 175783 516119 836809 194683 347211 536439 918334 424916 442863 807352 75216 904664 196244 969765 149440 348109 951515 29420 587371 85462 507278 980761 495896 762873 787179 327389 102532 976162 320152 446330 864488 976199 249998 495626 441699 874045 568298 83315 194411 789446 791664 794148 509487 743739 466433 469042 891813 375743 223632 221038 768335 663196 934806 271352 820816 472340 201976 884093 273873 159878 885945 48738 314542 935962 870643 631379 17712 919620 100475 80750 626092 554752 983760 471363 572264 506135 146500 989520 847794 683824 764067 696118 397904 125676 199353 588399 370871 905432 774892 359281 188719 51173 861675 219515 901277 660456 218545 950404 56612 715525 922659 625800 363793 954215 315574 29627 389232 465968 74379 432582 462383 655274 794185 332860 80107 65192 307887 450011 740807 565927 268134 230478 540356 177079 974040 955298 492873 936687 987622 550712 272050 869237 997744 672368 626806 604397 147687 316153 454937 596155 289341 121918 423343 870611 15133 619515 677567 501998 833541 436276 511366 335686 295985 948159 73139 606858 644776 257146 316764 708381 42478 800411 674230 12167 878355 59957 106386 453919 763576 953032 393598 69264 145188 472738 740532 662728 598718 852917 821573 100852 546210 666718 663166 100204 120492 115169 543413 6818 541211 967779 341665 321345 475406 35474 716770 762279 70722 711216 972079 532962 885967 946159 274410 466375 367382 461203 598621 826961 627894 979081 742643 988895 585935 643443 54077 838770 81518 490321 82079 536427 669440 129159 599054 699503 322159 104668 614955 76348 487713 722810 858438 296639 94145 755011 346305 427239 166682 687109 402006 688031 956720 545370 143258 408454 303438 883334 566102 626449 114167 783400 304837 698953 288566 664121 400564 191286 862976 924047 525593 539079 263163 351284 801915 504427 40223 185958 323190 429617 641323 67476 206175 479562 851083 295003 917202 618465 279429 427960 865910 744797 450811 146737 657765 177191 271901 925407 916839 593907 538698 411461 862282 818078 990421 757518 493900 609956 643407 642172 50880 480709 7321 24663 521295 665650 128174 827738 987502 417306 796283 458620 55741 481772 430646 391066 457710 219153 601942 220773 562634 553116 664650 936941 650009 694336 448035 370445 978987 17176 768626 666034 918168 514372 560148 128992 354302 787408 822838 662990 677077 932757 369493 616831 578932 355922 893186 154533 891121 504982 995323 69883 328280 865176 810010 619189 540044 931339 480890 136451 241787 169581 960741 562591 858557 585321 21351 246376 317829 139623 14671 793941 867586 547789 917593 882476 419774 435018 797605 170657 616883 54208 790719 738643 26213 968471 99573 384718 592362 695913 120997 431222 771547 885805 878249 51482 355151 45094 419248 457390 382518 386304 766767 562516 664357 147380 810646 554643 56665 189748 115240 753756 115717 338994 66950 876329 854393 817309 253279 549243 520494 356251 385474 433793 59546 864408 656895 184889 340353 251178 676593 552681 937188 384994 641327 840719 834072 546773 748337 906957 888072 493170 666467 656246 491013 505338 44635 104756 204572 958859 459153 38156 376206 390644 616750 206360 577102 306938 784416 814171 125614 17564 323890 99326 78162 439419 283119 312101 691168 543889 437723 983557 857728 205902 411769 127615 738889 328973 584147 569280 118751 70141 374795 334533 856952 561671 299966 666199 57489 420241 742725 535221 414761 765937 848535 449569 305814 446417 777610 764910 208458 965651 822780 754716 792257 74040 833661 835220 110484 660046 169712 571864 561970 320504 269843 641021 973592 451772 72288 606174 347741 511787 851019 690379 365647 312138 443664 790098 709338 957701 57689 298380 889766 699671 488615 99454 94010 942668 282018 185939 808471 512377 387339 128518 183424 716756 674812 392415 439232 278161 906023 92510 901517 49048 831065 316383 273349 815908 379036 922539 440626 803043 178460 840387 459962 618427 489739 203271 853023 762100 490996 943418 873163 991510 511140 722208 150969 320714 896012 342160 233397 296241 805576 752411 472849 336637 372025 574603 706823 333304 848971 376531 147948 968371 63306 671336 541289 98867 800904 718014 571805 726657 898242 559861 295546 586737 940730 537317 561995 189011 378689 250639 12035 985334 977814 802171 20191 696785 601199 784720 511038 556805 877685 30675 117846 437386 27455 358619 403387 737078 295064 837625 732395 701459 736153 20619 640181 504842 91887 603287 539369 641722 763725 523438 68183 215182 401502 484331 775543 690903 657498 253894 293310 260328 79373 877475 121501 271804 841761 860865 394495 81578 993515 503420 158848 496097 291963 701906 585773 665377 334979 234717 220691 911413 545117 509909 887643 784282 816149 675508 594340 124732 624254 661888 63832 988066 638320 75375 359202 953110 15004 717238 250875 127915 718035 553824 140965 80682 386664 576033 388970 218678 263989 683441 395082 379995 485208 975426 384123 582321 284966 895511 277458 167782 272578 10428 764219 141125 528531 645874 187361 436987 723636 223773 657598 391501 51701 414847 948775 541100 430619 794055 973928 333745 779741 778000 623073 935077 815010 961243 575928 500404 559793 588798 833211 813309 585382 352100 171391 596397 583612 870481 340445 690270 495919 731865 767809 891810 778196 540071 954747 732480 537021 240647 823692 389204 705320 479937 950596 425187 489474 119767 922994 75746 283936 473694 779288 748903 653590 935870 443447 833242 91057 100654 134058 440150 962226 627620 643145 256758 94902 109155 127842 322290 748699 351960 839975 986581 462660 956712 619460 687081 120862 362714 597700 468655 563649 407041 559909 869275 356066 739131 237457 81656 656462 248162 117773 952550 208032 858027 218572 356404 986666 751215 206491 837022 54822 555569 572808 942246 662644 889623 375286 838197 970510 836992 312173 649414 533391 334429 651024 510374 878541 974705 646383 404354 417547 483290 137076 175421 697899 397336 189230 553309 807755 728841 568615 175618 938211 293537 969861 878158 471535 533154 389695 490821 73975 108671 457854 848765 117016 980178 92438 434776 501580 828901 14238 393375 356984 841684 587607 405755 683824 359658 813243 236348 21454 462407 805579 765146 725677 539277 364014 312086 333926 583821 84149 708909 506157 875793 541777 948886 779336 806575 483313 644099 909546 639038 222331 256789 345838 144416 152439 898915 586983 788360 952518 14432 259135 936044 315669 154505 757315 456214 740085 947863 859423 441237 938222 916303 431865 682712 759853 7260 24864 838349 529278 367941 690394 455965 79192 723452 507988 753759 672808 610507 928546 474843 410050 707095 865503 530750 431752 49927 922265 245816 848132 14870 904530 608633 821788 855350 881409 478546 21310 972450 126559 45771 767198 31986 385820 739318 773500 640194 743916 941605 769625 167471 389905 911532 271353 839262 582910 227791 255695 223192 983566 163191 963555 288553 732882 526521 408468 563285 988745 280733 168259 408360 715288 935632 159552 260953 849363 145644 559196 997563 737313 957514 914371 627435 737720 570650 195389 777006 191706 707726 842598 32593 177343 870178 645466 217505 721943 65310 649907 981670 748443 400110 613356 526038 933717 215512 740401 825724 128594 187101 113579 604097 633310 500476 720189 34876 407117 846883 459095 179212 556857 345279 803049 967494 130249 313885 983181 591906 418016 282307 546233 497718 644026 297958 236197 701195 932058 586029 710406 414168 724102 728543 298861 621590 533108 910869 24851 679669 584908 442647 820731 524882 69949 650741 46875 544555 111263 433126 743996 310684 130353 629740 430898 20100 693694 794206 600914 464769 397038 285459 580091 920053 340815 452434 466134 897888 821285 954216 453447 579724 964425 894314 930135 804099 781897 510115 111650 682676 958577 925264 582638 582712 493479 822615 385497 730495 507334 764995 395931 191182 260142 103269 345400 796508 758836 38884 881042 176015 930808 209698 184732 296697 878267 5585 497305 389327 528671 202251 747512 927764 117899 677039 252939 461773 126733 762994 961966 386617 944581 237624 977001 658371 612904 814959 955251 456819 638534 591366 157182 195713 8661 427942 176843 555610 946570 271763 713132 620803 309798 818324 71686 459628 257003 368736 369783 479045 449828 193832 353786 118419 646461 864051 739476 461341 21560 70801 727438 301329 757971 582120 96706 879274 772789 405354 752858 469546 407258 210109 568861 52437 138921 19282 358706 939659 136028 920385 907267 579330 265572 231436 389663 678715 819826 479056 552801 410322 463429 719401 411564 713640 676967 160867 256872 479204 67988 400330 489798 222363 397183 514160 564006 345076 941970 730763 192999 698512 733703 554944 445284 459582 642348 600148 521815 608557 467244 654922 879985 236703 230984 167103 193160 506223 214114 353224 38674 736654 448537 970965 697487 792858 211059 470241 145036 303295 118855 94183 274546 981553 293460 250746 271794 998512 295756 501427 615719 969608 363362 605 469999 49402 925099 409355 143392 196027 146817 327711 647562 81344 570194 402546 420554 545484 451068 555706 7760 986848 37135 37257 878190 16596 680975 7070 203348 116095 416259 883098 256650 294767 983258 460235 458744 865474 716244 970384 133944 724044 389945 974152 406128 13353 517361 718947 695703 509987 367086 135321 789615 971430 429439 695329 358112 123406 250438 222189 623601 550621 387417 29744 866521 651244 983632 801184 164036 112858 595320 394042 665103 162690 591282 663037 489955 957942 248692 94911 120724 64111 97577 642454 904382 772247 570180 143778 343484 304836 194202 981737 110848 687078 928277 331314 717494 109000 66266 742994 365366 648659 761306 910476 433832 544528 987566 96026 842221 952393 132543 314300 965711 270544 630544 412327 295364 193542 796991 403022 245832 21405 498115 395707 428488 59419 981084 370791 84958 749530 245673 369692 671694 836282 198705 618075 332011 816461 378225 779392 947719 566293 527338 49531 702154 770092 139396 610880 45984 670720 201400 136175 779899 151350 462156 633373 27861 743070 266023 166390 233851 443905 760472 367146 29483 762040 702197 247427 908183 392342 738147 112468 921665 477537 238703 208195 328505 838208 774453 793718 209287 138770 898450 878230 17548 871097 720746 69799 747510 188772 222088 437564 426486 222049 864845 546385 119394 734600 625162 851545 584092 193596 800604 805396 885021 182713 16021 2425 965466 265345 478022 705919 831803 204790 263284 569012 59918 511735 978792 937086 582277 934466 268034 112080 810228 248832 809271 709793 613809 433482 393585 876489 915430 293755 347893 261772 372334 177839 456440 686533 718782 391984 469121 815573 419167 38362 261797 648055 150731 970825 129767 236431 365288 691157 683141 391591 435029 470775 840824 828841 307509 363739 811378 379096 320744 963109 744624 45823 173686 156874 486804 886384 70487 282364 996196 317701 403885 195255 851296 912085 221849 280447 174852 578897 11551 512317 617295 983332 348923 313485 406469 941215 558128 460590 534825 974626 119204 160378 772798 971203 687629 305823 543548 361321 243598 73360 694931 342482 58196 10515 403115 821694 282428 942440 239578 890015 69948 489662 448298 68078 607086 338390 321765 172939 276678 391930 271161 567150 121657 304647 930909 517620 932554 523822 185519 322459 518092 759031 224686 291798 239609 580997 480242 561887 116688 801670 433912 740460 433596 422461 683515 266113 356213 818060 803279 288814 633599 757182 414609 17542 160977 92819 890473 756547 772672 782236 239450 287201 552286 148958 856927 22237 386245 55618 981804 321188 903031 701541 635435 481554 279253 642693 410065 293579 914767 240195 577791 780070 513225 576577 619167 51488 599828 193758 503840 43091 136711 941637 462724 450863 117388 19857 429542 762679 271623 123050 751251 80847 860047 33186 489822 513007 442339 673929 193806 546232 191120 935309 642428 371112 108729 329752 448367 306 188690 4849 124534 33716 744411 205165 658385 627498 872273 780822 103522 610166 57582 486333 720523 203379 145686 820025 562737 840502 16271 859359 781566 233006 751710 945416 970979 408398 101119 986713 488615 657836 426908 116933 273867 859287 602851 473471 83628 952564 915959 758217 831077 978328 434780 523027 732909 645402 862217 685373 938489 134065 649660 352534 825250 494007 384730 948180 603789 53000 934766 270794 432676 896018 378931 883144 551935 56190 896611 268286 906193 243974 400514 504085 918992 470571 84279 466325 168597 59262 979915 597589 658389 458826 416063 391463 384665 854040 436347 275908 78287 161577 136716 211589 415286 278556 251126 445861 570384 840344 639734 628028 705814 612808 201236 963495 713917 723752 779189 640380 227156 396736 406622 180087 896662 8257 26584 611713 133122 730446 144109 444490 629661 861609 314532 53005 462841 546781 622533 969823 350728 161912 829038 125174 603828 838648 64172 323061 915488 423555 126242 342350 590924 433168 147342 437296 614048 48282 366912 952062 821747 21126 296671 452758 659792 656126 397910 112474 755851 407673 214767 416890 506315 240096 800091 612669 209891 523399 103782 434240 990163 138256 633942 215481 202129 631627 295453 55695 124729 701776 150705 175201 169059 347751 837017 922754 831925 473032 451665 164313 165663 860404 113198 884806 458801 405213 326296 795048 461914 95997 954096 401061 835626 891926 914631 445488 276332 558912 323265 993792 573863 16789 133217 138952 447225 141070 147961 273884 882958 145637 452615 70601 407984 257045 793379 750687 712173 593197 287989 191299 674360 324095 185618 366388 10987 453555 603448 570007 470072 488494 969863 648742 571665 743582 486371 400093 283550 968610 604287 331125 180870 901263 383664 485565 908089 901713 799693 84332 581035 300195 219963 281449 841249 754648 668044 309960 211449 995284 723747 197310 610747 604145 803949 301393 74809 557225 201051 810338 620436 552109 534333 573233 11978 330212 392908 564707 539305 730445 893697 72093 974570 540012 906836 845813 34583 669270 439936 439232 613927 191296 704186 124739 951009 648497 387884 968864 250017 928901 844265 297056 2694 630632 686346 506319 684692 977442 927987 700642 722309 627439 199176 721198 299527 380628 457209 730168 683342 997093 22013 154019 600600 52773 415527 143352 906371 656395 2661 371012 498236 761920 713600 265052 264105 5868 454988 99450 366739 262514 111728 848096 55548 684792 159410 267942 819328 438185 212068 127238 4677 71878 172772 27328 576193 898820 137395 138173 93585 112099 34542 306626 750456 166739 512816 867704 910627 413874 665953 970923 414360 450197 82541 674052 493390 224337 190832 287030 154325 844193 573617 666563 385628 390607 967950 992527 856143 960543 344337 494863 814731 192580 283176 14665 853881 336384 200920 268849 492846 918128 386574 523863 890473 669295 507278 650077 247731 605858 406846 733168 936462 798771 458461 701279 867581 261494 104428 175860 89941 381112 927863 290968 375066 280449 876462 118148 820270 320234 903866 908479 661104 69839 177533 869206 535995 158135 988779 531003 269014 756450 281574 86585 70578 619378 878060 483078 956088 268196 238096 185227 915756 544190 81182 747791 272250 179181 65524 743663 101750 326819 627371 226497 609968 610490 448261 600103 863137 706571 410447 267323 809380 888728 248961 327838 662835 169421 407795 794692 551899 260885 65423 609624 962097 115057 639513 240535 589907 607724 417113 50468 445696 147509 580116 3598 595029 52268 45789 938033 516290 839141 730783 228914 782510 197828 658580 525635 290064 162314 557328 187921 197125 423242 40815 237989 62532 617427 929371 706643 791218 26927 815936 790441 808539 894140 930034 775968 420259 369050 12853 27418 804186 160729 152769 741293 353874 678820 890081 253023 233782 914536 434152 124514 804715 250059 833500 529749 368858 865818 575146 936845 187696 437304 641914 111011 750042 152362 313927 971888 725656 482718 410187 335793 980055 256943 98930 358812 869122 408963 167082 93740 441802 346560 643547 581398 990355 532258 562117 737167 298787 106413 992916 697209 401759 761110 376933 939700 336087 613782 52795 622403 144970 550444 904059 3944 629947 634942 703049 278999 683345 54175 526454 161640 257735 225295 751318 177076 194730 945429 797798 412277 576918 646461 51284 809066 623865 277183 83459 704806 130171 307784 975971 608609 106839 61293 833498 946086 414615 993612 269917 663893 634775 70279 33685 280780 101971 420337 768390 179859 238463 212778 119766 443785 158579 213010 550162 566419 611219 171536 402413 506529 822034 145560 584468 69115 197594 853956 959970 8517 200000 71571 726402 244521 55986 632909 263166 839222 438244 488700 434460 702213 612123 304512 902265 730512 31054 134160 555417 13835 919830 289392 556853 259489 540390 893653 686372 155824 662772 428014 565552 221444 384009 732701 178509 520165 467257 54724 249775 821071 100205 121653 489323 724240 194891 360081 988000 722915 875786 649198 410457 136055 783355 491834 314446 564396 419748 840503 342217 695103 169016 117972 621369 417487 575094 239399 321222 911297 805197 368482 554970 493799 825085 917518 82806 233889 644835 321733 657354 105951 736863 108031 388537 614755 299057 351103 479105 717345 192634 443062 537372 881598 103359 96379 689090 980173 230742 72814 462283 951450 640825 320103 847296 581058 712275 594720 924678 613088 325331 467991 790596 521468 933740 621294 768518 904431 827901 338794 210219 455733 355116 430135 778967 937127 895188 699501 115365 30056 517802 340081 586794 880815 449651 69901 139555 407684 650951 479240 731164 215251 419234 215180 785573 858149 589075 143163 70646 819186 292210 444131 28722 413107 331739 76204 125288 11517 639777 840093 877247 674025 508173 91054 648816 550127 679847 679789 883606 73267 392632 91823 359469 469367 351757 271313 46431 7187 715311 877882 444003 476036 152269 933318 885858 740517 644563 157484 657634 692831 145507 317335 306876 427745 384145 177466 324045 360362 876910 689485 237090 616993 360454 621087 144077 613296 819580 419645 639110 21379 692251 878257 558998 286327 903578 202464 828320 159310 850646 909642 563083 120008 175527 494045 134046 793711 831080 262602 457082 91388 342063 869951 426874 121364 239925 506802 649620 460105 360096 98348 53384 11106 432476 668531 433496 671270 845614 99382 206975 940422 757762 563675 114789 189845 230347 999835 228827 134195 187940 732019 563200 248225 918187 214033 951380 503590 158404 163574 834241 442223 955850 31227 904713 155963 153691 689763 265185 958313 700232 655155 536712 145795 473602 698531 884582 663246 230646 656160 256508 748490 128705 644894 268062 844487 11411 152900 123461 127880 875912 918928 353012 43837 183490 235603 266761 356452 227293 418377 662008 420020 125224 287994 567786 965424 451889 658478 211333 556819 950920 867893 64523 457809 608036 436546 134546 875215 600347 684925 252651 516339 735981 830794 17123 314279 87462 792194 138138 15220 194609 153293 152211 648533 754935 455184 85651 633265 728909 542520 898264 418964 576516 136975 602736 50892 694398 922289 482134 5593 85792 713272 955157 147778 311041 824605 105266 889736 876015 3356 127906 931217 971302 994138 263569 870310 148989 991222 75809 944167 127262 266420 614644 793633 797215 926136 313893 255834 602841 658542 257591 798612 912158 903871 215643 991491 292051 42357 386724 399099 698605 931881 755109 362784 530101 847869 141271 961625 922042 390450 110717 389967 698894 806298 661160 167272 833325 17016 18341 462812 810049 625096 934323 162774 419728 15853 496856 754683 838468 663254 854142 283864 537070 481035 356261 458617 309579 837936 107934 923240 419481 130252 687052 23655 814816 862085 402722 140842 962207 300763 296535 148980 300238 466964 289017 718946 996252 97474 850071 966060 714312 189540 83895 771812 465969 263795 973710 623144 696953 271466 206537 707336 920919 645856 228227 47804 644781 12527 971650 678647 823655 977363 615431 667789 110011 859666 557743 252158 434803 681585 430746 742649 146526 110508 574128 753697 440372 726706 874350 494548 690469 82865 123759 794028 885085 44567 802783 816120 293072 173823 443749 592294 866571 876901 493194 124684 483623 867872 961224 903075 516330 572497 529241 564283 73525 339080 908926 388796 79757 440781 778886 432348 667195 563464 52638 171957 355345 901127 469960 283850 289534 756269 607311 19528 233869 921942 429983 792784 12387 777147 898578 363992 514403 599765 666701 858974 37393 893609 313783 854406 607181 496483 356018 454053 272087 477379 548913 86818 335019 182187 277960 364808 422977 492364 932359 728058 333190 945680 335941 474132 436231 113334 609 696490 59232 916679 722303 446309 683684 997587 731148 934052 627826 656796 332957 36042 385284 369188 238593 664351 442368 624459 999424 936981 496401 701194 447124 5757 251538 610849 191403 775325 93068 731309 918394 288283 329204 125462 597737 106846 427721 432096 49764 894299 498315 487137 928293 8056 769947 12456 959513 287239 774400 756389 784172 440730 476436 297459 51580 151349 537429 883324 328831 706794 184767 972683 819069 205251 208768 515727 664911 730332 445018 109748 717463 866244 150745 504583 176300 522350 205376 176851 880960 407408 411000 136480 951221 306297 283536 574990 684625 529518 271328 409707 910175 867823 131194 162626 897245 745703 828658 446198 276477 488087 684015 995671 482686 478494 941436 462510 954654 949427 831202 100205 85434 379387 710997 221093 63973 153729 438672 191739 873067 336844 94895 876602 843679 768727 920418 716144 951251 666617 240661 681604 238880 802575 450432 185520 502854 849700 656609 328020 190864 725216 189506 125941 746891 898243 676149 674286 49721 243174 76841 186426 319530 169511 195738 620533 708229 771720 804735 568912 249248 999504 579257 415619 689247 580122 914696 154052 460494 541191 223649 742679 12908 448614 987588 286686 618504 439982 861216 143783 716636 783453 461360 182014 101376 216128 868081 147210 434071 188704 503827 711242 203325 932518 211250 37516 444120 711547 35500 82595 107506 878741 428499 24049 98895 601614 862721 791824 27463 494990 300073 487532 876483 380735 968069 40578 420426 335022 173305 272545 925314 274081 115826 398101 415986 567290 621985 555886 428453 723585 290889 598615 903743 648881 102538 163674 842960 414919 665860 299359 867072 497531 344223 9495 760308 154098 7900 555629 179064 47436 334822 313001 255833 982478 649383 888371 415676 659884 359390 344133 776672 381122 117512 314927 328063 781652 347712 3396 322654 630341 232922 909422 915677 408646 994715 87394 828906 718031 883068 291487 31120 618962 981232 777025 96333 70849 254474 386917 600715 50151 481609 286927 174170 738727 195717 307689 876645 976345 295691 345451 120111 585276 5017 529753 26690 193202 636086 934853 202320 293136 486348 474778 357186 681671 114154 597429 796374 593559 135549 777528 2257 713550 802024 417345 248989 200074 311734 674246 539436 487355 468624 49008 300882 912790 901213 588851 364891 355114 570474 313705 190636 486304 664943 176196 283197 433047 162709 388575 580036 598010 809511 940851 168840 208919 452358 267951 420785 778007 214609 700118 920512 675233 363046 677692 618411 500000 471644 779868 438558 389426 385302 872711 464739 815953 739631 109951 560541 882797 265658 678830 426096 295913 597562 549179 338704 245478 373716 870625 939076 557566 252663 593832 886231 287406 475170 135783 548435 134250 887591 279021 385293 524605 21817 146913 36248 677168 642449 899523 708217 705931 465146 266510 937692 407114 414494 669043 633794 47256 949826 11480 179702 608053 111801 605125 481324 529110 200668 976495 439316 935729 621010 308104 190815 616661 734792 219041 890982 604420 726174 214386 176950 432054 338710 449545 325163 489900 451000 525058 958262 622702 62236 692827 248746 350256 512909 283511 494149 151828 502579 978941 475064 362207 16487 724176 902668 117209 613204 600354 635841 166886 123392 205452 907401 795660 249663 258904 717431 739176 500662 75692 777191 354228 597576 680566 688356 642649 979945 745195 223256 113865 848212 62325 453843 247953 494183 220213 598910 872076 610514 605989 1323 684844 120057 832691 41557 739108 869003 432719 465199 741134 661420 43018 220705 310700 461481 137097 589433 628733 100023 127249 458496 127847 292670 883816 554815 642551 532367 377806 783490 93135 877957 102154 703155 901415 784204 994647 868446 577217 170667 960166 912144 656020 186452 578456 369636 224888 671139 266991 262445 37561 451857 148736 155444 713826 801020 293277 78617 987238 298705 559334 304382 649791 365416 635936 931089 591668 349513 571227 93404 61202 494116 893591 96938 473223 497501 773797 474948 145241 501348 549655 458139 374762 890378 962017 485754 228690 678029 946473 125915 552058 24524 809973 970798 451680 308437 874101 390376 315963 983597 405006 103711 215732 87185 413837 934660 32642 838215 539668 148174 54781 603845 199391 346948 398777 30509 839051 561288 58881 409615 57313 548200 796225 812058 800589 691201 782993 527814 92726 569122 236326 633401 321720 149211 592864 399914 947701 44012 88899 970784 577331 544182 612994 340155 679758 505051 536403 43109 135631 722735 772808 868513 237826 55669 192425 548781 456532 731621 581770 87263 590553 393333 164776 163750 167928 624415 825012 49789 65834 814838 801567 484066 592164 514773 323743 439423 409553 409495 665860 104567 488597 365592 753158 131214 879411 177944 776460 119918 581346 768370 588781 569081 560892 232722 791494 906672 541849 100676 202441 944095 385906 476578 89897 215757 31432 26670 501042 628223 299278 877518 221189 751301 724801 223413 670309 16788 197395 776656 881328 937961 920051 969504 371608 576282 479281 400848 170668 102420 276775 628462 22697 86731 703444 559657 605801 541350 67199 560035 112890 872336 508825 803407 308358 464485 731892 330806 614348 165809 48601 588127 182932 172764 919534 878120 758668 961466 541472 357347 501426 11009 486624 287619 73971 667097 171146 567816 517990 174364 995480 37251 635070 433479 916858 565187 637019 671690 688666 417819 268679 500804 947421 561127 457575 163346 708980 616490 946116 969615 764998 641600 592426 904945 949670 658096 964543 546006 518375 441829 441425 662946 641501 212531 878270 949352 642639 378901 555694 268612 905493 958836 375740 77185 969080 208900 220664 734474 506318 441765 679738 824245 550287 624900 560552 561920 284208 806417 796425 257879 266282 232461 407642 210363 737356 890017 861448 355087 192520 630185 516861 540200 569850 356308 69627 319721 899700 857687 482171 647623 71199 640144 777895 516708 645031 342116 162616 998455 622165 331733 507691 66805 576076 314968 430917 282952 463816 877443 4739 881242 921488 140137 842651 930831 757016 66430 974466 258459 975762 48446 675949 33595 399282 7183 244363 636864 237254 462329 139847 617866 828771 315968 346891 280276 737093 288143 185421 104719 561081 937328 503345 538611 68924 313149 558110 948752 430816 886621 672114 657918 12870 720046 818329 67584 188537 580937 777124 653944 889818 407850 566825 882870 787537 649473 782110 486883 275795 165378 911588 540189 983451 236786 732663 864448 699100 27751 294444 841115 522135 50327 113904 169274 845932 99643 204198 12821 761081 324493 545235 501005 430097 515841 774424 756475 248064 69399 405930 382591 447193 684368 433879 778195 552035 412338 913468 746969 362146 828310 362479 879495 983367 415640 625146 189613 673096 245673 660303 717838 31233 25768 350028 395 537859 366405 898270 973665 593919 101023 581372 788394 310135 659160 678211 571032 590100 988242 151092 982145 942088 375029 587404 670631 109663 895971 798110 106547 745371 726277 670247 748884 908741 803510 460248 279836 632836 638537 501205 630127 693750 110515 317708 248768 721446 700826 527901 549342 565715 945080 766322 360360 915727 108190 24725 724751 967091 63301 293486 562010 776548 15629 608950 503479 33432 92792 481680 885606 516861 874877 65070 234752 337519 924611 346577 583634 634503 316609 352447 464094 151581 685172 312212 388118 4327 693711 711570 437715 3895 458177 196853 930554 773365 865289 606298 838835 169681 866167 711050 838108 985644 473945 746197 115131 754297 914512 579309 922522 689585 517346 619690 330268 714311 419744 305564 275533 130242 515388 21409 344600 949187 593104 486238 412683 262621 478708 152453 285514 45386 614690 922258 143811 927413 292056 389042 168366 822310 607481 706056 167250 406678 723487 551188 784478 636728 38858 369863 943596 316566 795342 552667 959206 424451 559570 635737 651291 952955 108512 820885 830076 994294 395978 828477 886877 315390 960905 583734 230492 66536 390546 623434 447099 686248 805251 29694 729803 560533 53455 740539 716675 24183 75422 738668 723319 775289 551573 375856 649071 396435 959520 228224 27597 84631 484400 340347 990401 330203 714165 320852 168372 18995 163262 221079 922742 587148 639596 80253 132020 418725 396970 798745 737577 278453 226824 781829 382169 523277 682959 929986 128001 577756 248528 199205 234587 932667 576098 221297 152154 252422 450709 590426 86639 168911 439347 749075 343842 20027 180744 806781 97603 620134 303042 537509 512978 112157 591203 135097 986297 472029 493858 82396 365740 111912 145507 327374 260904 986596 210071 52580 153609 646437 353008 220054 544624 475287 739120 635714 403808 170137 387722 79616 455375 647409 398355 55714 277325 366700 657007 289574 882190 211685 281899 773505 467504 34096 536122 261889 739519 211108 233838 524266 930470 893310 892724 748081 504130 170397 592814 612980 178968 644009 821083 553872 537542 488965 61401 404691 596499 475902 294062 939431 652665 108720 993986 656044 7824 116631 962679 305891 499951 60466 474928 603304 604934 172800 177874 699130 428124 839224 607502 117341 751678 181385 467586 152810 692450 935664 464384 89880 121141 607488 72321 649715 245181 643987 455909 236362 391720 453998 189577 495209 889018 331469 683575 254246 106848 124109 657648 488051 874390 962299 586674 645693 110651 701119 513885 882820 499911 556578 537026 293638 279026 900385 671454 641911 311639 110453 739114 954729 354856 233039 643063 445078 33042 391191 929304 869705 280405 12720 244250 336704 899086 818888 990161 607910 58922 723654 410414 615923 659969 731525 106308 268742 849612 405837 393014 409335 731683 294566 358297 537686 453474 378399 148712 429422 943339 972859 696259 172030 287965 690518 418554 763394 899463 69627 815558 352931 752231 450549 190857 353057 175170 876346 161893 209181 154317 110438 368878 216546 825445 735573 807083 534015 497812 71695 565845 754658 851118 696717 288035 970929 397947 231650 475867 824627 726473 909901 113022 626393 29196 41613 703303 525109 46311 439395 45998 63963 331340 45464 7362 87089 767430 150622 921366 953292 273941 285921 251894 860393 290691 351392 392518 231591 512781 591483 498774 898860 174708 564430 477472 882938 571611 372439 473708 727723 255868 873365 824972 145721 460879 417806 565141 551577 878878 488993 20445 872136 15837 43309 946048 446448 297556 800855 881187 739450 264737 700467 365131 15508 737161 724877 361878 845922 72695 537042 336966 586371 661471 307833 973001 354052 819675 19408 153789 853341 460439 828722 649812 873155 496599 832139 149515 627176 329608 585706 303867 767524 760240 480963 318599 875502 461521 224964 804342 563099 463244 155898 554209 916551 695179 494119 537616 440356 899637 240796 661267 157555 738189 328188 261515 612584 52106 728754 494147 547181 710414 200366 756492 901584 388009 997001 660747 493821 201988 463538 395648 474385 554908 618987 65599 457979 344117 997213 501573 930608 453614 931781 838106 902476 158627 477631 224979 249564 604795 766255 338804 691672 571453 646305 335519 989381 165640 654655 853781 655491 169903 77626 542962 884146 95294 13447 23423 977207 843524 190454 192051 866677 119836 637411 502824 823354 400766 644709 826656 121785 373621 595577 290505 57082 761940 937808 587306 976584 431653 496805 88941 817395 601534 140057 503887 601361 359680 775514 738212 428303 42141 671610 915298 657856 224706 304061 112273 100523 965469 707023 561475 935178 359154 899897 129293 565017 988541 140993 471189 852043 572703 613206 244242 661377 284557 79041 775738 975861 623649 176490 242761 295785 821899 81988 580525 425346 473406 290221 294207 810773 875202 309783 42315 837746 32960 247015 567527 159212 485499 328296 104379 683985 345020 709251 180268 314889 635783 992575 750563 880975 502649 775429 106754 625523 936956 662058 68787 99489 265065 185679 388821 268228 550992 879114 442838 675134 657640 282259 917988 798101 599135 446411 384205 595231 672870 933025 44828 348500 122362 831958 617243 511517 819024 4364 321905 439559 710264 780328 613046 209042 126654 231696 707475 682448 517836 922934 221633 969232 67291 49966 411911 999924 109741 811292 310888 326196 564172 124214 406618 418780 164109 258030 391480 395722 38938 248522 99644 915869 650644 167670 46240 693730 630546 978752 164447 87184 38636 391338 842628 353746 698143 190541 563853 213615 743835 345369 844576 340721 969833 793385 483805 719013 971095 657379 640049 401656 724640 333241 142928 329385 794809 966085 311455 819899 567271 206204 340985 767960 373396 35623 981048 484990 833098 686393 134915 888705 580898 111749 122533 272519 801941 334696 252130 827955 741397 458977 456112 179170 32604 870095 973906 743989 778129 927866 176430 184914 937636 707257 526241 345465 706164 943371 981467 667876 92367 556912 45753 369450 759587 338210 990891 982691 466172 250990 100055 639289 138662 819155 880220 839774 788218 386319 855821 586515 28352 289194 977819 135231 459394 10089 368044 905930 626600 470316 884825 995614 487213 995990 307291 451199 622862 645546 194502 967000 886958 201989 136601 210335 315406 920978 966346 373605 662708 967013 649121 360058 308902 404540 283238 255714 704439 881415 836073 860483 477789 689588 281752 671243 462548 42077 71886 551462 611356 829337 586009 263417 625833 982997 929739 346315 29014 674783 657782 764948 316504 124056 362255 379375 637042 684186 515376 157717 65745 254369 415731 515506 452386 180815 660100 389609 679656 672707 646114 39807 356678 85406 688654 516689 846421 881955 672251 985470 91500 332103 537318 189177 216448 577530 315993 390131 178248 614824 54029 936460 753736 944439 675315 936449 902633 244466 796029 758956 146082 680112 526746 319769 138181 703108 700913 771057 293226 461976 116106 861190 549937 347776 132748 120505 514306 675163 810657 710831 564331 682957 66329 566719 659992 393946 540452 917422 804090 833431 437865 599413 101521 197829 942506 251124 161422 370896 545800 277554 891392 99186 865865 342138 186863 374745 314955 232181 715453 876708 738324 614346 351401 432749 888417 153510 255604 347139 422822 522422 868037 814481 709086 950290 742898 989337 334472 284660 564917 905853 163602 451592 663691 136940 856794 879323 339140 335534 928490 305213 404209 988292 605103 165006 773222 55038 568153 754533 152432 471115 591805 931509 764753 390307 143787 435241 483661 375820 768207 79371 507965 503921 246113 800578 482075 447379 518823 399643 549018 218921 846189 236142 485182 334784 826741 644043 358330 625023 838323 589319 200055 328808 290243 319207 502738 338310 917803 849496 284812 544971 152240 338322 96101 645866 238036 178918 943539 573589 294558 435041 818686 976474 13694 364225 952138 673123 343214 438304 62590 850740 956147 146782 720825 412734 68119 551055 662495 634747 969687 914936 484328 867554 239831 28846 675782 609782 424758 408750 126268 646748 801007 956588 312927 831480 538366 37528 534496 418073 738079 579647 206434 488442 773868 479659 522641 483660 957598 629323 394454 338831 567106 887699 185270 669580 881723 504654 715679 569994 788231 283618 735818 588990 966311 870126 592924 606889 328434 680435 127156 230319 936397 886748 613453 682478 440593 13828 66830 171515 524902 481449 194930 663259 727795 933206 273777 108814 837116 601643 173162 130951 899880 31702 300556 189962 624211 87136 401871 45885 199855 901347 212482 481123 580079 86184 152135 515081 385621 367663 859847 392711 59048 675073 118348 851461 98229 847468 117713 888754 213857 861078 523590 583769 72977 807754 931115 290202 575157 443092 265468 218556 599303 390339 249534 900310 960042 964778 69748 282287 445782 123577 161959 837041 203057 754665 955478 590184 461255 473964 594961 84484 430700 858833 438477 678496 393657 73348 490380 9013 765039 436625 745047 497096 472142 467595 266842 338536 47510 725803 92891 166097 728700 669673 617447 787715 392209 962488 149437 519844 491048 850987 878424 257994 743285 218586 759983 471579 727990 515094 548432 158853 572204 694217 419147 822418 878349 556290 495993 860186 507112 337092 45518 7452 992893 350635 151635 45462 542351 801163 708685 179371 981055 486605 876884 499042 678931 149162 309419 631428 387929 291010 622133 840643 42737 957085 92091 243968 458312 835370 975956 863224 406626 242119 91320 904158 515781 81868 481941 71840 358220 862757 133091 648852 506237 246515 997206 748784 398479 118393 769539 164449 729341 356003 883653 747480 588395 205511 81248 591312 315516 564582 220556 780754 514925 359177 65735 547662 455347 455779 549432 610362 197256 788652 198369 179154 133766 466282 384579 926233 85625 885924 843786 566478 200506 210628 922231 227344 904629 144212 749390 557254 244314 824056 124945 814922 540654 781874 717820 996981 118791 515309 35453 881116 8532 192750 954648 435819 644786 249265 870981 698430 19522 43970 293058 366843 270170 473976 845796 37275 35189 221155 29993 498490 518615 948562 517 8798 917820 465780 406360 858 586333 347847 874392 760297 734656 741012 730763 601992 114915 566684 724686 423677 648172 568396 719879 107029 52185 700357 305615 545872 332243 49389 713863 720127 403417 66684 387422 984167 753537 896733 323886 136174 471991 769939 522556 806255 436974 749195 920531 527202 760247 682136 495034 528196 983136 394428 170141 666798 956463 639513 445566 596583 22125 870225 361513 133062 879861 526903 209625 667539 148216 369036 804044 398335 484925 683469 441062 229018 70474 871134 177782 947784 273987 436846 480851 647773 299745 270029 986687 608600 402353 265791 134344 390109 888627 269308 496097 916480 564144 538190 25215 916101 111474 167741 972938 209154 647952 751172 293075 360106 280473 492623 449606 946892 756891 997535 658529 660003 911697 601145 535146 927259 205493 609493 892 749890 55337 74019 79052 679783 208712 507577 462731 609339 944630 672412 97515 162274 560914 248442 572264 795655 298874 688380 439280 976109 197364 967922 56309 463697 732357 82787 419174 554295 838886 792409 29443 697359 969309 997557 15970 333537 314238 762442 88895 130454 447832 386857 74798 920561 157995 499494 852225 966783 220078 715030 623758 998019 93348 653145 529714 144753 742031 500905 43296 562969 979017 111782 797950 531458 133390 337277 530894 551535 692546 922660 176659 788507 220939 937067 141180 488794 80076 987493 583027 329621 744752 451970 869607 779250 987929 684933 587658 96050 224350 505484 292072 884066 827239 404874 148606 489154 33861 867438 865500 615433 307761 380182 9258 837628 574736 318287 608931 445284 185554 275262 308529 853304 886954 306143 775107 542838 822543 157265 349228 457771 430264 531159 108115 964747 783172 715206 530573 252229 45331 197518 934210 977316 764486 707246 169078 623713 578771 455263 526178 947962 88503 39157 747746 620876 161529 963025 38569 96433 717761 685769 116568 279723 688175 829757 271925 886275 901546 810353 981983 642223 452367 653220 293916 94299 783667 67697 781661 227904 847546 739274 55280 245711 592915 518855 164020 355527 413871 205260 588810 792838 759021 396276 230563 887585 175582 127022 323068 16020 347163 719577 669958 381356 654909 581223 460433 121462 654542 43855 186478 685663 647960 239794 415662 446278 936465 712430 786425 308239 149380 260900 163500 989938 846016 909064 748416 281388 132534 257928 569307 49909 105452 742154 881551 938754 108998 703197 439646 185055 916973 438490 614770 50353 607260 25882 152420 630074 33376 795734 278625 136865 655948 548085 970172 660646 768859 43510 857958 360697 159953 785888 359212 708701 379483 916617 56510 224521 485196 997493 605348 298711 47145 780075 815352 100158 709084 304483 166362 550282 359706 707942 852867 580175 534416 346974 965550 244937 264821 920207 303082 179088 619394 73896 789410 665092 100030 48578 582908 348094 193069 124847 627595 585697 997615 463116 150194 755631 877610 700460 376920 166356 370265 154900 588261 863786 515272 810503 965018 581553 602974 782016 964113 162643 511258 720920 75502 14356 857093 571752 991334 634932 835410 334863 217263 476055 41867 633850 760666 120767 708194 364716 523481 791539 40280 571491 506513 93708 903382 758964 309244 837950 646197 781988 639448 180053 635259 678715 914278 289120 532030 161342 805314 850355 244436 99452 758645 389879 575378 353127 649622 557385 647801 306773 76967 52663 709414 843692 259503 454175 627421 123114 787272 379068 43692 638617 535311 494688 989419 528079 426098 135832 145567 803078 955213 107579 524362 96175 528081 875820 838533 377237 168346 370868 927846 566324 474735 658323 486141 531827 747938 739079 657115 919198 155990 326170 326884 786639 341685 900404 153579 707156 119022 217629 260990 514246 824559 655883 84332 722918 908791 821497 241974 451566 629976 47454 648556 288773 392358 61170 696394 955518 269294 863071 915347 69762 183079 287008 607912 908083 376667 167799 169152 728144 178166 765021 303669 135794 835558 721148 826636 441905 251088 981852 554918 484605 905581 749827 302839 643618 567061 125756 265272 541003 526079 390655 79647 605961 352919 357062 988607 559172 908885 341860 771083 743227 34088 948060 494118 475924 657121 207271 614126 507333 754025 942235 148858 469484 656725 389191 73095 997237 77378 705829 239347 246966 592932 113580 423684 225109 558021 526219 438633 664816 550880 348577 266653 31235 94741 982385 708611 219164 358774 99240 873080 448479 818564 817091 832613 381383 637794 226199 854238 376833 94072 803639 275645 400863 998748 163839 813463 773199 494460 294165 965301 317797 19015 471098 730184 296215 506005 916974 190143 530503 824980 420647 817619 223575 400176 981521 589109 673129 244579 388387 975215 85732 902638 612780 610733 604270 930048 149928 414065 776256 977146 866066 78322 945539 165466 847023 119948 56029 632166 41822 885603 410708 599571 512502 599430 13163 967273 467261 380435 897045 54563 430566 231913 842699 349014 797034 98508 938615 814699 504644 795597 254174 125622 459638 380768 934662 437498 991063 820670 786534 500295 63821 265576 597723 438396 332110 479040 268799 591554 419329 823361 333425 487463 101585 608642 654794 66720 307513 586758 250021 992390 451340 412546 156583 997191 800539 78329 517123 653415 204229 971584 890506 558731 770617 788516 834894 285258 22623 354140 405112 982548 984731 203909 877201 315613 733535 199525 759394 494449 955667 281987 3526 646428 221004 214308 741250 891482 939113 774383 646006 653799 340056 638394 802814 26914 519501 459158 961405 268972 464880 373646 239438 794872 302604 660271 388669 607755 3624 795995 485794 682346 858723 477129 310227 126462 476301 19433 996978 947713 17940 655903 306847 704296 405242 710359 973558 282246 197854 563321 27561 999770 695681 847961 83846 202171 12543 156274 370465 693197 54280 467382 797947 137099 33614 30743 958861 903847 612295 973591 724721 956096 10652 173097 546964 802919 994389 911615 100830 67931 715835 337512 716846 417325 146541 776716 905375 365576 414627 218977 218340 829697 513480 775851 866606 307571 796317 541913 192615 489508 777601 405310 166740 164329 927629 365239 133452 937171 179400 513912 112817 883353 182582 699901 517288 565536 371955 593819 185159 705394 594823 283059 797882 898324 328899 329145 493252 786461 693056 536873 786535 707565 693869 397652 497186 579462 381093 311522 253675 499918 920594 545390 900079 708083 302661 674925 168956 138375 816076 792002 772838 175094 917532 595193 291088 506383 490242 925062 179125 43740 533722 319002 786950 987222 260930 647444 32616 907076 399086 792412 257324 335310 488183 156585 38411 456591 358286 991033 845818 703521 491474 610883 344636 908192 726035 506345 865731 519367 973168 939947 93975 559259 775973 940527 175657 88338 250526 253785 346639 324758 761138 449804 715217 753451 531322 875347 42740 61358 964244 447605 715407 258253 439900 701280 179639 483847 386320 612449 733602 331342 117786 859067 816798 266506 490441 265460 893562 579507 86265 271714 167809 556346 501784 425235 396958 295323 540655 28366 682251 19863 797689 91830 170649 188911 879100 98396 193413 851790 777783 668792 59122 965228 584943 617935 197544 573908 362434 430428 274211 208191 361000 709531 647679 486987 666396 568766 454445 247035 507189 613047 254562 234259 561797 526176 117220 935756 556667 957513 760434 455375 720066 139504 6385 848730 222538 829989 787055 977703 54963 20003 741199 869603 452863 109989 338156 791090 753397 195639 877369 401988 92946 107121 780042 684247 135494 341577 602408 263116 563158 128399 790642 362267 422991 914142 559391 46537 645394 922710 462053 709094 35619 944813 114237 353532 803916 14528 623549 924025 880682 301335 607273 988918 511372 304672 25017 550282 512448 521791 315122 829937 188452 393589 251355 540137 367090 936931 36292 415913 778128 598597 929150 840863 502844 211704 574382 480587 179154 330009 949146 305744 690183 24577 658919 466420 856787 547990 155364 632189 467216 152736 741397 723602 93938 600259 332539 573913 615361 417075 491105 705170 583177 271987 764525 771463 805468 878612 686333 271063 301260 982148 274991 942676 267072 111435 11021 281915 764110 46359 216143 866514 21557 180303 504902 518424 532076 215727 948028 66438 965026 400927 879857 681068 729720 643984 212708 898248 612305 77039 849161 896842 322580 299462 702807 395410 895615 725125 153555 681849 754595 802698 222775 595963 371536 714926 874809 292932 417484 558307 665104 621844 783688 886639 950008 894034 259336 875015 864859 463897 704846 17343 873795 481036 91250 334602 933757 586263 737731 354847 729176 890331 173708 804708 585107 705504 955265 484784 162297 126619 635793 449169 379205 779023 260716 731089 81225 762945 763074 780758 37420 218196 193477 644853 519267 733261 403950 594838 152009 989306 679351 591931 882083 556886 200604 657977 40211 812028 243729 231691 917878 850155 554109 660132 72940 890666 453114 69768 16923 736643 971889 643820 242689 906424 870863 757637 792554 795682 338694 247065 573147 874544 309615 614287 123373 492686 35869 863952 11846 359343 702207 649124 213967 746703 551976 693587 702588 321789 203992 790094 94877 207702 916858 236229 480028 807519 178457 517991 291585 973229 990644 902524 455108 352528 315941 324388 52724 815850 840573 378003 594777 772281 499429 693822 416225 275654 715906 888413 339248 778762 672661 916523 680225 334798 822793 442303 885841 290906 406514 555186 264293 450971 555995 743160 474515 871597 366982 235507 905075 73133 806076 101258 301512 577001 619616 106898 831982 424265 507308 152990 884694 358557 163191 810539 978259 13392 827319 590065 33919 207266 936305 2507 392151 286219 176331 320370 865685 506212 859038 554523 437548 389108 264305 170983 170090 691968 400413 129681 200333 849297 112464 23831 486487 138417 506077 537078 722629 677471 693803 799015 498613 266755 585337 164092 132847 257684 956718 594423 571298 577426 52838 415120 343327 288787 72562 763996 399172 632921 511494 515044 52484 390502 173049 178301 569409 682601 442545 668083 749312 582252 935189 976298 107494 146919 806869 506525 95845 404873 597771 440720 246539 279023 806889 194898 286925 759828 944589 380535 647254 569702 167397 543191 261192 214404 966363 345526 131973 137056 152606 174732 499909 194337 596156 24659 578080 172821 769150 671909 375299 95014 800894 497482 662214 696198 994027 285706 86837 163065 513170 634319 328087 167543 996017 952867 877730 521319 960213 911358 542192 874488 171495 407416 373513 84809 574976 324271 679743 424691 965016 959058 981798 208990 896750 457302 118091 149207 610108 441266 117778 293261 357434 474594 39052 343280 611372 454913 387747 446266 725735 757073 781904 603435 112964 287013 242021 656989 594218 762512 102627 719750 419381 846862 743048 926638 321426 535056 155286 11584 908956 505297 34379 524890 704103 803049 453256 852183 825462 590126 480554 111586 992960 931718 15205 843691 305519 894610 192283 502655 876594 770752 989134 760362 20173 32412 585699 888762 638185 148393 975143 538166 365828 872868 776843 685159 911281 568549 839059 485644 284137 163936 920739 432476 810287 574085 789147 997708 652730 496097 463598 212063 876629 820634 623970 350855 666043 852404 468231 859773 29496 497588 658519 301704 288699 624119 799431 800101 733041 442331 531695 882149 565358 549416 587952 652561 625606 779380 200110 373619 878799 400999 320529 676838 92951 844992 253390 795661 909634 241311 132263 846056 568791 180937 363613 466085 317513 762213 425647 240490 489291 488251 546380 193309 313409 361299 111692 861038 228044 262940 474415 329531 540578 392777 782779 116872 104382 9002 940898 408468 455113 535953 616273 767903 707857 242952 715768 294340 570858 406035 487992 88067 206674 54934 791308 588847 458563 769192 159230 65647 846668 377050 735871 764567 393315 165763 248064 610785 666148 947297 396233 224084 28185 296767 610790 890839 983501 324579 133950 699688 322999 524706 928465 376622 177983 423955 270296 946924 795867 269716 273087 341753 571283 278161 774696 285035 634919 783616 339796 411691 988317 121975 477614 116105 216312 379897 459055 990576 280644 444414 260123 321309 534872 973621 814180 833059 268152 419341 799965 705276 965949 220491 981715 374661 12357 38148 682350 31813 748317 406053 68206 377170 9249 575862 357551 603635 362406 328831 389822 608172 445301 310138 845600 242407 144143 619273 30143 301535 566688 992300 300100 943437 921715 666629 362 545223 173855 407159 236251 49646 53482 924565 698512 869717 698899 408321 877233 867222 95931 863577 727793 507995 911702 840458 216954 653104 646666 686111 407409 671989 323243 633569 774514 175727 339514 291451 93130 410912 579285 139400 777733 114991 664851 619515 949278 660573 174769 417781 849454 920668 963110 255328 218966 499833 860369 93490 45373 443609 661738 888965 410824 5855 103975 559079 430595 124154 488822 841945 548241 547811 191537 996763 371096 642763 951577 572659 489472 872935 59646 638967 701981 737506 328349 536279 843161 556171 371071 463596 970793 272887 718355 845391 575482 773922 575657 504001 688809 332656 342688 445211 77785 560306 683926 933422 740391 458313 410006 286628 780163 678471 413838 521412 809395 645701 691356 849936 65020 195902 67124 331029 917481 613045 721513 172373 898877 950711 899531 626406 218920 441598 329902 166266 985161 658335 616211 206749 938781 98166 442971 409531 291597 188120 126634 204452 383853 87937 757285 607023 318740 195863 908739 275233 890299 886235 931654 256463 164674 306945 437218 289203 541540 139959 81406 596065 570804 835982 890415 566654 959001 547467 639557 557969 327556 2315 86044 876819 18535 706387 976892 688056 946321 801021 768411 574884 131730 687911 774221 204316 95139 509074 433422 674536 659098 144264 960692 416314 631470 894368 513617 572008 247473 911194 943182 23738 876658 738281 557162 592639 302960 754130 131915 451687 427246 815355 415001 680913 717146 253785 742200 789511 439549 282542 372603 704441 783956 797655 238542 624990 625469 948587 984850 361640 784979 913939 747423 936782 62869 825173 998846 101672 971022 929909 618649 649283 65869 762045 6179 593300 483717 323786 380440 837321 696764 591758 910774 915267 623650 518181 132397 99311 701144 42229 939128 862331 113865 968190 834632 961779 403428 359597 383200 518679 903109 69373 204800 221010 454582 632835 410025 799762 215831 510448 6763 907060 928272 634640 216677 947126 768451 905645 722889 761691 909923 769770 229163 297828 206510 392541 960090 767613 18925 357691 532248 443518 217380 435128 457323 211112 740460 185909 770068 350090 171652 808121 661897 3321 25584 637944 122886 156677 893516 731374 289229 436662 565304 379213 844383 254375 525328 552545 851941 123199 305796 366451 348104 980035 788904 565334 288283 629700 470276 440846 322438 623955 507944 556962 847941 818440 824657 563483 261505 307533 687026 779020 394085 267430 435681 984398 422503 462250 661803 129388 552998 64792 925074 369604 695736 729458 921904 365420 554528 835181 333031 538834 998427 878873 340826 809758 221308 810334 355214 752196 7091 806019 757669 599673 681978 577530 693055 568597 835802 443830 558310 342378 834756 869885 140031 871391 225895 516115 767577 140007 898368 204462 909456 778985 236086 251330 299492 548908 356986 799352 854048 701055 489826 15378 337144 156900 852755 116881 392931 558741 222666 492306 378697 355217 386471 558045 999115 258500 145095 119392 323411 121691 347533 185706 335803 10776 886633 235691 454292 135348 39910 391230 877966 111884 326608 440681 817028 427154 668005 74737 417143 450660 806575 552695 869533 641576 859070 395759 811543 94800 357878 195680 153592 343905 569549 769884 874813 751223 129289 518557 606362 2615 346956 306475 586881 652466 117037 449876 944595 18177 87210 518229 290603 73007 253648 807376 334615 57218 277628 860010 747862 315106 907730 397358 902216 900199 839550 994451 896283 719262 954240 877100 949700 596353 433889 46436 280557 224410 257525 589370 160367 37959 348400 706593 54044 371760 953269 558647 717373 62781 651275 239312 373372 652512 702050 601445 832458 173748 899439 695747 262428 407241 56105 698129 383453 857771 880771 727028 867858 832224 876517 356189 913650 944699 537654 432639 151170 68385 81300 466426 944346 97318 805598 821213 677681 535433 877447 127626 777180 520332 404102 404096 901088 55448 998530 439551 154709 79196 398900 68117 758830 597085 510483 650883 290226 450632 987397 723017 130619 814448 926676 12171 883925 493094 956187 535295 480042 583707 149848 44158 487952 727725 280738 620428 546721 719284 364786 418277 192724 638890 336257 399709 298039 252756 696207 661608 493448 912898 383282 437933 749401 936192 144155 870803 650798 412250 461003 877256 101814 311732 936992 767769 6010 426796 899538 300781 952278 383197 236348 482124 951475 419330 267346 232067 39152 750578 231387 145565 292020 9659 412708 11452 796738 199962 53561 65454 485448 746226 547681 934199 454427 358797 458463 491477 871747 872488 528426 277666 744083 488591 740315 285711 746409 464245 874999 723705 67838 697745 595357 766225 567537 446506 144157 999547 433640 32071 388159 676299 492122 96666 717354 177300 792290 435280 664212 466844 103248 723376 310734 262802 516275 223574 602077 561298 566048 713517 951882 529729 248246 9140 577913 594163 162453 12216 747265 715777 716997 87745 275687 360942 577331 911843 274828 449439 672454 612770 12344 169191 281068 96049 579633 230648 617241 947155 567526 414264 546502 84111 869058 938805 944073 187724 89871 750471 724974 56530 886606 644284 58449 302206 506467 778244 575169 248529 431162 987978 239799 922676 860459 456 165333 81192 160455 607513 183211 388575 672678 588217 337078 667939 178300 303005 979198 70342 557954 472964 342463 878964 54030 154832 396011 943945 716832 159713 500150 58780 920984 183379 211102 351827 4783 227539 813664 812805 303919 864214 675125 988573 27836 105026 540260 709525 140463 450091 713895 422113 779170 186760 359672 6467 70525 817293 458421 395739 376326 702975 380560 703143 681614 781796 674780 931294 158289 299681 727513 853749 35665 608777 188675 501635 836667 518434 717272 919139 834240 152388 33712 669304 653227 453414 275160 124436 439868 174299 128888 524896 597329 5437 11659 274492 567816 660894 496620 530498 493931 194520 449110 553652 149886 191259 916008 373399 187788 700616 471134 988852 345537 152466 54389 963569 488225 476312 895772 670603 393579 736390 867097 44585 20595 743687 137072 550518 347708 701316 447594 276949 995193 727328 179766 579552 279912 707406 760314 355388 363776 77917 361508 291157 664217 243314 690906 511242 559690 226001 584980 125212 30917 366449 116520 945997 811497 483593 263365 279521 833175 940782 11442 130639 375124 570755 213019 132940 907272 602699 787133 801186 481498 110831 602468 822384 88051 180433 715197 363824 303012 705313 746237 817085 720484 40277 628196 321513 524376 928494 582895 55234 822128 378922 51844 427713 967177 389224 180537 489103 569480 342906 863178 346883 473538 351016 674993 563458 498978 863024 197641 787953 96248 414790 655311 112135 596226 125269 318454 467517 309166 653930 923453 650543 524075 14472 469491 578393 783179 141924 471582 108067 690320 76902 337915 309015 368620 990708 84636 642527 930618 742189 107490 297197 579293 435650 951282 394330 882927 170644 260447 283358 409684 86665 727721 108266 612220 378218 675168 46811 458701 279626 680484 935099 829457 506121 268731 976152 223427 932088 903719 136894 851457 567965 219178 532642 518819 969963 320229 114414 846216 639069 337189 317013 491880 764929 468750 914873 209605 365021 643284 203027 76223 123213 638953 240022 785101 772391 640666 701593 635630 40488 39888 11312 629298 289075 569087 605198 487159 509919 542190 863673 308247 858150 962524 896018 106955 982799 213229 762478 907844 830138 501032 10545 928269 77287 154777 947111 424597 243985 585277 766412 296389 142045 876213 16643 108705 235228 717533 674497 939378 389887 369011 716231 244497 973535 719594 110288 169250 123644 163734 841292 532157 506228 225251 557025 275522 930330 566140 883272 211386 335751 396268 196946 918601 906666 131434 432235 837761 89777 815207 161315 911224 575572 505399 212374 377686 319687 484761 659976 503733 747554 926440 51340 794953 945231 657398 740861 395963 99640 765632 834701 826586 737514 946945 365216 297432 343936 503319 30416 590121 819787 854558 614646 232146 810688 225336 145504 65617 576218 410544 859267 274032 906501 881551 525381 479121 923196 730750 858480 909814 742918 909840 371804 823944 568826 772706 524433 257025 691471 240829 237087 392865 216805 356249 369588 711817 460943 690442 300620 335292 471918 128634 860423 338742 942020 212083 652005 192891 482979 217155 795278 474397 484728 264008 116772 355866 104312 390384 187324 730152 813232 209185 737949 758393 421149 181110 258384 132994 105751 662256 115920 268643 278257 15731 526374 754362 446201 802817 869665 876553 117036 75585 88734 351457 831238 293982 933620 556946 405345 807668 517933 208613 529202 219598 382267 613788 908589 724488 858765 46404 791356 11802 537743 253469 449123 776223 686584 280048 685988 737572 235478 746606 585081 897148 209658 164990 436638 392288 610250 509214 265116 202821 876942 737369 35075 108082 552662 69958 740161 259508 433819 806404 800242 318011 530815 492886 127471 930304 42886 988910 102956 12605 802583 393500 944706 910392 401339 790035 487900 34107 780045 369944 843270 143726 705465 576539 444699 50845 578567 155188 637279 443727 772115 423633 992310 320293 61999 15063 934796 834741 629862 902426 981078 978140 788363 36029 193071 298069 993106 982742 278114 605225 255266 703234 624818 993224 660680 300828 593532 161708 705632 911348 798930 895490 571813 596195 211604 227433 940719 260344 158414 14748 99137 797563 615186 27740 148552 393035 703907 504093 919730 895684 478122 352935 794997 913737 363112 715037 803546 450053 442401 437105 342780 474657 69414 63611 359913 84953 491493 998555 478362 835459 20255 894933 939222 988812 847866 613441 541007 719067 726129 27306 944602 416412 498126 24929 779088 859865 630008 830573 327864 28596 405652 920338 831202 666979 596748 125481 658409 90495 934770 110091 834810 508171 357875 650044 35249 399505 558736 223517 626879 225502 652904 356156 432389 765182 534993 518122 827880 714617 150070 551939 997492 923100 784150 174851 730134 603536 718694 813846 650328 763328 376035 559089 218909 443417 819200 568593 292061 526849 307411 144608 350998 667430 335530 827330 520433 768559 222680 645220 922690 889481 529998 370711 203654 135369 837641 421964 675925 455712 739190 736922 609418 88408 407032 841014 114994 971806 647075 633127 585312 404644 780369 304416 13001 407228 698562 50032 37864 207418 860583 556303 661613 266697 611916 867453 198803 425317 197270 940768 748145 967451 885306 174352 63501 859921 783384 825888 781259 148796 80915 607324 764165 841916 976653 10210 818902 250014 399849 774584 164709 914263 489346 432544 412280 211885 779965 979030 695927 511808 926330 307895 551388 698881 137424 851636 837040 838090 941578 345386 930450 205750 411820 816419 778587 376770 328548 131485 154676 313108 877038 827960 927919 536868 535909 961145 963170 914718 531458 339008 411411 617384 970478 549075 251818 852928 621679 998859 199156 195641 266822 489747 236706 780578 202374 297458 67337 780851 295626 691603 237601 425545 22531 533123 667483 451401 684439 361927 669207 223752 429502 210655 987625 295913 829963 508138 806925 549022 729348 779882 960293 966604 471725 474256 828902 284597 470752 508900 134101 488945 996857 429137 985588 832143 180699 627536 741693 175746 578907 94678 137751 848941 124705 280789 695313 764885 999017 394668 926727 443108 371731 205811 378574 367207 728405 997160 444225 944881 471561 167070 201434 821100 553970 734442 913663 869590 591080 663516 362787 895296 881814 681182 701394 737035 414783 411134 270522 120908 242420 392058 678259 558917 508210 496537 262196 215905 922801 406307 500083 400767 162037 916028 678425 420099 403729 788980 884377 610305 786064 476396 730682 850927 423402 209406 388007 395162 16736 777929 293966 410066 328625 382702 478108 124463 322037 284590 908166 907356 195925 504780 800675 377248 845112 19417 669995 433068 864444 394411 987861 957203 456735 849195 722848 520223 474669 202268 426457 812743 758394 888662 329055 419169 220470 443083 590627 796886 483843 105619 141082 348020 474165 647970 174438 484438 984477 970448 75340 317076 140315 667067 502830 876864 326579 949823 580011 603016 122987 62448 744126 628012 192135 810769 915175 338265 722524 708406 592558 734210 159252 966110 726237 698607 314678 570112 936212 146534 459874 443386 160551 325573 132104 441765 160252 852004 989237 812182 334387 201344 590463 976502 228928 44016 840145 322564 801892 355575 955296 622743 864789 882222 799020 362273 732854 754699 886862 896749 748870 411768 528664 917907 12551 555880 619597 814333 611664 173495 588375 958941 336633 739820 102301 215572 389851 33614 780539 779539 214993 755972 437100 808823 756284 328039 935656 557502 75019 422082 939894 559971 170317 125875 700333 167777 204441 651923 358412 453167 732855 21569 520289 801600 523246 558845 620255 543911 475064 536044 468662 937790 94778 979623 899093 911733 510445 602867 778973 214068 656357 348922 944308 524457 83187 918657 857704 313089 974337 844866 361031 424949 462774 887910 616749 293153 216812 583476 787116 417075 689836 333794 937773 53461 75781 678870 866767 546652 661266 852874 914926 825242 96089 360682 553103 290771 463430 51569 497779 982767 477524 310741 846093 429083 282761 143711 977988 635700 967141 316196 989578 315490 112913 917194 375833 629972 701009 153444 912476 990332 970840 766743 640767 445001 215162 639119 409445 199000 312069 355993 2479 490597 716631 656315 148710 633216 41931 462543 103484 396183 294394 818788 751952 664487 121505 768732 383206 670943 864751 364248 675171 717905 695625 841533 505303 675745 172398 405170 703681 733455 39209 12295 59780 84838 999192 749859 963645 528876 689636 698872 406223 568605 576029 109767 192654 225870 57130 57894 555328 16085 540895 335841 751638 10785 192078 5199 968989 547068 789058 322246 455248 756910 623445 235629 370363 859393 953393 430633 363477 48787 238152 457879 435077 499798 59187 918549 58158 305977 963468 283320 731300 599243 195606 154584 193894 399136 469325 796931 421129 868671 756578 169744 955292 457469 935640 883199 207960 575858 594352 126756 717061 941416 455014 625911 416579 701954 744454 183146 495663 931085 884176 311495 156102 888232 202380 959354 239888 435863 325386 774925 726643 838563 568362 740323 756296 958313 230741 248753 578212 503356 935569 916777 37408 636677 478101 835151 549864 340410 755363 678994 366527 167332 555779 507560 426522 573666 516387 123385 726734 276054 924167 835113 511479 111920 648227 914927 711328 862023 310971 575954 158509 18407 18886 341083 802274 941797 249935 432972 141912 92963 768479 304603 406929 869357 957354 397047 995965 327570 178630 467296 484434 175521 890064 777818 246733 905938 157951 180939 130161 24113 307835 480221 190079 228228 854431 68128 713821 272938 512606 771008 808838 538739 32558 501443 38890 33730 763251 723367 265552 494298 914071 927599 236533 667203 278692 647254 497622 273892 827173 87495 755775 490091 745518 531905 27189 547546 253224 517433 165752 567619 139633 514879 573588 721418 135437 33867 50712 798296 119839 821130 158314 980590 929572 662749 408450 796795 953164 7769 787952 523539 99223 406054 909865 371158 673988 491954 422367 464998 611931 211734 760301 416529 761214 75069 633891 561001 700892 363231 958333 689747 104795 655009 774409 512792 71730 652094 762419 890476 892939 475956 433892 37613 55188 208476 544280 295596 748146 524189 972613 375610 363646 347538 460832 293741 142591 589707 412289 214162 38223 430279 58135 134747 17583 663482 135782 60587 901885 561533 50370 388559 736049 671384 731757 168873 13662 25610 467897 621695 166659 683356 867358 23576 315148 166832 710994 343674 259208 353074 275400 262527 137978 841002 552105 801942 895993 84566 627239 270909 402248 240647 277377 75390 320403 828834 68924 720179 487699 648570 279019 517599 5257 737287 552805 880050 297910 742986 48621 761704 83820 773559 870632 379277 387633 31283 368793 980739 95026 920467 439702 443217 874394 552739 40007 672433 153305 193507 369613 910502 222967 637405 599608 962286 149823 736421 178309 334178 502965 39931 608202 423063 91380 644697 881694 600783 317842 426294 33225 707782 798268 40304 906723 188316 447051 794516 529037 390765 750389 768671 227338 45330 312372 906984 118719 350670 986569 173363 362972 453995 407821 796900 733587 220376 863756 378555 172992 40719 270154 718051 288399 735187 845990 230324 79181 484500 219594 780953 174382 866962 545360 181024 539811 46784 236330 147342 852394 878746 168885 882773 321346 704527 130133 861324 978532 819708 905673 92320 735175 673685 637639 393742 502111 261306 336768 44438 120273 932482 163911 405385 715245 617303 101705 959523 573969 943545 66158 266007 463689 721520 218678 287918 166060 383898 357958 396346 624898 940927 739610 726951 293901 385046 14622 884325 738376 987962 969467 636226 46391 690845 461938 903745 510491 803412 657112 578789 35224 768656 299483 192187 508581 402153 875472 708768 757850 518879 241925 752024 670697 240038 422477 424928 847060 788074 662429 968129 313979 494977 270037 248323 530068 619224 964891 20548 444670 162543 439063 176493 73736 331768 647430 684942 91777 782934 501572 839346 893869 32895 119549 934336 993493 904386 436114 968152 899038 606238 34791 853719 209215 220292 97932 683041 963802 906656 345305 756931 218941 429088 29901 799964 536927 60763 723462 892913 211353 572915 249197 114508 707114 171146 83226 779462 733138 181775 788342 893234 759228 588135 338565 889365 567575 790443 330012 27577 104908 590740 75475 290842 979504 215836 937854 467914 989854 131075 395666 797285 969173 189942 191799 103780 329531 121470 237385 239126 652111 58181 505787 302305 546622 124085 221853 650035 570829 633998 883344 566795 869620 718165 118241 867734 754742 746053 575560 916477 884665 978712 898792 5075 701740 113622 825728 180277 771133 340797 242631 92653 801905 806016 335473 263966 593698 24036 817804 172181 543229 364967 136566 267114 393574 232731 173730 312453 605835 907705 686674 905624 936937 814880 760127 473413 474453 118922 750952 143838 153023 365666 706405 412061 53335 473473 106739 941761 31178 639351 772801 152769 327610 864454 513946 651842 990218 299639 886659 936497 849606 904711 137528 616119 775581 557464 973690 820302 689445 447940 85784 295085 482203 949311 572564 836673 784829 884503 863478 143350 421877 950884 190797 294474 255473 924606 94132 427489 664671 167248 961530 148082 709783 69420 668362 815800 895233 468624 137640 525814 945083 611299 492457 907665 959750 273401 726150 399780 801036 795360 95051 705536 898129 908648 547124 830861 763900 228735 885581 295045 838584 979759 292113 104155 591993 101601 448214 369034 75743 185884 247095 837238 10440 774565 141697 21793 895390 973058 210960 867286 362658 140199 892552 964216 471372 222712 166803 599799 98997 455832 109838 748621 872981 492460 762099 700196 733523 561968 20776 777442 795367 698541 101611 12099 367618 755790 505673 828553 147517 57594 853117 729913 162879 708305 752474 511924 890338 824237 957819 435885 44227 123072 130753 175169 91440 644415 41055 245142 175846 738038 361377 386992 240785 674280 84364 588372 631137 393750 936056 20264 733442 966944 113909 370189 307661 505728 559428 248171 864435 137783 744854 718760 468981 537604 470162 60563 502429 379881 941746 455619 15529 82924 570114 943408 267136 25790 600694 821138 878818 778827 427185 802380 87530 755201 348485 353150 778555 641941 166039 644492 579262 382810 91314 144388 237604 414275 974178 452363 1327 626736 761925 597651 636961 196134 915395 992237 903547 974395 542623 265568 455420 472922 277513 609325 340095 39315 240682 361242 420834 968360 332560 398413 374364 628972 691207 682581 324002 268003 529253 346719 287436 86589 594590 552925 94955 260363 99555 823302 55449 476323 236660 569712 217653 278336 338126 987524 422263 763061 29830 230424 281153 899715 679174 5755 235580 358595 362140 545181 995419 651919 473806 394129 971757 765620 95326 660934 757222 582355 330873 180273 965554 91289 213883 7975 108070 212210 43678 645386 961533 597641 427380 131333 59565 248064 319112 738800 266369 437920 879584 225043 27765 358885 715910 788404 479607 432513 867362 295742 207388 124829 104167 299019 984961 268993 571772 611209 417898 254 661073 22800 787293 318976 816810 91764 371040 991070 369030 802705 623701 45992 438404 896528 59372 535940 245609 34526 425826 440092 24941 611817 642542 344177 174896 413048 810385 247441 851936 265778 988274 554424 713229 788916 418307 432924 112024 405504 45019 86144 900187 841582 433962 372296 397059 485154 253448 981760 476549 40840 530338 391166 778101 492397 612015 746741 794781 880852 162520 227735 53523 302316 782196 273516 259002 577073 989278 157394 657268 828283 631271 657356 735730 338697 913521 304590 310187 297742 598338 127201 431035 70268 481204 261369 327601 605823 981028 106612 154296 992964 706805 645517 959849 115555 998526 429143 44417 290797 13928 732180 338603 39361 25132 561743 385761 118404 846585 48195 261567 231495 49271 465851 455988 132262 546993 857792 692487 72044 85448 792137 448409 375953 851274 555345 45607 327187 335071 925852 492886 778313 264041 174617 404436 926990 101230 836923 937747 583538 252441 388789 10434 304772 193758 624341 229591 839516 422135 419217 740148 133756 774775 933929 724873 933824 489361 590462 909485 177074 108077 159485 720633 784226 396297 749523 426224 362331 823409 64053 791038 658473 813495 784360 538835 374609 278057 475531 847881 727247 482519 420503 219752 857731 418947 282920 835087 244452 841122 231112 39660 700641 753467 177973 508389 882258 985471 604908 11511 164697 938403 684700 331131 710410 45820 622882 819834 97701 994610 40805 538182 862555 181301 63348 364902 145082 709862 726866 377906 750409 273149 103364 87117 793512 133721 778751 96515 161222 124191 732350 168278 2633 154533 565396 709189 56763 965032 165812 558386 262056 148399 674525 876677 844207 162677 836513 975424 64810 354245 694982 99523 569658 287833 329604 855646 144506 446387 859743 787800 164627 604594 316148 517136 661916 604756 406173 842839 650748 592472 153441 857936 729785 830551 341920 931212 113896 828674 436437 555006 547131 811943 564507 290672 212998 37895 487606 613481 46395 586675 306701 767442 670749 930295 469177 856066 90977 728659 19064 753509 146351 535026 22213 499896 298709 993377 533229 851432 539680 329738 529192 922378 831034 305407 128883 848687 281074 821755 994081 64496 920575 616962 984883 727542 533156 897582 701017 342287 162045 148872 25678 852905 221837 944114 829800 467021 309698 875282 26937 346871 694266 695985 941237 121663 74714 186862 35934 425035 769369 296234 302988 727297 934810 946631 784651 468940 772088 284383 71553 974885 706493 595599 784695 97700 403436 985413 472381 329507 813815 890661 835094 396438 536330 365489 503469 381178 718024 451360 796848 653546 439894 178977 570404 900590 398265 459882 846554 623180 109855 345667 11006 561567 45653 625060 868819 412361 513206 628192 462720 808705 281073 241773 540753 320067 196740 226774 88136 614519 70311 562975 374209 386328 413700 807263 683062 951241 787413 630994 181843 787244 931269 919821 999965 235540 617422 83870 294530 756525 671281 347982 733386 961184 919149 411631 687543 851255 766537 979858 83777 19741 256742 480672 568709 632228 38589 631042 957752 399509 639606 129794 557559 439864 279473 113347 951090 546178 660552 573799 138354 764566 332999 397853 919308 374218 939646 406388 475606 571113 545784 586629 585245 433358 856870 767013 578817 660574 827173 760935 818377 539389 709848 375863 265997 972996 324602 354353 360546 842472 820820 883337 859583 764254 161163 391933 61406 298593 74080 504477 471822 767540 215326 225500 282072 64030 998244 204895 674331 527403 750499 276414 753499 847601 439613 669124 747303 359100 713606 619939 574634 154825 191597 190903 711822 538420 510580 45649 767737 194472 843382 758773 604081 827835 799627 97783 774724 610317 106010 442011 194250 468993 673656 167227 994898 325511 923006 453479 307885 195024 292337 157339 345226 119835 135646 71514 374716 419462 295895 828965 602808 118536 163238 531188 899575 839309 939331 577389 892936 846067 44711 993243 428842 260368 574386 189840 340500 652139 21130 774641 528943 705033 542637 94257 42332 502622 123241 199832 755374 869134 211490 271296 957519 716589 433809 310845 427145 659998 263651 920809 293044 271537 972424 717760 731619 308971 185279 975398 767314 287243 609964 679033 161916 13457 730002 244961 999178 69153 547602 576317 352261 401090 979586 971561 91546 305876 730010 231079 503170 490369 888415 299996 415348 265764 788551 860002 79086 209554 581551 654371 400524 392703 69259 707612 332445 606004 484494 458453 560480 85336 97612 872663 323136 662000 200737 291764 450080 879685 766381 220167 303636 974033 442612 674737 285598 103 991488 758257 928638 464836 993491 119730 110653 221002 745090 843481 921553 166925 73909 847784 463461 878906 269368 214541 556454 179521 730559 674562 451445 483977 691599 239292 464014 238211 75200 30631 926623 125834 59058 892935 585555 164069 10020 479033 160757 814906 457835 309870 416718 608202 745637 393119 398067 357107 273176 717532 717069 259208 937073 469439 106843 471986 304278 199437 201741 854799 471421 226944 439078 107519 536476 906856 236884 799620 855197 767630 439119 839321 347674 84192 654944 570602 327979 479973 345077 752424 247394 277036 92066 614960 362356 698750 978063 837921 163904 345203 443648 205961 66028 60394 425564 645806 230389 157466 993081 114040 707606 421900 392576 90758 820657 627367 753386 246363 193411 181773 240902 203070 212307 685339 789604 946075 348498 376639 863 424694 131485 639562 447133 610977 374903 669740 701052 227574 280 898584 231198 161752 421480 925124 877098 142337 702072 200822 161339 195204 417193 216919 182234 108984 591285 445084 195528 272007 150345 687068 762320 644718 693864 324662 826827 900563 804943 578599 102063 976402 201260 526603 187677 895097 959962 388120 790591 96669 712022 798335 161772 559498 672387 258134 819939 938871 82164 124849 3766 660038 770126 29358 675225 181658 317133 766225 533428 980596 658911 381970 836400 693632 540143 950642 967372 221805 193592 639990 404591 589339 545225 285616 987898 889112 679616 65904 722354 212321 348913 669224 673110 117742 669613 251583 499080 263633 893428 947227 352519 416911 569877 30412 418445 32375 360050 501338 880126 610974 566067 102423 125445 246188 26892 478002 495304 885773 347513 614760 574 67097 580922 766236 84042 416343 504665 890177 168440 950812 693768 999225 838182 902604 26903 2141 735906 83866 633689 267060 869463 653873 241207 836890 926875 64681 440630 498416 729700 310683 573910 616226 271205 839938 86839 291823 177640 863329 416537 755457 237950 698252 20067 663616 991792 545123 368639 63997 596336 105454 942344 847485 378067 396964 920431 877719 766998 406137 639436 884226 599378 545145 121206 333898 234346 190331 771981 649947 677121 871758 415195 514064 933159 823669 411216 500756 424032 268526 589439 387402 736666 348813 735137 259443 226862 616160 242312 473872 389182 918334 295278 474439 552140 157794 706815 219881 125417 343564 634842 727993 570655 880838 824462 631714 490894 608994 231762 150654 103076 578876 184593 991514 978594 653992 647946 355876 421884 164650 864670 420472 386706 293111 322152 37346 489416 405763 700615 296031 762642 240093 451583 781326 835238 18976 809756 549947 976440 555994 836955 955442 547803 705012 360005 487649 136554 22981 69142 396864 568272 608125 802346 365462 766205 414359 210013 743167 932612 104559 500653 597667 30504 182301 170643 699519 355801 96452 147879 165998 535142 251718 648332 249107 483085 810650 108766 988300 785429 210251 239040 931597 505487 889124 982626 760617 69080 196814 419484 542275 548185 894965 113400 476589 595803 317670 14891 793032 705997 938088 375586 797042 996165 286051 550433 456371 567345 653121 404501 388388 950814 745917 403071 546901 209135 734442 974717 539291 461103 226033 517781 920148 67951 930558 754808 755116 181736 359481 982857 622225 986743 751371 605866 859540 779784 104173 74707 33002 916283 320119 826549 289167 732523 774787 597501 176664 111441 6502 616403 298470 196767 906435 921349 141530 63291 547323 847383 720422 325136 676092 443696 309761 507724 593177 436095 164512 644669 557582 719737 734488 568878 830297 404072 677916 70499 198247 778725 45632 539762 698174 245877 479756 617358 40354 92657 996297 499142 696970 958360 111328 956481 149029 164264 353584 658120 459409 922940 37933 708299 430803 575812 256422 784205 481241 820320 525989 499359 987455 703402 607009 947721 638486 346562 146353 79830 688945 179428 280947 497366 965469 728306 831107 91598 208686 276271 154865 377147 414185 646824 372607 683898 147619 44335 349585 329017 294854 901843 913603 971656 608945 160453 867550 229753 752899 962767 170898 45703 766563 460851 223681 871935 101723 592305 7031 497785 36249 314012 868001 651671 591150 367709 900005 767579 611954 7881 654638 997449 466290 385254 162637 564882 24113 282400 744923 869539 936945 988427 922578 7272 382186 265471 577046 953644 948799 971237 166896 547812 669178 845608 962605 123333 855244 14767 998991 605237 132537 806164 393142 670714 937986 243757 763236 817031 262561 54776 924627 457213 243874 49430 847991 993296 935853 343081 131062 47788 863095 97412 592447 131182 673186 250102 705702 18187 736187 409536 865790 726331 98076 52543 112007 691291 709850 913224 819390 154207 474699 422264 743828 308257 276535 227318 835477 146371 78839 843394 296625 252203 405213 709547 986723 335882 543624 219545 39127 220966 170742 612792 863564 904000 453228 949444 797001 355797 75175 832203 224169 664560 638020 155343 47020 943865 442123 169019 713290 281128 465981 350033 295627 772023 415048 953926 989082 739983 783277 7906 953595 457846 175697 71673 416535 861968 240808 787871 227952 602901 861914 460398 204273 282673 107014 34620 204853 352382 824158 667388 944064 74444 481574 524501 237786 81328 28565 798902 218591 762225 843302 370984 196833 785392 500270 316024 854502 950961 243656 145900 136176 720941 667351 217423 862627 522245 983197 777650 837186 298553 435288 960431 735277 61386 201309 113143 893172 415941 405455 693186 52326 481265 347654 278393 880931 177696 258905 212511 61855 391190 104191 960323 343788 192416 937463 992349 129813 871277 540457 896719 968799 625016 823607 301866 448444 7760 806509 791251 611477 595611 75044 212420 381767 765933 158671 105501 567110 624748 138275 330977 518135 441270 866499 400500 83555 347458 712017 66709 313840 679933 641701 580573 447214 719066 71125 5400 553921 333952 713467 708130 585157 659075 110984 844904 364131 759782 128453 994720 431571 783837 610512 545134 491595 187559 997671 986690 611477 397831 661315 154992 584800 515034 111627 539942 284002 21596 300821 381723 82480 371916 265147 823400 525368 509247 152959 294721 428558 408898 742696 226823 64384 587244 862664 845543 350351 224477 671909 95429 810945 669496 511858 405986 213855 170200 152806 762686 729576 576869 17346 537287 326985 542360 652692 195646 260307 483377 541801 974556 932974 482928 821188 59019 878325 933189 413395 78335 94123 942286 634717 862512 475380 651514 348853 358488 684375 18146 475332 774492 349475 371843 940224 338002 275211 629930 723630 95757 813393 735266 217955 45820 455505 589313 543771 562159 788776 107836 208753 68505 669233 706825 995082 220738 135759 432034 86528 679254 331726 785447 958363 306139 693716 78142 279219 547636 875793 387705 439334 549362 725579 361844 486248 272624 606130 265596 401747 444730 160836 444928 156812 469550 696246 61599 45724 975123 499875 292963 170743 390949 765620 69709 701712 517545 171471 394899 92371 967953 86807 626907 650551 887935 737268 4454 394750 493483 858349 61827 852138 114337 93536 609163 596090 230077 935341 357810 305253 718939 533183 222656 826484 486923 759243 59500 346965 360294 714954 653839 210868 435768 301340 64508 166831 192349 967727 940829 76411 238948 147309 966435 567132 835188 133218 889960 168283 748855 711029 178497 125395 773622 30572 624966 812353 50838 860357 441783 345723 783508 973868 774843 669399 390749 780633 374405 500189 621364 608826 675043 242741 950041 404637 70183 8227 854233 908100 975719 153871 205531 715997 720813 843419 698822 940764 420043 126941 602638 681002 687141 16400 89674 320154 686319 211587 899900 631011 784561 361299 910091 39257 248788 789959 946761 163269 536674 278889 641608 336707 342871 327999 605410 496978 927957 366653 961391 76128 822278 529108 937203 100248 346287 769267 157112 793966 601986 225736 237374 166931 985263 129526 775219 295132 680562 248855 485419 439999 802337 715643 953744 636240 678158 844349 487620 651154 149911 938746 23360 239031 384526 476317 518270 119364 614764 954899 920878 981632 477350 897459 126245 466737 301086 775774 90908 490193 702586 289905 617662 649925 781303 886461 541539 110638 243945 529584 66130 725266 267806 437395 289799 893382 233376 731157 256012 220800 426395 284150 818562 406957 786778 386328 840124 561493 267974 969975 557494 191028 396153 463072 864333 47497 31700 304913 307156 98684 360172 761544 821640 823240 728215 456901 961764 529748 216536 370408 330129 38504 386723 599215 467982 73420 999508 824289 270486 875880 546362 318669 677187 904033 149440 71392 567005 514765 8023 79963 299406 811449 879799 50956 182720 896320 209182 968341 401290 474729 581583 226562 510015 158947 272094 694152 497694 385423 365907 76272 951246 906817 575859 497344 223988 323652 707862 485758 57620 313242 686071 150157 547614 694042 575454 211806 731995 547651 951030 837114 542188 608153 902654 594246 75499 742388 535085 672645 262536 363199 564366 74591 842187 380909 558164 281113 474898 195710 265229 488712 157990 602423 576643 823615 716629 683973 826025 638286 425674 235910 676384 771020 321979 40990 529848 453290 817352 19897 209221 190667 586399 663398 16692 937557 730494 278229 491775 880673 883900 380672 734247 882133 307672 349063 469257 294629 426650 629163 600533 183262 355648 493572 144503 910347 721890 651768 933085 289310 225192 480231 610388 299458 831486 419049 329435 971539 520091 105270 391522 260648 895228 822821 773108 578350 829108 938316 487804 123468 965154 919478 209742 284385 987684 982114 936755 721298 692248 601039 471870 48524 251439 431398 918436 753249 507495 531247 966105 964929 574372 268228 75273 244005 594896 307754 984647 543590 684331 463109 646988 666070 225104 242448 457752 644990 197876 944222 370958 415067 589395 469704 462906 574821 885143 742164 207359 614797 652824 949133 602771 192591 129532 431403 780748 331313 143553 391771 37107 91105 213166 27837 592845 1152 345891 301200 570946 517616 271006 883766 381440 221914 278350 501435 317418 941410 521987 105292 535957 336123 106160 241735 756323 401211 67691 830018 779158 999561 570768 187097 306389 83526 407429 885170 222357 686774 522166 263868 416727 963795 699452 25045 491611 114138 317591 202453 214530 789747 470439 187335 9652 934207 227902 22653 148193 896566 456047 948024 768548 449749 464378 367988 565211 934894 165666 606180 576448 133132 269072 310438 670991 707186 562713 784337 225248 311779 78610 536961 541325 126981 282922 462040 303592 161224 510191 824858 971418 763798 910310 809413 139540 714196 619573 734884 411901 152357 179020 143796 579352 599264 365237 249211 999063 862649 647774 978708 691255 479885 797233 667463 828455 630833 112501 757592 86099 498845 639774 373328 809462 303702 122542 637450 430522 545325 71645 981840 98630 157456 504293 542077 154169 173343 460471 578505 866940 176270 629562 736671 637636 576871 690233 305604 265344 603492 67990 618644 385701 635872 746921 743397 383125 827320 106896 249165 20052 517084 50577 729847 797985 600297 622676 55377 484001 263025 363665 245657 21302 227560 606875 298194 694323 852698 823796 170790 209615 125349 445788 978234 487740 969048 839478 494511 74700 221557 542977 84735 281724 666043 140940 691351 521471 470595 935840 886164 632373 842526 156140 78504 522428 464450 341421 79107 496120 209935 563447 16475 931381 447219 90168 17095 194874 401154 861060 34742 938757 109682 244771 214543 855196 827977 802554 703314 701643 35303 505387 807484 333023 429296 986668 204559 806032 870178 657583 213217 446139 80122 673107 23487 223819 181328 378913 198842 191497 611959 725381 213340 406715 932191 488331 720193 754886 819525 270528 565844 481011 905536 634823 265685 223849 577021 450866 719437 794463 73998 468983 791966 339319 929373 717482 542250 626280 763124 562743 301087 262867 555306 526259 927164 242738 574885 232630 209449 10142 227387 778810 393067 262574 24160 941385 638746 371994 305054 869929 389229 270752 294983 854806 492827 978514 297543 705736 600496 31871 762276 277284 598887 254878 14063 111146 158002 757373 208558 951860 563228 169506 369422 630665 829640 145111 969788 591443 480701 948802 528976 579193 583951 287642 627050 850668 228688 684425 24286 473949 403126 443611 626156 779367 176949 659699 24088 738208 532733 147865 23730 752681 859569 594511 643548 14445 650914 532929 26786 525034 962379 650803 383756 649267 736747 20390 204955 675332 554507 165782 18674 197943 67899 195955 457072 827180 585964 601203 42942 972299 800882 352466 745704 157114 444766 448846 503336 512696 721508 551676 895217 561109 721700 901689 712367 929564 439418 186552 646044 83635 348016 965753 207811 135357 479432 742880 406190 584993 957195 355823 221251 784073 664547 720734 576556 336034 861980 40979 372128 217354 584813 362804 715051 37976 527153 813282 412975 68811 730758 469334 208565 611091 88366 620834 472692 686008 410183 596645 316231 297585 906713 836631 177245 152850 128534 355120 325933 615065 940109 91268 282009 977979 779790 373530 127468 40092 14988 963502 601820 100593 219435 804322 379738 487510 903482 999101 867255 287258 742097 965354 654807 932824 802077 429073 128900 855788 258024 78435 826417 732286 982317 498745 559791 204110 865340 281150 421530 663421 322930 731344 721007 222391 949813 421726 89076 957373 769886 95976 871564 59800 703752 316618 20962 750217 647252 487927 357622 865301 408929 701892 179486 821821 941955 492800 9418 977153 419222 248248 922294 419726 980580 85308 602345 40526 313945 173678 472773 506462 676547 306313 143775 542621 720372 1639 291970 837606 394617 445347 314196 124696 328814 687457 564973 860859 106730 389792 530855 864261 807697 74217 588625 790013 114674 986924 487111 295011 249803 362189 41367 239812 853456 452318 130135 459285 244761 686530 247693 807358 640348 531016 140997 477742 608759 506025 826902 730502 493732 490297 773356 783965 857862 230598 106304 289167 147360 521255 752456 11313 399660 214008 822749 457127 142860 533548 506920 35549 156612 216019 442944 378835 451993 161024 995363 377794 986366 979672 86849 62814 916066 516941 782580 627143 252942 986088 174231 146825 594229 569061 654273 170171 1878 267601 424820 963623 386031 337927 178861 386990 716826 513644 637611 451106 653280 570951 476884 152392 244877 627013 607560 83318 471213 290247 719568 914907 630319 54955 870715 103438 819487 865753 617063 297722 935116 623350 272057 392125 756901 389269 704251 94109 380587 870459 214165 362764 716860 765691 88126 991957 260379 228176 748411 468947 924648 399378 710444 83965 834709 393211 969137 850662 898838 231306 141065 200643 907069 946360 826727 165814 133938 985355 716308 988595 262742 314425 195452 406599 570200 763289 552156 795821 120096 109129 527279 599323 935594 18680 411348 72720 594227 992637 266347 808978 622958 499613 633222 441155 556295 230412 205130 971057 473811 391425 546950 727991 812538 148558 813356 789192 16010 595473 838937 681347 970640 643502 387958 399957 862220 358821 654008 918845 172015 684664 65324 547700 82535 206152 36526 308058 662866 11333 876021 138686 426524 768988 733809 990889 458822 343764 211338 20132 604539 766804 225788 117704 197641 987 295870 551905 212151 144246 273716 416275 461661 887369 383918 209029 575152 899154 24586 809100 955720 42937 300366 872051 543449 25070 979077 206101 48052 820044 57913 297083 327463 118363 767239 456483 809718 249830 825021 134179 289778 288901 326608 596806 945376 332505 438130 644404 808504 717780 896386 107721 86079 260425 386325 862616 823176 71164 549353 879290 329305 229667 108972 337194 951153 382738 827484 692775 540740 207563 564536 730901 22069 464912 153084 37455 499871 154275 915624 65988 869916 197610 165145 446235 994192 553239 92418 668514 424462 154830 305273 698892 188207 790776 258255 460943 21933 68848 498809 666526 539373 690295 408464 548172 93905 504440 747108 487335 741826 672565 105501 884163 101198 262303 158139 684418 14195 363955 964338 271931 735320 249539 305875 574477 735332 111011 291546 756292 304144 345835 978956 695500 289625 701646 918171 943182 494624 611768 783815 259947 607622 65979 279588 833382 914280 99742 583467 775110 351237 262960 8902 449812 587222 768368 285552 677236 440560 540425 981444 740352 927883 982043 25144 176446 450629 871292 206712 488667 531279 191220 260530 784293 554787 987732 925151 69666 715419 41680 199821 808608 721305 796585 382200 390292 929532 775089 331756 737577 228296 737836 223268 907440 103364 414922 149173 21582 373318 844679 537344 11395 448596 352646 172500 464092 892167 559557 462223 11171 785804 582272 427823 839014 717569 106303 259761 914839 502171 345151 50562 771963 317758 189955 5385 239517 6090 251497 444745 945964 764181 910180 914053 431516 380123 213793 798090 426756 594851 895352 712337 747311 998000 36808 199416 975393 193512 693403 499717 853100 650493 436780 547742 274024 550949 991667 680014 634967 759492 974503 463569 665223 918078 698796 57693 995395 843185 533478 237749 481789 784297 15878 478943 576656 769142 704461 613588 279109 196949 642036 641464 307227 347754 521351 539670 690168 438616 275864 497469 298950 35955 26760 99478 28330 905371 860666 2871 749278 396097 146034 843190 776016 22962 715021 369929 621795 60664 864775 656321 565101 703071 788013 413157 527258 368979 355731 617109 706670 988395 541450 522341 216347 755478 384261 16172 415071 110287 76358 283006 450237 889502 208813 19121 245771 416737 968951 251600 388578 349496 378644 48788 994180 214006 972930 990433 73240 805070 348427 233125 5769 164923 291211 775065 884574 621138 73344 960558 664034 867679 278801 247207 378864 253037 469261 116276 40216 142823 495819 481404 54577 746647 578273 405108 919419 20151 857058 432212 192220 479875 267289 389933 349538 246527 537758 178114 532159 741761 750121 103031 912569 600849 102719 662374 205028 830210 558243 171315 271152 882988 37326 11572 30524 347946 11386 623030 350962 84851 680796 519495 749962 898632 418482 462492 341076 907710 116799 546484 830041 431836 225267 45998 870 970740 817519 90463 254625 574373 493345 435344 696119 635528 877399 704641 829063 386182 712537 445436 149735 930617 934470 53312 947448 538305 871015 966757 776323 740033 953524 92114 392977 81904 360482 656461 947606 69679 380512 675291 125618 266719 917332 706967 262370 705514 255036 596334 332341 106389 290638 202666 397554 20657 608793 837769 704433 717478 714490 554426 542326 317784 693878 386160 657609 865650 614766 541760 688161 557233 802538 266536 250905 392988 972501 435718 586629 665349 329326 688964 155790 116473 899893 882439 912461 621645 746471 894049 288909 29872 216735 214832 202350 995159 926447 590731 132288 256539 660928 461209 511244 198687 671818 227090 707013 207427 38337 423832 480394 402022 554389 123565 602256 263892 988434 167822 596944 114771 465320 792489 839570 827338 345818 699902 595960 600143 929743 484479 798128 773444 572300 628040 112428 962467 241228 756647 691890 342767 477850 497179 418388 90714 103862 494222 881507 477525 977872 615219 160340 800153 154605 833001 735053 769218 665305 766830 356574 173931 682162 147766 447738 10520 775360 643163 600907 397492 31210 663908 225571 941530 683388 75354 144955 751537 321688 33086 71679 618413 480060 22657 634498 957932 768617 684807 629890 652199 107379 167262 794000 452358 407958 651126 948533 89522 818347 250151 424580 277467 933306 400328 837082 906085 690685 31037 423251 554769 952973 644316 585039 247905 583125 917810 750134 602346 146875 993138 792293 54511 932408 854338 751015 38956 700240 335183 569810 627859 844863 416097 196305 942820 202989 904468 989197 954709 529033 149487 49601 169400 943101 452432 618348 799618 459258 906594 548481 865332 693954 342613 6445 401675 720330 921983 837114 218180 127819 658824 612848 238175 458861 253797 300661 192938 436965 194577 386240 292781 909243 653010 376387 293793 264472 404403 640244 15974 792216 583526 166299 151619 657984 400529 129053 191288 269028 39743 114014 993553 176826 7622 308529 702230 720863 159679 49698 559641 8 857866 945166 869970 560475 324022 643579 570111 504901 468075 660301 455396 861867 304552 50623 313380 561009 813399 625160 476839 924656 840999 298391 715801 909012 117826 610150 228761 488388 384943 121172 672650 197650 572946 306570 999981 527962 645762 383242 371148 44382 914462 90647 177048 798650 977119 950557 548120 795990 655968 439347 364457 41093 351081 454138 173678 328242 851265 137371 502011 866614 894498 602456 634941 846093 624075 302352 549120 760713 771416 776453 113621 79115 430618 230674 410202 569490 89849 622275 589562 661894 321793 383480 652128 861515 582501 293733 628069 500826 339108 774287 802094 170226 684537 711273 258318 666868 703950 478286 818676 236562 57905 660405 990999 924661 657410 407297 250808 573184 244181 465067 669289 519015 702534 339403 267232 478995 940885 250416 738498 446364 153444 325787 739014 817262 741299 249447 341105 64363 512321 523442 527403 269107 384130 15421 84557 886648 719512 915238 235596 890096 468153 837873 86171 447922 73799 88481 957362 587656 828698 83200 533563 850511 906208 596389 153013 416860 799083 387609 558801 248651 332448 442304 889662 962309 343729 13123 849630 797034 625947 247992 132290 100428 315185 601420 715912 413379 388358 662170 17620 815077 69917 267206 307415 982875 523350 254005 172831 554383 131719 966082 472071 387092 786978 897749 677301 421431 92314 82635 66024 489265 959428 150851 547297 584981 496638 332019 710538 687949 813098 495171 367735 15980 657756 158393 645183 12147 219332 378447 577532 120130 956865 502061 44597 565523 660529 185139 884565 214761 45224 903656 65042 893790 988840 339691 211378 800178 400121 501325 827792 755585 804431 814832 350825 286026 444742 473116 703187 861418 326435 748061 862006 589861 752106 600366 307851 590085 871621 142698 970626 359159 687938 513076 9894 338008 687730 568651 952438 7397 164332 327232 768852 368946 61876 132955 989119 429098 782089 327176 773302 722826 88371 274088 39013 900592 969611 25163 830358 953701 581230 42777 916715 601471 26565 565297 759364 307119 712281 884604 936786 916136 745824 11330 985592 567946 98265 456107 190700 60009 605524 810561 717027 377258 347905 619389 594794 638136 206847 178188 866204 352 358980 152393 836443 308213 477059 461675 726642 29293 489882 744309 870466 675765 852976 850358 286252 422536 671669 872539 689241 784643 525634 307433 778284 109188 509855 88967 717001 312148 858380 559295 771158 457268 397954 306698 216171 334914 930773 612255 685447 213325 848137 228368 251245 551479 138837 358241 569187 574871 935902 838696 999580 197730 965856 762659 607568 257047 572126 876476 263981 308886 362080 82886 113295 606062 662493 583186 812937 375597 838733 441892 976768 862483 432177 576103 311638 775719 980578 605612 850215 53868 926323 122672 183151 42282 57146 31399 332554 519579 90655 497242 410797 959224 93768 341588 191800 871542 351972 727442 989161 888216 605844 691697 477812 464617 10415 167043 547967 472859 745326 303824 130584 970833 72200 875107 49717 602702 239462 642294 649311 274032 462562 940098 525438 894265 508685 645034 435502 379734 500462 68471 483443 633423 924169 278643 492406 473553 359539 330034 642021 443727 563603 658250 106196 341320 769961 412399 194090 950402 958674 408598 153907 657194 811299 24934 817865 939795 627281 17616 902985 33712 304332 87254 590369 853356 921081 425524 975831 926761 340610 996467 610097 955955 630762 498534 900823 961431 898601 372077 985535 501687 790713 600830 206845 949924 255005 137900 650067 793047 404738 677470 404111 667435 251954 285070 740813 432949 254951 936168 870493 262453 186804 996985 429613 343059 721643 97426 207069 835515 912914 873426 790914 789973 966344 825056 717675 4899 998233 613744 444432 365683 650890 5354 963893 263845 950181 163898 974904 389683 383984 153252 307168 400896 959404 427977 21838 404127 97007 108552 116440 340349 496769 488346 324584 28502 351852 357867 127330 635234 736026 49611 391921 849162 820470 616226 608765 779215 80716 478924 8451 916679 291112 63039 530806 375834 367830 970880 244067 1335 712357 861876 494334 682578 196364 212269 856384 638765 926494 421479 365465 135459 799715 405109 417548 998721 201232 669800 275902 836980 929800 803805 70817 796086 110892 539759 97931 87820 514177 57009 240847 153292 933249 754917 28595 627403 833392 771878 220876 623495 675309 215653 856451 438800 919833 90329 460223 773898 207702 96986 491028 683369 663221 818466 665538 441401 930968 777579 881490 757070 492405 434853 148102 906093 691954 900838 99943 373602 609587 699875 405996 657442 709813 969851 785860 449769 496788 362128 329462 125286 522781 880900 669908 806811 192922 125777 805098 186804 142074 13667 5405 602435 915795 555751 121953 983394 842205 8583 724970 970667 538208 523073 355857 70457 324561 175920 237629 981899 52935 78698 677828 64518 669119 240504 76076 104275 356073 812773 89489 458073 942582 584654 43163 860819 354399 530702 650901 378631 741662 593314 276805 400069 251684 909156 923216 725141 341738 790786 108327 355204 926018 558527 652814 786482 241936 324987 410737 72691 778209 575372 517324 651419 497683 913601 117725 28830 471182 708828 209343 924082 278322 425794 926492 386459 73305 933888 475518 596742 117632 962894 446074 479704 362678 525455 596865 94933 667412 328584 92894 186692 894646 91248 3753 270929 662331 102612 628894 230638 973440 510161 956983 907928 145070 23238 855020 522350 154419 804060 197627 316731 234579 398468 813242 57873 462595 777923 846169 100259 729620 653577 366674 334609 703923 476556 173833 565782 197404 782670 920116 674546 252001 946940 331885 538297 558204 808916 602376 281847 261658 52917 687881 95069 720318 265022 229422 170586 145853 606406 777787 438836 261011 592192 705074 282057 913003 739222 241613 823293 791372 687682 327084 372916 476072 978350 251735 618098 73896 441159 235277 615624 419899 207515 207173 813245 48999 980614 688471 41431 429822 283599 978219 150574 762614 570015 630007 925552 227874 739952 950021 698291 474937 322489 340995 836396 446838 207266 914706 934453 886425 733693 970716 155688 995953 373286 626366 121854 293758 310796 341424 114141 118339 581046 531717 206233 891657 73272 601941 392615 243653 519477 565797 613844 415428 250870 726912 372248 132156 647647 746931 458633 581088 672375 450344 270318 751595 236069 514941 450324 744388 808270 359688 106476 744902 560825 98531 989936 869771 798156 5398 491778 508806 251438 420052 245704 688330 49436 375442 834621 956981 500498 940828 265266 361009 840761 447693 420955 255989 57234 707975 372923 606436 748637 208621 446359 76605 645133 128262 670863 573164 696198 91305 175033 511362 316662 353645 796331 45736 499159 706183 11677 81629 139118 940288 173793 404923 409146 56715 692113 98939 889709 368287 791822 659016 85332 951877 364274 737649 659198 464901 335273 640872 927126 293987 760161 195908 696970 442710 715915 879631 337026 306782 252277 819719 985361 858195 638256 161990 528917 833881 757640 313156 888566 349186 282876 919627 187937 585831 244480 47712 322611 489128 974455 387294 343794 462959 1207 255226 820067 575007 385160 268604 51534 358704 267752 820713 138202 826151 695000 216987 337889 29924 398407 937495 351470 434074 712436 325274 137247 597345 473467 812181 248664 966530 750821 981537 532949 375700 193187 814614 501696 769433 584315 382666 882685 476247 177869 961076 153969 15205 832851 601578 249214 587193 465883 892589 659474 151671 87387 121478 771973 886981 952818 623786 905585 42849 261313 13197 544491 905101 888380 597857 242027 760926 410002 639595 215064 564686 636301 625692 81841 927023 366253 498720 679134 203070 856507 506026 673601 312641 253310 798114 514424 152488 364487 591498 221981 317505 140267 641565 562668 239033 220991 902908 1017 777094 781649 360753 430271 362563 257470 766660 342375 188696 108940 810050 804497 189811 462935 134588 300220 340913 960609 45461 947176 840087 268796 673186 150340 883439 186049 271403 393034 180662 69617 317820 792489 198590 336678 835395 197382 253131 402556 626259 355892 154082 135694 127629 284881 777927 73344 496014 344029 546320 170306 835601 730020 208569 746203 749195 301897 603859 306305 173484 179600 278557 936172 416452 653910 828169 217298 608569 913825 207744 418123 992062 951663 698645 814271 542104 553056 269805 181983 673245 150883 364145 739406 250120 54221 771729 218252 387914 86249 223144 495733 15639 479501 429760 377659 255587 930306 297792 547524 712215 989965 796678 966347 191252 668127 762748 528250 519102 197365 914843 317039 332634 202223 189023 939369 505259 620415 780347 717382 428740 513867 412074 926474 993593 786626 728604 428797 114406 827691 875924 76483 388829 729040 333664 165019 562414 964243 949191 565517 458933 720261 588580 39539 917641 681871 567530 60177 76357 953163 311843 505297 135993 614445 840854 479943 326841 387064 971390 887121 491030 783140 330836 716541 356641 474123 105476 174867 828445 84328 343716 737518 843506 734286 90117 794842 922487 258303 298145 693710 603304 460387 9079 155002 682935 952100 909412 50515 24622 667551 366427 57630 342770 78669 41388 58143 843467 447482 289689 547766 845893 781537 499255 560085 611394 603653 943791 127514 127063 255291 598971 403663 416233 806084 528376 679987 585153 499772 857472 697778 166432 322175 228124 835401 812320 285319 567761 191646 398023 176260 746794 410848 704363 923150 951236 102489 612256 48583 467739 569655 844895 382810 17806 620274 27385 805319 826308 203649 318781 857447 614578 680281 465094 368473 736592 272817 319069 424665 330970 134571 960170 244772 778379 439600 424406 346863 493427 921607 940410 242609 86809 334100 395287 753277 624903 475123 328212 799896 173666 190120 82039 349718 390567 965235 110970 147850 344152 658925 490758 560930 886712 910969 647892 652796 273589 560688 22 663308 908911 533227 562685 918575 569014 33530 9854 364509 871113 698487 56724 154152 564884 142400 121577 544083 581589 163073 492769 325326 198612 583913 983799 664550 173716 673722 206100 531198 132633 679892 273515 290196 544635 507813 455200 852749 287849 776250 748280 567358 195276 864486 465072 168895 848883 759624 971641 421480 550041 891397 319153 375571 329362 654441 392495 899830 145683 599853 727243 302238 646323 857014 611929 147692 868061 945715 168750 453025 867341 139604 454111 435555 781461 696701 628341 401943 249345 663147 356115 258960 79524 799152 577600 460815 604339 56418 525800 599229 803985 913005 239328 17408 621787 696397 933681 336044 622880 180272 881003 232685 832281 609581 880653 479723 921742 793003 109691 339301 304467 110817 379959 811389 380996 107059 97417 607257 235084 832981 332812 190561 46262 998189 887138 18224 502960 40148 235640 539129 781498 314616 405926 444132 511623 188511 562310 687053 511193 862941 439122 156128 942194 615301 250400 310046 131273 974657 176181 678420 622788 866722 436366 846452 883711 37808 798221 515796 839318 95914 60765 744424 86056 852070 323558 84723 498919 791545 201453 379605 718423 926616 789566 782679 752655 378077 703460 445084 148111 228962 746328 149365 736304 830392 369625 764380 338618 297886 535825 802343 714862 930567 827117 247165 476948 785076 51561 372612 296853 566127 410215 625676 755435 823879 893442 18535 685601 869896 864178 466400 245134 378495 559757 996889 126234 226461 70249 689639 547085 929921 664234 802332 706421 575206 989868 378733 314257 526002 226010 830335 799440 367456 881180 688433 283758 603635 213517 788476 453328 767245 692023 410887 362323 369519 114622 379816 304733 832323 415389 310529 555298 628495 187069 935658 296467 762263 10021 684744 486269 172668 726419 366663 935380 814924 338284 441259 895716 395764 82406 345092 379230 424702 715090 849037 790278 87486 934877 536331 610113 973594 338976 197348 465574 252057 391473 902047 843420 8636 816464 901591 517571 28118 681479 168393 220732 827085 373254 255477 446829 494239 362152 745965 823897 585169 817053 851174 383915 198699 285888 996377 60186 443852 831759 781905 18217 630218 770736 900025 22347 252688 150056 24184 9168 286438 812999 744412 201987 495915 823774 491176 761517 3597 742788 239096 314490 817136 640395 762325 391239 587825 498265 800650 923817 842787 849066 70324 383154 411200 633573 667075 405877 736037 367560 868373 535342 701412 365812 104904 23540 721102 532332 276504 255051 569916 207177 779741 94281 82915 551225 91679 741520 924213 451727 479025 158305 272944 889859 869418 170737 799487 838516 475899 102814 754479 154089 957775 615771 99085 519007 422003 122004 903678 375555 183789 551498 666456 286634 53713 161223 1023 282910 268633 631223 453612 633969 867696 885066 914785 629391 5067 752809 847907 504060 306555 465876 329906 636803 385720 796826 802942 235892 120643 729213 232757 142580 856960 487515 41456 472197 141264 980508 727553 29126 472669 480402 947166 796913 131702 821643 437641 215630 697702 315924 811067 703284 205494 550321 158098 449710 561063 350027 209321 189203 918296 420729 772747 235352 776751 178924 349492 370051 601521 45882 6141 981665 668597 321179 238324 246506 252530 723074 443301 391565 333550 906174 230537 462809 218496 476164 625592 926826 461593 848434 523249 829776 314755 562243 105399 828443 23738 497633 972665 550142 582780 182611 835341 697565 642243 704211 8528 297048 18537 963787 567018 197383 266534 458741 284178 197405 262503 656248 743280 755146 745544 271960 943284 442993 491273 467085 536052 420101 577591 600261 285880 329614 933245 884879 291172 26289 989156 445988 473862 920256 793142 993574 302461 861701 216869 571469 545398 502876 561702 498370 364539 504242 677082 194065 229089 454690 427469 103916 622877 679917 434693 236457 621522 834514 584645 731370 383584 648481 831350 441590 238279 68942 734224 465918 497264 534903 175733 772188 238138 489990 826973 967250 580393 49320 738453 961433 998275 502734 590184 34305 802635 74619 740924 819417 404080 698651 488334 244709 376010 19938 836829 337540 412793 906968 167461 830906 826972 584654 356718 749650 832760 590908 740387 930404 730319 397258 830315 551087 586019 715866 158630 473844 861114 27605 653495 291722 123572 130506 339630 595760 10567 835649 957550 835362 402271 277922 562099 178573 418495 140478 273008 898640 842197 512915 231094 741535 314972 336862 317052 644311 341329 86788 488485 62881 549684 498493 655720 318588 570610 821583 407709 9748 75686 409408 51880 865866 507976 663744 962681 278356 521239 934898 908015 494111 534758 792967 361889 477598 675909 830419 731671 485045 791630 799332 567003 180834 963361 576594 453952 525923 913122 268476 629935 564489 785776 384103 223680 522303 310414 725397 994033 195082 684419 97725 650043 849381 212315 454762 298835 563600 204823 221846 663929 791454 380005 473041 480065 353477 299324 690664 430017 505778 833218 473000 616737 347151 136837 797267 579796 229917 290479 630144 498046 49543 261801 656356 909988 862192 790555 534706 670997 566326 51230 332194 789578 160374 959025 16087 936303 424355 310219 828329 494086 864621 75214 274111 115960 52281 948042 20779 759818 980126 68050 995899 923862 544730 13727 464099 719522 957178 125827 78082 196287 124720 373796 644014 577144 538203 84437 791327 593289 633347 894518 620603 409445 531374 790682 459521 355524 241018 25387 574953 984233 144417 195035 919566 199823 758750 614243 714713 309079 10243 332042 600513 964518 225976 541760 469759 161599 825921 352007 777061 26593 261942 803484 602847 215335 852895 453615 83261 405778 342226 643626 882935 500494 985103 127501 127583 798691 294469 915027 822542 523221 94944 707329 594852 42338 728076 110366 960240 88269 344047 252360 849961 935234 148968 655659 398498 685251 54158 982338 759041 57514 290480 915970 949361 339869 122308 580753 24429 789910 334654 172689 220920 694052 818418 500449 3964 358764 410905 393840 71312 15097 533161 151108 751399 739020 405294 16337 891938 295118 780839 586113 735672 251498 436407 875035 321401 143806 12537 772218 846626 773545 234926 178757 93360 233643 825641 492492 806124 471172 291464 68858 392690 231665 950804 436359 253996 118864 121577 283956 242218 191762 625731 824873 280820 899989 516833 946593 922197 130374 745021 499417 895941 356132 876460 858157 712191 953751 993432 822502 181465 478257 390680 561492 111708 792952 302459 407298 529780 80142 943767 994817 331837 946714 941954 404773 503027 93454 703365 986949 884467 702850 358109 844045 841772 825271 531625 552871 308490 492023 443897 825317 356702 621217 579829 479849 466922 636594 642787 123180 399776 363255 572683 536953 188571 228856 290714 658397 43510 229137 884177 75891 989740 254762 927007 688441 398224 419638 905649 548500 672004 639821 967925 829207 814276 729223 47060 453348 699694 53031 197031 966814 646917 315735 138437 761515 537966 943139 265937 560259 851769 283396 570377 572694 243322 608372 646900 583341 296841 976217 127500 353555 457539 809018 433741 592938 719932 722986 258130 605557 383582 186365 576543 870644 401748 567324 811766 11512 150154 699396 398961 148474 340928 198858 880883 957001 862395 313616 714380 899622 868397 888969 767011 642613 610625 17811 380510 805356 626075 904277 715354 594278 198132 276874 336755 866963 920567 138650 640711 549756 584865 348018 610871 75725 425129 255355 288081 607736 355066 407046 356206 905738 53064 115253 204395 134474 545569 102290 532862 847336 95542 719837 846527 506972 418899 430960 951288 306523 552083 506343 434384 839913 816645 277062 479167 586457 902046 51858 198647 944714 829497 937847 423708 114757 714718 47244 625485 454306 15441 542299 83054 225072 274443 484123 933093 661118 262623 102113 787122 421512 215413 462689 335710 146111 926996 649055 746450 934312 983037 363356 330814 897944 119459 473384 841584 867005 790603 194652 988574 725672 68904 52578 52511 638244 20592 100775 343277 345874 207880 75178 710078 378122 584652 989314 901419 352910 653 126731 981983 741411 670470 999140 875425 133915 6094 688420 928209 431487 199621 971806 488026 528624 656967 903074 913609 786902 268093 239097 592032 872981 947625 723631 779208 337218 806008 787969 943077 906547 305033 400641 902476 635731 240566 626607 620201 917991 26497 34792 130813 217775 950396 83642 267406 317554 203978 602768 4741 951560 829263 117437 13971 960466 452474 936837 485694 140773 883153 714527 317274 527822 466293 465689 659024 133562 138292 387060 197965 487222 450381 642745 866145 562762 832714 550285 84396 44669 909590 737683 441673 478615 666140 121536 745021 943755 192908 155004 557609 244167 9935 732402 224556 948700 942015 457314 17542 350376 355591 336199 51767 168643 946736 9680 103718 655376 916593 815991 541597 361232 845144 661335 997208 690438 201715 23605 734903 273612 167559 748420 669888 850682 628800 383456 10834 82241 20565 388784 142098 342723 854396 196119 721725 245176 479280 522353 770653 208759 848763 369344 891064 761803 167431 890026 463984 714871 750699 936485 266410 253978 528940 606263 485444 175819 40641 199620 306702 637127 845334 479663 272125 803741 62406 474949 30384 486383 231257 769843 44548 892291 192699 312363 238632 652534 98918 599473 611959 412392 307199 77293 730960 286898 955169 375505 293807 315031 56457 129104 989172 126741 549478 462234 784738 914917 902490 575590 151180 128070 60657 968477 184301 561062 939689 244874 864612 799525 728832 93034 166911 739661 460894 2676 700321 80525 768826 548833 147510 85056 84121 875408 390494 668427 745747 18552 599555 113166 943971 599780 431380 308684 686231 379976 334095 407019 350477 792955 26476 693350 772801 607195 329357 301424 437614 408741 50064 579860 981406 773928 324067 145603 141412 640580 993453 524458 542011 764867 89881 217761 974077 924272 275326 101824 318667 192041 461415 554509 836560 238312 659504 910087 11536 764479 523496 134446 610557 322299 681503 88144 753684 767560 495874 3407 118609 188816 22209 674048 34762 219399 824164 858662 489522 53185 921034 111760 446483 856789 792922 508741 834540 928571 806816 930099 689235 799986 899728 354456 754075 330701 94843 197199 824910 740106 380724 164552 406421 195682 755375 619774 215118 815789 200344 184884 482813 247926 752021 517294 45419 160521 592113 788820 905686 950699 4302 978246 603370 351578 678350 589478 10874 757544 895632 394291 605485 495607 60778 608978 179993 524127 72411 58441 232764 158602 373171 898953 760866 277620 953698 241217 82571 936069 883131 652321 329535 703636 285598 309972 362416 140883 842925 353320 711362 198941 729944 860252 389873 448901 304583 404341 869353 206705 987783 490997 715514 200665 760806 850150 124290 254289 648644 925895 982855 108847 614276 686137 949257 662818 241004 270599 175885 262906 550528 617850 660273 34078 860147 944156 198685 826417 137769 342436 245540 182779 624306 638632 485156 108503 184543 189082 781993 663685 934349 837328 1862 437943 674960 649782 372608 806687 681714 381410 738613 302913 387647 737052 222771 79527 661574 478041 419458 263455 449956 609267 606027 109467 352221 28566 561538 437489 158912 366085 129833 45403 614198 887653 669325 989806 896939 196042 563890 637050 979108 619205 531972 143317 962164 571836 694784 805744 852947 879233 664121 606973 942657 320919 970645 466568 359354 279960 75265 395096 9605 146682 276192 156668 225869 366513 696918 582126 795324 936008 310954 767048 313362 455925 18264 851725 445295 347181 789657 671273 959001 489759 58024 918613 937898 173228 201690 176667 884433 612682 250795 912683 685866 413911 382289 287336 344017 480344 234689 26341 698834 573250 236594 757948 798291 22512 434756 705682 599658 539550 261109 515532 91205 807951 775680 363727 928833 753853 754404 354816 898670 981934 394783 985723 408546 397722 223114 728192 239287 592862 765287 977219 295744 578282 397210 531204 988484 558937 590805 237714 403471 766752 579753 190947 396274 333864 47685 316459 711830 660702 826002 896027 141063 793815 144227 660187 226378 289202 780470 350536 820039 260727 397631 604029 864569 107655 486024 633888 235204 325767 884341 620633 214163 12399 955277 927337 800224 497877 945853 102332 629724 976713 611030 159307 551937 302504 118613 19753 304208 351263 522468 595232 684249 102529 973906 623532 969066 679275 398418 247325 754274 29927 294235 723350 314085 881353 84821 76934 786745 722819 413229 714521 372348 82587 466570 120117 624000 475855 400610 732129 766043 488913 768341 667973 486443 953064 252331 764200 970383 822136 746015 972650 451992 742918 74210 51186 891862 334790 404184 320058 140829 629677 443063 963560 259050 56181 193008 355573 924371 582137 374753 368645 299489 750589 113707 634928 307164 271218 436153 365991 686563 438113 473269 362665 381723 298487 713426 207757 489868 274886 291588 805236 814138 176013 2204 961421 893727 46403 180837 489390 811804 702508 536446 794758 131479 557879 356820 780894 324530 974804 149123 530590 853711 505043 687029 400469 759162 921081 651218 689937 976656 244549 971443 687675 499341 841693 994160 165373 263461 591902 257966 894717 42554 789281 797437 729804 235537 753041 404307 234397 550425 221064 643448 462142 572910 43494 887511 694648 21700 856090 998613 956757 123671 211871 107035 902129 655307 419006 876708 593891 152327 971359 922534 905858 585585 851115 7180 331685 66266 811818 617504 182079 220759 364542 300412 27823 221180 148474 712515 41078 707233 619705 784308 756183 417124 277075 241374 941375 516381 555706 351726 486653 796288 347098 496359 999420 108312 9505 524927 303997 514048 527414 28243 708265 418006 673458 658742 86945 267657 170120 879561 705691 449590 456351 847837 270201 570145 122588 245389 431806 166523 690776 231146 224585 464177 387536 189744 281974 567632 486668 706580 922748 202189 79699 159296 353248 707314 78611 409928 318276 745832 823341 343770 19294 820257 833944 331457 350971 193408 52948 713185 944207 796749 377594 778207 755758 641075 628720 344103 652797 686298 995905 660138 962574 860974 693113 815605 445722 83951 44481 343543 25884 665945 724996 87519 958404 677222 741451 96369 963906 344241 106056 419532 997614 466800 57093 658985 720192 962579 823143 956016 229792 410615 7322 988085 680251 795623 692637 957009 172837 736897 564476 930195 942378 820276 179410 596832 255112 407047 733926 161376 767744 308117 701856 562209 926057 307252 895279 244052 616270 94953 905775 761350 782872 199594 456555 671429 227371 946733 692153 852604 592573 708607 360383 536380 247663 307333 730347 530375 231454 68129 307928 75458 662694 58160 470201 376830 394104 494640 515313 721665 624007 678038 921526 423067 80387 764658 916476 681115 732636 691563 520250 803799 904819 425280 894023 445957 585245 925815 284164 421911 31941 30794 144106 885870 843595 504756 398977 6535 683861 76751 480007 608057 40751 656619 237852 3965 875274 256279 797854 44672 906586 90717 959824 646443 371144 655416 561785 348417 448431 983647 235283 673498 146192 156352 892051 205871 930646 522803 301528 426372 165554 532555 552726 273530 735806 99345 317937 434982 953108 557239 716454 724941 86891 555174 368653 947894 744667 298188 312377 992416 662080 331989 125438 296116 346726 350359 537759 669459 213379 483961 124001 845989 248616 119013 15901 221308 954227 538425 488990 106756 597643 516963 723624 140346 195027 369227 290080 637330 603925 680076 826850 472961 748510 926006 721875 544117 448009 598403 921481 479219 742315 218545 940570 820071 738098 643846 980582 450997 712774 256241 132970 269248 953623 429647 646061 77479 746845 411982 441989 129558 446728 352859 965737 631592 647072 112254 437959 645885 572322 900128 77024 68979 892133 724867 315662 874615 660845 357092 719626 136045 62923 175339 117834 152194 44933 154361 115696 2000 41164 782386 347735 977720 358857 273964 30257 843761 64143 315317 870778 898360 976535 574068 370563 303002 811128 451333 676807 372506 850625 730183 804138 528205 263433 494267 273027 716511 518384 484126 576679 850707 336363 986649 528263 57902 134726 717155 953814 43208 33 865558 820557 845525 884307 67102 274463 55936 28055 949575 962752 104734 334394 964437 314946 560750 12537 609976 700142 790749 842795 680673 474959 635571 926848 612347 313793 297169 106379 935721 462356 162045 949444 907155 949277 429118 123431 717105 902555 168294 358115 601668 972430 270043 518848 384685 895544 191790 421949 586211 134393 617933 919197 838233 332555 831505 121900 883316 721031 740640 809504 785420 27889 720983 60643 279986 85772 693750 185852 60600 767938 417629 624225 834374 511931 250286 976702 103084 977148 443340 166483 119937 512150 285313 898753 274851 893627 856587 663876 501020 44049 5209 329131 652739 868670 907999 320296 232448 815964 125613 304124 570588 459998 747311 645968 576882 248558 681387 542978 712038 561514 663075 554120 91901 234558 128198 299059 150489 88433 434254 823532 422693 346216 316672 741074 414229 233258 66710 790135 303859 864430 783630 869101 310999 83522 922911 541733 883611 815018 217015 903392 301298 422653 33470 385848 445446 15034 997891 473306 933453 741883 581485 556272 94905 633180 765320 735434 352416 132439 632759 820679 249870 389201 45004 366402 873966 191492 87116 892591 692631 452038 455974 502327 677947 802511 308779 84093 967128 707208 781711 30995 346115 376035 131334 898083 202143 379241 629432 634916 606248 461139 569968 445429 305789 925916 284760 940729 902744 271940 579067 867554 14941 10560 167527 102596 706579 159209 219900 440761 391713 406909 213923 854099 559257 432612 370688 982514 139222 115265 184250 169150 508644 788393 975638 800696 526578 154114 755466 470796 670622 773764 977882 514087 272363 158482 481763 163074 750263 540436 593552 552163 590857 392701 19295 78173 250297 727915 601614 78537 441783 876761 680893 318803 54535 34368 224257 62877 68744 324454 35539 984468 639456 766076 317053 378214 657795 387447 372910 296364 217268 738455 928779 818374 142898 643494 958810 259046 442295 957954 459941 193238 486885 727711 641023 257325 601392 150596 451861 143329 824931 824088 134151 846538 232908 504507 539810 145398 922793 199296 309180 206036 529742 447122 935412 247293 61465 432762 151055 284982 24223 882119 549373 751579 368719 592816 452697 971583 830548 466101 966857 943045 371093 465362 710240 667407 635749 35856 58861 279360 831581 246237 3370 111564 546619 825293 385943 701541 29559 169053 166836 136397 997041 849076 783003 925890 468716 781540 955226 676723 721568 107777 887676 836026 425328 666335 946107 449592 817285 566859 691273 393043 898031 898324 900956 64864 328252 633653 595730 974414 772302 730730 62275 762413 546967 818791 883196 498882 459667 625554 57673 178395 70762 470433 482223 979134 221311 689412 396471 269202 945816 202492 986807 777396 554077 113232 780405 620006 509713 884973 645714 637080 140318 971080 153044 136284 510710 750380 768336 313811 214033 593258 10034 873284 2033 100899 423367 336708 591555 411625 454919 365947 990776 317987 927437 878519 583004 901057 229737 262023 430912 8259 623146 821655 229874 843215 61088 880630 960550 263360 649867 786387 748777 540386 655725 755164 970659 19451 308129 113149 57932 724699 691184 13228 591760 999005 43763 987177 15374 540324 950408 154728 85820 48141 963445 551187 652462 156754 211228 573872 63016 440019 213570 596681 442334 370829 197967 446318 302337 704896 674847 550977 509760 562210 919486 365726 902088 358496 740812 256580 635186 93523 307882 330228 292691 151030 87232 919016 530710 944479 317281 366932 235332 17873 408875 961420 331699 339877 564718 245464 670960 534047 270105 596064 425479 232158 362789 929801 536915 605290 153573 949718 127443 885166 919895 742177 690039 247617 385654 572761 941099 548236 944448 426001 979609 580787 175868 431760 950735 733834 13738 123307 564525 958132 433724 666950 630941 867648 701042 26786 962717 991389 280899 628967 116738 760999 428410 730950 873709 611071 923952 777310 173660 918474 853004 91805 649165 874978 443082 227040 976127 159223 33233 917405 675121 230736 152133 816177 942779 561885 390934 579657 372320 537499 849255 142242 454944 394797 195197 577152 290423 335847 389885 722702 126848 153481 720718 811208 889623 938492 3874 377805 484329 658153 608312 525115 715302 644265 664945 317610 722600 222301 144184 109467 256720 27904 644099 805276 549328 537935 378322 365491 842620 873576 869501 33413 582506 415763 848721 950067 448961 629255 685377 857532 325280 657594 850391 442330 890220 763071 428182 351319 821273 750783 281064 975131 107935 951523 799767 868357 144263 301375 155708 132643 341927 798126 102856 304088 70577 545746 934344 168126 453126 956677 786177 676826 205961 690542 307460 295641 355483 192944 219145 888262 59421 407350 114936 444745 871180 300073 516022 221044 191134 141536 215606 956273 482944 449038 324677 623456 869771 507439 568880 892029 909272 977051 824896 333412 896020 671609 37089 146861 528764 311443 589418 269990 402108 372290 987473 830566 409629 225652 782074 527825 521219 380046 270469 969006 7194 349147 33919 611574 455058 108003 594830 622635 30216 605602 395609 857036 612394 80789 827665 628049 114791 237650 176147 594064 497378 112786 293898 123192 342091 927440 636232 378104 140525 352978 761873 860400 447880 918027 685829 959907 4263 310129 934603 109866 528235 327110 191789 202865 42860 982646 970070 151590 286821 234365 642345 223094 702862 413347 746955 360873 60304 867297 219250 283775 741853 491374 738466 549129 603660 285218 342030 573890 424181 725917 985972 838381 544524 787045 835195 496283 499892 672215 362920 620531 245757 592852 358632 440235 822228 463814 164654 679452 184614 129167 343474 227397 990682 46736 500028 136500 228938 145878 223711 871134 148000 284677 988752 216443 860760 480410 804191 813262 248509 148209 919768 978197 737189 475767 319404 949090 546540 222435 51070 289720 510133 369788 305602 362485 32340 876667 555412 181011 36591 756198 148043 933466 367271 937635 129607 475232 687659 96012 716564 406860 311099 145708 11392 406245 552588 569345 303388 799316 796999 555936 999342 818816 710288 826470 909104 611199 746140 722365 920443 406870 576338 976706 885804 995950 408950 891813 295489 910224 953856 203859 168701 703612 840732 108610 436582 371053 882804 394885 771816 858306 316680 391885 592406 1629 699290 472001 115878 367689 28953 817383 454482 143925 671756 974669 776185 357952 424901 616572 682973 158494 105526 246630 734297 36318 126276 970105 783105 252708 927360 631381 390238 485080 220641 861877 178213 864536 344171 942692 939598 524994 747261 528923 489692 957025 823787 939595 467229 595583 343445 546124 551624 436353 163305 280486 23032 162181 220464 16292 254384 168300 509998 957466 892314 722110 763980 387836 793172 195431 620251 814142 172657 462243 363838 511806 581139 287448 755018 270114 287436 517161 599564 117118 648324 771496 62348 579698 333105 669685 493236 382534 92624 464231 367592 608778 98794 44605 192921 512249 300741 524825 657444 468909 99407 851131 864578 410970 75499 284479 258247 915442 160297 386648 576615 701588 497728 741034 270118 675583 967098 857987 536439 700213 153016 410827 120146 786474 95830 540438 874669 991652 885432 669730 626712 53995 206751 152287 118993 990462 183283 817284 266310 863326 5312 273301 793382 58852 896883 476003 318920 681248 938844 698832 735917 254832 696024 803813 453389 937039 552657 599317 66781 976176 968813 70658 891281 27182 441718 493559 320920 668051 845927 123452 63060 442770 474019 613419 913938 361136 171306 363529 429646 141613 562797 772483 636380 762039 402219 139661 503335 683498 60589 414205 824915 144535 590172 867089 323681 458326 97426 304762 371931 641957 388389 509906 537403 670888 157151 616383 163312 725537 337842 455576 855932 700154 503025 261671 778544 347602 41960 799097 386267 447246 370613 174894 728102 34321 764832 920025 839992 701315 374878 481448 413618 584477 482291 527418 915571 753482 599848 910282 8516 102698 209796 336890 778288 438205 83548 964419 961160 843981 445063 816046 428448 553889 687609 42197 90668 312011 432517 622367 827699 317 284510 63530 210494 981609 703898 635807 706351 710151 754038 426304 45620 844434 389594 371162 98189 206271 117655 771219 184108 31428 606971 5104 763031 141646 836943 710759 179165 480194 209562 136050 818880 86135 313256 407677 614081 710919 556991 798765 788226 681622 750376 91950 385627 878156 70262 786427 257992 329732 394555 794769 998047 937030 637012 234557 321303 83620 55486 834126 708163 11354 528140 857261 261014 586143 349768 939510 257539 154997 627303 865956 73646 737537 936879 376824 973062 370797 335173 373234 55251 716112 940394 583561 190284 675491 620942 956945 580398 200605 172708 877968 497220 611079 897320 935385 124704 220581 614948 975632 362855 150820 380328 402317 210006 97265 945691 666743 639888 927397 541187 345191 145773 475950 765853 382316 310675 658871 359772 422956 176421 725032 919324 796939 943324 956919 267616 676379 915325 946332 284569 884887 626917 45386 242315 844386 212573 432234 309263 821914 440803 259172 749026 874556 672164 574058 117098 410561 96726 682039 559955 885084 698587 542766 988212 468272 605633 369360 763833 515167 61772 512580 613473 22286 702484 845799 478524 226429 741725 627153 212994 475906 447144 76392 813039 804009 552833 891904 677045 254270 878985 61207 217138 9566 549648 871278 24372 436933 200026 72541 275276 154384 898261 131305 333121 475796 983199 663790 384991 794936 677854 897190 782507 502600 578635 175017 646270 660204 802005 940166 453860 200982 652016 237206 279204 799121 909714 807850 402369 264158 238907 398930 422546 38525 273866 537880 412983 885058 940672 281498 338332 985925 416873 593551 337394 842430 40834 699054 525107 361193 60919 230744 365668 340723 815883 936519 773784 321795 620761 790416 153838 45362 637131 560554 166555 403825 104379 439789 503596 207744 227650 381752 492357 730360 793784 778598 588619 859938 165245 875376 184347 376571 241890 227916 376007 708482 105556 409567 707969 119102 525602 887337 885882 584148 256314 64439 379910 967006 786325 309678 453960 6652 81723 342395 13352 905522 401465 179337 844651 518446 630682 764263 543720 936347 808506 248074 837935 782665 924082 797097 675837 149706 258013 737007 611428 82067 822922 363547 967031 873280 298258 853670 924217 938520 581597 244250 936305 228721 22499 313503 720926 368588 620460 234336 975412 640187 761046 513848 396714 211365 302169 409197 414641 96850 480403 323767 531002 873890 828424 255661 821448 304677 601959 701175 832013 336214 986051 425425 620667 506879 526350 995025 583475 565772 965058 837083 692071 529561 761718 955405 733991 205849 950929 15767 792044 791125 483233 78844 128918 836004 632435 735225 866975 833614 830397 674260 725249 409927 748772 384424 474323 822281 292835 601836 567775 449492 627510 986143 797671 211042 88507 651777 258789 334998 59091 830527 278516 280661 950680 784868 311309 160563 375294 919341 794462 685979 399052 935772 127598 932574 593959 219762 727757 16269 899899 675737 365948 741760 304333 833853 745949 639150 667406 246640 240949 708073 98505 81536 803539 868840 987302 781330 743630 776451 370239 29861 689940 477323 186776 558963 776127 990208 375490 514079 428457 82613 180604 401455 523914 627121 50077 5932 663431 972478 997509 607395 36583 754221 17074 669908 264005 240747 510956 335296 875432 378209 305131 87433 769142 24461 216496 960965 358077 540715 947036 66619 177962 691701 993815 703965 842314 96980 318002 863046 147581 808641 406562 548671 834797 373168 405705 387442 462958 751274 590050 39976 647842 188217 152158 420854 820184 962546 51589 85903 390618 463388 282060 991996 694287 673237 580245 660313 616273 190043 615228 608970 637384 693258 314710 773628 942895 481621 889218 9717 298002 814062 204191 780010 403455 381780 548872 100597 589123 447549 252591 709888 851923 75597 828347 375224 203633 933490 201796 495804 776731 88492 26783 857032 574242 621598 990385 111352 438402 671090 815862 288100 360892 71288 340833 157773 190358 61446 545313 131470 420244 106063 710113 258539 439618 796180 563228 528356 935961 790421 863762 353327 377367 523771 355857 573018 872067 857731 634961 923667 689738 782842 511429 528301 638641 872681 379888 950140 250520 10250 641406 81583 545423 84209 483432 663708 638606 521789 267266 96720 657021 822661 972247 179821 757557 907501 39897 816629 145404 992199 627009 886945 942828 687174 481999 721773 261171 176555 55199 942027 65718 616645 834186 464517 761314 129443 25012 668358 917726 949544 5354 442604 212804 552995 870555 17920 426235 484467 588901 832812 567966 540512 445587 325194 483554 567859 42819 598492 307657 174045 289520 475141 475660 3799 136930 446711 215679 629163 414563 256619 466589 979461 571476 900613 406635 48478 295712 101673 805170 801876 506344 924364 111836 827778 495654 363828 251302 487827 245132 803305 31626 707472 964908 682775 677717 509711 529050 912356 799711 331009 783525 685810 4287 137130 683988 296893 820144 920358 437065 889236 464939 462733 413371 403120 477506 235659 444547 210705 997884 109330 545189 302285 259242 870132 562979 822014 376085 867005 875073 53722 614031 826278 966296 428544 224673 249017 81843 312226 355119 248673 494671 546271 984243 329099 324294 968621 39214 749407 614491 655425 150600 914276 838797 774133 471632 531725 658838 204884 612677 734371 956019 159212 682216 725 433537 111792 144964 105810 801737 139055 914091 872339 234198 802712 180518 359732 385136 85592 560609 308238 433355 100203 156294 372438 295699 250716 375615 293814 534009 892952 76322 98877 971639 508361 946051 410152 980813 207762 539311 372874 472925 865820 181451 692377 37806 890268 860785 614957 18141 565164 607831 611004 852969 107654 86881 94447 139406 112578 798300 619035 978784 662103 189058 538804 680362 975286 975842 432690 755857 400645 369526 39978 397429 593719 110160 613214 520008 46008 734552 896531 742149 237773 381766 164748 289115 405395 123095 415470 260454 632003 644097 912880 458965 285912 268507 396777 198155 539541 42208 134549 988489 890475 277828 534757 241372 602417 632987 109979 785494 357253 27320 700469 502303 128431 552394 868783 131025 288036 816358 500465 111558 195794 434661 198570 38641 768254 969292 485610 202779 590365 185089 280680 410736 162058 31983 634897 366268 675268 691209 835923 530230 78785 931126 770861 131166 169353 466089 253989 114919 726182 697613 20114 309106 972895 583606 502950 609758 629408 842724 981221 97941 668908 357658 692821 566743 124648 843204 378868 375696 471028 633498 388900 689616 169258 381296 952019 554924 73613 604031 329424 904912 523186 482504 510292 234166 474313 647363 73185 969145 235175 468299 618983 429357 732593 618598 127095 779773 839662 172702 727295 482777 196888 881208 799521 922696 655609 543894 335483 937909 785737 667070 850487 434874 804248 686132 173709 755755 409113 138702 659534 351955 578827 359779 794917 91813 584384 289000 461621 611736 794742 368426 359592 517479 470706 265929 301941 890246 690012 498730 617553 845258 669196 739804 660351 399903 37240 478181 914567 712572 290282 859358 573558 974334 109551 844002 423059 392500 307667 98639 968940 831441 117836 597743 742471 220790 57187 266866 348336 511548 360121 251463 171678 306709 458264 397334 805931 628444 544371 308091 368332 57181 754182 685316 787610 824480 107822 398865 695944 428183 236234 136576 986762 561033 433439 69298 85118 803549 648546 84857 499115 446174 701176 129407 89977 846556 274407 710462 455944 404812 806229 451815 121030 433532 848116 686883 571462 366466 95302 636695 508816 833172 148792 449723 376415 457286 450646 513680 317743 193794 245704 8545 75371 54717 81251 587594 843867 792551 130822 852820 428907 171743 178752 509074 562893 717478 594879 208318 396494 953584 70735 984232 379300 594810 897435 286289 761841 410505 822421 809369 666892 279276 726348 696819 948067 52056 698131 29590 112200 93998 617348 887145 317226 145715 792302 265972 342437 332370 519338 238793 38619 309353 796448 280136 366698 125302 870056 796129 159836 867884 248835 740811 953325 521170 420028 76878 981385 291883 455032 595915 884897 188072 313087 239481 652140 749783 785830 522374 874795 638704 248824 229650 790124 578101 26373 245621 547881 689153 93630 202963 723703 161050 517902 717657 492909 90122 335516 827612 306796 683400 443753 721894 712393 908106 473138 218214 899802 263274 628175 52921 961021 452503 892250 809755 82001 356644 696068 31569 328992 816531 428507 924655 32894 332559 494304 335409 506896 143294 188593 439593 778843 481841 832862 516266 568857 885810 238303 860272 243085 611894 894054 42867 162349 607600 526880 822171 236319 510031 441703 850506 201804 900831 199169 819555 433167 175670 607665 852182 223196 142070 191587 188870 566203 379312 959341 321224 87784 92718 601527 250135 61339 250038 917464 996566 691549 746497 870853 635644 49329 7586 765898 521063 167312 957899 444301 125952 852295 245147 613365 185421 752777 232501 15727 747780 387094 731860 773292 991022 79234 614170 900663 231169 92249 159842 223872 685014 783802 229292 92179 996347 213236 996283 147030 368547 272615 606741 348875 900978 270273 765959 361071 582681 393870 165916 969698 320436 445346 717592 635162 909130 549243 794674 231580 870838 754811 392053 938849 589388 338046 463660 637182 343593 494597 943366 402045 881394 343763 28178 579582 332246 859927 164920 705454 837661 98738 721420 863746 175611 969524 646587 810709 790495 693510 552111 90373 449011 788547 539208 981423 842933 68765 249625 42201 616752 25922 287728 541575 263013 51311 606532 867811 949343 989892 557951 522714 827259 424606 792110 388888 532987 222956 896540 628898 246934 922534 476339 678808 331496 191953 210018 453278 542302 609344 903231 634194 575878 252847 483993 101542 808379 868268 560323 685209 504956 242213 960667 697050 782923 236752 589011 943333 411439 814671 300621 789060 438911 968554 264624 128073 722817 55922 32677 896240 821869 383420 621302 699282 465124 755067 759809 616481 468548 610974 679865 545426 96461 534111 976588 244333 489842 913264 48970 222503 579750 105868 512898 327290 982140 384085 716362 664779 572429 727809 897705 735634 783406 731618 150609 57976 232762 342648 359818 954925 957014 964238 744607 238572 747940 404043 663006 883730 494653 983961 928223 119729 720313 631531 997413 983467 638821 1975 44724 104507 766005 46607 680934 110844 820685 934416 315305 291275 422755 150850 550761 632568 563781 620071 482091 277011 269448 463455 99453 586919 173799 6298 498730 260565 764479 584344 631624 825479 880885 380884 738519 96715 105752 792941 493149 51423 435822 115251 313546 392577 493762 569476 81922 383734 922062 14558 212718 89926 84132 302360 266021 649334 658454 375510 534071 372532 30967 208622 331745 15530 845751 838671 911565 206385 539277 132043 719511 4061 291758 679905 895479 954678 943324 841337 304292 696940 210087 290743 330493 8044 246377 475623 864597 646735 816177 376854 558700 577386 745744 771061 313968 11091 543001 114615 84407 94351 830172 73771 5940 152624 771236 161459 126281 188393 71608 785717 240147 60771 295235 561186 316355 608811 733163 984722 16909 377244 434691 101338 626278 848209 344663 174584 337915 523940 227524 859168 377026 842547 584319 906046 290409 35450 790177 976436 726718 227716 785822 280318 69078 85199 194085 525665 484740 428218 689825 142086 440120 66149 361001 324905 558912 823401 64510 158387 623964 698703 876125 176881 747343 511103 593295 310380 206090 82953 649609 503861 593933 744134 595852 933491 643297 792282 972652 178189 714249 193639 565084 232584 255348 727977 980183 247639 625054 515828 504568 793937 783676 241899 200272 209237 826199 908090 438532 602857 281087 589271 195531 940572 213240 899625 772313 797923 287485 323432 124213 856902 50675 53042 783735 623627 9518 467093 96972 921481 929116 132068 97426 494913 205888 945945 814288 688055 695942 970667 431267 847434 249877 326633 122362 433652 102420 940525 36688 96630 50147 159115 518512 786278 843604 201919 304393 706999 148812 179352 736024 812311 162665 3104 26250 277747 494092 497800 712451 681758 722951 760357 83637 297013 575 740435 863898 503938 904310 43892 162823 625550 881579 870288 431927 410011 564910 51486 710050 505118 401174 662277 174351 323893 408433 745858 97028 821997 963716 641695 246129 243656 182289 361242 954430 631865 253045 526871 144936 291794 886471 958390 445634 123796 602675 591058 475543 276348 746101 609405 364451 762569 893932 783154 72346 20117 245442 323707 540164 382773 287587 859790 98447 339257 976369 644504 695931 880997 217890 541838 315323 39896 54731 702393 33287 673786 855838 146368 106752 32477 264278 303101 723120 272786 589805 461466 983267 77916 280607 13062 600461 397517 691959 601186 230825 430275 351525 561913 173488 345857 929516 116186 266587 453844 323452 578672 956896 699716 751869 709606 981188 301599 152749 129179 895242 167158 494715 221896 660695 319039 757400 20666 84428 276513 401580 196108 624122 652513 58493 505839 185757 622302 962196 666437 135130 46710 633969 287205 476473 14845 806699 738952 488781 116497 927188 31471 190982 171210 278295 718080 747901 869684 284229 700911 503243 422122 400589 201769 77726 225839 824258 656543 834408 137140 959488 859450 578463 755017 820893 335802 412103 694898 17214 6189 112519 22919 894295 937749 786854 765967 937294 832804 166895 611257 343091 884759 864294 62615 764246 778778 341030 781737 301560 796980 305523 439812 988418 623221 883850 892276 754478 73917 91831 888370 397633 153849 296189 597328 184374 456586 103887 645831 557084 85317 253167 75099 212414 206587 139722 907982 36850 593641 26240 345843 495930 329927 433743 440735 233931 215785 943889 572683 471445 912943 405252 550238 969817 873938 233290 570754 28709 930736 201412 722026 231624 613297 608815 913165 443005 558521 799364 769951 701267 438279 235285 134757 605736 111776 572363 643666 518668 98515 408641 710497 614435 359966 58145 157973 280411 627879 818774 39705 491664 144957 662062 275199 461099 709918 842276 381715 447546 923884 969928 911252 752445 676645 927670 398004 666205 275765 441203 311929 769708 735766 174018 768157 397703 431427 395826 542758 372116 324299 602569 784847 995594 759916 615342 463098 399825 904694 798561 524663 959892 836709 66220 647260 104406 827168 230175 31989 775409 555256 982648 217178 472928 804151 555719 526697 28661 612437 912263 96582 222855 597718 792904 252272 643210 51742 969603 452143 33893 98597 477705 682776 277137 407792 861084 264860 705210 629702 980844 769061 328241 199142 632262 4245 644139 461464 177233 608504 56690 83523 87169 933369 989304 886647 151911 440350 648840 855120 177266 645136 281710 4851 677309 293271 796275 96229 287760 794179 287831 314339 562229 42330 793320 621196 411426 871607 562415 251159 3821 261244 133899 762322 438926 236497 172708 462171 901109 104190 617182 36151 283952 286636 422312 205477 619747 254567 492554 905516 297369 887177 467701 602585 306041 183739 968626 637850 296875 358562 350110 148359 393992 647094 617478 531751 243117 121516 218610 726920 160854 986183 836956 812051 578760 155552 187349 327382 645736 636346 404972 925327 196613 937312 506363 369793 621724 313931 124241 583737 292321 956798 461073 807103 559396 730718 626749 654975 754681 390418 718731 940924 544929 663800 655288 731529 269169 632153 646626 940258 192177 998471 444948 262666 926748 609815 592928 668943 482029 949386 701542 618822 667341 904391 839546 600085 754605 90962 480608 676539 725493 987876 460542 984990 284042 372767 457297 754760 649853 654554 698077 977980 72998 329889 250775 203611 825264 149993 932478 775326 955351 452640 461203 712831 207242 227332 425050 908939 605670 784856 563017 293417 912230 286298 604751 611794 542259 937943 706801 614737 193203 738249 731763 287348 440948 972923 926259 333233 90169 263237 53152 820471 946455 292771 47898 858724 330520 60612 327494 235972 918593 21553 659792 959873 216010 793956 622185 29203 39320 372566 42881 111473 19045 969690 592622 548014 920245 257438 641836 822374 485476 153376 753476 881509 736503 170528 551254 773649 328886 798416 496491 431408 431824 799265 519052 67382 151035 751320 962935 335619 714206 81701 64052 583562 575954 287856 235677 975158 301106 168026 174610 244414 750013 8078 422782 51386 890287 847873 281438 638205 112319 116516 964982 666405 833596 726080 572744 604359 836835 278337 269351 74898 65121 109870 741830 962812 459065 907438 68257 112189 118562 1551 218143 43551 883637 564660 627071 644828 226076 998530 877524 910543 888005 610397 927017 141849 124096 334282 621653 216326 423802 829702 945089 977257 801780 685535 97520 172452 888791 725416 223107 895627 850941 427198 478659 969674 341229 824104 308589 992935 44897 577940 94638 443228 870327 482636 162285 239312 170121 358804 336234 313642 754602 705497 651071 581020 505681 451272 413908 200344 925474 669895 73350 399866 449095 790249 812045 594990 615362 216113 179412 601702 359564 585794 162817 505558 449734 906437 345395 530494 363815 707638 879818 584458 221306 708345 529307 295367 497287 724756 410203 523826 348664 777090 198296 330427 744570 159374 589925 423072 360185 236044 67021 698255 41670 685380 536524 29651 657581 857004 723366 259152 468680 727571 562774 535956 370769 44511 874365 34242 858785 670798 608083 819262 897413 866009 512946 316814 583743 19528 230841 613076 385331 28379 212588 415744 319660 843346 364992 175060 326546 720122 340954 813284 554053 444858 611911 124749 158072 885029 292855 903934 746702 89909 432805 283758 353627 240294 912923 32490 519998 773799 105414 695859 836872 911015 454030 867091 983246 775096 256196 582190 475161 919955 249154 1882 881181 394922 999514 769398 979051 435707 640280 122281 382373 545789 44711 397855 534577 578578 993643 206118 758558 255278 233607 207286 281826 142750 734881 988130 941169 872272 83899 622067 400304 952467 774560 239068 797091 277271 476863 624416 576608 371712 583616 408776 986658 914253 847650 46976 481573 13392 266709 163137 449520 736417 637644 915310 306124 323430 201977 936958 704568 350957 995375 882180 691818 461200 876047 70066 177488 797607 801982 780198 956254 435809 149444 212247 416630 181450 865872 681587 850296 140806 105919 944922 792750 109948 575003 135780 290995 707795 693750 33645 649599 366649 955035 897203 592401 739334 94658 948630 898167 409363 43049 208383 334544 902285 876801 735367 503693 216587 588869 352663 240612 549083 183679 749879 369232 6449 321924 417167 206340 600162 570253 729308 31505 1723 646709 913995 483388 913657 205496 607797 703429 710831 581456 21981 965428 858937 909861 409543 908654 149777 286326 676017 224813 289460 535411 510125 988840 450193 594527 67897 253672 733062 645565 944866 601719 155644 285766 101832 432776 649961 303559 62135 666081 952543 18135 487988 702232 352890 66835 540363 120667 651609 980688 867586 212018 486631 288257 277114 322089 728457 360969 843363 998234 261776 69871 934910 678594 584376 588233 902050 39159 467154 644488 987851 978510 436859 37184 591386 798625 693673 798676 892061 719494 776711 718652 826752 581650 742060 833409 339808 755243 687535 281464 766709 380105 659361 728203 5127 642741 325781 824610 913379 831087 38451 782023 349465 701816 115055 68979 331988 9676 104101 600827 83196 153372 122274 847268 652340 849940 22388 977087 369046 808511 823259 33427 361671 709197 614281 51068 143181 223251 651908 862716 778885 167281 369680 328113 915474 463949 352778 625514 370811 301872 828425 283719 891754 32229 176767 169468 941933 996818 709198 584191 381715 404472 28087 479233 319127 373109 811118 689197 72962 955288 322884 617167 58323 477526 692697 377704 744589 834635 214294 727507 859693 609954 293721 706864 646889 14132 532208 63264 121250 467403 212385 713450 847621 80847 915502 713294 250430 859513 6242 55717 120741 346456 688999 994870 197472 23105 841032 714424 468878 910220 96246 794299 14291 621807 387689 338656 777001 102249 286488 779225 895690 133549 725922 533959 887650 994871 759356 324942 786634 689358 604555 926815 801431 463631 9600 733382 658975 430584 488817 330324 333842 126301 517276 609916 156626 561143 381813 440402 855115 720530 977864 354247 138100 525088 71207 442917 501567 651576 844856 615536 868986 899266 280438 883654 401933 930241 517340 683238 333266 51999 539972 352800 283623 230529 459178 680033 612590 753166 32623 51634 704543 79924 393576 600073 604043 491794 945316 250212 559006 822288 965691 829515 279246 285636 846191 313926 523146 586965 694462 906905 233005 708287 67741 477837 97793 461450 591515 732852 75450 21404 598901 718098 927900 628037 752049 327091 256809 570438 892832 714653 539922 457636 388789 296057 322977 492683 809965 58292 923207 705968 234121 138922 781352 302019 929572 770020 596810 647793 55669 20521 704908 122219 821204 112261 511883 366119 60074 187661 196530 11408 529909 907502 994902 716064 472333 947281 845039 573934 904723 289967 559166 160334 579828 758287 903719 909429 858949 812702 450952 301017 476676 279119 769607 68909 267029 232566 35227 44861 217915 825994 846162 67152 420115 689780 454633 216929 874960 129902 909221 74743 591449 768187 598633 330061 15747 964066 144884 195236 82355 86883 383062 370456 861680 567369 552815 845705 477851 945210 614396 16584 68627 74735 548735 371445 931710 495732 415156 359734 333695 863080 745397 38647 712839 429263 788747 42317 985351 896133 131929 272289 674065 689444 833561 18627 882887 924969 887879 28094 340228 484316 621428 267219 727969 196190 205272 413242 656537 125364 635878 678356 292130 100608 759463 926246 490063 749677 85263 122758 61834 72735 889356 669448 636820 980630 951953 583602 186049 320319 595306 714197 47314 23956 230841 613558 723591 781047 347398 826938 281098 246654 601243 303405 225123 399234 694782 624533 486235 974249 342377 954435 159741 185657 448266 412278 453312 221106 874440 369731 829286 367137 482322 445131 932611 903645 110632 887290 710249 444210 112504 916535 94878 507619 724680 260911 259841 397006 442572 119777 570593 694975 614127 758653 233179 103132 222328 806644 386748 671068 41156 485419 835580 792387 704151 451410 676387 641910 485532 375141 96375 6671 896460 182715 50200 550148 807891 453922 450192 360061 643352 110580 326630 613774 715843 123748 934480 427679 465786 587847 444041 750862 469005 897548 967350 811837 175243 579102 112408 356939 768667 913710 163198 805439 691959 711870 463684 635459 972329 880991 854204 711867 795344 973475 108150 614145 660198 173898 866275 738889 217989 58703 59630 386352 762147 819544 604136 46348 949009 958656 926128 131874 869832 369063 478586 606777 478006 224525 737619 502160 521223 37723 15724 922907 741400 66745 134479 666572 661985 449584 456475 598050 352276 173484 74730 949399 176424 988963 274246 476908 132151 464827 467550 529311 46714 100490 373163 344420 884361 710450 722281 294372 589014 6638 67636 237431 91411 158251 37484 224184 817018 638764 248081 257566 578918 508684 690906 136597 236912 680648 471486 527364 320693 905351 18499 698783 550627 458416 857518 604156 65313 734673 353115 97349 55554 259927 448362 140921 93399 621675 955896 510766 510621 202087 562638 472130 101451 479964 639562 302201 513094 713650 842649 239917 117278 168738 323980 221594 465064 209329 109942 28970 50152 79227 677109 225041 235251 715552 771241 97921 727486 26952 126099 738282 725113 463614 610939 762881 450608 81252 264364 566767 128984 30214 804315 439320 602663 860709 89724 441791 737295 436785 440756 25998 835377 366349 660484 515964 77525 850075 908920 268148 73667 744990 992039 781901 991240 970169 688862 254123 834208 884400 691462 700444 74238 367332 411558 252518 527139 347442 75371 936577 464205 902200 26507 678744 191915 965546 704059 273317 668777 846664 468898 780018 87196 816164 544463 963360 852016 38561 699482 158400 428482 520158 473313 131302 87981 670891 610322 851609 993038 420863 918878 388412 849059 811901 153313 617213 898036 923433 992379 561235 248895 262071 802524 517322 422993 355410 574429 466703 269359 393065 469825 47671 466291 623956 594880 366222 877407 430751 299681 932494 477318 54258 647925 623430 778998 248078 318437 907985 211345 551729 992145 384816 674569 410982 550889 549765 610034 957864 577998 348824 279631 63794 760333 269136 275379 522188 882195 297300 516089 488892 55222 856054 498302 738559 346637 428261 66385 528617 134796 52643 662255 819123 851555 960778 986257 955253 396937 841079 352665 474117 373024 403861 646004 482741 149043 108053 390691 802511 701674 218288 749718 214278 349975 610273 357479 701370 706380 652251 284315 687136 405773 851443 939682 744034 275615 200640 160133 64504 871974 656903 419266 142622 789475 441375 743452 254033 975381 460313 765230 861186 437076 420269 862901 198783 380621 798686 776356 51134 752692 484304 333595 80517 553186 267074 941550 765500 821706 119425 578924 431641 286893 228201 957844 948684 1181 304387 699697 882847 822642 731158 15459 913104 236302 147828 965062 748301 542804 948074 857275 282788 631712 913525 213195 495413 220098 111168 276833 873241 180832 533362 359193 907744 759682 764821 288423 146998 871869 571803 739270 151935 174195 549113 486170 28122 833428 128163 32280 246768 472929 762699 941626 839719 9366 189819 820179 54766 188262 617785 662605 738554 868224 119914 253392 361440 260792 721341 635448 316919 507971 663848 684834 428526 545858 215442 468275 745093 761104 301071 140702 897234 166240 476597 462429 669077 828911 28122 658511 482326 332001 44397 504489 295107 548641 597473 499449 433184 203876 131119 167639 666004 826118 373633 329744 819565 31382 793149 580732 89935 486169 260225 953823 173188 71200 568693 110597 297604 692339 496830 292999 564959 152451 895809 767521 391372 166565 839319 795756 152831 985824 731982 449428 704385 819811 918752 68082 61983 510866 993464 9586 479419 677900 686042 976127 816352 812614 55404 376192 254011 386976 361989 202885 732385 94846 367659 556760 647845 692563 344519 214586 741455 467538 375067 640133 528002 839074 75240 219684 821904 903278 354487 590301 172559 874180 199976 34886 315039 435560 538786 57649 811931 934098 125817 419342 250134 455588 693617 201538 18683 117325 429010 456911 985579 301688 572791 719663 609823 329076 814967 104762 116084 462055 790548 712440 509965 156231 954694 254340 775995 711460 496777 819259 27355 730129 230856 200731 556088 79718 642852 526235 231465 928097 29046 765829 588005 86491 106963 123998 309972 978899 979056 199553 525695 400024 73676 539899 167027 972719 404032 178654 863695 272761 367575 902789 116467 636617 200706 3219 1417 566656 167283 317713 738457 54399 329188 100939 481010 961129 439562 758515 982296 85829 786247 411404 933121 76237 900828 977091 290751 314903 524862 711345 3003 692257 392255 158406 5487 65823 385017 688233 976443 614840 199120 97613 778795 131781 762341 269284 782973 176943 530766 838735 490218 412508 432669 842108 400665 209477 793581 475238 427727 756292 237936 950846 192964 806307 108422 324394 462105 627443 749301 327403 723391 298161 117350 122237 46397 48664 983259 17705 778804 253195 559199 992243 342853 211251 798485 951649 999816 668529 250232 33011 114877 788469 694305 510064 217499 726574 718263 289579 4656 263508 484070 285674 355156 794212 66657 802096 669432 804140 570194 673023 584030 700261 702356 768799 19173 999073 638987 677267 377388 221143 792913 590968 944570 445293 48653 451446 298709 859844 413844 941934 236142 827439 493118 629411 786672 285369 378285 682442 176256 832435 584587 380968 976529 93745 112751 886606 943824 185954 912174 128201 260455 445089 714222 67219 82817 26408 562730 155057 969953 155526 935127 553231 272142 573020 291422 23347 665068 715246 726048 294864 611666 907800 994539 982182 473959 97382 750169 218901 959902 409185 116509 549289 245709 12811 366965 104289 984069 131046 572523 419806 808604 286222 621082 540176 186379 163684 243889 14141 990684 537840 929192 208804 174599 46893 164201 701290 561084 997788 876659 766530 856216 935770 372710 715023 556651 449691 878610 211989 890917 406687 754149 640805 236192 55183 281558 338014 970608 584201 527312 168732 260393 303910 191559 581730 653447 22887 773531 334609 405241 444895 286752 646039 724651 238207 479113 588382 600213 422111 721692 55272 844831 835735 267495 264019 229467 848835 369497 916631 690844 266996 829523 93250 44060 365347 681881 719828 920819 110767 413552 387966 39930 826698 939607 82346 199229 828906 742905 698431 126786 400128 718387 853603 555693 487336 450210 80211 340898 83046 276374 235525 586424 358860 114525 118879 347592 927511 866574 178938 425770 183866 627125 978321 248858 721715 443570 36956 821233 506382 678009 933459 654560 347529 516059 504631 332304 840042 541433 969187 865126 722850 393427 905459 90510 35731 231097 708120 340946 349116 999726 547282 488634 654922 704325 418682 231678 634790 352941 667925 77433 737976 774954 599993 753470 659010 915395 946435 709614 248867 461003 64078 435890 981058 775657 80328 549068 587730 319042 822433 728942 698036 550625 197499 285026 884302 853973 464416 881082 520482 60160 126497 729184 183406 652827 737537 31330 479778 858308 751011 420133 918216 378512 769204 268501 632882 818272 760489 888812 403905 382362 763577 523380 141466 826361 684199 639283 315977 26128 445170 868790 624856 455559 772237 311666 576563 868158 150468 941541 729011 810753 629806 471341 147687 175509 236618 106113 773758 370511 904082 778910 310808 197639 677825 478053 424540 876403 314944 871784 553972 779710 29571 228680 361467 845828 229770 213170 998763 20537 567170 437678 345762 124984 387065 862218 493188 659016 716046 630863 814453 24887 852228 934493 410375 672434 885848 688542 521764 286357 686973 260753 21296 927153 560208 468631 268675 281809 968671 49265 919507 897809 101293 456449 345713 619492 542466 294056 694816 196552 127846 155408 738881 769895 895386 664641 268285 400250 388854 582329 484517 667395 78603 61198 41541 828054 542967 102165 625617 284582 892286 979756 507964 80008 315116 600477 581374 600585 20762 131530 252197 658017 88284 23518 201157 406919 87681 696449 636061 620119 492741 341646 458387 10939 60060 337948 766044 615862 219369 892110 714568 19327 407089 41991 788496 958816 928398 444719 203097 123013 468720 422825 905761 576306 922346 228597 576311 712329 629761 500214 528799 462759 718269 969857 93076 285191 252992 74145 285419 733833 948661 312213 668064 801709 310348 398752 178106 236966 197151 11210 7832 955610 965855 178217 267000 166420 805255 465048 333749 368917 736290 630101 926212 688044 119589 33806 455867 48772 894626 210898 695822 164898 546660 896132 873719 792013 173115 78459 609145 250058 305754 909412 749243 356504 537768 18974 82911 885874 709574 963760 81002 910331 353657 724842 661912 183957 665712 866724 394990 527554 908766 805217 629447 174322 18408 549397 996074 961438 411754 50566 183543 312460 3073 526345 934364 235726 772745 942997 388362 565056 726001 184073 115611 292002 822032 224892 58030 646547 128311 315205 636832 861051 764014 809299 725353 542201 314172 644328 246026 170647 437481 961432 786368 320329 224789 633584 239342 70757 883428 773175 989122 770609 735527 704206 103616 828526 348442 843949 526891 223574 803705 997491 440572 751489 883990 340705 394400 392275 869092 605803 256684 286503 843152 510614 529070 393108 974770 952030 140148 227293 199992 965381 731479 903758 757576 468836 348557 810013 809712 818858 678468 492987 802465 912561 290712 635761 634721 623735 448099 988910 487239 41899 658014 994870 617248 989751 519227 281918 255281 188309 159779 142566 472538 234902 727962 900801 552746 77189 281725 356621 271418 120008 412184 256208 369396 351858 597929 312233 507877 717396 432306 777801 945522 513320 437085 162910 822184 858348 492550 183850 114078 558653 879975 46284 613401 13217 430493 452491 212933 818434 602157 797761 2422 597781 159143 473697 761982 776248 965784 282674 327866 606726 209537 448702 839309 291030 629183 47647 793598 487031 713368 357769 105640 823974 965708 15927 333256 428094 647261 191701 341175 495676 611110 816842 86364 289271 829728 95675 65654 203928 760553 613074 504929 462323 826557 175200 49530 38769 82834 57805 170799 997961 963123 762794 759974 976937 395591 199831 118147 237409 633753 650195 993160 880608 181358 544074 935151 641924 416485 486776 334580 465403 995712 830611 502286 765932 400916 471457 377831 987298 151594 401744 660812 132315 434446 733902 175098 69746 155785 174395 725706 881030 114374 473828 853704 408537 466040 609555 100625 267250 965032 554494 894240 22511 256493 978085 768263 417102 529038 202180 873142 992744 529088 681995 940594 296607 746827 581546 331226 120600 691620 864871 467908 201430 272054 91211 199560 306024 247401 5756 110689 154600 786918 587052 995239 629564 567236 581231 593800 627588 73456 356146 918988 219544 928709 521719 256919 659490 688140 836403 724221 555258 341253 34686 831143 860740 90544 646277 126588 586876 616712 885867 628776 867925 952645 287972 645369 850259 903157 572433 957080 900580 904346 864959 736633 386376 957062 153767 577402 258763 248870 461282 708002 138352 365754 317770 790074 789912 316977 544599 218197 657325 939767 912089 375612 132085 44857 394627 16041 230292 452732 673746 718867 342540 980730 891333 946542 498714 535453 456033 596143 270916 715551 300520 522807 306815 538765 683080 156338 922092 39225 716553 23201 821859 416053 565483 931480 836482 578985 782168 781440 946794 750586 399264 735320 989667 218101 770975 645446 442201 53624 962228 765325 976066 754259 210714 282693 169424 791246 889038 8685 672023 332640 17289 365321 351140 250772 308537 108216 765094 594643 113684 970301 74682 337127 730281 169554 144992 514239 52672 536525 560436 573202 136938 667588 701277 401838 683565 797163 531891 2424 354624 637973 10791 353998 451727 192750 879100 587472 84903 744240 964631 820411 299614 768263 865481 868956 473479 5859 303332 415611 40498 169408 685822 966909 951286 19377 342346 386861 569518 239436 413117 48150 350946 901106 62652 413633 553711 758428 449939 296975 988959 237518 691458 757417 279835 614783 856731 551053 657847 801716 782380 51388 312774 981154 51671 502157 438169 228738 896962 705925 352881 316585 294630 997330 697620 184646 459517 211195 347206 246932 225310 271773 301860 619526 487133 419879 617101 355651 667425 263846 901914 576694 539782 651380 259542 172243 913571 848900 674833 271861 704183 863516 296505 513791 427463 500820 963167 509289 282798 822642 437021 135147 416049 815506 385233 703532 453649 433896 884592 807212 710187 75387 232989 17371 726357 562266 907627 986492 744884 703528 149235 530594 206955 721975 156877 310864 623480 294490 187871 628369 163732 42233 598027 491916 795368 913886 984579 674557 552608 650455 328811 819794 206076 673594 36901 36714 139651 347320 255046 756953 166759 955585 53563 592539 342406 739722 485707 470486 340918 224936 931540 966841 501357 622403 416194 976309 224467 564811 939384 709725 434872 578352 526306 392848 811513 604164 766914 512336 663227 746932 54955 10840 545644 196351 142625 265224 651181 533439 584607 508059 201092 330281 720506 20438 52423 605631 464318 232912 596476 956756 679306 785494 419160 398976 539966 343337 709715 760497 353929 539706 945411 929317 891167 111069 291641 945971 222269 610565 179561 550816 557822 892768 782465 316034 160606 828394 446157 79391 19636 370865 670823 72708 171766 43666 402053 800793 18894 58309 416761 752136 751729 514906 413785 326082 372855 541796 706280 654138 27820 672017 114816 537433 530960 265321 52342 769603 995684 231861 232735 195273 594724 686186 966356 681423 168422 600092 808623 585634 581844 886534 250240 391131 584951 853832 342517 627737 287544 708523 309670 906383 580537 641430 365574 853575 20923 745649 611597 588059 641843 843477 754495 587226 126960 958863 255948 186199 91535 362429 365754 116332 564160 794525 377847 551015 818215 217212 617578 702299 679110 511599 404108 199437 668554 184008 34249 334278 979853 384713 444449 940033 825439 705134 919368 763264 157562 430410 456558 800040 730104 76544 737659 490269 397032 615988 51411 569199 858094 303676 256220 707550 400548 72808 649750 556520 924566 274587 659380 268543 241212 234279 570784 526157 453058 50001 877060 444068 377014 984413 52321 780808 835099 192664 423026 163876 731117 144530 233332 271214 643216 906613 294950 329422 373240 453058 37252 356814 607797 93829 666537 41363 820093 864977 84177 526030 459240 225426 459022 484763 475260 363024 883981 659316 198404 814028 770435 149882 386799 871917 815951 324371 196931 484884 387793 735025 802091 597513 984443 378882 100991 942557 689145 814285 793038 503285 53538 942136 79814 990536 493822 230972 325630 121097 611993 986270 924702 396381 320543 362775 893294 152385 800337 472377 554611 897899 645761 162311 588023 539755 911107 718617 848256 62194 53988 538356 689428 207097 208457 172430 138997 763501 668439 794384 853037 580274 215967 563009 521247 523850 848020 637846 647844 737063 773141 709041 139193 942316 715047 573757 300892 898325 920159 193961 828813 735171 802095 827884 37203 578021 657574 785569 291483 232532 123753 335049 545859 840034 346048 681198 916654 523540 474866 53810 689180 556874 325561 906672 504942 649962 569760 612881 813282 628511 749654 413052 929805 427917 330088 923068 251924 781410 299063 975269 717500 823282 353400 552223 865030 564103 329764 77803 82738 158721 935222 428559 23856 493359 865491 925534 779462 364081 755424 995966 488375 513272 710091 222271 251680 887550 4791 369319 361962 853968 990272 91733 322895 544070 410572 697902 567600 199349 94422 856516 46610 148535 714171 157793 503984 314544 947298 508612 655498 925564 547224 155423 399376 339080 993821 34653 557820 219673 45463 302818 204932 820627 900823 611634 845090 573915 9558 297398 362422 329084 497124 718393 727369 629616 153046 632493 592784 814002 457103 950988 482832 640097 580465 20755 540272 63871 791293 379296 300679 955885 579584 979220 248841 478524 819264 191725 824278 745404 909631 618742 588932 476925 482633 165553 500941 58133 790166 400449 699683 936733 927129 416198 377464 445733 969249 521289 730308 652777 668753 241443 901527 702533 815013 172142 427217 674046 827438 546087 770983 1326 237139 532514 866863 120520 407220 165938 294725 426396 595194 485188 273244 465236 44988 979392 254777 694923 538147 534265 486126 753685 827951 528998 893413 972355 949497 448023 32211 27215 582830 386563 940080 300870 762138 536221 504010 868670 537625 133355 20613 497102 88650 437878 700185 921578 653738 871379 588252 324706 47268 967400 982786 172502 183019 244505 954714 327064 422428 933397 293244 24400 341239 575672 453341 595216 917104 910826 316337 819397 220557 129450 89830 126319 136238 216124 234873 540293 981673 412790 142363 685256 290975 133027 699988 38054 135378 328531 842516 131592 123585 947236 10757 13557 512573 237840 389900 642219 797515 450735 670750 112549 409902 331709 389641 607241 902707 533423 960780 903897 355099 245621 887351 7869 221096 719513 351534 980365 509860 895170 158576 518206 456454 201390 318943 337641 73586 462762 212247 223951 46865 45853 692279 441371 319972 864072 484159 668878 361374 292271 748079 345710 90349 361646 951964 645532 746558 476323 151292 779411 887548 321811 210323 919194 224441 463757 175092 81506 555097 779152 478192 882892 700139 858271 621465 907453 306655 428128 741454 239693 412599 863246 925707 71474 466624 459575 55354 705853 431098 774128 378134 823564 388944 201182 430409 235953 134125 513720 990994 73908 683036 874809 34802 487865 792979 674806 734477 545947 428126 227681 41933 964723 587330 797933 436991 728778 123806 7806 544082 494052 303680 352088 257244 535886 770615 316781 417578 641610 473034 641162 962864 550608 313807 124262 926777 563979 108130 918461 922722 731658 539777 764288 909594 352654 24142 947860 198695 676083 760667 56958 668827 577121 775092 345851 902568 750544 969097 221427 355007 496139 460751 463891 262316 2375 91316 308533 385160 667714 797948 411619 742404 245274 777602 290254 169174 203804 934390 209846 576071 111145 798140 204824 19434 543398 853434 502227 840291 32788 136364 754616 104301 937690 929664 536931 790949 527498 472679 394076 180753 499970 185804 47440 21396 173642 847327 732020 89038 688153 176086 254706 166228 835630 262006 295319 130141 735633 279615 120542 308715 639367 880447 759813 190472 616044 959819 500168 673314 860052 472383 420006 887677 91066 307217 410355 41219 67339 366664 937891 46783 152230 247080 547473 345969 144595 808543 517000 676604 668086 939284 457477 489813 576824 880648 290263 848655 469559 344953 808395 65621 542470 788470 850367 666664 330163 217132 357145 736313 534593 849089 39777 239560 964407 641187 773458 695689 288617 333977 619623 668421 514300 697566 733915 667561 876513 408734 925836 470263 632436 699645 161850 505989 713858 104339 9500 523448 35374 3070 756222 296991 873519 182190 207192 448882 496749 266621 904096 562406 581341 187239 656097 23240 596192 808587 495654 71262 285160 802054 370930 343592 848427 771060 926253 280357 664189 778039 400730 544168 270246 155770 355970 240750 800439 474371 682131 903515 241327 106289 197448 60450 866394 362871 956491 753899 284046 511278 751437 686486 427479 848605 646986 304481 99048 447027 652755 8934 838368 612443 601724 568263 675706 478221 135793 394535 107712 742359 129870 356947 907322 511252 350325 952402 544698 752825 869895 978619 203255 44925 763460 222905 609400 24838 657460 602617 155423 980165 492733 130734 807574 835673 72348 357570 518117 796050 920081 108436 662626 415587 364400 360990 978648 390103 362445 495302 531956 387360 348913 237315 214979 872654 215840 237225 683296 732916 195596 728453 649627 334781 728855 952987 677673 751065 554078 771119 584516 89800 355276 607346 960653 222001 981093 285786 202036 130877 732678 35560 338681 98971 969603 193480 258239 718059 86203 55804 916363 718440 426791 916602 304704 719738 597280 459589 760829 579494 484148 110467 967694 28219 418641 46804 539267 806968 219074 314647 716695 236292 183891 634881 470922 197590 595143 425667 6764 943376 517748 195581 922772 79676 671249 135938 467139 331396 217636 428209 646165 604836 253505 569779 101583 159558 589413 84852 489890 217576 373125 332093 712177 191883 763305 274767 245901 914405 914357 517641 960068 490974 263916 9842 830255 543457 709626 742915 604516 566456 294014 161069 966548 384995 854225 555677 574452 750594 535989 575472 105431 965279 948089 547727 621305 566339 81984 407917 401817 909229 97994 644240 169968 705731 529857 204148 100236 715088 986850 898177 470415 587288 468654 987394 843933 333018 322655 739061 204754 240975 253664 100778 530971 851327 486805 492176 158890 819312 786196 563620 730462 34090 769881 5848 643465 284526 746719 816607 753551 517589 260162 194496 368810 45321 878596 852512 643069 767501 222555 217747 746760 153668 109943 253163 624398 859449 594212 922993 454830 434151 512525 758360 353829 287033 55458 842768 105171 522987 429463 456413 643689 220006 791417 949352 106019 518737 603832 789322 686772 549031 975806 752697 560001 426220 61885 930710 662595 785565 132895 765339 810456 695015 746445 308298 753601 28935 634389 611672 509441 133548 811750 872828 202337 634255 948719 377107 896430 960615 169260 771406 430698 178517 565369 607436 524047 515343 861315 243408 154249 205690 577046 954980 342036 227481 363889 749354 634864 687706 850343 925907 391995 923286 826404 226921 331297 310257 871590 666558 55724 337689 935264 645264 234593 292699 438639 897613 813137 668127 574645 545428 503186 456386 142931 813432 132445 858036 653552 225807 598854 68409 151575 943400 402634 899176 459989 974736 780674 694063 865580 46726 791777 397228 83466 71718 726980 328704 762227 782632 113339 723180 110947 112156 17502 434321 957832 811628 4949 495311 255349 907033 661421 342128 702422 371957 476352 103934 279358 487473 829209 892692 174304 581506 224815 859707 568344 475359 352974 584882 255399 640790 783655 387774 893438 902785 431387 54623 355160 860245 358017 56092 445310 364390 4244 635015 704400 26272 315229 876896 139133 598781 712690 131131 58194 801833 691404 446034 364758 489374 490105 465182 295777 459844 671712 374759 197890 933786 9300 1185 353590 387517 320967 121263 237327 930441 847578 538048 125136 417666 751762 283759 390739 341732 18125 166294 270056 401869 191835 540453 459333 622667 292320 164519 71602 121368 268073 262608 319597 739861 449200 639167 88548 488488 833922 581155 889355 37690 14634 772773 520203 660595 239506 633875 78360 370844 211868 744285 852126 698928 848428 852396 393508 169210 735680 83451 645871 499584 885200 678930 862144 265851 338625 143663 297890 724460 553683 547182 300491 118525 885469 62471 812021 495982 874575 842307 106189 697805 114381 112225 503478 904490 100287 720898 211190 505316 135042 616291 79985 665690 359796 112679 994308 718494 768720 186187 38284 157071 324730 325319 233544 375587 553082 215860 304368 277510 267973 414656 332733 43096 802955 314563 873840 273465 887912 982820 529017 60113 469647 426829 788013 111213 421557 232907 805188 862771 54641 679284 296933 211914 737618 85039 898548 768430 250516 639646 662004 190723 236252 385208 108508 487688 220605 658118 187538 182563 252538 562085 904962 511232 477806 35857 593014 582859 263127 275938 457241 453290 534463 463272 33459 95671 453040 53220 889734 546154 363371 760390 559201 228605 712547 736044 735364 634362 72213 13974 453847 961065 843424 203891 959765 478544 448696 968095 392291 467445 715127 328865 307247 870406 590492 787654 979083 820779 616552 685202 219978 131372 762565 346370 196637 682512 605798 488890 328091 967171 187084 847325 753068 552986 531902 481701 916388 278786 605365 668133 730409 135256 683908 54365 842942 751249 117645 423497 684723 870674 698158 471683 411343 455550 324543 198232 369522 502693 33077 698021 39645 690422 242923 497154 971726 534123 38849 832666 223163 539848 823517 658064 337326 367301 858622 753700 690682 421856 101790 934014 764841 643936 530777 439484 515827 626797 505657 446010 311420 55673 838346 279472 200269 162088 978427 776550 510947 42234 436934 574348 135340 103812 929661 7584 9602 703662 447629 913912 812387 819805 76416 462902 743515 186561 808489 27377 282503 37417 294300 484163 86476 234637 261013 879455 226874 890660 972373 377933 635986 170116 938395 311092 59695 580420 824454 176100 246120 711731 601286 959305 42661 350771 734868 207043 345614 719054 84313 471692 689403 48848 762825 287719 770894 741470 684406 240236 516149 447218 459701 203410 513022 714386 315766 754878 586557 364254 539656 359650 632395 569007 436360 631001 420322 966102 779839 955611 932141 57449 912858 538421 374937 260426 463172 937113 501331 193468 215435 403346 557058 553194 125523 1860 799809 78916 411230 179641 302967 788145 81626 704940 161237 740625 572682 741110 183548 785777 827707 83763 72149 166024 299873 801126 356398 152756 40339 840971 987834 6384 178560 339748 889455 133969 777660 95972 9985 146068 85092 140106 914842 220746 766339 721546 593832 574671 848313 783585 503220 967632 788027 2723 326088 924553 784717 17480 418430 761372 152875 609046 736786 731801 575568 574057 326290 102153 657311 15970 804665 860203 422599 690392 117841 557409 819041 667175 878757 3499 967937 76131 277749 157463 161634 246715 263966 476146 614434 750413 260822 272082 25731 743990 25104 927677 324066 361204 519432 152503 743021 634517 545696 300817 521508 925192 871716 326276 952420 125734 340622 807529 169970 934530 78276 263639 249404 28466 956035 705519 625784 179387 502171 774947 68928 725132 400131 796895 827313 604937 837760 755233 376513 208059 730782 107494 934216 480685 688439 397116 306159 23360 839342 56747 951648 599154 174445 47452 615358 411038 360695 727973 548106 198960 760271 493857 278273 291601 908966 544284 559326 367744 708114 73402 917102 469660 657206 809721 979489 75521 890528 759641 445436 318492 150521 346629 962322 643043 433970 172369 244115 881140 444434 547965 603881 991775 536791 409476 320438 608840 799840 523057 149757 853801 562403 609519 201625 799817 152567 651313 263675 865309 890473 648206 423540 8099 410254 108221 364983 884816 776070 988832 690463 605431 583514 829114 31550 305626 696266 131538 758534 193632 573100 746035 172132 986402 344101 746707 623315 35058 880130 682266 776174 429264 170779 973931 987215 453898 740721 689074 586793 957663 874187 505602 194961 108456 716980 884909 753247 181550 625667 340587 193841 879265 56042 721524 43599 38624 961500 429268 34498 792220 592482 455295 606231 413635 718566 232905 674993 463211 768953 193687 194222 544606 364199 981486 441928 248780 289818 599241 663428 765845 234281 37125 871534 533122 410698 844322 308717 144937 236422 551630 493662 32732 467664 865761 648512 983139 620147 885420 83664 517564 606673 301030 342292 621524 437684 807162 885625 934632 851610 185891 245764 703537 263391 780441 673068 745241 683166 385485 762153 109028 817171 773443 331479 691104 77936 776734 415674 178821 131253 370813 325957 546657 519673 718557 28242 739767 434923 50346 555082 144165 614352 703986 244390 242845 445743 697653 290340 978146 421456 695333 560338 712769 9735 814444 7937 429660 701427 697375 920591 878820 158273 763633 582947 442289 590649 209920 313822 570624 978449 56137 403022 221336 254957 972387 198528 61681 981551 882316 417704 640797 228604 330566 525007 154253 929623 583720 111621 126509 172077 446219 389649 523588 308251 734135 934983 191734 476493 143384 999709 791171 822122 674186 543459 500477 386980 689595 305672 618544 590923 190927 993467 341971 607670 599358 729453 604305 125561 426970 18220 116366 237081 25402 120009 753239 163009 527421 694034 855709 382735 726665 605661 918921 261641 283349 357015 928115 365507 614160 120496 62074 252810 365348 745936 491165 953982 959792 388150 891818 935889 197583 483130 658733 47641 513782 112819 581976 880353 461965 29155 991697 952240 372531 49574 634607 790492 726798 725316 495557 958198 438716 94824 6267 630781 817168 923140 221090 237700 35134 735496 564334 410067 724299 358455 234885 367345 490696 57031 500649 598990 363156 679499 901685 59087 899763 442896 12259 361026 647759 433710 78643 631633 384035 73668 118740 273159 467802 636264 705674 968372 66982 264207 44389 208466 433698 316962 981173 82033 100352 49314 617965 833967 658692 566735 793962 167890 180861 558686 544641 129747 657385 585570 237910 787121 834252 944319 184463 86925 559180 825065 977487 694058 409851 626381 251023 514881 421240 479017 743967 712539 624782 725569 764627 929248 489436 917806 809520 471676 192666 403050 423110 317646 874067 866250 103329 774078 856384 637836 996993 734529 852246 867451 657689 279073 251698 912711 790043 279046 871275 157613 41747 599026 527499 2742 580901 9271 632260 393792 370105 984777 662331 118016 538223 874999 165174 95406 698911 270841 723671 370356 339060 798916 802960 98730 123640 844074 739245 691928 160989 56607 931747 48298 864412 436523 99210 441476 850749 97831 412666 29119 236625 304883 499056 852728 422508 614196 161321 335482 374121 744760 115165 257331 768818 577143 257705 26750 543935 758305 801119 337268 388646 908853 380672 6976 345570 839483 612986 73477 742347 142347 850692 99835 178283 151506 155400 337669 255064 765467 60202 853627 615695 856814 599695 432424 685917 441089 572512 743987 493941 552870 356612 487701 663278 62631 212350 118883 635598 287202 404269 170318 502536 631367 645731 33063 950903 843172 812139 162456 940919 916984 914910 210749 416130 10920 662113 469824 766164 757619 550668 120308 660097 904557 240089 640178 832703 45003 961114 488331 508744 703884 640944 974487 108951 498642 640465 17800 612973 460220 118330 841243 917944 293489 70069 72967 320245 731342 84483 22818 856668 43287 607467 899501 491039 66135 524611 978451 507668 640909 952230 264546 850783 679369 440595 68450 159907 687085 992710 627190 328177 911713 870606 879211 634067 612434 301921 63058 217937 526684 977271 279834 15693 795720 894971 500758 469877 638945 432132 519982 166749 695172 755214 86323 236062 955301 50847 646758 703549 839889 840065 515965 188717 828849 506949 926048 604101 221267 555871 352594 975022 929959 839385 698654 266630 531877 778050 600620 959080 909513 275844 15243 287447 244139 797452 32337 661898 287377 359963 287710 820047 166857 53589 967065 85418 996010 841846 725460 515504 458180 9604 962717 670710 85163 821115 639403 616509 730403 78233 281494 546042 523791 948618 292249 557960 368608 389976 735772 815410 484467 291346 122211 815759 91970 503893 909354 695783 352196 741231 839616 182218 922580 230481 991710 122735 707643 452758 286316 973674 446267 691861 563378 588429 969163 664932 949193 330169 51276 260938 646512 995957 408981 398995 915763 606246 723996 934077 29581 148026 249518 713638 248136 268698 378260 550026 827998 356310 924728 70048 202135 435487 217315 959517 142713 404142 502164 374011 615326 242064 961027 387469 459864 711221 648003 571560 575676 422861 240830 747468 46516 441268 508375 360868 230047 251057 48809 410780 520784 622097 599644 326259 105900 38449 926481 358257 572314 803138 569029 81102 317067 244405 496719 699810 694482 550864 232072 672832 472317 592749 896466 741736 251221 388005 619008 213714 311849 116175 686377 907856 969083 425028 520939 749798 61650 721955 916812 926199 176993 659292 119992 72031 200161 440243 564991 841970 1803 479502 536589 763754 987418 312280 75726 923467 221614 855905 101113 17389 486327 850358 289586 522255 620551 933264 710644 661571 101533 175730 770448 54656 991456 593600 435404 596927 536981 62335 184653 267300 62084 433356 472451 60681 982363 239754 119712 104340 327592 377032 723034 517047 868722 345962 402264 558992 998544 744601 871290 967970 643409 31304 498378 283188 780514 509650 171475 308013 736206 105138 830211 453897 457178 868280 888152 31625 863421 138948 825517 882275 822702 417425 182058 103553 918540 785878 591183 603636 266182 497944 920020 711361 235292 314895 135575 645631 905872 57727 987603 692081 809497 803351 990335 101622 664367 812467 516620 811929 420711 430470 220725 669537 355759 659556 115862 872422 836766 295776 415613 991872 812382 49829 448774 566659 252046 577839 210041 99974 314912 333211 33814 673601 184479 633768 950903 261755 903363 313803 443717 807155 69921 984210 875521 438345 167177 938538 997140 704854 821486 8083 563062 771490 849677 109039 211779 847501 245245 127676 540847 291099 832404 557585 464642 146464 270268 939396 751294 321714 347185 912790 579491 922606 271737 714802 24987 434452 674247 665649 668398 412607 95216 128061 374045 328401 995411 510626 932745 622902 818809 582843 60432 539408 135507 683116 77134 438877 471771 300157 50550 784257 814416 999385 987185 332669 906883 993528 276186 777472 500085 80109 601747 613344 934891 710845 86328 460456 218375 650943 354002 313898 788756 909476 223572 529621 645421 477193 424521 572055 396872 786813 620088 13798 674189 368055 822883 661298 490764 86342 998280 973599 467338 52928 996777 196703 607829 610938 403894 321515 297901 402176 39916 111657 961336 975373 86438 592946 950496 63467 289022 685649 591142 738123 803220 823884 590602 173435 822354 167149 341295 734411 168052 619265 414938 88078 587416 351679 703768 833547 136440 246835 324079 782556 319480 270303 191519 40397 839637 390519 815275 650086 819568 533705 245518 812101 665569 284141 920787 853377 783302 71000 65823 892321 41280 62613 318041 620761 989262 460037 489320 456451 920421 808474 294804 185014 634564 896736 673793 489421 405357 254831 36804 22197 274111 969625 302036 886204 807041 653522 940906 638477 547247 395547 452779 681958 70985 720829 143176 546449 967338 186506 943516 966108 7399 908830 835271 623220 235660 452171 144037 912801 953787 206502 513568 207057 363310 522494 491588 78239 516423 839460 317854 10671 832393 1292 420504 605012 427310 282545 160153 475591 188198 236523 679150 231627 909697 320608 234892 788926 512652 179043 137336 438275 56548 204159 745625 613727 674418 149700 818388 150768 900158 416125 7094 919169 318052 316243 595989 587757 904118 274025 728424 197388 784858 694344 916613 318229 496044 984431 602402 489799 41472 366261 201984 563883 863273 443398 19945 659959 811562 910012 213699 678880 340851 196026 669055 146223 496698 815067 465247 450824 731601 69485 269045 32618 921460 143075 978149 367674 99809 151893 546987 294549 707187 408459 987435 743802 31685 50466 976738 933469 476128 998065 692384 57371 99942 944464 642510 248873 8963 534768 43639 83324 308722 844328 335472 333597 178631 155628 703908 26528 503541 204215 825033 452303 396011 485611 371489 990129 407804 786855 762216 231098 959433 201711 783697 961070 927191 663414 815093 667407 168366 823027 284411 356565 676240 267518 378489 490655 918163 327419 177029 383916 297791 285516 467889 728630 495044 595950 740825 34370 455937 400910 932907 521470 603549 447169 730788 969936 750071 388849 911327 283137 395102 31427 687771 438937 953459 718321 246339 584689 710658 756966 299788 144777 254000 620637 624962 136624 117841 36184 103032 87647 779632 121596 186554 861919 291816 300611 249556 56363 31698 53020 368281 168227 286432 588650 191865 207592 76032 863510 479517 410200 846765 911298 429688 767145 811125 546272 402525 360494 33317 70745 858335 741981 369002 239497 956334 201888 279269 545519 858333 737103 975976 777969 807064 643229 498608 987925 720704 688883 173821 147294 867687 212302 908138 863864 515161 731237 566861 706371 232965 943571 224934 110926 642555 658000 701375 681001 241803 406232 712690 134016 32045 10 602199 484816 31761 806348 361964 488635 204559 71970 544683 543015 931523 282146 520295 209541 325231 391455 129007 504840 33100 564936 548142 296069 731890 718407 112148 812499 983820 656667 877546 96867 722699 481505 478281 740654 124337 430534 61089 248665 259357 26605 574218 56137 661326 648032 517530 363338 77812 540473 823632 857082 203364 248666 729850 889008 797055 150419 570408 118179 875968 284639 802385 251357 73995 521925 69854 880052 230835 424803 519649 266367 986243 550318 336124 988384 879568 752880 364872 392996 141646 409608 846729 25781 381289 135877 354851 606868 537235 2561 342651 833488 734294 427711 764278 902260 995437 323214 964837 871823 184046 539596 732413 783467 52460 567263 550808 988181 738996 463826 4066 817579 672301 498608 571591 864935 853393 388890 983266 695940 309967 574204 69471 945273 388987 636478 976655 142998 10078 185623 677410 208310 973686 502879 232563 529311 957948 762612 33154 776562 93200 491663 399312 612911 271368 654619 851088 771030 398594 742403 23786 314709 577602 994547 934670 846602 124791 404193 63518 197486 121270 623530 115287 530854 152509 645751 499662 514079 420204 263329 840699 428656 357892 506850 502577 156609 140945 761380 150920 889536 717021 174607 764695 168740 220456 624110 85907 375573 552048 2231 803364 289033 820377 89370 512597 70394 939780 352019 52020 743453 700634 87679 448381 273838 208116 154906 770172 167804 273846 439832 748016 481507 564206 940939 88568 373929 798492 822918 154283 618465 600552 478553 543733 782703 403492 126704 420401 519081 376646 3147 702808 202641 951953 132282 114924 212735 804967 141767 555032 336909 233014 101101 410175 764400 784275 585022 349809 340272 544589 688359 832098 615588 693634 843027 530218 138784 595846 485933 834111 317392 905415 264190 120891 929677 323292 637975 700684 503965 738573 787987 537235 312603 196066 254176 384476 670852 385415 902584 416291 933748 458583 335867 527530 508428 936116 19494 555738 948830 532868 868641 581092 531302 554015 436647 998776 593191 639073 389273 956907 606100 717909 654246 82314 33377 127080 339003 968947 166963 605395 20234 268821 547888 217699 77781 40990 361271 838109 29974 204797 259538 128756 400184 821321 314082 509227 406471 391337 823530 40806 393802 557002 247660 86115 774598 234432 58156 815006 238644 143440 121792 159548 392268 965643 370417 150958 368110 866408 299687 770031 107262 327105 808065 219317 133791 421226 898832 440652 933362 135637 373016 281825 455681 561936 946633 904176 53566 418062 237187 830701 862183 201868 243856 135301 105633 343675 342078 731902 316775 286013 972279 851992 758502 397106 686154 759842 355409 646419 180098 16452 407996 872478 534196 112668 313619 269288 816102 242293 210368 187961 303873 916795 939675 106481 39384 951803 857815 624241 171682 171000 591952 737408 747882 613384 395426 607501 500222 404839 66953 480974 637174 778280 628878 890729 148147 950946 165000 985949 941242 484893 112974 598877 904627 390629 444192 246298 619929 184541 939646 402782 317993 951610 663001 547955 680685 432886 354530 841774 497775 286778 239391 545556 611959 795849 107568 213230 786988 314861 466580 818688 154805 321630 244664 145815 495592 507833 105713 461479 472148 697282 955622 287402 807899 45163 626399 453714 52110 841162 3337 715833 295813 904150 125565 582889 57213 88625 265871 641453 421193 749637 252724 100011 79961 773883 663733 60756 772671 464450 720934 363526 624142 795608 338572 25392 931756 497910 828284 850050 381744 982893 748117 891028 187347 591895 597800 411151 729796 635444 310661 132525 85240 361184 40159 377005 817876 513865 976904 519593 89942 666214 715063 409980 943397 534083 463475 675020 172150 107239 64950 684679 93957 266696 221147 484793 840487 315444 883974 499733 674436 245528 633324 812990 54864 819826 170485 643636 576726 319333 862982 474033 401950 404788 745146 348008 318823 871544 326635 244310 544423 359780 482952 708324 842484 506922 431723 573686 424081 875174 923281 215656 241631 718906 48344 666337 363922 667991 437024 395752 719016 720925 482759 52782 40489 64362 575444 550426 941556 861273 981849 254110 876251 348554 119682 35294 175684 788627 167550 873968 938747 832827 665194 371524 543647 561439 411576 537631 895549 365775 34121 488736 629912 458136 443228 750951 951438 415806 956267 128994 947277 184119 984325 449910 821511 280751 207589 454623 234053 631087 682872 632551 877483 173105 974177 897053 381140 496301 526476 591554 699561 610927 658517 654295 210466 989132 513915 946157 19862 505964 835763 281959 914338 190617 578664 277707 793180 146950 303388 174494 978709 797459 265184 950579 278163 941433 135511 633344 224294 915079 174802 182947 714023 978401 619970 833036 401408 144472 540438 21522 207177 479245 917955 99950 424383 938514 990565 538004 396082 631506 229451 700531 527148 286027 186631 486825 476350 743914 836688 79319 128356 184526 977407 216413 738585 763500 696014 957096 573409 276953 528570 12654 274435 848345 450082 991974 235811 720516 739362 585871 521815 932676 582408 938306 253031 670283 906666 708383 18687 694991 941520 972782 479773 757548 953246 705347 751166 624783 570176 503092 560096 35846 967914 667012 413084 847321 813821 802179 784778 496623 553606 886269 250641 559785 617903 53038 302014 788821 465902 416873 210621 551684 419163 470799 302788 723059 168185 410076 647654 735534 694226 273111 434876 471910 704669 821142 676458 582063 556004 866800 83853 688457 916443 119035 74955 896876 699914 126300 505481 419243 863675 173983 700910 359416 99158 931103 888875 579671 940163 168184 745826 546375 80515 790444 330349 989056 627143 278270 164931 63183 761022 422029 645914 269216 874301 172150 217795 644803 126177 862124 877400 54689 130970 734081 768523 940794 425727 197126 172849 464191 320604 236331 903205 740726 630217 770298 141767 157844 254078 878776 853780 159734 231189 588566 167797 486212 247662 967634 761435 560737 17266 486816 199744 33929 711104 771132 937991 922805 829575 267355 863128 177096 949849 582977 446272 648566 44169 939132 567409 166475 632390 558000 130983 597121 291856 518426 263113 941629 210514 610583 956038 750483 249948 382395 703541 774248 2932 43588 36804 140147 74652 917314 542982 186607 146882 504843 450573 525470 82216 928821 818429 285678 244964 723247 945098 156399 869029 902761 593488 807121 690939 904636 126014 406951 244483 46065 264820 234698 947638 415250 19486 92433 876662 955811 906445 926649 897748 714752 139350 303303 71228 824623 150282 78547 344004 730783 620608 579584 674944 280725 714943 861357 957925 430615 853921 698697 737909 73563 754253 687882 448644 357354 587219 625159 832676 224108 974070 381038 539009 853521 841509 163412 139260 397873 129124 667791 952982 156948 712026 291341 715839 112581 428138 80991 365849 840436 935848 190666 253609 836672 998256 361282 276404 549743 444657 955045 363777 731833 344050 340405 372666 491817 677741 77394 968807 256168 500870 600637 611697 192378 806861 520696 138991 162239 181085 236711 157195 66458 658194 600943 869362 257726 452195 969088 523092 283195 292820 587475 956131 871382 725296 505765 772485 151740 987171 141246 303421 126888 757235 301646 69636 461687 356652 348151 955066 263152 345675 429021 40638 463479 907488 408136 475301 896274 185254 595328 339639 6915 403427 409751 821643 246659 628494 519158 304635 136705 105272 407923 25798 290484 444241 562875 639003 319787 391551 160310 841400 43470 164951 176995 196088 639969 707936 30950 495423 685155 548462 476890 93317 747605 547219 849563 129351 451865 430403 417841 710970 459145 254248 115010 545785 260556 808759 154740 299938 848333 149849 183498 778565 437871 67608 616102 24563 676958 68955 338137 715963 461657 710096 312206 294944 690983 706679 833280 152158 448926 112234 133334 777474 519786 451959 773103 41583 305452 719564 743494 383014 609758 311724 738747 381549 617592 414576 59178 162170 614115 639095 493260 668118 801046 490091 541094 768998 728605 412558 918566 855193 194287 285694 693370 247252 164233 785854 218748 964440 63272 122604 51102 653736 26077 184093 854242 848604 29892 933112 550578 745082 241229 932830 405452 324006 496761 746217 253694 642234 713872 895709 65290 980886 118462 638023 547498 545860 610707 399710 585637 662142 497414 247103 230629 380639 940174 624185 799736 641192 505494 556620 721550 205552 913631 445088 240145 101276 226325 681743 457314 148661 525407 976642 287669 899775 762215 688107 207992 644189 544888 667730 678437 828300 421325 355432 367652 366105 720375 507604 945294 343993 166640 90357 738279 13640 316886 941091 704794 984389 500393 262568 653346 422672 735757 797525 4785 426387 513563 161945 563377 260021 920654 858097 507521 884567 638272 825532 801903 901310 150250 583862 308646 954360 183534 930698 864024 839782 289431 812160 36686 917855 453139 132525 509921 402014 357534 289740 812688 228184 449295 292378 42262 241915 153299 248287 280223 384456 785462 15273 889193 759319 270075 80513 269555 830029 32118 469737 105843 70585 555266 501699 983090 566056 620593 28326 522573 630119 81452 491854 791392 129618 171499 336018 899534 388650 868136 159095 981829 500641 97439 813764 35145 638475 497435 131465 210875 215444 485119 160182 567719 321680 589587 924996 159063 205509 683557 414781 539019 821719 693792 31340 917004 14485 150279 766597 242772 577779 928488 558881 743054 49359 641733 606851 3455 529326 589141 930151 470966 550443 382207 398605 648617 401961 205637 349433 687154 508874 768762 106525 605152 275021 656230 443976 20762 36794 848910 44940 484052 706968 263269 739436 40813 937250 7906 660307 174503 497193 819728 929296 27399 543912 905184 145357 547285 566019 10619 573069 365035 425950 246785 258216 709425 682959 252027 572643 216284 708653 935343 913773 333810 679205 534216 36024 514287 680124 217057 872110 472003 305957 224721 573176 220926 339759 604379 544485 631481 82438 669775 710877 577981 66206 608382 816687 814155 2947 276561 943215 82656 850849 365823 274100 476685 838586 100185 255404 992621 24503 730059 75738 677982 151285 550673 286995 175069 869089 368931 278930 512135 204748 406788 140536 868779 611273 380292 700269 614298 703992 661396 728068 586703 905101 426064 207927 304412 394852 359814 860078 940529 507627 618234 99590 166276 742660 941630 221189 6180 730370 421975 574802 91854 992321 4392 109660 136079 12804 967278 229608 349519 488386 74500 39420 276022 348605 556622 39121 69745 3914 593836 443211 86842 40472 704727 455038 837295 644656 62889 118440 724007 72722 937344 492647 518159 119306 343317 155508 640409 753681 709619 951793 345746 87406 790834 820861 27571 84573 123057 711571 999443 260600 304004 947543 279834 998471 692085 243468 538262 838030 735961 621582 707021 108626 427536 133178 189559 771393 816366 60026 303119 185246 184999 378948 590166 737976 225685 470205 880328 581011 674214 399565 908884 243177 375193 480307 601752 352115 665653 82947 963907 557267 791313 942092 370243 820688 365429 562947 231064 468886 462847 245017 63910 882620 1943 901589 403163 965928 376294 968278 554533 138652 689909 457683 1896 497456 991444 397215 771167 15816 564459 880365 822024 567513 443154 151026 371069 548132 517136 911934 522104 133952 564832 152401 625503 13172 401297 973672 911167 235934 589236 355056 31720 522793 604873 261696 650909 177595 722841 236142 491920 857145 643805 907980 375940 503467 610375 238458 130618 277149 168417 676710 482380 388084 121554 429473 876793 899000 975250 89510 191191 531327 137557 92431 67708 392281 861813 934295 447786 110449 705861 117378 716572 822445 734837 297473 700002 30679 391991 551564 645884 772530 985360 165185 851776 224772 70816 993734 981336 295295 73820 171303 219107 406846 924594 584555 548921 159541 201463 314609 894200 495094 488298 181859 958255 587169 518910 316661 668963 595397 456001 902695 309662 444257 484536 148443 358965 455295 511834 239842 187917 436334 560344 600600 977127 935807 851857 565544 207464 385114 554503 29321 556218 943642 38713 700991 689458 142406 793654 987033 419082 573023 68751 712825 109915 72271 676365 57374 881691 563843 989041 957844 898059 74407 885481 607776 708272 679679 62779 706367 543008 953792 13104 612144 36609 177241 15717 604860 65536 694896 252390 69380 529615 832173 769798 125264 414921 407700 361571 188097 178150 185396 933657 7728 217771 621505 154466 954201 764449 125491 88647 349645 398142 753103 449684 705220 945637 586729 496906 688810 508776 214443 887208 332166 926449 743097 378825 960106 309046 31184 456919 181960 296011 547303 604119 543143 89938 602875 107810 8569 93498 381736 203915 380569 7333 12703 18202 714647 77988 231114 156220 384760 483018 625128 646362 56993 169300 789146 847815 105683 82704 820266 726441 358514 295062 173784 126186 99437 315433 545278 714396 920779 932051 626407 623891 84912 256757 244391 351072 545111 333383 35827 637405 608227 455485 215447 32455 429134 169178 756750 352754 564446 429722 734647 95761 119596 535918 25865 343975 158367 304176 29617 235214 715679 187103 970577 45572 306565 446668 811478 363184 958406 518306 613726 452016 987757 73185 711190 342618 509504 768765 63285 385982 430610 615961 411868 926981 506392 693894 206083 582431 39391 406818 310091 702883 571691 741906 104048 836837 613789 994921 111108 743613 558944 876976 449025 887821 22481 2388 373333 236750 465489 200285 445916 879491 615769 741484 446388 289163 694400 451880 763730 810531 583449 33641 315069 372146 82180 785274 531984 346849 513194 181976 150834 687303 426542 316398 203808 543458 713772 370844 496062 218417 596708 437008 351488 832171 376370 746389 521156 362985 373678 599245 321121 198383 498145 243628 192724 487393 570465 113477 284248 444798 549237 578339 483521 988824 41611 301056 111533 417964 222236 29154 518512 15856 296997 968047 622492 730779 632691 321293 604833 708683 473633 514741 228790 91566 103427 52955 428445 164262 989356 825851 493419 318861 312071 235241 868860 964051 386155 367611 829375 129710 336023 399659 388025 259148 127860 726348 300481 831100 713251 535252 94753 107018 127817 793813 835838 935898 142654 394334 21713 374013 315025 985710 493072 153532 587927 849320 563661 762399 572722 552109 56233 109919 227512 557219 660646 296007 991998 238064 979685 609016 840736 963188 558230 148117 127469 233794 607404 730969 523842 90626 445405 993693 983040 431134 46093 927962 111479 974017 217780 460777 470213 463372 307102 531754 816913 809832 837313 196810 68316 824543 551461 825975 134163 170085 72457 507313 185882 241144 27020 260861 562970 858517 496189 377563 937944 891496 654693 506960 815026 89931 479881 848429 322656 259296 743116 656705 573739 943298 981664 398778 79732 927527 968533 135691 48968 741785 325201 146340 783813 266155 822824 32725 304353 814964 677826 944781 382540 88590 427082 423506 175173 75115 209591 183077 316432 217355 712816 982530 869394 305100 703657 546813 701010 816671 735378 992476 608952 425779 287037 217962 231463 313337 346135 486148 66827 776560 883791 513387 403883 771056 864711 343357 175856 764233 466505 832269 914682 297447 239262 295964 347187 411107 530308 14580 154833 157714 590298 718114 918890 377613 6281 236406 306328 353979 277792 425041 479174 948408 213717 541935 212848 527263 567113 15211 832304 117907 143315 709278 201531 806742 650749 292416 122678 732134 688761 108480 708643 937532 531768 73228 840993 731946 949416 461691 94108 104465 973813 806968 314509 781036 223690 188173 137884 297175 884867 135804 878609 884737 72498 524998 374037 878484 873696 177395 405726 124301 584003 558866 810918 7854 2645 271423 698875 69988 869852 497288 213547 776006 582405 6571 695566 300416 913849 292802 697484 477160 727343 851734 209072 993051 80109 940673 160454 421153 312213 847806 73806 528167 629947 83473 128104 582975 519068 185754 901048 493129 104678 799289 903539 150062 961946 657334 889991 684885 678702 604218 786181 857596 985949 721075 639817 151796 942864 186618 646828 608703 735423 992348 949409 698748 822495 983757 929646 50134 425854 953335 586368 302579 322964 871383 618008 12780 442244 887278 291806 460775 803569 31969 164920 48505 748364 973022 659983 253735 184623 503783 550249 920551 811727 513768 405927 873052 340379 137632 149308 33024 507347 47497 25256 972594 711787 74828 735457 92917 287110 667538 422001 340635 254536 413757 473961 766214 46470 728318 66958 548418 773829 970517 385050 952869 767146 666079 547198 369659 577945 6542 554254 30877 345348 753330 215346 594934 913799 462575 652024 726413 396500 340754 792352 79309 438820 57526 954797 901092 958798 839165 21611 273942 243969 691869 491422 892596 655534 332086 583102 995091 155546 99512 769261 953499 344471 104183 933965 563554 806615 883973 453360 465385 585993 7325 112064 49630 467199 286797 12116 367311 38322 855964 106688 516064 258270 292085 425528 854115 901352 336199 841395 661011 438162 436900 66691 776132 943014 246581 848587 323562 72230 936382 149894 802282 59707 997880 153784 150233 651349 237307 402171 19896 299718 848451 150464 75463 694828 230924 41590 292480 285030 401333 1164 345855 469628 247897 127845 837831 363760 638079 623683 294861 395699 843075 378390 764057 644753 250777 749627 136551 110830 937884 15917 228139 441994 690927 553899 41004 300880 48099 644315 741661 489490 667065 517406 338368 819292 347227 57606 776214 781870 382856 694267 547081 932961 750157 696505 720355 951692 799650 388948 643867 941035 742497 181388 930384 518299 962647 660063 773369 526235 769877 94733 657606 331065 696543 5632 663668 220321 761820 764899 19359 995272 280156 836003 262924 145164 454431 135256 704458 303278 16501 770093 369477 869639 600095 678962 445057 647485 972076 123349 814941 379875 478712 186371 628771 512746 576835 864626 232186 564667 455966 983670 581109 413854 515854 571739 176939 623403 212032 808537 523865 318966 918977 307797 366654 279116 646152 258490 875661 751704 853881 580002 962458 520006 830741 328189 976345 713101 896272 649935 382203 84456 423872 606937 974991 9749 879111 737474 211866 140599 777311 897358 928349 259561 920405 405636 616661 563414 692898 91468 214102 649487 692091 897341 499428 905929 1381 333232 929539 101365 508431 714178 974422 775183 551034 439504 144259 147740 660590 451954 95418 248369 952419 605710 754486 720664 974672 530846 478324 350891 464581 595371 500001 532871 181418 685641 910926 633157 777226 615486 358276 972195 282452 996593 56745 677112 293931 598444 779219 738725 388931 837623 634265 335987 957808 852596 773319 633007 598499 345904 882568 771135 812834 738753 833184 320197 94127 440945 316693 65512 452536 946093 851745 130368 465720 9800 391541 34679 716904 859822 923530 737059 112811 766789 353856 825187 516580 11631 501429 582924 278621 834242 35435 703422 347707 485792 320354 414216 358511 843968 728259 437532 145508 723386 640239 83122 311774 955596 711820 144069 980113 119734 621336 453738 265184 843300 395820 820735 296597 288771 408592 570198 162993 673241 52273 639622 1071 732179 166395 968297 952290 458221 945182 646629 460333 333647 379555 855915 338159 369350 373499 197169 883834 252687 880608 198486 856272 478590 685166 802751 956036 187100 323324 150037 474873 195900 689516 469979 876450 509237 521424 595105 194072 788343 74332 706297 287280 657841 174773 152655 164241 364253 380533 74386 290376 14464 942099 175815 234832 250732 901297 254833 507352 355023 420170 757653 437551 587888 629796 401703 132094 55716 756532 254054 351338 21776 629576 90194 194690 539813 57673 403350 115677 408745 484523 70424 98 271651 23971 625616 844498 84604 637007 892858 45221 970900 987753 679517 735060 237771 601961 965734 935393 503440 96270 150543 626327 438870 631307 905864 875593 220657 258327 916473 906472 191789 339245 579147 384920 448285 45702 449734 547185 858974 631013 135307 612010 447052 253284 29886 24640 937592 504107 142307 249350 537657 2251 424559 508069 585200 160494 490287 990088 287108 929400 884663 30869 137342 79804 523385 981827 829573 167544 362198 598623 466202 564377 706354 15963 671939 961211 495469 66196 110289 613462 418365 361225 501701 519690 506953 855817 195130 895399 111342 339618 156064 423955 580180 270955 124343 504293 454245 801953 924162 330828 930474 497349 538100 754331 738872 741422 855280 507485 294102 886875 498998 356130 40611 243738 819686 533646 245562 783862 822593 559723 415976 509934 354816 995176 98860 176056 58298 246290 809076 31333 746563 25342 647197 448459 224243 605171 726129 304634 556829 32174 815226 435850 392998 375341 273331 448748 609407 202116 20316 618852 616860 165059 938765 663539 266783 555074 604686 669006 346775 925591 90850 190416 579640 866111 913022 506159 217546 297649 556495 427974 134661 679007 182643 932564 462145 822384 948212 428791 267511 238954 697076 837718 403574 548394 629847 968780 618562 546581 530139 616440 266444 768404 558681 662238 389258 691405 872662 328611 739183 774360 827247 844121 215550 352797 673400 777015 306779 61787 121879 875146 607501 885705 682395 56622 556915 272057 567227 847287 558634 833889 462987 525831 502997 949532 450207 609794 806507 878285 692729 248956 20292 968941 7659 449812 871001 600732 768001 191983 340946 373630 397019 492089 55646 477307 209397 270186 247090 131524 310040 151846 20002 282383 390693 591127 821916 613012 450195 247626 290110 234657 669861 962234 5471 669179 484780 146225 577622 734516 665782 923526 230251 491158 680803 713264 476997 978113 213663 919910 580831 672263 986045 422539 678273 4864 380944 688202 578944 28621 154489 384551 53083 176698 836063 464957 267483 631627 75314 638440 721189 548572 314278 661981 161987 38 387921 150731 233876 87857 383771 631446 131250 204530 678524 719891 227337 503778 394737 562070 395856 341773 87634 451614 320241 232667 25621 608907 629537 382160 95722 999917 401945 142888 303896 226266 527068 678493 918210 630349 911360 235377 526077 889342 710435 649296 142784 374525 498743 188276 702731 855448 510765 126594 330221 630374 558403 345119 176900 94793 396408 734463 32480 759928 31349 2925 591747 675143 182554 340051 776840 382268 478115 140114 645338 373632 274085 651731 370848 653394 722781 506621 163977 977460 35132 451829 894216 807625 866741 747753 14166 328158 750118 659963 652440 66194 149718 468725 904193 731709 362957 623911 917352 733961 244949 267955 75822 91681 900213 763268 13620 798758 333099 172772 574740 517560 915895 918930 70165 464492 468072 733402 436709 504071 946287 347614 286430 829929 517967 679671 65519 134166 958308 499373 753955 137332 371713 47246 202200 212227 537014 61765 921117 159996 893663 26516 850089 482198 884426 529437 449196 164186 177757 202869 566308 248160 91231 416989 525966 53972 821175 398825 223680 651060 160426 925344 651719 536591 821694 277674 608110 694184 181228 143127 947515 72314 932911 477480 521917 78480 106932 719866 294250 882259 871404 487317 49145 394765 219498 394221 614460 427134 83781 391624 92035 371134 168847 2712 348835 954060 383402 354330 575220 497799 589596 824067 240578 157981 369550 516297 185268 854496 272978 551937 244213 868272 7174 204534 489481 385577 933741 705398 866533 720019 899964 198263 416618 591674 942447 765253 334026 943372 445970 32660 951484 37339 695430 815665 593494 601314 382338 188221 781209 544598 67664 628372 19950 749130 458826 356005 970596 729630 74574 161289 516079 83283 395922 235119 563820 384470 218227 25352 821696 302549 584976 596570 602260 827069 115661 666384 350921 38550 449068 935521 148405 637282 867077 335523 491962 663828 128241 762263 885433 304673 761063 923829 501782 390926 344035 918217 689064 930647 255349 708866 363 197145 376634 552514 846273 917743 428152 409855 870394 753635 241240 140399 209782 156393 600761 721319 239969 999669 219588 357329 719057 843646 52351 122927 237367 750416 495597 154632 462744 369053 810148 52755 115064 792904 875988 515413 184336 8703 409477 148927 57432 574089 516054 735321 490414 374083 351833 808979 750206 377542 463715 527092 642145 1224 104173 240506 401179 870200 212794 164866 988035 581192 378403 732654 223809 354891 499104 842099 505330 495770 621814 657964 77299 273990 915219 109966 752470 260189 550885 704612 905923 420380 348330 376196 670485 556906 997065 331363 648409 651451 557731 801721 531840 80704 159321 314932 704589 780583 726854 155914 627931 156357 71263 206458 617581 920143 907253 623368 183642 757204 970319 47318 55830 266183 397286 84069 161992 720287 252329 146654 193081 833999 695552 10132 704960 527773 692835 794895 18548 940472 887049 324012 753047 772080 838573 720616 338765 171747 416670 930062 982820 665533 225891 685203 383847 691926 946356 811050 520909 744077 84486 496419 526262 891736 284493 485719 158170 343443 579973 887702 266151 749101 32311 963482 907047 775392 385175 14559 183162 278106 347159 765821 248997 572960 244807 48579 302982 596292 549414 577806 785964 138364 29797 595219 575861 366397 606709 310497 79567 990903 427883 717182 8059 728328 232234 101350 422955 776924 398250 156860 305616 907442 195551 937235 820792 35453 799190 642496 85883 593277 516679 173649 262719 199607 554717 449016 519728 837461 753728 595924 509530 338633 134593 805494 781105 802802 307305 269556 975547 583466 984994 997493 619966 799990 126979 353630 753129 583794 580197 658689 886751 694986 223716 5732 714428 69138 736980 920861 57023 635273 320886 136783 10629 62890 587844 549019 249032 787588 110004 402012 259425 452319 474 459131 600685 282895 327074 428892 106999 943688 291399 611602 730874 871046 127296 530959 508992 702694 287994 795677 735301 865644 491395 639303 985725 956576 938756 28176 174611 645532 252252 594002 721514 879809 826003 493185 905128 605376 647047 836019 129057 410229 609911 623643 687112 465860 404335 921394 263924 594921 842144 393554 18771 192778 192094 817638 494785 681794 424750 521603 127460 150927 814128 36293 432606 78731 380658 212586 929766 373741 918836 205948 857877 611373 714582 964829 121853 231486 281873 520857 399309 618007 485008 943585 623243 821998 916281 705402 909687 900317 150538 225038 262413 247124 442220 419382 98482 105452 291366 99457 722950 561334 40734 41335 49868 83709 339572 177286 995990 79171 688218 169688 330181 677008 638965 31484 174588 816837 812026 285742 174254 571685 562734 84825 200761 982090 869054 686507 853245 226744 7711 499181 531627 484711 804619 18083 559490 730459 634584 76063 959567 621204 235039 502226 791847 772977 361593 12723 45717 547201 628396 247530 673522 364444 657949 677034 949748 368695 393271 747171 78178 725396 130470 974532 53965 740213 552760 142538 402499 112361 158460 813789 283708 493916 87822 35788 327410 719189 587286 980800 559346 642052 324521 593922 814568 522915 616727 237133 102494 342240 488127 39392 725928 787512 468530 449043 228301 158022 109201 902437 635814 187202 383112 659410 898150 483547 952255 525750 389825 523613 837492 27637 651338 126113 912507 275944 106105 941542 416328 733732 286738 14125 423830 931171 179226 26540 304395 966067 540047 152144 281679 603008 249135 897921 478483 507102 293967 515609 978709 65050 453292 335595 595229 967226 500740 976899 184267 349938 526035 918637 739169 745503 234217 954502 820827 181280 50208 603282 412555 639793 265057 148178 486549 852332 337659 50165 156295 945953 795551 879612 890790 703474 943177 401813 604842 186739 178822 39523 115486 46770 16598 221432 705274 952401 936811 389283 152730 723987 90279 132471 597116 830489 466155 494747 75764 717614 137927 527733 996689 983675 219507 323148 986007 296668 184635 997395 895295 426721 904810 437637 931251 813941 64026 510349 320596 991235 620051 703154 310504 539467 910756 396561 951662 983316 35504 959244 185962 406469 65180 108814 412576 54135 943424 162572 116853 202889 158404 891059 892450 807763 540214 296056 167629 502456 811533 537016 702830 35323 885229 783131 417357 178837 675793 654516 72266 67742 776068 997547 136595 997437 534597 540561 630552 906562 743032 849290 826486 855646 283904 839354 61510 698888 660095 452739 825660 688266 10572 531147 616056 510429 418398 115418 740749 353264 818081 944155 774058 605441 759707 214808 492274 227169 928254 511013 864798 241691 585318 678561 785081 240650 643205 668191 387936 831479 759476 247641 210761 472719 657686 156598 383126 317529 970088 803711 355053 393748 349923 941263 543611 185007 531064 263963 725899 822039 143692 601138 817395 225119 801840 753904 549341 855726 91607 165562 882720 684269 227225 681665 417970 700208 650703 883110 202446 392475 754639 195285 254394 347135 503444 676331 16714 366315 993362 201323 84311 556510 296752 802625 935725 104299 647989 612041 450808 986916 164259 301152 762542 536574 546232 526104 367644 777336 635518 2874 289496 599076 157557 438817 364984 193011 797855 608466 698942 949465 997335 164253 636453 825642 994782 517190 316172 506877 292203 671207 443465 96952 23462 88718 890881 933611 38447 202187 906149 455937 290230 507036 2272 785906 212963 875266 557396 528216 753060 637145 23525 847655 405610 206545 699915 101595 798185 109914 137381 687300 509710 511944 168463 776329 334868 804298 887082 66501 386648 864110 261728 657709 810201 399508 710038 372605 6420 671934 645278 489214 922082 745195 484953 85628 915182 723361 519484 481154 969058 132801 467136 454935 823800 231408 706239 20903 410445 819047 731684 633773 199356 488099 816535 703127 459502 682319 838624 781807 552649 667184 323921 107069 170582 377560 552141 94723 230072 244986 796078 173817 934055 533080 712348 573220 68795 636853 727887 180817 477750 889982 839924 147221 572024 393901 58036 937205 885072 79710 331705 748347 174975 945645 355388 392293 375259 394310 948701 275779 744018 948242 125666 669627 40008 296983 417369 515101 664832 446556 713036 179585 979980 314938 774857 712488 524813 623480 652499 774675 26739 805474 277588 798366 173073 978598 959230 68461 466617 736062 789014 297408 228525 369909 145290 793335 313708 932784 973403 348384 995773 322511 343526 735144 268340 948599 147895 311524 997822 7760 455360 628633 734231 952250 310832 428163 362930 780147 200737 239423 356464 398940 877050 877929 577747 174983 444861 25022 697847 140296 763025 638055 650102 355271 620953 381774 400369 324698 497106 757742 414520 940592 385913 566696 769334 40475 148752 753045 871328 477549 160823 384076 181864 156872 227376 773550 390489 532959 738685 368897 207687 9856 883584 51145 666037 422338 748071 97900 153231 683018 296849 106438 704869 774849 845903 43518 174771 612478 94996 995693 41748 219698 10944 625981 795128 908052 958853 3989 272412 552725 259212 815135 500740 23586 219100 87983 517049 213048 480747 521924 31768 842614 1147 491701 635048 976766 743785 176847 693085 671890 620784 756417 598547 136213 219395 560575 282039 558623 175883 716603 797800 9838 6364 980394 742439 343743 993039 47144 131698 839009 337121 533302 358387 585006 222639 212939 292420 779512 578835 115614 669460 629354 401516 605619 838475 483745 888307 279042 597678 118142 853131 87362 890389 117433 52572 937903 47014 239743 58736 715862 125015 362143 246996 604857 444556 957664 890372 284650 42780 568953 180912 608581 71891 162359 615419 242490 246989 782764 15956 735211 441765 135163 850629 805293 903429 239884 603407 312271 714095 658897 752599 269939 571601 868836 97890 715466 203522 692713 324391 20395 130170 721533 297287 975652 842314 207192 497077 919611 114157 26044 931563 595588 161516 847352 398096 983023 339421 687226 480747 275910 449505 684527 602610 993957 988123 78386 198310 781944 831009 468810 360675 628251 289297 334498 966739 465422 487237 417071 530140 993404 604738 527467 707244 8007 299774 483278 241065 971170 292253 472761 212146 983181 16351 868889 422358 441755 505017 430571 972426 427634 284234 735144 223915 683738 750779 72773 820233 867836 727885 744870 438606 424706 685310 873200 441718 260373 495440 398474 107605 189981 220274 879513 704184 527593 743256 232676 683365 733373 531089 89231 176953 857456 581930 818343 364385 352143 595811 409012 745527 513349 346083 488972 836636 736431 78171 528423 75401 247375 835620 590604 664398 477118 635308 515833 173224 880444 789801 852000 629209 754756 639583 971304 279026 941777 593653 462062 185738 521230 747486 129028 758831 332370 732229 934495 634232 321537 768546 283314 36640 241737 839069 807628 200660 174325 440943 18259 100518 650817 135416 349715 569778 753382 425599 432679 713323 449303 997895 688962 45044 68647 398438 666762 248167 831356 569236 190191 756078 99859 801121 965366 516137 437841 475048 491525 781405 410051 211567 919902 494496 138233 396534 550912 33616 916579 655272 604672 520826 624891 298927 847411 34235 385536 276569 442533 849645 419622 784638 17759 653431 514433 402177 115831 85510 587183 778413 970510 67471 500569 767527 670631 502920 984495 759065 495093 768470 419171 157983 602355 623145 528787 124855 894466 409636 68245 877549 7471 225504 635810 999000 222109 854172 316974 83048 474858 737208 687985 23792 586856 368908 472920 194179 462368 511055 263447 868597 934973 919083 878561 146475 811777 284404 163627 277980 394908 182896 930675 507045 801962 46025 796289 78475 822657 254297 869618 799572 895246 887136 93591 603369 617027 871087 61723 998652 174739 651267 293581 30063 91340 756570 555786 845140 578805 407922 853070 210348 617963 709025 8698 988987 560459 58753 325438 650977 516015 71298 922395 458066 102723 998602 701714 519784 652756 665818 352602 823354 484197 39690 784824 362842 30677 956369 469506 110626 376941 728934 207691 192589 665622 788148 370043 880413 34932 449625 758325 680856 52926 468786 339006 761492 748140 425803 939642 186090 508549 296025 224823 497923 80937 124389 878315 504506 756203 243995 42070 970636 526673 709564 386169 94447 451449 919498 929579 437300 813658 809489 216651 964854 880832 750583 841706 236382 284132 325731 19059 127171 744686 350078 125798 215689 640794 842014 572688 784131 634184 538098 701842 976523 398141 864115 601921 954607 788538 589239 356728 928977 209846 721038 291000 727824 970630 245725 856622 966535 482130 787038 756565 720350 961444 176895 208397 87304 764681 350700 559633 316534 309061 924335 443208 579945 36776 847127 438161 141722 191701 5156 351134 853719 173147 822713 999775 588500 775630 126968 33189 597966 428753 239016 68337 293281 992332 890365 766357 106286 932552 282977 47055 913711 608076 950003 616344 617670 826916 237588 233444 402718 267016 746387 865287 727330 628045 264245 968110 354434 894132 763287 377838 796088 645760 594466 777529 253488 388256 608919 700003 186544 390743 992912 593125 258522 335188 562825 555958 581337 124333 393147 240423 778641 484965 768386 237283 364861 116329 247832 897815 239968 713970 192391 690558 210100 288811 207023 309792 430640 502171 816347 743398 952455 861137 356188 336704 805236 93378 349668 421282 198539 11621 507760 539919 102433 957397 786903 471157 750783 886766 811851 122238 623436 360334 250694 976069 477031 888502 710712 703373 330066 206720 145510 284010 171875 893424 438678 204080 201019 83481 315989 313014 927827 67559 485926 287377 115609 839972 210079 630934 156961 301279 891253 177273 530546 738163 410332 882795 550016 964555 763592 87726 485178 586596 930596 436997 422131 805895 922254 662109 244616 261999 159026 785686 580364 120112 712781 518679 919164 480616 143766 441917 226 391660 707453 329345 302709 16292 935842 269131 694305 399218 515023 183158 746208 262327 382996 900337 970558 829880 768262 186576 948061 124199 878009 682705 435036 5573 438838 744561 865738 714328 365814 888839 352470 467259 104191 792260 709746 955100 912726 217957 323583 577700 909579 121314 685396 584161 859130 204898 792419 718550 363202 649575 226726 697989 214345 368015 187989 488791 305021 771840 487156 270119 15864 354544 139536 183988 164518 402515 309526 930086 882076 706830 10084 609797 439899 253150 926368 437721 638829 736150 652378 938514 954025 192043 745233 34900 993695 948894 658116 125044 457421 43802 153639 76984 162819 865491 610644 71850 468494 933164 741356 916103 448095 273142 667705 793778 895471 430278 927427 113398 739513 538771 797760 881353 88130 401372 826855 226629 431671 571689 698198 910188 459259 296841 721337 970956 717284 839770 400058 769846 779505 494749 941906 327281 537442 37518 462961 160135 238077 6097 296730 821707 171518 996638 535646 813026 717916 376003 601157 321090 488038 570585 713235 789381 589799 140269 315425 691654 48731 970986 101522 888982 933542 586719 732311 543681 343801 141363 496354 129495 322012 568526 382793 678039 820312 870316 517989 738768 631978 570179 243590 360531 918757 523449 881578 763090 15997 851024 651380 56841 802112 717432 617794 543103 912433 50995 117654 635928 861235 257237 639065 41383 460051 396950 896803 240666 504980 917818 600264 302606 288160 246320 428904 237532 276826 812128 194424 703045 550611 340356 824539 648481 229532 431141 265487 290691 199889 366506 964876 849392 172903 891533 328045 795496 323827 226650 112248 340573 387411 468608 648761 455149 750836 824138 660297 801457 128286 901715 26713 870048 916205 305029 616742 304024 541369 358170 616057 45634 812179 823973 647429 835132 19988 244519 670467 225595 533290 302640 573928 530985 694461 631918 221348 135779 627577 149110 339793 935186 34963 227015 822748 289865 216356 665707 594283 604073 271027 609510 755247 729302 620844 715094 411298 294116 782643 93104 648411 340710 460363 846719 137887 359359 368827 402595 757478 843990 891825 456762 974450 71757 254318 785356 290596 457120 630016 469253 305079 841366 119433 76938 967183 923188 761408 607082 213146 973681 353502 710052 943147 533784 810530 136813 884175 784933 128945 376305 818377 507599 474928 372057 983437 496251 960461 210954 340509 151463 679078 974326 667907 878376 811918 885854 894585 378955 113455 168260 183261 786864 151387 161333 197308 732636 219011 816059 220233 365555 9575 241885 490309 381937 771154 257076 685983 492450 549787 192802 998006 588281 794646 244963 482774 402038 185906 419751 725023 179767 857454 136756 98843 958475 629343 169411 600044 712341 720686 961957 112020 289426 221979 155130 511242 19883 617322 869387 769495 444109 145662 518723 559887 520163 444981 216695 689922 637999 570704 53034 440045 590080 795988 725390 465643 49751 784380 466407 896541 506824 961143 157624 593096 273605 400122 783080 364005 345079 612240 555540 515478 184683 743649 33262 138019 315712 349585 352629 492136 520604 137459 464612 190414 109248 86554 672790 285313 307552 107617 321097 853114 596176 176322 191743 354744 900270 983284 586807 872246 871624 401092 550252 77252 605211 204151 441104 955427 192653 737033 793619 481804 631792 631788 788623 63444 626551 450476 209345 519514 52480 287223 509788 724206 553479 180157 26478 529197 686465 365878 324762 762884 934871 75785 122358 877417 686490 863870 746214 376233 613800 516653 11529 80423 512109 727907 246737 515120 819916 506001 446470 968387 629311 925945 815396 953560 142583 428220 692604 337712 4743 121668 877053 651871 291822 498038 774181 1101 43413 274198 70095 191732 559664 502143 868644 928730 974525 1785 309543 595827 585348 667525 112878 720642 190317 570894 169875 190312 242277 281506 872685 296004 478283 11894 883646 37941 216424 4061 451253 124979 994328 406859 610153 162626 981815 983753 552900 782312 328887 795820 518647 529691 53940 809424 746115 461390 64361 966080 143437 660093 188756 326634 590622 934090 573960 602075 362572 538060 956022 201694 681321 332194 722554 707334 833772 309004 630565 349368 314547 264802 904372 130783 419439 928988 812194 827812 986891 278423 658620 771282 427398 677190 658637 855026 652867 927963 821201 846027 646607 601122 435811 966773 315877 897692 649083 835175 374479 621267 283576 661638 407583 655147 407166 162585 783548 474189 633250 791229 850437 681312 308168 779143 866351 518849 849968 597542 113288 303395 83898 575878 670547 237437 918293 805782 943609 458875 563701 438126 82148 724184 668700 930257 675819 649106 885899 7797 1973 642231 375259 602187 398757 352137 901081 158234 687986 410829 43231 109772 409012 208999 7088 818777 259486 724323 24310 365807 217410 569618 934107 10994 546839 621036 858622 240445 455748 680503 845505 772635 3222 681752 324222 487368 567037 865612 406880 883827 124876 187106 657520 115842 763526 454846 603829 903600 331208 348113 510059 178074 237807 216187 898798 714424 459979 365510 31613 278672 432574 447666 31433 563798 775672 525377 364837 101352 327267 512348 737815 75886 302122 805243 958136 628619 488420 688068 331382 473159 479051 438692 624678 384952 985501 658470 300088 593946 49663 242602 61541 649413 257710 49714 716538 621741 913586 2389 341978 230431 638645 710755 756831 115856 142840 148508 945909 344139 114536 115063 687198 976209 893686 855269 636773 683892 809967 426830 441868 91027 86547 124864 424678 315607 394528 17425 618322 115995 148556 242090 910629 495938 741867 87318 659329 94384 168378 439207 709096 769088 165435 493675 277915 890038 70869 904072 93436 173937 447506 512901 23087 324005 535839 584091 326937 90409 652369 301464 931323 500808 334128 169303 614746 541892 919226 265943 627271 545676 512231 715312 50044 264934 849673 136221 61251 451979 526863 144760 915698 28654 956786 730282 23837 313045 902566 864230 114455 696984 242730 868954 603939 482311 522310 92905 67048 95993 466269 775520 688150 425300 591717 769329 714118 350922 428457 659252 110651 762065 240648 806671 357995 171800 284589 334324 357322 360995 452692 660406 788495 714862 92294 346745 590873 266145 237349 328050 944596 547046 481976 312741 930384 879179 594172 409691 878590 439409 706389 15864 947870 436048 13358 545989 558566 345849 686680 423914 208396 818310 103744 616978 202475 757378 22056 349755 758978 142543 79465 856818 425301 639586 815965 115293 554882 834347 874315 721798 268506 341526 465654 866709 718121 597449 420074 278433 954952 23758 127600 998208 403088 911013 883704 212042 656603 855449 713536 990883 900368 781575 677976 649684 731768 205631 715672 541710 179629 40209 516585 106197 913612 379004 988383 407588 291655 367577 470681 729161 222318 186321 606811 997663 12373 16593 856675 943795 743983 901199 136648 737927 52529 251488 444596 428295 596049 149805 848398 262947 367964 186371 50524 683386 23277 789069 481393 794807 168563 546793 203468 506976 806791 634955 28714 269368 621665 833447 404204 417544 807030 669491 625089 685525 758813 189247 908824 374654 642571 611242 151264 987407 604515 459240 56406 906598 173246 713492 441477 96173 478905 684654 980664 840144 136271 948684 359474 901691 760070 563752 395172 389434 499974 409187 533370 897273 979280 63747 711203 326250 482510 885816 185882 155279 681482 866382 463521 828911 8811 183088 107655 675851 521022 722713 238499 59199 686038 384102 842683 148308 758031 608453 169874 234329 219852 883952 188465 872912 9175 349765 746568 725919 995369 791003 516336 890300 117986 756578 195895 140628 67377 944188 263282 745041 826225 785391 860195 812678 334483 574036 676142 804682 616177 71999 252706 607524 38574 15386 784482 857665 704521 761006 698858 294347 518987 496337 75957 577237 552638 401418 394352 673212 417772 993971 272746 877684 104634 606089 848254 612823 164290 943281 670300 671476 834433 686304 909804 309758 231434 118814 94453 81838 136472 81246 859560 975688 422391 493407 889074 204140 306256 419531 399560 102972 857373 89990 355644 806180 962206 310149 54786 36710 693527 411815 644344 955789 328597 742599 419097 656926 419103 197938 209511 802124 534415 913715 230311 699794 667349 913932 780587 886361 731449 130365 637965 56685 764297 812635 206924 210144 749468 499204 274915 921166 974601 969940 827596 471548 327017 429946 789941 585574 786787 42402 81666 755221 498234 584303 298912 401072 819006 627618 913315 308651 842042 171546 325757 798626 925616 459707 145088 887561 764802 925039 589149 175987 753129 770486 947514 640025 707540 733453 939285 690342 933604 879154 160414 290936 186061 795221 105151 939933 624746 976377 98742 13138 81825 626955 373699 135377 2900 604770 149310 732157 926308 406330 740613 671758 612788 738999 4990 469895 764319 197577 71715 335995 677367 164023 346379 747812 222496 712702 490667 744140 216044 544937 38712 553156 234638 204645 292597 523028 200559 514381 243049 686975 819695 656010 254152 573107 325593 941224 43744 601138 179380 893216 800047 54037 699195 361132 791459 183822 27090 650708 688422 440233 582715 127422 403855 210745 499151 286472 620823 493832 628770 659785 104227 502281 699293 821435 626319 610105 446307 282423 288566 894161 812920 813217 371459 826649 319991 241677 777497 484985 896044 327693 752781 287543 760897 704218 735005 186618 962531 521490 701160 857634 797729 863795 810880 147963 951989 453815 41577 737870 330636 593786 914160 405877 191265 620152 726165 376042 556606 101042 883200 359947 504006 183619 717128 992800 86467 142685 653244 473689 372537 214378 289264 394679 880482 924280 595135 825942 193212 922342 334930 6974 486740 206187 308611 256883 452620 706428 878099 892728 308245 36686 367342 963282 728343 270755 267048 319416 783042 951777 422406 496776 815422 226102 980259 707924 409817 515422 43371 120552 349615 576788 648029 955751 48177 713638 740063 123614 601241 232475 801951 341535 604046 453313 963924 550218 396098 982686 748229 44633 435853 566303 182178 889003 637872 834187 819054 684090 172683 276468 570118 378995 369659 453880 543039 992512 582365 669204 193562 591428 660816 540314 130514 813407 672007 251864 563715 976132 124459 331459 411345 906232 490918 826617 145315 961114 156702 956418 355960 315593 383012 497758 880283 963354 702105 394515 612179 513523 919498 59149 919017 122119 960434 858428 452329 608083 169832 47593 915924 369089 323762 115576 36433 287970 345453 251082 144834 846200 972727 537199 453914 459818 861621 218780 388869 357688 695621 851136 376250 277873 277304 687740 122012 638295 95702 395640 992885 869966 116424 908798 432829 396313 607870 940134 800179 548957 460992 106497 510074 145147 992997 347668 417669 467898 651411 914373 743696 20825 830792 86337 647364 875716 82977 492057 119324 307118 923664 212736 416315 244970 560604 119852 411550 157160 787971 42202 989245 560131 16498 188194 406143 858879 208355 421357 752910 685637 445680 769395 984545 889473 893020 365831 63673 34366 816570 300647 68549 39554 116348 831598 512660 546202 703548 801827 515385 160169 188726 94934 774405 27044 82780 157583 376610 907127 227180 776874 764444 773814 9525 289707 588614 494633 770820 193575 833131 921390 314864 274920 64006 693073 333831 666812 219995 441172 206627 320843 313736 301935 465431 849473 391479 195014 135777 95999 793351 488039 767315 118379 988529 841315 273754 446189 272223 105739 908765 643318 284975 425375 601657 623389 695661 82494 278241 565796 419056 997642 640331 313782 906071 970067 94024 763896 451452 505078 894850 950489 482838 230647 135311 16624 2475 199145 445567 923568 161450 57676 761485 181965 560715 619852 830564 975971 985416 280333 913752 721394 974334 445218 720896 362275 896472 949517 172352 441238 173807 814398 464080 468998 140141 316433 848450 597599 772796 330055 575188 90977 613219 946306 850711 156319 967005 1549 25125 103030 791213 352577 593414 808220 598034 470579 664404 854548 127638 373596 515490 924550 258359 74817 942728 142225 240902 242900 80954 122314 566598 234709 391374 781231 744087 681117 265951 939739 442319 644535 245320 987251 132786 743767 104851 43922 667396 878268 384363 667922 68530 805793 880292 151367 242828 420871 766920 677512 823502 293555 663992 469571 172991 349494 849314 479668 791711 931667 75230 448111 822511 403687 6705 250764 74414 797284 594162 205812 269938 14536 46657 379757 431604 226680 906406 446652 643292 568792 833330 68222 646054 127255 295309 267566 645927 909442 287960 430825 175649 355946 142564 276559 754476 568394 757309 200158 866264 218248 373708 929955 378352 164757 44736 257124 752061 840581 436967 942151 418666 432524 252298 391693 594159 747193 670168 707773 524300 689859 91050 665110 803703 897302 183615 135939 280220 496747 484178 433457 282636 521152 206756 379151 817921 387125 862327 250457 974270 384945 798950 662681 243594 405086 885122 736739 554870 960379 459582 788886 802103 217938 326143 83546 905629 388080 174771 800900 235999 26561 567709 546577 532291 564105 365122 834 484361 120117 732776 273613 270140 526751 75613 795322 532087 84631 784230 765420 817849 772461 318616 3075 898741 988390 231301 941302 17491 682078 436440 56643 815933 216807 758809 631275 482524 408149 887283 126647 650824 174497 695995 438605 977877 542878 403406 833795 709402 720064 378660 865674 268751 683552 749070 343100 71592 637056 863330 609626 32466 503298 157941 726179 365934 375589 809130 485234 358804 874134 449052 600012 811573 43148 806177 869717 356828 454583 730333 814797 806121 891829 985410 434439 764843 204230 814598 252161 864944 341363 803403 753720 801914 225379 202295 666371 201775 437863 94958 390807 768164 106168 475009 247877 393570 349983 671578 531767 576680 268786 995636 792343 469551 19871 18321 93467 542629 547274 734969 359055 788522 830617 90478 701891 913680 557718 961510 410430 698495 271084 146262 592232 343417 942859 384405 907772 444627 340469 56849 457975 136956 758816 647264 436045 642598 725458 462904 691296 890794 710380 277689 773402 952195 395002 893193 762611 429640 868157 973744 844456 182505 136898 683046 317688 847937 862249 629382 80854 841965 107673 96109 189456 890270 776408 725037 525836 896579 422873 290146 210743 836434 489320 637894 945038 822673 609394 360140 724877 296619 844377 533058 932912 457186 432824 169250 100339 418610 149893 633745 305126 402599 948124 492926 694806 586904 900040 982195 48352 495089 637582 58328 969921 518477 877186 904881 422514 609977 163716 164999 762752 385345 512434 188822 836877 580897 164163 469467 591546 905147 168619 619633 170438 128383 515157 753232 46006 690206 527238 928074 950476 490654 79087 700939 12515 32702 33694 161722 779115 702871 453182 326076 243976 871600 328130 13061 141217 419282 861042 222876 101934 408831 918804 5741 765575 635100 991388 209318 131101 395644 45996 853315 389673 161643 755364 968038 958004 506221 785830 452436 520531 181820 101750 290818 712391 38181 544877 313469 288538 710770 660432 256627 810115 765121 539132 967139 565410 527178 595525 945622 431313 713056 604912 578011 673114 156055 924908 48862 621702 957055 6428 799087 712642 907828 193906 216183 40661 936929 86013 982533 838565 423533 525710 702410 132240 436984 612757 275124 381241 249229 93769 516802 956896 410372 53561 111399 895113 431714 191287 870503 909587 818196 232571 910127 257148 73279 777797 37794 652333 338631 23059 275349 95310 627594 965174 117080 69426 600084 700953 462783 442431 5577 551809 519865 244742 168358 862314 799367 916526 428840 113885 992218 40248 752376 935451 789415 736822 880308 459993 232572 98338 190135 357530 611191 7964 660733 819313 402408 958491 108611 707106 412934 844798 943727 988437 464996 234835 464278 548971 879154 231136 693169 832848 770866 367463 462442 373949 668431 730888 324043 677366 165471 653264 269013 560923 529540 83627 334557 173126 689746 8079 700019 13338 201695 86253 803164 107005 611750 154763 783022 113539 891798 140824 743361 182599 772553 1661 390776 751859 132132 488485 959455 250816 158521 2414 116155 777906 959796 64387 478875 270171 529654 667692 212351 355263 58144 10378 219289 559059 275303 198205 706412 803840 69512 815120 58857 225583 728101 186187 621336 620445 813997 324181 782408 349882 624809 71322 664979 795524 953872 250381 999456 844932 719652 78939 571229 282710 691289 836519 909849 982195 722988 877240 851123 2753 18883 151732 146166 414427 104265 421178 52944 906494 622463 61263 29861 892401 496526 713455 224956 302649 767860 141995 634787 130506 884201 203434 889972 749783 202290 765148 463699 487727 181502 531123 41440 343376 397178 740233 929965 790589 212057 214114 318608 267204 192318 751031 365794 464845 299276 907218 521302 360110 644943 567478 105682 378459 170415 107728 965285 199622 392511 311249 803043 843181 958320 289707 497826 306837 721768 672117 537703 395770 920044 674398 414938 335957 520776 572934 27579 420835 647986 711496 24158 936076 758402 820609 905029 699646 82994 367452 872175 48453 781571 575462 689140 719514 816362 564279 481764 992653 454315 899389 332480 8743 865598 924684 368242 524988 867662 525540 633810 335085 143947 778610 439344 599075 759394 622592 89940 678041 147846 736850 404080 785724 659351 642457 34312 416130 472519 641122 219423 436902 196870 131928 346500 663039 934091 792008 325628 497000 593699 422399 567686 773082 307212 595581 158221 649394 762002 497402 737082 84497 4523 197655 945204 602197 26831 352636 556047 483650 220695 564449 197624 877112 905207 380997 194971 51384 546753 488303 132986 985432 16216 674345 706910 20809 330351 210233 308801 961280 886086 209451 190748 541935 598054 836497 814751 870380 235788 33098 854600 312045 7573 334074 170172 383302 377139 673060 434430 532902 715305 982691 583040 418138 145156 658587 720972 417012 337150 285067 186485 620867 849405 797478 113484 633828 257985 310862 843187 852395 508368 335762 149755 938377 807110 196091 885581 939101 20798 427488 132549 504985 788435 127407 376364 478118 446428 750366 430307 442328 255686 989912 27072 858051 29193 932290 749834 81199 789492 621407 154411 4512 23484 417720 5867 144581 626800 991201 171355 178953 430106 53211 810852 757860 822801 713846 362212 30086 540524 152821 877483 749692 461979 756221 431319 547907 672245 887531 790013 544792 251028 567699 194075 52842 657615 464306 79730 522459 362825 255214 678819 305157 286654 859017 121590 738942 676851 412029 553801 642945 912455 412605 204593 771111 459554 458336 594122 490119 574197 910008 909710 355128 349011 410651 799845 170769 638555 443786 552329 808345 438662 365386 809573 145240 151187 586411 395917 515513 587483 692473 432507 769520 8831 318565 152431 718100 326493 947620 834491 733467 877530 819863 144471 106149 800672 280969 205661 548873 795614 914247 649464 56887 493112 375666 172794 769497 790779 63469 45421 984724 528399 411379 575856 616350 947549 51830 794096 46057 116315 632761 995792 707026 754719 783689 173226 803510 170630 207158 956550 629826 55178 199103 719837 102362 269192 932313 633398 609816 725161 680553 36484 115313 281586 761355 928436 96938 288279 852250 626291 874900 509341 274834 944760 233368 655478 693407 488389 444528 263515 324342 395108 34837 131568 876177 127702 19180 458720 942516 270932 700868 978791 336629 27954 252179 588624 549711 445769 219756 825923 218147 183565 122423 783855 941491 802503 105865 914502 547477 205914 952764 636351 718283 459064 867344 140824 673968 880158 457074 532349 299818 60701 353164 217597 270433 970872 846784 272595 904200 752367 466168 794449 387204 562259 775591 634398 605992 875569 981544 52964 847069 366374 140774 117529 95201 269290 653088 756496 648363 487817 246754 694770 980903 151047 668278 889356 603703 973164 268317 137961 3173 232950 575359 881195 595739 542125 848628 465350 560333 833719 991780 597962 644736 378598 259640 140037 341965 167801 886754 297602 794538 22104 871316 443312 249932 590176 743043 881483 969133 842654 263614 32979 113648 3600 622245 989275 598041 952999 793827 72860 464282 29140 822249 715208 499804 933705 921767 687689 354546 531852 652706 940953 438123 417400 502381 548293 885513 882306 611838 848619 332781 47765 493716 881402 883350 776126 532499 764916 816336 67953 77934 101859 518423 833156 781847 755393 573437 733655 515661 625906 711897 946182 161651 395429 179588 353695 773323 454550 557439 827910 204865 565335 44117 562089 290947 305677 314054 211628 258813 562966 434631 520859 555802 595345 936523 538850 221361 177838 646809 712219 548931 316994 204174 347566 80998 72777 998285 513062 406404 657930 198311 355871 345799 125680 439442 198512 624979 879223 859055 783022 917300 484817 853127 220155 829843 348366 664239 443460 529685 671351 403943 521504 305779 772466 607311 344312 46981 963564 930804 103596 683319 874243 476106 791091 555820 141442 676807 59254 553583 634782 531997 747759 834745 38563 366712 72681 888059 740869 686886 414931 989603 105603 454497 136305 643914 882934 60451 931063 423631 425215 624429 845734 483960 468249 542667 574199 847378 155467 687593 420754 488796 460439 708716 475673 620557 541800 294520 830583 201470 228436 628607 333560 694380 810587 884369 121719 287436 30538 70465 417280 70110 581401 572561 607832 813535 768153 176603 708954 816052 389021 165178 838395 279569 206309 649636 483399 98452 850802 119165 847044 767633 200920 240122 117923 71864 900122 509170 108110 555820 395480 939899 846042 998995 634904 324597 855637 503990 939607 319232 757116 819105 828690 565982 911001 153453 580727 893337 41044 535799 643976 446238 331798 153056 439878 44166 704139 104589 253954 64360 816057 756304 910090 531487 325770 130402 253219 387903 179367 812690 744976 328008 844873 539252 792605 867275 726310 88876 992654 491867 935555 204898 232098 365190 464654 826111 434515 177898 155529 421544 195910 988491 595607 82707 741164 467968 902483 871968 332872 383734 291468 533431 549172 914571 149720 505054 441716 587774 971724 476416 233943 787835 790575 18207 152481 228348 386466 74242 246277 374317 47710 897784 343758 375739 712139 784014 534184 487450 381990 758067 519368 891434 307884 541966 614238 798510 228004 432923 747550 595281 779252 274073 36918 337764 734411 363121 45241 858441 563282 794935 525139 739555 989598 741328 66910 266842 172223 977009 993245 518389 928879 374834 575850 232773 340820 539511 854411 542720 192516 776998 859139 913142 817122 220478 944495 106386 889262 452159 913601 131420 975595 15047 647589 311985 366776 760002 783008 522493 758261 287274 265076 327805 143842 920657 38042 208255 747760 80180 573339 264781 607038 19666 900119 53632 468699 25439 584484 585552 662755 847561 842977 38495 254718 240037 516561 975051 863855 448677 847153 832533 466205 95358 549158 261467 836426 232213 488806 904125 938179 467622 120716 379945 114694 546798 978701 44922 828381 453269 857644 680408 113063 535572 293133 145092 698117 94931 213795 106752 181083 302941 777985 176106 636391 580489 354095 242821 464717 646155 804423 418541 901368 233093 993957 281007 894447 4313 138874 672201 597283 341167 319524 575047 717580 339324 581328 375262 842981 415756 223311 836921 701126 581845 432573 200456 591926 843508 32758 251359 538740 156496 443811 96935 118594 43907 829363 150563 824741 39184 75049 414346 4810 455686 361897 861637 537739 299336 580530 806216 447966 567587 619724 491759 993389 118932 767980 830840 110689 160234 356582 942428 575327 767076 649433 807991 396155 95349 270036 200201 885054 890923 344770 569826 58451 597533 72375 461613 125802 793495 772042 793990 344188 270414 188198 555441 581705 455175 87935 104201 162738 708727 302683 309711 522497 5195 94610 888370 29313 140259 887622 132532 89835 127465 769181 268007 475580 229530 446897 314213 191806 664664 38587 893176 490870 557821 817255 488737 586996 210738 64665 122674 38233 481791 14298 319946 37945 678725 509862 571745 612988 740760 933017 680281 274150 643870 437075 643517 498453 760819 616655 545601 794089 399162 598346 447395 629945 137503 80494 627866 416210 540211 848740 942213 705756 586335 245954 866077 445579 884687 64065 638342 211547 229387 338473 946472 592345 13564 656889 264240 120751 403081 452024 352071 837194 836142 464875 843558 750634 11336 114968 937847 896192 950116 365581 379430 284772 449906 916043 809469 169888 240332 28039 253369 910545 102339 738274 964803 721013 724897 414149 880504 474277 347937 337320 424072 392365 107052 377037 767583 991914 461820 735045 611120 358792 514589 34931 22730 406569 394272 788631 228874 299620 85277 474673 466969 488709 957671 838896 961542 629052 719215 828039 548743 389383 874305 239303 314974 484466 413184 277081 129222 910095 921990 572563 788621 63987 128740 304681 602445 92385 891238 756278 695615 412307 835339 720223 758660 685571 792496 231493 219651 426373 840071 617180 743531 934281 227424 821862 838674 658850 285921 210490 951791 865895 702096 117800 594090 542313 449768 933782 740187 717064 743111 999662 274389 850713 781854 896849 945955 360859 848594 445392 400479 991820 364371 558409 263573 931444 292262 974944 865016 446429 31205 997795 442735 73587 719503 215812 918892 802834 762397 449472 226787 438521 960403 235522 850764 770377 206150 500316 259404 151226 77615 219829 311715 948198 208879 505218 543565 464832 120807 155082 223320 322935 583012 642737 782013 561490 757642 64144 344520 214575 127255 443837 730899 80601 896518 713822 704406 202141 799447 238313 629348 418647 35094 181829 685760 760690 845352 683185 905209 897337 35269 219957 261828 475095 60 501250 741187 625007 388367 151905 118764 383886 120349 774709 68940 8383 100048 221524 391736 463650 680060 54321 331482 236737 395741 154793 678425 110014 271961 502699 256204 248334 651784 721389 624445 298662 823583 616035 991773 63338 71818 79579 223014 330947 56887 857999 150246 153638 638242 262099 287976 657874 331917 26588 806503 994187 289794 562988 554751 898072 695016 325252 108392 481061 475849 380498 602197 794424 150049 6179 759546 338277 813492 640504 964498 236392 439769 659859 197671 975358 696632 225632 439950 651033 466235 106093 11382 26951 501080 654371 297151 98194 638269 265620 656069 372235 535385 479909 369511 868272 299070 665913 210477 512260 550749 255142 341978 929058 786598 103598 416958 822011 638399 75312 526427 470508 960100 117794 528373 387712 477773 11705 140809 366112 380458 102320 21215 30287 360042 164643 285641 964642 313001 927845 379907 444982 269914 795281 734649 486047 57740 384683 172013 182847 250157 476407 878540 897852 239427 539575 725430 494559 408096 135824 97196 685680 576590 287001 666384 925844 699264 526686 847209 357535 701780 385156 854266 528314 53156 570381 791076 590088 43378 392714 956704 848619 562743 536839 86752 551212 658525 794971 529340 638082 981571 974871 273326 630852 903428 294807 727478 272258 62122 274027 887384 892900 781969 51158 325261 537766 850172 198809 694501 193778 274413 153156 926121 676085 885706 790846 401733 763445 491873 498961 615101 67579 55712 51446 457282 452484 970234 937349 443650 630899 551716 95537 663989 63487 896795 182325 682909 677543 411929 184494 732360 897519 324166 509470 675801 833646 236769 338839 814414 536190 588264 650101 705426 643225 109606 877704 864427 551620 83784 137108 213794 462286 621038 892282 338925 395156 502986 578370 705727 311712 448584 31641 483970 132100 208588 899273 716308 241174 146447 7759 765874 654791 799472 844485 686026 927265 186350 871574 846632 93890 420297 104631 595835 291378 451127 285908 262935 905477 617201 241292 718435 839068 276875 591823 968593 582908 806471 539691 665317 671519 745537 101716 581058 439919 91323 741156 485669 410577 164525 529694 517490 530061 278618 260624 441907 580023 99892 153918 968389 211763 693026 493205 798418 76326 793935 846608 161350 641640 887160 895383 812123 86150 578852 61498 621812 26584 151530 845971 461650 270845 344400 117898 359883 839404 773097 151758 865087 358861 60307 954805 409789 314422 802725 985283 743721 403966 995412 841337 789499 523181 854548 606489 350352 2405 184394 55905 44215 807580 684672 401546 573859 826250 526742 307280 184064 363344 740957 129754 840210 721313 121645 830212 262395 357379 340544 873800 389978 313591 137438 727776 900196 973331 212495 129829 120473 54336 983978 200135 175033 56514 713573 305509 311227 632800 579071 424623 203978 668920 101307 927134 524303 706806 763250 129554 589005 685053 188574 671894 38391 648047 639183 166577 790139 785086 59718 684980 281077 509995 141006 410865 575536 524832 733487 286316 378421 69181 37662 305410 613988 979307 956206 778822 404832 200795 672700 150965 893343 308570 211297 246067 352880 823829 856656 634895 982448 247493 929999 785900 636384 546024 624910 164397 775610 825731 710319 847444 260121 905376 53859 652655 495442 815098 24142 274280 694684 374851 245807 327728 778911 35356 610738 892523 126263 224530 923128 840733 136697 450681 417639 290209 728143 924369 205637 361403 170842 734212 250478 417846 49232 763306 237753 113389 631323 274663 999603 245260 139378 841418 230909 737925 531817 202628 412871 353341 678190 467395 922250 729277 671192 199417 968138 905385 907072 991008 904361 988822 866296 799877 237715 867142 985636 816266 483149 834993 42886 734819 975145 69464 593148 56291 68192 182811 899063 388349 811446 730961 110507 25826 767405 278720 683658 651422 965874 157955 783620 233339 859933 761070 227694 936834 40736 272435 824610 946297 564174 313471 918497 367138 698484 93799 708841 252072 884553 52237 665603 841033 693584 129513 766857 874066 229335 647630 21357 159677 320587 99872 522401 204396 336418 78369 381224 175332 823740 836056 958511 823626 22015 979876 814323 481979 526478 919712 931081 289955 367146 759521 500086 12720 495330 32616 681748 74749 757280 808511 614592 281495 45298 895670 383546 351609 930987 64735 332859 639330 962057 506267 835945 282534 571519 817365 498989 173942 481944 264835 109173 846843 181915 518096 544281 777968 857847 559307 473012 965446 131220 551566 283310 805675 900710 466487 521756 160144 773038 498243 503308 474898 593771 301966 528338 442266 502781 892204 566066 550840 638741 931119 2171 383558 523906 406934 464855 26046 213011 329408 313448 913710 487790 384081 613760 787708 42494 595314 20284 495371 915812 215291 934719 724507 58212 240727 805290 229643 843427 529134 747710 524604 510078 505729 951447 940038 861278 861558 791366 422305 323300 580933 403579 732247 257719 986386 761465 798334 569350 326923 136951 463902 980662 750716 402141 738147 234127 540616 401323 663810 390257 356379 256895 596877 793526 470202 107214 377454 739614 145729 898600 452831 261285 887287 949493 37963 125738 328438 253225 790113 81793 508936 313511 760498 968666 759904 28087 680191 745248 202567 339513 54143 255468 290554 102494 46373 394516 810606 811896 90076 316705 14385 602262 887134 253237 990267 217713 546943 214678 620496 695641 195891 399947 178990 511514 298434 31076 585411 543806 110777 566976 74347 710713 388552 242088 558678 41276 525767 608431 780196 449658 607070 204690 931648 718514 297218 481289 186847 21733 691309 212526 613487 183729 197965 383307 425301 530029 159731 557447 787331 828833 281232 153641 534768 625773 138072 930464 643150 163375 155003 590422 102748 89504 696403 777060 710585 461286 20704 351574 261724 746785 877897 359192 801112 2638 672459 446646 441899 157820 801857 611873 786997 226077 946215 53419 971847 84882 974525 999272 737753 393467 503386 526540 854456 372430 778490 950357 577534 880063 622663 111890 215363 133115 880264 323344 363316 403175 650783 571690 839590 291790 396940 664217 529818 683111 201472 289561 346588 295839 387279 994651 479851 492143 307987 629407 382463 853865 947597 966963 840149 545830 622396 582930 611082 212580 74130 523431 976947 235458 731148 136203 462343 564179 59890 804697 279563 682544 477259 260332 363749 820094 739161 254011 594244 325435 291964 513514 276479 829753 216399 767841 926004 530781 409803 256338 8943 646699 912067 105293 378738 50405 313658 51193 504681 371254 858858 877373 68188 371356 117917 319246 77898 931185 392042 786635 571266 367158 33873 400116 378270 241868 965984 345731 9112 800248 35612 862581 395108 983368 713158 346627 56572 21508 691526 710253 687358 928117 852941 926324 614897 216971 87305 497840 784860 796334 619021 237395 265944 228334 454105 106712 356162 737438 402829 309419 925331 366934 430846 761425 663170 450155 270952 143812 650109 218571 578348 88977 223147 736192 752866 714574 608795 867535 162918 542660 173774 160534 947427 127790 856984 450599 375737 692177 724197 565039 838874 835423 520252 229687 262535 777926 657876 535805 563971 677841 167154 328078 298944 88833 165977 63848 647824 379633 962353 341659 529908 496236 641783 921395 941595 848063 976038 543986 258958 905675 763928 400588 683367 809838 215038 654192 956984 891409 311090 860624 87758 155355 295020 54160 225127 231663 300310 208750 878008 663020 431572 164685 345205 472197 488707 387315 579253 759954 950932 229036 862420 740564 559666 199405 469389 103664 104132 719045 256323 839080 331211 244183 755592 267112 904207 77867 667909 916894 473943 981852 893026 690011 435798 554312 932263 993147 607102 394590 384014 192689 495412 925328 756180 709735 280049 893645 576445 241950 113139 495655 267370 555220 521797 337221 775333 69491 681742 43216 430050 624620 93103 615416 175975 530967 321679 135128 883359 233647 239479 667329 647148 796608 570711 228979 151148 360114 497591 170958 595307 642990 701139 851278 999601 137810 18375 983754 306329 347324 905091 514771 498427 727875 253984 210997 665810 717466 307545 547842 931835 10697 229988 371308 238882 40140 532137 623979 946112 32375 740627 835869 736615 98675 476083 509646 294722 905195 210286 891614 794344 23661 89393 559601 262354 642620 689570 273444 723637 900019 7164 82504 313989 847373 702510 142334 160881 35197 517741 488498 76498 880328 270225 416416 489059 633511 549327 933690 129623 363801 591301 433172 419588 759897 714238 412826 816331 45086 949694 8505 497222 401749 985117 735398 455415 237297 456368 512532 805440 993122 161827 772589 178495 360535 352746 135167 306610 187746 687578 766519 757567 43217 359711 672376 499956 532888 532167 391268 558860 232508 769056 9204 550113 82140 179661 471374 13702 110260 642640 74312 801140 219261 988258 952541 354356 658653 494523 36212 350718 972188 179107 385428 13435 400813 645397 994011 411173 19302 78609 432341 485272 274814 549330 241654 594917 423182 886845 478936 909944 894361 116154 338042 732072 716483 895698 887067 122698 550277 98285 52586 756802 859615 937104 161126 526215 942986 29706 706447 866049 348478 903287 968451 732321 557069 323953 122428 658125 95705 156617 708924 286030 557461 52790 310180 939620 392370 41823 335800 663114 183922 695287 782516 247126 461984 77252 515939 124532 852577 113063 110816 456796 922692 882927 599633 666907 356662 257364 4247 621737 33217 569334 779515 590821 14288 184218 115416 900809 927414 260152 715556 123496 297361 526417 866583 350385 25994 291116 437500 515064 283690 767277 261742 741702 620259 66491 578485 357302 425338 202763 110960 895928 285720 482487 273721 313418 710880 988658 435954 230932 304809 293473 473646 869449 151476 226617 343827 348427 574240 211793 270264 74242 828406 913846 818439 196906 894525 779341 995844 800019 567957 93396 535597 909466 430065 162928 733786 976750 653686 664331 927889 85275 673519 950355 714360 30799 828760 482783 615070 457024 349301 857467 120748 871257 463320 196163 749399 441455 648280 407212 327616 876414 545947 220346 509992 997566 190778 336228 986128 430088 230777 403532 985262 732701 280056 421978 157571 630272 103029 580170 386631 623091 88192 249995 379271 298659 502222 71152 153288 744754 719719 931925 590499 479388 236304 947198 965039 91906 878061 609104 815478 187558 255832 834842 698294 611009 281752 758160 760726 517708 227413 151058 323237 396752 779453 746090 408680 837435 67338 513018 474985 380153 255823 360395 930169 592162 711186 498392 442699 542225 725010 487186 85739 22550 717153 317344 41227 154634 968410 61581 712642 872190 635316 604984 260642 495368 136950 104987 771444 276449 10084 7931 5171 463685 722110 839003 133124 792277 298396 530807 35869 592485 496049 775804 89359 696351 478581 115656 553160 612010 398713 977670 21444 676809 853389 887092 939761 552788 897247 145382 71394 658670 176599 272285 559097 25285 578212 50253 388542 815783 701040 173554 467704 201444 924466 500310 370778 636868 734299 485507 832348 146574 334885 519046 207662 742943 853693 923278 356280 905106 618269 236524 171242 783572 123083 882385 745069 957062 240394 343198 221766 220744 656978 617098 36039 971783 471446 430405 979978 157704 399908 261409 899870 385939 235688 536251 536277 107239 848575 440209 469190 648681 382147 95674 521498 579730 415336 695196 973797 524333 610322 892173 800781 226716 29412 356245 749642 821678 142431 550034 821133 902899 402645 311204 16607 461426 836042 960672 853186 736353 594335 484032 893433 19147 634592 711496 444722 650807 969207 165255 187506 243430 791441 606395 637279 346607 444440 131205 390742 811150 55048 634652 72935 480779 626660 934688 101663 329379 431221 351400 973228 484850 936004 519016 64120 539199 365235 255661 886076 711648 676692 451522 989121 567515 953194 970904 291926 513474 410082 502417 380422 745014 279469 47755 588787 710134 188834 243663 606490 762159 59384 645136 917485 458542 625105 689656 873800 589399 1110 667229 41265 158477 451699 549434 37536 208722 298054 492601 429959 188962 884353 876343 379689 695329 33890 488642 547339 217340 994312 270532 395617 976868 764046 21058 770818 809943 811687 277235 6275 601875 394317 90742 329273 251095 752350 83214 128244 24547 452336 923105 594571 995695 470420 96606 588360 330319 988961 386410 628676 104865 478469 929868 171220 638696 366728 983559 58945 423465 304033 298849 436266 900591 671320 806670 219359 990170 778199 163432 733420 688588 439267 605341 849403 423845 918022 774664 903626 615502 229553 904806 950895 500433 913200 702334 708521 236154 130784 779518 191356 802649 205510 377903 519190 541722 285515 393439 1879 933834 197508 862506 800073 651472 516090 634074 254823 567965 420580 954748 793858 808465 204729 523342 859674 288536 388814 776032 226307 365557 142174 131012 777472 227159 70910 360098 840762 861584 578578 521463 354956 330766 431344 811696 813957 809051 885441 484982 773508 13728 854392 885575 347318 935893 975115 689579 776043 673955 407318 18819 424321 39956 12468 176575 603731 725584 22969 981169 702874 665131 407391 143356 926522 21412 783667 978264 928639 36779 391634 46832 409038 524011 834807 775288 626994 898246 249102 969753 378617 583064 48844 344383 406361 617237 297867 692983 597560 237880 822416 484617 706388 591919 570187 622981 30210 389471 293354 459198 266401 52051 290370 97550 831695 18540 319462 187342 965507 837855 344327 885547 655949 653849 334187 560450 329672 842677 172998 393782 559280 18762 306055 135263 555444 108664 895588 186904 400156 513056 210075 863599 542137 655606 484415 346009 739937 311823 694834 649173 141517 727697 368212 14056 148401 48749 702052 199666 163509 103862 46311 283075 631462 470502 241286 802800 255118 285796 273683 330347 985961 382740 305957 712884 767120 110822 847273 154707 830196 155065 974952 3129 710009 79995 333856 215106 29390 462405 745080 160855 26007 797301 195575 823152 396777 78920 551588 771580 894094 68777 131107 345475 433040 613943 871896 527995 846345 104958 368331 36259 873794 351007 262859 499887 857687 592028 848286 992991 199295 879862 256391 142170 164012 380808 147943 686118 886082 7333 562505 177846 696147 635207 171358 765820 928194 518961 871397 123704 24881 438766 645627 940286 788224 454007 878488 230203 612874 35725 732261 644251 60408 266698 676189 677867 602915 974014 119503 562571 423712 520100 743541 117777 986010 831268 769496 777565 38649 983440 943655 976120 149679 414736 656735 763636 903175 670914 34057 521750 845081 49427 765447 299191 175781 289859 337222 232398 31397 378618 979695 173609 359652 248920 620616 508595 819856 50610 769048 820001 456791 113598 383294 952543 87152 666125 137017 253521 603945 359255 59864 618401 825183 391461 526860 769826 789004 463613 946243 873961 858110 12476 999487 333687 111311 565433 154695 954149 40948 357639 836231 615719 866000 830141 440085 250651 32826 232920 182313 472543 992763 80172 638015 919956 169370 223335 533437 590333 605004 81778 118456 730907 695809 960219 222013 119984 473283 440543 636137 268203 612448 67752 732148 332369 989950 226313 148206 890695 729209 616473 399151 383757 178333 29667 955519 184057 970039 895438 451623 650738 163140 993055 753762 140695 285850 779541 329789 961573 414757 201375 438097 918425 667024 784325 69804 208237 444015 527617 520159 26335 59840 779226 70250 628418 481498 963746 58376 278172 151916 364838 557341 929168 578669 413726 576843 35473 938438 56531 631729 494255 293664 1474 347254 72239 407403 492422 290760 675092 715940 26575 624770 279121 699993 866561 83153 671127 982112 582648 281931 146314 321614 414957 975094 288748 261502 479883 199548 865225 288588 325912 559784 993185 288378 193027 802873 381222 659297 407838 963352 829354 44333 20537 266930 120317 629332 851491 602244 640210 561984 955289 715124 621920 295862 480397 196326 616526 480427 138222 423308 768062 633899 423740 356933 99679 5378 598160 983939 167292 631931 287347 289250 146136 824987 919235 980252 538502 710969 269736 599579 692356 671788 443649 472658 640805 649272 448675 309223 671129 104378 41390 109857 664020 395321 521214 704792 351136 703277 538541 215943 522932 527868 783653 972537 632788 178520 74255 3444 950263 779633 155549 173236 114419 184631 470351 288482 566734 171718 388665 52953 701070 463260 282669 412924 755265 152566 290322 205671 829040 560997 163666 562412 389871 635031 529134 364260 858239 860404 773182 609260 414135 432525 276197 420643 221557 304661 975122 953127 257646 207832 845965 161437 957801 454426 638690 20049 45547 301537 745626 402035 946108 138074 584764 510504 987409 870393 681785 898945 308355 346952 220337 426192 587598 302222 942235 413414 429819 40277 653201 703064 950559 752815 375198 750143 674284 852713 61345 301898 760506 138784 895037 904257 574795 351835 728654 270114 115484 458124 347325 644765 355773 656952 855965 593679 679355 23763 522458 216188 143154 8086 505352 575496 501045 601436 762177 84622 885476 814990 56704 73429 606527 660633 431823 395155 707494 460123 729346 242993 746482 689284 775425 768656 205604 519142 250002 789854 380236 738683 713038 948094 905348 341951 934623 819162 899349 973341 855588 399117 457441 642843 656183 851666 339165 411043 533402 307389 436270 752624 577198 177839 336697 769420 876378 672781 287433 5574 368985 798437 443232 758323 232669 59313 42547 112224 319236 952014 83918 890739 803006 224597 917204 713055 916918 657918 409704 752668 114701 967378 487384 699302 210337 299058 448404 500122 704393 906912 887543 233217 894364 551211 208415 23611 984652 627875 206405 382721 444579 962247 809812 760930 75888 389880 121857 648577 95165 220465 370805 285890 83955 773160 900789 924665 19558 711755 192715 34321 246443 746127 541248 613420 178335 429265 253629 733333 382160 960499 652182 573374 606588 120827 399482 979414 745334 478595 342375 325764 277453 882810 892518 824843 709367 387619 142317 402052 155689 584661 977352 620270 726248 342419 682591 344862 236595 544792 178254 627829 211684 716672 721041 257136 359838 84650 908449 368064 947902 630287 656106 564258 815561 393304 424808 802074 25859 907714 852211 456923 471774 691925 325337 921058 329221 143027 554121 865525 955399 615813 846707 142646 518846 835297 792747 887293 226855 414645 581430 759707 850506 210912 608549 309889 837166 449434 571416 518012 26276 141873 844677 281976 341884 391908 982493 451705 830199 18307 375603 132376 203925 405206 278553 197377 801975 348823 683958 425921 328097 92727 452291 437296 570896 883259 316777 949350 290803 702514 512652 888612 787305 511736 929470 314925 930660 999704 63397 577436 273029 636069 612671 13812 362630 907883 252082 141235 704150 442081 738214 676193 117810 869131 133375 735287 697434 538036 122787 512715 93273 103260 967281 933908 456478 556482 789555 635901 650374 676710 653837 748960 324972 108513 987613 763082 31410 974208 554328 213382 607972 34821 459727 911952 683510 918269 585163 71944 216953 152702 808508 798984 366384 923540 416947 854245 821299 299382 257545 292729 623783 880368 796119 593485 154315 432966 797754 96731 574254 589350 1072 885362 126374 748382 175383 77422 363043 361968 432054 170662 425889 987292 652719 193245 705902 705438 509483 184117 603334 733675 178513 523665 170757 464828 323633 655095 473667 960629 123010 939405 471594 633503 482555 77982 743206 633296 724799 242715 794369 486015 542000 904921 436457 28448 702845 948734 394162 465736 880935 549795 69592 16014 789111 829922 237888 698502 596180 961379 822970 891043 586136 231444 808249 831783 79141 884667 655718 429878 963595 797123 441226 841215 322475 433273 48276 849377 121824 957525 165793 823559 575442 595610 585947 399515 495393 556755 574202 89593 517665 713220 271972 361649 255467 640280 209978 578625 829334 167077 767578 657777 803442 743414 19585 707549 96633 566963 764732 31016 969695 231759 328980 376670 125179 128149 571260 705165 80500 137483 614734 741839 117629 923735 543950 17918 114988 788743 553088 335401 343126 262951 767532 160950 847409 388955 796039 775136 622411 610326 688506 172209 415921 528712 475912 623117 811385 87812 917813 340221 833044 876137 331207 208382 773511 417835 441459 492869 688839 604467 914919 387455 895942 526538 56627 954204 957067 755299 304808 983138 275400 821742 624640 626185 29525 954763 585107 162555 948757 806583 524236 173322 938702 73387 225303 504755 278843 982609 64544 447288 190615 753407 474887 847973 440822 396021 320247 397817 97279 655025 871646 362614 316493 913237 685967 232768 810497 979985 676546 710050 237312 874973 198996 256535 264172 800013 227538 596504 170687 329185 653635 482621 748233 977753 216682 620868 527341 505453 703418 387823 94112 303634 172689 482758 466352 146027 587802 968612 161260 177872 717297 609335 346309 332618 333115 583370 839752 392329 426995 850835 726784 112809 399904 662520 922500 129241 48581 58789 889305 234039 969050 871419 790273 421291 621550 895145 642853 194720 944816 260426 79654 998576 160996 268771 186503 213519 628604 439790 286714 627714 565727 878218 715873 874121 23729 687684 749570 196150 481641 176869 716621 225692 357010 967857 864224 269878 242267 407034 961014 413106 242841 745811 370596 78134 572548 396166 480068 555250 412859 292706 648910 955070 773030 899247 407886 323233 770644 381291 285422 143173 888564 128687 728622 882613 964279 899849 120415 761572 923600 368265 70438 752650 190220 368877 903113 837541 845681 113208 258531 926015 244655 577043 909423 149794 116236 926048 983961 691760 667489 165150 320168 237336 565837 803183 536167 342232 910274 497508 87776 323455 253593 135513 383328 913090 952740 293162 69481 56080 440878 128370 518741 608154 669579 953101 33980 864051 451346 359726 452732 878554 566747 963695 904347 698914 393867 325577 24035 987812 382279 451728 525329 110925 338549 663063 326571 915466 520173 965426 760455 765832 239567 180743 509711 56723 506636 660543 530336 278842 21859 252286 353201 752801 647709 392746 67684 875368 98056 167299 624269 727718 592399 374753 567670 723417 345681 988620 14596 885344 357717 389534 217261 157082 565013 405441 870500 76896 461656 530100 894317 367458 18774 364070 565285 274318 73363 924040 666002 563767 394213 552221 196259 139536 88232 721870 127697 179670 897980 569450 77834 388358 150307 177229 332086 895712 174754 214384 82539 135593 91564 678841 660597 653246 359542 228488 156121 273995 18092 943685 860652 387267 514456 325506 504995 444820 677556 353639 333395 120959 545789 292272 641414 805891 332079 18913 28950 835350 825358 849316 107473 489542 734615 417631 121449 760279 161557 875390 470168 165922 959308 646583 923997 955565 687403 863507 432088 49133 23288 889606 74965 593751 196128 750088 715209 705607 678762 665999 195951 210565 928446 993688 704960 630447 391487 974549 468290 550672 934446 261836 708240 20423 887301 12680 715757 152201 699392 407438 896834 681834 340823 907224 631100 360062 979083 657735 816801 987458 504562 80289 889907 651222 961659 712015 433252 925788 225903 462549 826490 228480 791950 477751 24256 368794 97068 703975 830668 963412 163611 674394 78528 463453 421015 429560 192986 914445 112716 213224 598328 976095 225668 557270 401701 811560 956201 4193 713892 766765 778412 759062 947548 926952 971298 909677 762692 58615 951675 839679 360610 582563 958490 209317 942518 871897 933455 926502 372044 314655 746528 318722 154848 945596 358344 214828 454752 126935 465980 161075 703467 841256 208038 441723 448925 488380 959662 685932 246892 353321 252234 517781 677913 32150 789564 471492 107945 298225 772826 433599 522047 951115 549616 785329 400548 516930 112797 270397 88640 431149 926085 808848 762330 782308 182892 521578 492784 96295 632634 979706 963039 947113 158184 804809 933696 280170 279189 456832 735348 510298 424147 856782 913182 292955 625708 204446 415158 710776 647921 810176 191401 284894 502405 654797 779201 68807 148371 6260 252705 299518 762599 113778 287893 644431 16271 91413 927403 570324 695767 896367 891786 313651 700995 263988 23920 624712 906724 427988 338012 144997 633469 508021 536198 639134 599714 489586 62763 283793 830980 34141 85038 713720 5293 866169 456853 767135 196113 411077 703658 448434 792034 491766 561585 306507 371062 715734 30996 145893 482431 399324 905393 108448 775420 360793 86532 499466 960268 540207 849169 342874 182690 307431 284145 102984 340626 423242 866144 870098 297336 532520 994591 579029 934394 160516 396648 435896 506888 217249 31535 399493 111348 914065 313247 254259 662811 911354 358238 285130 59376 458016 537837 9846 132462 544058 476995 106587 436060 469763 931206 466330 14057 762980 10987 784573 219307 140250 229761 759558 241205 471412 635395 217844 73446 172496 440655 98675 559961 918155 597785 260732 717591 496457 730506 432143 45143 181044 260 851516 153808 621759 802846 203547 755640 921392 677034 273690 933460 219679 854975 827637 340941 82243 834808 980600 581461 896618 64990 86935 973282 139879 61133 13995 435597 921593 739003 894328 220629 650090 754295 360579 213785 980249 135001 152040 591290 688275 492338 433472 794374 752610 523941 25859 845518 691856 312819 468157 378835 720896 191913 916958 288467 481766 483850 665446 385640 737278 34336 718711 587644 251443 957960 117729 256585 165728 178784 495464 223317 524238 154524 292866 673174 301897 807781 336543 318104 709639 457805 621229 776376 295102 889292 920309 3754 771392 995627 954962 407892 142774 312040 75193 972816 800789 496177 666214 539950 533852 125026 523893 649144 19784 448800 503708 103408 456033 201200 618444 801752 742887 763995 827217 182167 495913 821995 883165 145635 639918 147218 54895 614960 935631 992838 125185 727790 891701 902798 60085 508580 644314 801709 661739 188393 902802 112078 582154 670686 663849 986912 526747 317167 121784 944271 272543 443742 33700 538477 870434 641609 749710 19122 11452 767506 387350 876998 973984 300295 933296 217555 817412 309687 984415 704941 95338 21690 334545 480770 375524 553538 176803 410292 237701 371131 574206 641419 863750 496122 410749 182205 318563 252327 762308 579303 181398 504572 445387 763396 126407 353147 822295 897161 31908 418034 779100 846798 540253 162109 199390 394424 986152 477561 895848 971810 493242 906801 143502 611796 65758 94147 340460 580003 262100 482436 451762 495355 332002 691921 664806 312985 230066 356260 519987 972556 965146 259698 431450 106694 577200 278830 104382 405767 96366 846737 694672 572647 746663 530724 922645 545859 375646 1960 152509 800424 796061 47991 97791 67074 341302 179578 862714 848912 472569 674596 284243 185308 649013 9417 147181 508086 348838 657104 76513 188558 295220 767033 610191 958593 693354 261547 761224 141538 578483 781101 212541 167748 350095 393978 153622 562320 153851 90959 77340 997053 431232 786602 503617 607886 486672 24076 206888 484566 212766 847181 898242 375844 871889 436620 775930 141842 650394 933887 102799 922002 885645 6424 166484 708774 469472 104084 640919 216652 767085 155241 279327 884633 892825 227851 643895 873966 723556 922758 612649 682132 732276 467679 390408 847747 197746 478861 604549 961362 200675 981399 327694 636985 115129 268814 509481 510408 738079 126957 877091 610350 339815 625131 857600 813948 603002 711689 148253 774171 289829 474383 335500 707156 956790 339318 89894 798690 236090 946803 710929 54283 200434 386241 284927 879930 354211 809437 19679 598586 720752 146009 320144 425645 136273 575739 690057 621736 547040 622524 712557 531543 282160 125977 211439 546013 94977 365629 567189 485269 881656 606395 859010 107634 44522 705400 636519 568774 252658 87909 971250 222051 103081 412961 714226 825554 627786 810710 157201 165776 920848 100985 170271 674066 36087 96257 207469 598997 491244 953675 348099 684927 658166 853158 129983 489984 711409 496801 193680 593846 184449 771643 690306 175674 378313 70926 243994 396320 50254 811553 719256 161543 520486 549084 737147 643799 110809 576768 304106 251271 987385 50264 705867 947713 363863 457660 530025 115642 377006 764618 918039 492047 332585 692432 786447 24757 676184 783188 531195 885011 890469 29680 116277 562559 258868 284694 789540 591433 597196 489711 107812 674827 82643 641106 164078 623386 987965 9240 732531 734136 954249 322792 646580 650114 325087 801198 243756 298906 474748 623935 272834 941794 578824 773526 443081 799448 132956 302853 949105 695646 142811 828964 630763 547212 772561 168680 417606 730221 168994 365937 239100 828415 749341 337065 217502 69383 562874 986481 364823 188678 618833 360009 384764 151837 909939 920215 56780 593658 66342 974687 539601 293637 714324 202914 613530 418825 785690 998122 302027 525339 817113 63543 996052 90607 422569 280346 59987 463475 531439 457916 250367 738026 376653 821351 208743 116998 487372 892067 521006 205904 14143 687442 817341 473785 658814 198323 499575 146010 362143 281574 869563 962462 347151 653409 29614 209845 46397 953676 25221 41658 184320 646685 854703 420350 624665 854860 174000 454647 107174 491321 489101 528902 125734 650856 165730 928562 260117 705026 882366 862536 749940 907899 470499 50934 5930 905007 99723 718522 928180 988327 369149 258897 952596 241884 347621 504771 894732 861111 364984 842387 564313 785014 946824 985509 326302 993270 68596 41245 599285 287768 422360 883569 14018 431301 876293 907349 32150 982134 476240 526049 559220 47566 133567 182747 707893 26061 13591 635688 487604 811165 477851 443396 837205 159136 443497 681152 152166 686498 950695 682242 102529 889964 33199 504437 781036 198257 273573 33855 827941 833054 898067 311347 346480 554182 372576 513666 969666 408635 273607 332805 812942 45698 578817 191307 242931 583486 436656 858427 895105 293519 440727 724732 68946 429922 51836 259856 520328 233123 596343 627288 645120 188559 5791 674179 356513 275150 195934 921889 824431 158669 119792 727645 849197 32600 340160 241876 542249 403470 186331 656897 578166 610851 696179 630477 8994 910509 505298 881082 597689 870793 753386 642738 774531 428701 725450 498371 839888 583722 314191 933443 518239 109601 399267 642851 824934 239631 924789 170453 618509 440380 23221 102565 720040 161396 434317 281177 368288 521625 730577 315603 394821 155331 756170 148931 345325 255651 770347 68632 100768 133530 777774 263204 27640 284069 903993 833123 827238 676922 736320 152846 835575 610307 966063 804668 14881 61152 353495 708117 981223 467814 231172 906937 68878 932440 130106 740589 73617 500465 655012 701155 291063 828391 90182 827079 984543 870283 866639 865535 223829 337699 954239 216737 102687 192721 165974 344000 779140 485307 935692 271747 972241 744177 737357 936756 475416 197531 898451 327130 774530 624646 606383 718154 473758 791552 971194 504664 492314 937041 915502 651824 880358 984561 983412 737523 913597 460843 260621 632835 893499 900545 735856 992551 68112 800027 831627 44670 844329 333985 684935 401212 566232 419020 67513 768488 458701 185048 966773 906702 294920 106399 829691 172553 406407 475063 220217 144899 585220 715526 551095 663450 741247 322033 893860 333711 31930 582215 673772 296153 981927 207429 724942 991031 507469 971710 57461 26973 227134 724008 943837 658047 262590 968700 158754 15629 636762 637399 940761 912927 714232 942483 207405 466101 126668 163051 907230 208045 345663 129865 479192 49310 955627 764248 678782 325386 143890 196142 894295 562525 308553 571562 640737 734816 259727 6391 141702 829729 346371 173131 909745 842051 986094 295615 777500 717364 471521 425442 92013 188641 357588 508153 265557 220611 655356 384042 834005 969080 334411 918742 506499 33144 605897 883851 940497 368479 116444 176813 570918 297739 479256 664022 890320 261855 949212 632115 998086 923254 583243 854955 647022 672605 273464 76923 625723 961343 754962 429617 803607 114579 788370 415495 791750 103210 621148 100793 853439 907646 14791 590866 843739 400382 236149 584341 238511 499590 659552 28109 251570 177126 864998 104102 617878 851324 898389 460494 811830 161116 969214 751628 74891 828037 217704 442266 589857 887004 973229 415966 615004 48690 348146 650561 904256 115416 113763 873255 635124 19602 192786 732496 804281 485316 16033 200871 69956 773118 39497 591719 307899 232619 905561 158358 526674 592615 254196 911159 659237 209716 524920 173037 928903 577921 924120 137243 669183 312634 8938 518530 662312 709697 877885 724547 773187 45029 852553 575619 70598 556603 426091 775382 255307 638711 585331 222466 423357 925977 279483 920600 763976 135404 205260 12617 214709 422370 880963 42443 537787 545577 672568 817772 771729 680903 602018 38566 943646 737226 597326 608677 701635 316785 94775 916480 66276 73734 192604 735449 564338 439112 564273 138196 73781 486247 787162 305217 611357 437518 358246 843398 682710 129292 312601 358959 588215 362424 588631 500101 202256 211659 492106 501998 690561 658877 305562 898016 688508 939239 855719 351174 17405 909232 971070 582016 995371 968656 295450 921452 840235 340135 420523 546484 204185 450986 365311 299332 312106 346103 811244 683243 633574 401541 260174 365707 445142 615663 771817 414306 711408 160658 2201 11111 82439 826340 452440 510285 679079 860674 315691 15588 977748 970744 556616 759538 271098 886781 140388 662213 445173 711229 881520 118334 687335 402577 309282 448590 889556 253700 689108 583920 707912 731202 261273 329471 483921 533142 236935 245342 344403 329947 701377 66076 749264 802101 483703 92213 415625 248283 50710 608653 713430 302635 877038 951727 928844 346816 971911 757212 884645 639597 351361 699887 315067 10309 255535 778860 751899 434866 232855 789237 202506 568289 350561 627568 833327 695935 394586 309313 917007 801343 103689 54017 970547 878615 188294 773795 608608 455372 906077 236880 540019 784886 696855 308402 407489 953390 968273 353461 23667 457778 418658 819422 488647 549107 112794 944931 362453 247772 902708 697387 12111 207283 69750 718684 690066 937295 713131 376385 325805 323870 322930 207796 122248 75155 622928 965648 281182 682678 527258 652461 27841 945939 957429 783971 449226 869706 12652 497505 651562 192293 105445 845224 557113 543460 867110 904089 443605 558557 309865 577720 318111 671690 691653 252190 336370 862186 374228 174158 518631 980922 36318 186701 100101 729887 370175 973533 739734 627453 485247 372213 252153 123555 756993 656245 858484 573828 314506 942671 438759 592842 953228 236879 562004 227942 668633 584625 269447 49655 973118 19038 82471 900390 52580 39001 809066 690448 561169 932540 325636 420813 124994 386175 635220 427445 752061 306523 996631 337920 951147 259604 505090 883651 76935 287080 584854 917635 791219 526007 967172 307624 837557 772525 935976 402330 369781 277140 72190 117730 643930 433747 524157 577841 93223 500051 280429 581809 781398 596335 250928 137295 281522 208761 618846 841023 872797 364678 36344 180545 772928 804701 426692 611779 346087 965671 763536 92126 792455 976304 461465 527682 139326 173746 299000 820685 274763 58445 63897 707536 100215 18286 498296 808009 607692 368352 571347 660392 982348 992448 951096 28325 61420 893205 512560 542271 415503 284971 803079 251639 138451 563312 973031 495178 974551 709133 141728 564081 871901 778303 985128 542232 937867 832061 311875 338531 662206 184473 44688 946308 949350 643321 758210 696291 941681 16918 341656 968518 394535 56797 454535 724005 451842 86338 685791 76798 415082 91412 631557 602899 390930 439731 387714 197061 361730 430287 782088 588377 929659 272502 884115 782095 563985 585985 372603 995361 239760 854668 716644 505465 730788 273325 140662 495655 384432 564404 681974 552119 791032 592612 253064 219099 212410 634996 831590 490142 425554 957765 834554 118803 610948 940400 295643 712081 639780 738757 349175 681898 916586 136262 18052 280985 964434 502769 345425 631392 204668 394052 271210 5589 328755 796685 769014 405112 703113 735733 818875 259806 634888 208520 377950 572413 432578 681223 797465 268792 507032 90235 945264 253489 971725 162893 785895 837760 947999 948288 324926 64150 302928 296410 169679 736533 982941 234304 144630 221623 786068 719665 781488 296397 173077 997800 19904 223176 231235 677581 863082 170813 995643 277658 184682 896370 398826 291459 120880 19484 354069 42059 327240 658430 760932 356473 939222 226717 25219 686761 811839 656068 881298 713579 939517 710484 455677 645357 125715 982195 14438 21367 746163 601462 485916 497898 460140 89056 868781 849333 40246 741785 532420 596695 57121 123599 514516 555350 339268 522100 854390 363846 938633 959643 550558 877823 917074 621399 682110 203574 513354 45639 459862 771238 864012 245917 968928 905826 372345 741062 498997 154023 788388 4134 466723 139338 537498 983170 817035 27007 819725 978207 934804 65417 65453 675356 16372 881672 735938 185918 308169 778764 511349 901290 221341 158860 469262 954857 173694 876301 854934 433712 507785 438457 532828 904939 76274 410354 88220 47295 727032 408049 840915 491070 561150 996891 148108 799603 485350 647075 563132 109084 614486 210084 213249 305460 827412 819361 511211 830499 756433 399431 824592 991085 621622 43490 319434 148644 132095 127313 77074 762268 713464 168703 702122 598505 330220 575480 881079 281341 556588 819091 92613 678267 341204 542643 259268 26379 782419 314838 299809 708434 604924 41258 585631 565238 410889 822189 946221 119467 109763 521409 484107 280973 851860 877080 194970 765309 436755 931905 187833 849532 457640 150750 325490 519879 228463 654383 616396 522453 389819 145298 338557 198841 338784 405539 408975 178459 486218 502594 277061 118688 413009 418112 22373 508841 547261 649782 165909 382210 882882 371410 975526 58063 874254 26832 114092 62139 524505 823206 681671 575473 54697 133431 339061 377849 503611 423373 973110 52775 826090 710206 452855 275542 80281 498433 868005 594625 135748 564581 148995 780197 60019 403851 854284 661309 777091 449730 991574 526785 252252 360271 556766 473729 369455 430212 820990 337891 500030 923203 668841 59839 454275 779734 559627 393153 89248 646357 542620 660289 532453 553622 308142 421087 939141 881919 355632 60647 243742 56165 315876 401393 814161 622078 862871 367754 679966 894487 554961 58204 865101 97691 670210 682102 353552 51620 830051 295725 729363 115648 959128 676552 396716 776055 194102 648624 73046 939007 815534 29063 549252 393596 554347 407792 370095 731000 565836 53431 762925 854451 105776 579263 219563 42828 219140 304779 995251 939693 605947 330727 202425 793240 750238 933772 477519 825677 596489 357747 890450 668253 578698 763358 937993 81163 743643 629953 421736 613673 101685 540577 75978 598917 334634 252403 477329 980470 963423 430871 559128 388918 734196 980353 647035 673592 394924 676303 827656 892699 508103 197730 289891 535660 66741 63050 942444 96387 517725 973152 555451 149681 813851 942483 672937 943373 216036 353689 158778 947028 968763 509830 510352 391382 962476 327474 232549 988492 927820 861950 215515 878237 500679 864605 167329 1400 770671 397957 24196 20499 892904 682320 358426 834846 165676 795799 498637 421895 285059 662658 801820 301854 631148 799424 449130 831162 884462 710880 641468 807035 404501 224547 164716 115300 636249 878929 378180 9085 682782 430442 580183 235762 241374 850450 509087 677742 699727 690995 23746 101709 338142 265958 991236 767319 975033 952632 517299 280109 500018 432311 182705 263619 664694 242728 690259 730444 660838 902955 625178 655349 732125 751307 469855 203058 528791 989612 653947 829628 103780 794794 800646 890505 202979 142101 458442 495837 256286 870784 581511 411747 249731 240713 511645 270575 952071 101439 441446 718964 622939 865596 472 977258 183132 647623 811236 854408 306310 157976 857593 511847 111103 856407 310028 644154 100043 67320 192878 614669 926572 945041 303103 812439 335566 761517 913265 504799 270945 286031 563575 302289 443927 530991 575477 251270 783024 741576 389137 540222 748481 533972 349987 72840 957753 839337 992917 509257 937746 647359 664123 921828 161375 213761 422131 986133 726888 947193 461281 621304 261521 20766 607700 370728 765725 596198 496493 330559 724721 861696 93008 957687 983423 679043 486035 215643 512496 743493 532251 589237 998537 553651 298936 962345 388334 143610 60796 771100 753397 406447 809326 438125 889670 848171 753791 205133 832044 476133 674293 899330 664711 134503 841256 3520 385142 986671 601474 83003 665911 755176 202379 460090 578938 247322 169911 18332 395829 669200 85373 480130 879125 261371 321428 219760 987984 854727 341911 218587 501588 15156 496092 171943 60935 929736 552045 130367 501087 126727 144839 37115 792831 676306 416397 55336 123225 869194 282787 588476 309833 632607 411676 83287 252784 652984 551152 236351 496404 575554 225878 198613 474634 186800 946593 750225 80694 950995 969504 682826 13579 476007 810577 342031 796865 112359 905969 687826 443196 480423 190733 663827 205143 391191 733500 172894 132418 241573 957725 744684 210475 598782 517288 194675 428258 987233 82173 879472 983038 223250 268085 276546 555650 671615 521617 822424 248339 898076 326397 227105 108392 755590 662938 533953 538569 726124 762336 676472 716916 652225 135763 156985 6731 738835 872441 105036 41056 63643 733603 745646 894625 64577 600373 553717 216656 653996 272061 212350 960084 578602 699858 868730 442973 323327 852772 577594 349532 829552 971356 865641 430261 381790 501458 792967 564225 479731 244745 624469 261801 242469 647000 190247 930936 675838 954822 597335 535084 769428 936755 966160 496852 119640 347361 991641 141355 556299 311833 183843 836726 872099 493536 163880 473034 261889 110273 567194 900560 339125 199733 520633 856085 13063 618811 63657 570006 396803 467806 408514 178763 266988 871938 499905 348680 536535 506790 894481 163384 85873 276532 781999 577047 95633 674448 892943 373955 566279 135795 789108 733463 101206 999680 330157 50603 913850 609716 269047 114129 129114 493081 435082 79395 651872 333488 112285 449515 533696 937456 308505 359643 461875 516328 934918 490943 631761 14070 59913 784347 686600 795970 380129 13720 297077 965235 110746 289270 794235 190017 732647 23144 217987 691468 682541 333817 154958 56558 616850 95146 973331 596222 832947 793711 324810 281911 648700 330018 485474 874626 968224 410886 247289 854225 918858 22234 626400 622770 666903 571295 103804 378735 152995 818313 65583 113294 779883 43218 440313 182719 130852 395714 844511 407560 728559 320713 41747 968926 137605 107841 647916 152136 247203 686917 734100 661577 762566 732704 374301 219596 710539 644998 265958 887768 833246 799888 384892 873892 389612 683179 760338 753503 455465 419969 897610 597314 268109 850676 268713 766190 443842 765928 599933 658646 966902 247517 172634 633396 526425 940582 129096 420991 183644 762070 317615 427429 368623 828329 534874 260968 353395 360570 874604 894998 627728 4411 156378 376974 818475 586691 522600 180651 222215 254739 66560 492966 341063 607140 604380 731519 317047 159261 150936 838393 619872 642527 798059 532971 93584 23267 329114 946360 860883 46216 147185 533835 23538 613477 841946 346251 319052 424319 93834 926976 533996 835415 798451 600594 156686 301521 500267 180405 752518 87705 897028 150894 437307 688676 938851 920715 639941 803492 546550 510589 115980 166336 855696 120346 694657 742373 951501 73076 152841 870094 224876 230307 987456 179914 814709 338520 49574 719936 550874 377835 211095 89422 274104 907455 727316 472710 937253 355580 440811 124599 681045 760232 870663 338291 813346 752860 818462 661261 234581 344336 387630 216785 514082 157435 245841 492349 381234 320123 363555 183870 50601 867114 650294 959743 829459 113466 969483 857067 851108 527097 588527 423626 44941 801404 302824 517388 236590 443525 753369 773674 876255 656888 407009 402168 943789 973980 122719 904498 835802 954081 878684 495566 580328 509522 42348 551551 33820 655475 678864 629192 336898 917682 914295 686244 97141 926007 42466 741603 824754 854708 477016 750965 127413 806480 321482 812162 158076 506123 179674 694409 77352 308614 124207 29629 96043 164923 538581 308166 467558 826174 284960 551338 321071 421754 340089 160684 205132 953565 794078 507895 734368 261712 115206 935477 542349 333259 283697 754131 654338 313795 603271 383760 27853 220349 576619 124722 869584 443759 731536 669009 837813 845879 195203 487466 820644 698583 938034 620865 394137 330677 598096 668534 205420 49169 30003 744301 215412 677614 704738 824743 189021 561837 805016 537453 988881 184105 593095 848143 255829 650469 498361 627488 580338 557995 193981 871703 482690 441013 297265 415418 559424 822582 988370 761699 988892 444259 828195 797574 806528 310341 74594 802568 270972 159659 910612 475454 495529 970341 669177 435029 201570 753519 795565 538600 21342 628944 477786 165184 228805 858015 157043 197787 998310 359729 134494 468895 130303 974824 745412 833267 76308 687265 957416 152757 389510 163948 547443 158577 847262 356607 407377 858304 156761 299296 50887 42433 565348 555404 563980 781667 222618 831893 52172 531216 717140 761596 352532 142984 808737 20943 910216 633851 565428 632366 167671 524094 370337 698477 182243 429396 180031 533753 259325 306393 478291 306010 744976 241279 433270 137582 836648 702390 71670 440022 205142 275771 484567 657959 753810 328487 349352 798055 133837 223300 203589 983651 265828 823297 473175 901911 92953 877022 385608 171623 320473 975598 907747 715642 940668 281462 219736 101258 216538 121591 431238 552308 21328 183956 582665 934852 457648 761434 367514 236202 554992 153843 166149 560593 942010 25486 226563 192567 615685 523601 887421 610186 97379 666911 518546 661444 732614 356475 135651 682832 207270 280606 817468 225057 776644 718198 458566 573212 884357 557120 114475 378446 703649 924670 785901 505762 357906 873925 287922 315828 737504 277033 212943 905454 740329 762858 956185 219097 852584 812788 692019 247134 921935 575812 964578 463951 726187 102630 779237 479342 927786 16527 759621 115615 137661 161178 71171 358206 309574 712916 772254 707719 862201 519135 310227 568852 497077 384298 574907 137457 941823 479655 767291 516564 216694 137603 18835 565156 489933 35754 500529 765950 528873 918387 919544 794738 876940 534855 682755 872745 542048 559481 817730 428099 896882 44515 92510 974910 60337 397697 447725 954075 129925 660107 273210 743529 33714 55848 270591 476825 134024 669302 912326 979196 275720 194239 788658 136274 969408 988588 694520 945283 34125 32766 562141 954463 57081 730030 478115 625328 363587 848544 430547 937039 790916 708863 427060 759710 757182 766145 121495 386282 554759 116781 348260 819102 742479 417427 768675 315961 445159 934612 386830 800355 348669 521456 24998 221992 927964 690038 729924 582460 961121 500690 469863 678140 855380 359161 584137 60382 893233 622835 626908 914736 234608 599153 525703 995186 575493 204245 824323 553645 157322 842642 718380 690694 60478 131459 544579 237856 122688 361746 873857 967454 139619 824301 54098 24309 563823 95271 773203 106446 526797 24811 281892 948887 31013 6983 695368 34065 47629 178385 347218 31034 462111 638744 517203 34343 21332 765214 704925 291453 334401 386856 614319 818903 428414 121861 113370 876746 600289 231873 634853 910930 758597 44524 175910 538462 337026 113415 148978 991726 204590 776060 127221 818727 307612 768201 553805 732420 773812 757177 387525 32181 772158 34287 558598 225511 394011 320926 919470 654371 469409 978589 500199 185683 293147 888131 891629 489025 384139 719126 900267 175658 269245 930538 155205 768566 410235 912901 968600 770069 632513 518885 866076 730976 354489 637070 668146 1837 488358 482799 19597 930645 548706 862168 766623 346035 361089 495358 538131 974854 756567 95406 423193 787829 209923 334205 527022 246140 720108 983281 318846 395995 364547 630483 233716 221085 303482 785343 922895 506395 768968 420132 803823 427590 499056 909361 5394 683230 4248 96904 304174 323399 273308 143865 110822 215371 330853 971059 392906 801974 436223 690903 730224 437927 851177 503509 780561 251717 250433 767185 587972 165701 542339 976004 806383 198627 19552 255685 689624 243168 978585 234445 975800 363167 658601 891305 781870 592207 165098 547618 744712 538092 879317 206628 231130 793422 573960 822993 190219 441762 672332 313363 483133 65697 465847 402430 14053 738645 21783 313122 258170 603047 611946 228324 110456 452551 261290 516417 593986 566291 825714 782909 293842 419821 443120 503152 237599 403269 295507 262129 162063 159680 115410 278350 132577 100448 198870 859731 266561 337511 458209 127165 896972 920042 127140 718554 668351 760081 743322 973471 40830 141341 187535 395792 929407 103909 248280 380317 814756 521343 189966 929945 792160 203837 595159 954432 170256 481963 577340 534196 209413 882247 54014 94060 893232 668930 136508 324505 834406 907084 189921 748228 629480 963946 718954 905612 925142 996677 273 785545 97981 258695 415657 913267 675066 735384 47303 765744 767671 774482 201930 829402 566249 944818 296793 979771 222954 766209 116591 591746 205085 527403 498617 59087 569771 250117 333170 311273 143129 485860 926067 40345 170414 19461 507323 490731 120166 132267 540973 314402 657807 918783 338094 770960 405744 270420 806588 596383 103192 307139 244154 589497 663599 764823 956115 333588 690726 315123 367559 35474 462502 188509 577910 997349 831404 539193 691154 700433 502893 246206 400670 749873 184150 277305 573527 167068 580740 230340 126131 879642 384822 680982 711497 895417 98907 945367 225851 633589 203287 384660 139764 57048 331654 598625 227866 698438 319962 686111 179785 867332 83862 692438 669905 650551 342370 35491 250271 371757 570757 502867 191439 281395 575692 106195 174069 594763 143537 160155 22670 120744 84107 185708 474359 42209 356318 75449 564769 551165 283627 90141 587495 619137 974014 235171 850251 269731 767926 985756 797080 273092 31633 416104 912863 745142 883980 325918 154752 478291 47082 151135 74456 704614 239300 678182 918807 165181 203731 611853 752755 530132 223788 250704 486582 606091 319890 146592 457616 746147 939752 426601 54340 451713 336833 47904 64998 810671 99030 277734 132377 40954 449025 601753 622252 917328 583983 676729 15992 446265 403302 86589 172126 55162 455993 76755 167869 606099 982723 575602 5834 872236 670816 704751 270765 453769 370693 227330 823953 66216 288249 173630 719629 260425 159830 765642 73778 350049 741128 584483 674297 737359 149243 610696 847951 216486 174168 210943 10093 175907 348311 244757 169567 969011 256324 314170 791722 631750 410746 709309 761833 730975 433266 745957 712441 222142 40677 561188 993862 885264 931189 264838 292243 909724 373098 183728 247619 411713 239186 343790 304453 367466 252938 485411 287402 714691 321534 482999 89385 880004 405287 775340 882639 216202 785237 730015 380238 155295 160348 666375 44747 819784 714198 357689 325303 571894 656798 785491 710006 275366 8982 658064 461672 953826 374881 989388 523538 788527 598889 34260 13780 987713 828588 573824 231865 415417 727602 198736 303600 186992 811248 808759 69387 438630 297697 687707 393904 469404 575405 899293 724373 765058 105733 106602 927336 546359 390870 761324 609676 975043 524493 355569 932870 162745 365173 456289 98812 823921 93806 382182 385639 596012 904777 485845 342719 945019 54759 260301 197226 124657 356449 697652 64127 676775 759978 96415 242158 593836 399716 48305 847220 218510 397406 259515 206887 86996 73165 268494 151605 939306 868647 503079 955472 489822 822960 667483 32738 293999 635351 257152 437633 702457 718299 925409 717713 689727 633516 514397 909444 384456 890033 187059 495513 189670 54186 487223 405235 305601 718508 436406 164420 229606 523501 643871 695030 693122 602516 396166 198447 325386 445897 538474 694100 268120 344449 618483 361082 503112 185690 202601 635889 298552 107682 91412 45226 67617 595245 212797 407030 808058 56797 883845 149286 371230 123565 725665 435618 998823 747392 884284 443846 239045 628318 671433 397267 214535 526633 981684 823620 822855 885507 996526 881396 930222 802549 472504 851208 894096 249662 850573 8981 850050 287000 556468 416824 936047 33159 194984 446530 115077 804158 95176 434000 129964 757257 308610 778988 230768 299514 604777 916993 297216 163965 202509 796135 186021 843438 556331 424427 640813 35255 729035 28027 827215 721144 944870 422943 864421 204883 290927 721410 805828 611321 674605 771515 854126 789831 379512 808347 521280 926424 607486 287832 447399 925939 719355 642902 39773 899584 69529 276700 50005 119823 274033 699202 27714 188228 465846 980959 202087 442302 471884 315972 105271 401835 140271 400296 712695 344650 889754 497339 589737 89120 839983 510018 950136 629099 937922 228075 103005 545173 783564 492127 673341 942204 408551 502133 340829 657238 256417 240239 221336 766901 413056 104097 1271 172086 369914 378758 753046 635220 863772 325236 321399 366130 538855 986038 569963 752250 525599 481524 139142 961738 537748 64365 177497 342927 146993 377235 532970 414668 717466 632364 291278 89944 793578 304384 962052 118542 632274 811254 974413 322517 967125 112753 495017 905334 56426 777427 44563 742403 882111 340626 746292 566309 445390 674001 720488 795291 615513 906441 472356 468366 978268 499835 675943 500210 410480 441465 684612 32105 916754 960742 941007 403694 588029 3935 164094 118309 90199 551613 404734 417183 600446 133888 166562 106976 846995 165409 610836 993248 287165 965346 566973 960836 167810 87291 463882 307184 817966 997771 92619 830080 193386 593626 29033 380194 992122 488858 756147 589951 662971 858671 597207 600676 557308 889508 575475 412078 876779 756879 960555 783449 133664 737778 327259 156431 442727 307013 493521 524967 58892 21786 834280 587756 524939 962518 423544 942722 788819 552082 656049 326298 633006 542609 612288 241316 771083 233814 380345 933469 810213 301574 569099 585056 38553 450593 111181 678054 508059 276120 76563 67509 398577 6955 957791 450557 489181 718012 535097 311222 66001 388839 790135 99206 377431 156517 263472 909507 648091 791302 973245 49004 753051 59974 265492 893238 747780 22534 601981 800077 883690 204155 397595 841722 977363 366269 864845 512337 228397 820587 674642 932170 130580 195724 756329 820671 727085 464519 409639 666632 710706 936371 327278 427274 973429 965408 744782 123377 659216 866608 200315 138183 611529 664964 554031 652793 794629 1504 237985 714230 349696 601284 76878 957664 327887 502594 637052 400398 346151 269850 909110 15609 689455 591010 1227 329891 872533 643234 826575 544255 559257 307258 17516 578681 320635 472592 444030 111648 720938 15835 100186 732211 809931 186403 159038 589023 639865 349404 552014 559361 761509 637522 295049 744181 200138 744605 451056 583168 114090 731546 440740 258577 242878 187514 588048 602513 710515 862455 760871 735142 525702 20544 683315 622753 56925 287503 666309 778403 717557 485868 609167 543000 814011 191104 81191 85020 414759 150185 686067 703912 24405 228406 893145 634970 458196 144873 987736 287610 28802 860312 370843 397016 208048 467667 41222 934927 88179 494724 637886 635478 836058 857859 627640 448925 867359 933642 982764 978579 80573 772780 454905 714528 38240 799492 421507 850218 282308 482517 896061 920472 200273 933411 132317 367225 62309 817541 439628 610133 828331 379428 596915 725725 294187 49611 151741 849886 449676 177781 606369 695165 834700 725461 421162 552958 513815 995434 387377 973844 110793 972178 922095 806764 146303 915011 222333 750884 930862 516308 447004 502935 231702 29507 356271 554735 694542 39146 443749 170913 175058 865626 580445 649352 570211 676934 76255 543203 804099 89051 844030 10265 959442 543007 11096 179629 813621 40375 527027 522437 33345 998882 485638 498263 273773 731190 825154 404627 832412 460239 115391 529824 139058 923531 173208 720393 90689 609827 624414 596418 824227 785956 426055 212643 476582 237520 631500 215632 480460 733302 831283 613510 67332 213313 860024 961235 373752 299427 30272 75650 751562 104033 385970 131236 731732 52184 810246 79841 622287 865641 540619 999394 910472 196512 94537 148252 907107 482477 671034 171953 96177 381646 861652 436421 550220 964483 670999 924982 567230 187885 913979 334396 874456 835355 904150 921447 909566 759441 465301 72 691331 865051 571472 398650 245924 141322 478800 382189 431738 516135 148002 466271 149446 932827 990681 935674 869943 27509 237930 635367 186497 79083 80923 856670 84791 862105 259636 966517 655681 923404 592432 592449 604896 881266 48631 991202 230032 640926 328254 267777 357590 46100 312763 688578 688225 229439 388623 567773 313561 554288 186938 922034 715474 192345 126665 578908 569462 377971 266533 827378 421854 26771 903717 917275 487197 881057 987176 373094 536315 80327 438586 554663 141282 179515 529308 694075 587852 742584 851442 453112 120826 643378 587771 556025 286730 756196 697464 160180 938976 610522 639414 233684 259879 69816 298174 162339 16489 939541 655815 925328 167721 996028 351049 618663 903946 901184 788358 47814 899185 955217 29318 120422 271005 699650 320012 95843 525340 958256 711148 431613 117743 280544 790643 515979 385776 800853 700252 587414 361192 908884 810460 833499 455767 938523 471642 701996 916467 699995 399358 342071 52656 345290 424582 385865 940072 190788 360084 403034 99836 635458 119731 971793 200881 124882 538773 850908 527310 499735 48184 298516 624649 174012 397754 174864 574330 818485 72066 142720 573862 333100 151357 451839 177835 738157 659997 885629 745665 145546 199809 999859 726020 579215 61937 436938 697184 371562 998481 554862 99148 287148 446723 161096 988124 931998 181497 388452 623279 688996 976280 516367 566261 429772 203238 144326 251013 987812 197683 935759 334540 255229 140270 954280 420064 897802 59299 32269 629222 203032 130183 575861 3101 461621 999608 882507 128270 801726 553881 894227 757119 91896 799776 251337 106289 175051 555063 593732 667175 902463 733193 214375 408756 329476 446914 591349 334496 992699 978960 577973 397605 295599 140668 168988 491792 579535 92868 400040 309702 224630 517006 151215 573873 669028 460877 447724 180141 200458 486009 889019 172714 336315 247580 535690 487754 54792 749519 624309 919662 59038 359043 993141 114575 436704 742456 181916 241254 843301 774492 604366 263321 147030 328289 149626 864164 338313 450552 354011 145130 171232 170284 478704 643879 173988 300798 445205 822868 925754 675234 35832 180955 230838 647432 552142 901578 290431 278920 985494 585348 736757 835505 809752 652244 632230 12277 374564 623582 26177 105764 966291 908595 341775 955232 710758 413315 193162 719376 931885 294111 165491 364368 996033 490535 804944 251359 130953 250174 549508 899204 275755 2495 556241 404686 116334 563888 801633 250577 39998 506693 771141 47224 784732 621829 259577 268075 817851 203451 559174 904918 776592 587369 121957 620068 765573 382809 441711 21184 567043 806421 664835 411388 690943 772109 677859 669194 508850 144999 47991 787505 428061 399668 700291 367782 250669 491255 609504 721889 146151 75692 64057 714946 876628 243782 406985 432991 941165 672574 786519 828219 977006 99254 266185 881376 639277 209212 677173 654693 432488 600978 839927 263702 696000 133595 739606 827235 73624 857056 818539 783422 542463 532006 614599 803979 815809 87136 209454 572654 554681 939814 393325 914369 987773 521368 165702 99278 666532 797459 332606 117264 459917 631100 709154 973270 839788 856891 164848 341058 89284 285945 296930 765976 271225 560769 800670 859643 560459 621576 684261 734753 947985 470806 117961 742419 318791 234831 49115 16089 909477 681322 65676 886004 849368 811182 654642 127345 359735 184368 232814 836387 359855 453668 485255 611412 971760 639539 956741 876519 434296 227209 983855 402773 950428 25350 634433 431711 76966 328675 586869 4474 829685 480558 723349 5662 942572 274519 303256 953322 694042 842433 239050 169245 839636 883339 765222 26864 668580 644702 633887 966473 302437 587883 920091 113341 871473 215854 358349 466560 294828 23655 645250 824201 50614 997153 330704 543898 79301 924629 400185 494948 475116 588663 659611 615193 467274 616837 156312 686896 709346 923180 156248 911148 658774 162825 428065 269885 805632 299479 355004 109905 251952 674509 819116 580112 912431 941834 76000 370040 926528 307248 131296 372759 98568 761232 490418 373207 511988 884108 913216 413575 857610 341777 825529 860283 766756 669996 591930 675292 615069 273079 950667 122533 541510 878627 754305 289316 809269 507236 543844 635592 973448 63957 694937 434027 143518 676713 373311 634574 367245 782836 296070 908242 655914 917882 213396 48938 948617 907163 137532 966645 414148 499630 716293 32199 839497 938244 127591 926138 966381 350952 232965 558013 377262 218127 606236 462380 920655 650521 954128 462204 206463 943269 515690 416277 528810 478567 462828 464358 846955 968693 151542 533882 885610 982151 845777 583899 487319 69998 883885 325800 701431 127017 20630 250285 287894 440823 580684 928243 548890 433005 809623 806524 13180 623252 483459 16774 807161 829936 795888 723683 802820 984734 763457 832289 725643 171897 749114 793402 778546 368813 404921 855020 333243 488072 793252 787792 177554 604028 690328 391710 72407 334927 425671 972083 566015 850293 180188 805488 973724 758022 649073 127647 443978 814949 735594 540150 513008 424668 45348 278933 491633 120891 793516 500991 644743 149873 422013 377884 23734 800668 813373 824588 58378 574940 680096 397888 511273 537507 74531 905014 652171 753104 908937 858118 726896 575527 666362 422160 364888 291262 392557 699977 300005 575031 15291 648451 389804 536786 450434 290345 538228 351218 478836 259727 355538 20223 659169 464707 780805 371420 433277 638574 753181 327995 37544 827311 671888 898217 555231 619273 379415 484602 93665 912721 325770 166174 382864 429850 687450 260720 163191 457582 425617 698597 695958 774950 600239 355285 443875 410751 644921 874888 474967 482713 875988 5856 823271 833535 928413 274544 233031 109553 489465 338476 543772 950139 860040 771585 748532 421228 962985 329678 326028 700308 365949 792718 977202 656130 799779 510418 658035 81946 456811 798897 128512 872956 759836 40939 135347 867333 55215 315143 343368 257267 116444 510478 773797 405622 786372 773106 313597 28616 344515 348332 958757 985187 279956 353074 45703 249976 132325 802570 813427 319993 565020 889998 561581 677824 800055 406347 827448 866226 462849 811100 372349 582501 405124 294997 755834 841685 788562 454979 311402 61415 52854 880015 377839 770328 719589 603724 125900 42380 396759 844610 935094 275866 11704 806018 612483 9264 448606 240872 813468 360502 261680 519743 545794 625731 784336 278720 11006 995310 59467 521889 620018 736474 327682 292571 160199 192139 549736 962069 736103 174034 618284 545931 158725 220404 237502 602907 341740 891546 158276 572911 739863 297700 980028 330411 58969 744489 887371 508958 504353 472383 606823 63984 482842 55598 592443 849980 791663 290263 788591 116668 482271 69145 67640 818701 333243 288885 66505 70993 514610 764748 284679 297729 84102 540050 985059 249315 451759 872393 925877 92222 23619 405675 202814 166891 873764 813760 822586 747205 84277 258272 539730 963134 186958 902334 973820 161941 325176 158415 146796 6559 328409 378398 630011 842723 596847 889731 233513 88258 752881 64147 602251 814555 305124 984730 384272 431324 252126 13493 619582 908258 685520 388277 621662 625217 831160 853082 526273 771329 981410 492512 878096 47484 399774 89525 863811 113393 349010 581559 158834 187971 740659 901153 352214 262658 726622 895944 718696 269563 69717 134779 858431 996101 863017 560990 523735 621291 47233 924391 213533 941466 347559 247044 516676 277770 516613 961493 844653 380502 457336 392271 484713 648581 124491 431426 538361 644000 7351 441822 792005 26818 731715 431176 318055 517923 349033 577253 362627 568961 176146 446516 806188 27499 926344 450782 539073 712374 712353 262923 22249 727612 564284 321793 388718 946393 935693 80898 197886 849496 682848 5344 617825 414617 190133 649627 526811 124660 494628 654547 350611 95205 492746 779597 970103 338804 373923 520351 79000 927586 589136 801814 714280 169733 536439 314758 931847 988429 791068 769857 943065 137164 340686 459325 17397 476469 311134 303347 875928 626145 454431 137515 807689 656056 349936 568511 775151 850473 756375 566872 809800 825068 843242 28315 180864 903459 252260 315549 152333 54530 214393 300360 583837 694030 375226 844032 474906 760214 569602 88494 931025 630412 160470 41945 575672 624038 542908 294826 246688 648875 446651 697726 5172 21622 563605 773263 292025 874817 420899 146053 962607 947903 736884 495387 576494 508779 784112 788374 618727 756658 542856 93019 77878 429328 485823 47249 370313 80133 739570 104413 626936 17066 780963 785691 306472 909674 553601 837941 260033 489474 433438 854250 575243 71317 262411 337430 515864 399360 693786 336454 773225 563121 705559 328374 338589 74836 222396 971289 368975 115426 183516 888760 242607 777112 79607 334725 376212 293280 645 753822 436626 461705 307874 700164 898913 583795 915478 145843 597820 286781 533182 764193 14715 972505 499466 119323 594990 552623 533857 403159 672387 62875 752455 822218 799437 944221 444051 651067 526390 397862 170012 301271 863414 996267 620135 367308 33596 383777 281575 602513 197034 530266 644103 534571 37714 8674 872957 714939 153248 457449 608817 422135 250680 703432 902094 627496 655785 862919 440265 243622 324473 332786 35543 50785 590284 372823 419037 268195 543040 266162 43346 137184 388488 511716 994681 520502 964351 439650 787223 715219 487179 635480 267443 368281 182522 158822 914102 762953 409042 868748 565856 189939 548792 876917 7725 587734 730651 139966 8065 831811 571994 352879 211732 449795 873035 165060 808128 770998 86106 170909 215054 165288 683076 511633 306600 716659 383651 744878 688715 987127 523261 891344 302158 402292 508815 96049 528168 905213 994344 636728 310169 438638 83053 382445 753115 395077 874816 74527 988263 695674 775413 803165 958399 252126 479447 939496 228049 186556 16180 957163 654467 550755 859407 811074 184948 153878 288424 217139 30730 162437 116082 917297 72450 653135 412683 757537 898531 822446 335391 878913 313843 304117 322572 261322 98761 36521 700855 795390 760992 523891 548925 170800 615385 473070 407101 317350 99617 598324 556649 510410 7330 297286 587182 494607 795002 108335 6148 434949 642696 178828 767688 920678 572901 386791 946675 744940 282337 9691 25337 56476 692427 883536 935050 505161 665687 908250 18112 345432 975349 748603 792609 295807 192289 733694 919417 152668 245347 471374 521355 954028 721967 7627 679134 316259 882937 914767 722084 985889 157706 488091 792998 467381 746123 442222 808094 669676 429777 384471 87205 194364 531135 420858 264879 243739 772478 433470 722030 346478 126346 444578 561540 675827 48206 822955 700001 508593 105608 469744 975342 38600 450313 566125 370270 354595 10663 149002 839553 681530 344236 740717 588052 476683 217985 76520 615806 547180 89237 576542 138864 643732 419835 385056 185762 220386 239542 321783 396318 729859 915347 144330 813773 91519 336072 953765 541112 500008 748303 736443 787454 339703 850039 639684 291398 925927 684821 557248 515890 592600 558262 948622 479019 708768 262272 912674 21994 472727 214371 412071 714792 785056 152371 781484 28921 867002 346820 331713 539644 984149 283029 136511 947504 462433 569289 621202 955585 437812 955498 131786 402441 524250 363536 293627 996395 551993 90595 153391 610731 576658 566033 727812 355007 568114 117842 192509 214358 253192 49446 924455 204057 89330 955454 928977 298000 34636 302933 936201 47218 436377 526658 751364 906048 383896 411989 452607 58388 242433 287374 256622 540728 731526 243692 883020 686834 884877 899146 863776 261055 566165 233891 861442 878465 693468 859416 630143 916536 630141 627475 808309 704399 967922 117016 379751 371432 781319 227175 571 183711 87167 291568 701989 449442 128707 161360 609012 671828 725063 223413 972820 715038 705347 716562 230515 11983 824724 199914 375859 263352 772026 912294 156557 274879 34942 100065 817250 47913 994567 339095 660924 65587 245669 557139 641689 724291 222851 342822 628598 581923 823764 424572 941062 820378 28681 482600 508947 479313 299425 600799 721183 673850 918470 106626 112523 400256 328597 77387 318062 63852 982401 644430 44050 230656 899490 850498 91708 306068 925747 834761 644937 195571 203501 149818 583653 566924 333820 679818 275910 56365 663980 806083 323128 306108 173201 94444 819465 685002 291319 683747 905734 204964 86383 733030 216850 493992 878592 609280 328959 21713 370153 128095 316805 196899 607625 565859 887045 730769 355367 460678 966293 208161 223013 256699 858732 299567 530961 419014 222559 939274 684831 851782 654302 405301 77563 241774 624314 717491 293799 821019 864522 707716 682438 851668 522352 741802 821558 200381 570929 583146 48844 289792 795847 928243 517745 893283 344257 209247 933884 894369 898321 906340 338484 728489 303084 242391 679382 231369 147213 820323 910834 268186 778302 133106 396497 569985 798517 775734 793548 226250 524615 961943 432118 254684 91333 208980 20402 519095 550932 100743 848028 616990 743529 245167 668429 7861 261411 969999 189983 395864 922874 449349 167274 371626 645554 325158 870817 338656 969025 191755 65651 16193 950481 136175 72801 644494 888171 432627 913151 16713 499226 999348 405402 345922 113671 399984 822032 584980 597667 166391 371315 707436 547453 55730 726611 665322 544203 631747 219131 715102 97635 106866 809887 969089 906033 211323 228099 569878 695062 491160 267806 549525 51316 814838 972777 129897 846944 843840 606898 925246 294868 427639 480846 434736 137342 762737 470802 352093 665258 262874 197067 930722 837323 427054 853335 17865 987662 906804 208185 504523 76107 764527 72782 748943 801164 731827 686604 614299 426317 180094 449550 687496 744830 230 567144 35098 521214 787904 857492 512837 986807 662374 679193 271883 633221 482963 336750 448682 68070 137917 375693 741207 966784 450945 385621 957397 443526 476141 793702 606907 675673 518300 364897 334744 999835 294261 99112 324429 643487 464308 914145 881437 251096 320585 918494 643498 403489 870325 704965 409741 294560 998458 74194 972708 933436 521006 953905 855696 506583 609019 376003 653602 735122 752992 982030 171829 119450 100187 674813 723325 354666 310826 328854 285002 169146 114960 373574 511174 951615 27329 331738 992588 944695 199288 213583 124067 353587 967924 89259 402662 823789 953833 551906 78713 200454 812567 66787 56321 913170 851923 11573 171333 513154 724260 937272 997048 575570 954500 114933 710105 748794 678196 802841 675426 854423 654317 358572 410096 509685 981866 341674 970464 91603 471174 567546 614795 369193 733300 716895 308025 128475 11846 110544 614790 666663 369188 891279 683728 958402 303938 698270 444890 627702 784822 638510 579359 252724 237252 247498 629048 508487 56978 58214 284569 890621 464319 887701 785924 754278 366541 364187 413772 617750 178237 957309 361496 124913 13695 751037 765257 194260 240217 278572 427588 403210 571576 959193 772148 966307 977654 579931 313069 954796 408711 721661 347560 484531 576785 56309 589726 362072 830497 145223 851028 706961 258056 796473 487946 888118 868462 508263 471217 485500 924044 206943 39918 553590 705093 517489 265149 488648 318405 974521 310741 165418 201718 755519 100168 213052 142148 855752 463189 117971 224263 334658 544451 257085 139476 818092 964507 851306 247510 950765 588595 567342 316427 770903 707073 990295 90380 812430 71031 158785 72424 773596 541239 460099 928651 431952 116965 296317 717267 969734 370610 865006 303888 710759 519188 383456 283369 983938 420195 866898 640215 728464 182408 800090 803561 65665 151675 717310 690524 156713 38992 503652 561115 700285 799292 801941 584058 293148 637128 824572 915368 624781 518663 260090 513158 432355 707266 312629 33495 183246 646354 16226 95766 151853 136323 594802 369650 850644 338564 288174 99574 18802 688207 173862 852036 941026 102400 545673 74405 33734 395673 607301 800643 817712 205794 309779 404839 650786 504838 580158 919305 877037 642739 243688 380854 7113 639289 890749 167199 84869 716674 763056 706396 843425 527504 211188 192630 802756 302434 415660 59168 898765 402600 984211 252618 629110 262685 522866 879555 544955 62849 419691 345210 238102 129739 976785 478257 430121 84734 555025 234420 547924 259407 628837 482693 862857 595853 684168 140638 335487 572363 973259 99770 994539 260603 552427 869700 987778 50318 602995 721127 878947 152983 808139 761965 107596 318225 744096 253363 271013 181554 799290 872103 721443 217860 117033 303745 928462 951203 876756 641474 495173 181578 244920 851510 948323 378335 650914 737970 971908 969364 566589 254118 301449 301641 641868 827403 657691 987018 26991 974107 941767 734910 54226 824977 219390 397876 503210 364638 515287 274525 575636 754728 264162 226753 583272 254299 879947 101001 150263 815812 428568 754326 171145 801234 270466 973008 532323 151581 809753 452196 599990 622521 553987 996388 156461 561484 204160 589336 947701 327531 159648 439690 110267 655509 301399 474357 214960 43157 476496 243521 414787 495258 619370 744965 843154 961727 769424 402384 820041 380191 877406 352133 959877 756108 912971 638931 472723 745693 149784 119511 11862 809346 586743 694984 7227 535787 420462 668948 202542 411718 766725 220337 614084 446405 851681 956071 526817 453358 671304 614904 333691 332793 718033 245877 228855 131092 740883 291343 151735 972245 524661 331137 947929 393678 139674 116114 155740 863009 854809 757160 699936 451790 706313 709072 246052 741471 136897 940709 266732 286201 609746 333073 824308 420055 153130 539410 258636 371285 551598 228538 135390 212352 176233 300420 24559 704325 874795 886561 974171 186203 115111 9132 304437 507293 463216 163567 496996 590307 155834 94938 876107 935688 567858 518351 137965 589489 753214 688283 279410 761530 399421 739671 901156 806960 315281 720524 52686 526212 963374 335092 896589 818260 504199 452864 912545 758822 536149 735908 7916 316156 330028 776429 446658 798492 965893 289782 504969 995007 440350 633623 490297 711296 15773 687788 965584 214407 869991 75124 564122 723489 518753 72652 95324 217175 280325 351028 630315 81363 655493 312102 953615 72465 775538 33270 421400 918493 577452 176887 881773 338273 834885 114456 334802 379169 726519 79292 819111 746606 37503 571214 978234 816461 99596 76731 118561 111993 749302 453533 670730 148688 352625 617537 233391 753464 910686 276235 125510 825196 775853 347166 384995 740586 300347 518829 223190 37528 315860 33903 588513 916311 491238 974451 331085 638180 780364 511846 942055 642467 742006 806123 822431 511230 565612 722279 791041 295456 723149 488071 855868 485518 11832 918867 963336 428848 404826 334936 619540 769232 981177 219098 920883 409381 630709 155488 400305 722310 689900 143518 803960 641461 131203 171582 954091 901496 772629 626091 776701 812320 165461 933698 737901 866898 632491 685945 377011 497623 505392 192965 496270 829989 965880 906424 905852 651946 412536 485936 117104 800779 280674 730912 52857 127729 204115 263676 227886 424710 758098 85982 931799 290766 18704 987253 716900 975206 376772 163791 296771 113941 864940 934094 641275 126873 220185 546078 133840 74813 110788 889804 606335 952196 159453 405708 176366 721028 742339 507818 245396 257926 39654 404401 808823 534439 593618 611917 285488 196280 211848 589074 311323 295017 95309 569769 733997 4966 966955 474269 222216 490872 463851 471106 64243 396373 353666 141246 312944 88938 319110 301081 30410 729592 647436 382375 222041 215118 949208 811188 809802 921623 706454 458665 116819 561541 767231 893071 120096 293096 180838 152522 941040 105607 537006 77013 81583 992124 260695 796855 858561 667762 285006 339630 67471 404196 38054 252210 688281 241185 779000 426613 988448 586822 418719 202228 351109 287677 480117 921561 212571 789559 526795 932382 12564 141244 558566 742062 928334 882508 148609 817809 482678 92797 34477 306231 727404 25670 952091 155892 530539 138221 105117 795305 992967 938320 738944 357382 985121 204501 469499 860536 216329 857006 100898 576807 852652 294038 244028 571457 16672 342961 865656 299300 647761 718687 838629 725464 528264 521261 950890 181932 261094 704268 56417 475565 871320 262191 120662 205462 784879 578365 495046 98331 114657 682464 881969 835014 759276 802722 897111 391448 264470 414672 76143 114582 863453 575679 836668 928612 577831 558312 150368 312296 822048 389574 361375 626505 124531 306118 450510 693404 31726 397499 312946 274946 79957 80346 311602 906142 231621 294366 245882 79050 902916 781300 818275 303089 422363 185635 388444 232793 80021 469441 903067 586664 586097 79456 283663 349021 297671 562780 503354 405584 461897 27478 393413 531501 165460 381323 940528 167632 20666 890517 172258 732910 131113 139521 731112 345520 135011 850963 490943 787334 145802 410989 206795 339354 10574 784640 986849 356341 587525 143317 784073 709685 491919 823168 380537 795656 173028 267256 16478 109193 174827 853396 783982 468109 117690 739555 792361 347330 755335 456895 781649 198717 951965 454074 86613 919834 770640 7804 810044 313486 948620 871696 819755 384008 266854 510950 816971 230145 469271 107883 215809 879997 613250 254255 788391 781095 592101 222289 313644 203786 710506 155920 431682 29157 943026 162097 954851 291264 880698 90762 338852 576228 522163 233504 823339 405891 852168 316303 248979 37960 222624 200476 567940 219874 620493 199133 465602 537471 245694 861339 701189 704132 520728 889366 580882 384509 978710 714431 378842 646672 9872 539865 32746 645645 22408 296370 444848 789764 430746 976682 235623 235209 502339 24277 636393 287306 839890 779492 774174 729996 28802 238028 609090 494822 130847 848213 771152 384809 797472 426655 173304 789735 17904 855315 15045 630592 391123 468605 850273 869108 291922 199900 272153 920022 434052 267346 656477 556666 736005 919710 750917 40047 31414 561890 271504 716153 713145 30648 716551 488695 738716 135152 551363 669455 857482 44717 733837 509657 721784 857367 831793 571907 133451 313947 724188 861540 90937 700109 720011 105968 637380 927254 533150 67697 574817 201979 268857 224804 644664 201493 14070 24204 541802 639949 453564 76667 458600 732717 486291 828190 902749 543866 849165 764535 9448 445767 90365 323697 339073 573239 639866 107312 706809 307073 332501 975758 826201 757487 98706 833286 191802 608910 680500 239898 660258 269315 298681 590256 381002 339112 234945 839951 416914 975295 206267 540051 592875 312138 217339 382703 890453 484243 139633 621572 79544 739340 917383 554539 461172 872708 696358 982316 719435 599944 239326 777 378671 448141 812609 175541 54370 836242 777290 783816 207403 142563 431695 890168 801347 458381 557774 871616 795257 372335 352163 41792 891185 284474 532734 964634 908085 583832 419614 873520 306722 973028 845783 196978 780630 505218 5456 149505 552459 181243 880163 425382 526822 993504 207695 120701 190037 909134 451364 710550 184747 726449 259738 640211 613917 103044 2242 753087 666293 732873 99707 663611 700148 251084 190538 857528 411390 534420 251115 374572 494706 862850 449279 671861 903098 901727 580444 588142 2908 269824 571039 148045 907237 119972 842194 124893 250805 171643 608281 178113 635813 717595 387779 167602 86015 71973 369020 374740 408958 502991 232414 417075 482381 971208 270498 264943 214134 209092 416524 189578 94343 552774 42332 112669 531346 649580 868993 548327 986662 640120 377004 247497 867051 581999 753660 832716 365990 633038 757453 194296 912376 175226 589275 652890 543186 359340 971762 854031 789096 583003 321185 530838 330056 410469 874665 484250 659710 469064 142207 512174 450239 690282 818254 991872 204914 19485 486795 928505 374643 176281 70662 513372 3963 283082 58856 721434 575085 371622 18512 534018 590765 985958 664833 13201 803316 118751 582221 71056 794108 117562 932803 37037 755801 199282 946683 79558 177942 988198 258341 925175 45614 383492 146257 713125 270001 764217 540554 209505 855654 488892 167735 514523 479325 686242 407360 718572 756128 531692 37895 969997 143735 603072 455511 686392 324946 111502 866219 784235 709986 870982 708340 791399 268847 659369 951866 705247 641334 752803 175395 525379 28410 990701 334961 389843 111995 169874 66230 394807 260510 186049 194343 217344 374662 700375 536382 100279 424666 38749 958945 721453 398543 324506 995090 216340 781366 673314 949579 139419 114244 757631 387595 434205 762571 570178 694157 558283 406337 787124 514846 750016 374673 745511 689224 433239 170355 278932 994507 638220 147009 181722 349334 619591 114427 4917 621267 912998 986601 250489 103931 979273 812118 880794 810913 560439 778210 145293 541023 532156 615517 187655 854000 514136 675773 461202 956677 48587 544291 256402 864230 352235 983495 171351 74043 465625 847635 184478 182219 450188 838530 93712 951168 228845 154815 872443 368239 896382 845224 444386 878077 959771 251090 403686 791173 609282 317639 472239 129396 856140 900560 135910 633990 452462 60870 267205 22624 353622 56496 536311 215599 174418 909826 795942 180052 660394 550594 406075 220350 137080 347267 450781 409254 193382 301765 503838 110719 409093 5318 882810 973554 341313 726988 475642 888571 900295 550811 788452 620917 303835 532821 281183 963569 205327 123735 406700 781685 346559 412692 212783 853273 709324 849462 171204 945843 604649 990339 727435 226015 251829 864108 589256 553140 339288 294957 504 146984 333374 59217 339126 17421 969231 452028 458071 709597 683759 448483 708670 593589 35179 154787 28841 333732 52737 253760 24553 75260 247386 571224 865680 667301 350424 96913 402258 506775 963407 987771 377419 400268 193017 181266 721906 245904 400257 753562 538500 612945 478271 198608 700087 467426 837315 818775 251511 220631 765492 19488 777395 149984 623307 979924 36967 439393 802890 240355 506298 663230 264506 619817 872807 680748 739242 710223 133992 111485 209960 357230 892161 609698 553743 185089 903650 303664 263322 103551 265477 974329 81315 817696 206749 662177 823270 181037 629527 356175 708488 646104 637021 636462 148028 407904 144699 931823 752350 637516 496385 61085 165319 469015 630496 482823 706317 31507 515257 142394 694175 923272 862817 843674 451053 214298 291149 603668 522075 910057 943226 424 770494 409620 870756 11034 147832 105932 50206 729239 187652 444660 560310 164246 902171 575857 311836 231853 846776 768113 307445 306570 861783 328483 233869 639215 973361 854748 763260 813894 518371 245730 63589 871848 815698 961100 977517 98080 655607 662497 982110 206492 4291 198489 41708 243460 768035 123913 837784 353984 77453 161818 595035 989435 795245 374053 989478 238512 365790 405273 77754 543946 777341 49220 113639 739188 756604 492786 7248 396742 566402 497068 562555 2447 119666 942264 472115 856266 419225 557796 620120 394213 527496 942345 470688 454239 295181 318261 740156 155139 664591 622510 474493 669034 206719 138273 181740 472372 553689 393620 264222 755904 560223 34420 87166 763734 980632 351479 462987 137538 652743 997053 22775 235990 13191 465427 714368 51563 475778 217577 679994 613907 387664 108599 415241 563273 802670 632447 249081 934698 641830 938338 743298 353150 31838 920004 589864 457009 641249 254149 176870 92032 690245 338973 130338 602144 111627 950385 90646 852416 217047 875193 743453 167026 662943 336586 242602 870661 694931 162823 235031 171359 408546 57981 391428 799179 577641 645692 569494 341676 232689 211946 588470 204445 804697 900289 577096 356991 95892 189755 703957 982522 413418 971598 748353 601368 69447 565522 791851 889295 647444 507248 479838 869925 871815 755544 936117 491416 844395 218526 574080 750596 776164 830891 983228 31233 36479 224156 692544 438629 653898 602407 295029 309841 200378 64891 758190 859114 378105 639156 145699 785538 819202 7181 344096 268461 26896 151902 973814 622465 914272 863540 578139 276052 735678 924858 826260 760221 808242 668885 888055 62012 973826 573790 213243 115925 718572 576926 836022 116223 359408 427066 340853 540566 406758 736599 428259 537226 689950 668871 111251 400083 577821 524266 287356 746402 828881 315749 662002 876032 326616 794154 697448 874196 818671 758902 251654 248466 882676 518699 30672 93312 502152 944982 679799 553626 86997 86830 456479 994225 246473 127775 210282 830839 452100 575203 718226 524749 658186 830474 748234 535702 830755 703692 377208 134802 354066 64959 825754 864269 166689 195041 631587 86333 29586 583768 812603 222173 133722 892032 520571 290741 681458 214181 449772 198680 523294 436180 127861 203389 458264 843696 989607 74230 655056 611464 363560 221282 62260 657082 177889 484735 70434 495085 431389 376608 669893 756718 310872 637901 379165 683686 35399 973173 373697 791342 794612 162047 908618 282675 948351 825210 983610 164047 463651 78526 357523 430843 122906 136775 81114 242071 34686 903974 307741 937538 368114 616751 24392 365284 908320 492693 164218 463299 473759 72836 283651 550888 816518 207707 44704 34212 737531 514731 691487 106291 142713 666418 416349 997560 751418 572048 157461 723164 352151 267646 326244 618394 360779 354847 627046 244035 338478 191001 385488 548355 840354 30143 910613 387307 237967 447479 6278 563845 885558 704404 884948 507140 213943 745768 981929 691640 477312 340133 117055 493033 334795 369447 888118 6439 41358 179902 871632 457845 856746 246756 308508 58817 104298 542602 628809 717125 162291 255517 898899 354294 988576 660279 941326 761685 818177 88622 952836 680348 358375 305085 912674 955055 55505 337790 909499 361726 873937 444354 954477 890646 839 617994 155225 577 278675 222428 171332 612013 143935 868737 28961 554866 78085 978859 888233 256286 638170 479226 491903 270843 322157 492895 757169 232026 762024 883266 168986 671336 720207 332618 987961 933155 647773 626115 441727 998496 511618 732666 979490 340871 640622 153687 558473 535395 130780 330747 444096 195231 873500 24339 544599 255437 105908 893459 377073 856578 92327 441180 574767 120530 726378 259581 466231 863057 511452 346303 420393 117917 194804 686172 482967 649168 721672 345835 576897 594642 602310 790391 190412 821443 951771 640018 795051 846920 922177 869613 48539 853976 706506 966036 972319 66178 720946 709171 966945 335054 809828 909789 92519 611866 409699 827870 322241 131940 655197 495469 515746 374191 238551 345956 715797 674560 324398 215196 573198 657625 787567 794923 939015 931371 496751 233643 512303 476449 471626 344453 160138 9031 475218 332355 82336 746391 198954 299902 591708 921518 744648 894267 67206 412228 696384 481172 98906 644315 472185 885883 372425 934087 20454 715768 21095 827548 423201 200656 682515 107405 505293 906482 318460 287619 780405 561795 881869 793762 327715 123537 462619 1044 56528 857101 373419 390108 856344 706220 634649 40495 186771 443144 481661 548564 258687 901830 550126 840480 148520 3335 79420 439981 480195 838939 791509 46107 246682 422397 866311 131791 706268 257992 436253 405029 934504 749978 648305 1535 486872 303442 93454 518920 442735 791586 844398 983281 68447 278730 387141 637830 529262 167679 107263 852079 663257 411374 656165 807691 444677 853603 556537 471024 793690 763520 499920 255957 916454 615130 281469 296912 341796 557370 850947 654323 488349 872061 415957 657160 387374 48971 284664 823424 369864 324815 82402 254326 878622 549658 285198 741826 420368 600088 606110 412043 113468 922663 248464 856952 970802 889573 259016 756318 565863 126545 81350 427536 764393 550396 306085 497676 640673 390788 469341 827879 339483 105798 333434 112778 282086 8354 425356 592025 963348 61531 593280 633014 477045 991777 491973 668136 420893 643957 679215 837728 961985 88322 662647 932280 53235 851472 445495 111249 67374 874727 419911 553709 903675 86231 405147 35860 515960 416827 931758 505577 557450 776050 715049 993460 523720 3087 956124 530624 308252 201334 281071 28511 296121 701825 820695 698684 114780 761654 196735 644857 206355 575836 812116 26375 549606 973302 641396 942449 4835 447433 372357 862562 38441 478678 682590 506988 89070 780564 536007 486383 56036 447853 228470 256029 764989 685927 985721 387708 249344 413773 17204 977446 751453 117862 612856 226859 507534 765603 33714 915986 582458 797015 688105 325627 5699 910912 71233 911095 739317 101333 525519 162293 918568 744929 746706 874024 268265 471865 527011 753785 797622 522646 5307 686069 647698 26952 749254 323624 600051 429612 495476 889316 885463 629556 86727 281583 60219 768408 162487 573874 159759 736627 651346 204827 311602 200457 42185 831265 517157 757526 157319 512124 111275 134676 425658 727010 558638 921858 303189 740963 999977 491253 706074 974134 581424 850726 552627 498711 130250 13568 526607 579714 732872 113456 551977 507271 747476 402659 30536 305552 685631 942736 81259 494233 5633 214685 260431 617709 220180 947048 545534 898730 57013 670024 617589 715817 630782 350930 280987 5133 888433 236865 665464 332282 694946 608238 534966 261999 475305 577813 335123 437659 286148 462036 960122 994469 56000 621687 15939 264946 127348 960913 366999 202820 374000 774280 61212 730571 490394 355167 745156 923708 217884 754203 728256 9833 902672 624383 631650 430864 210637 805226 566411 724050 746602 791921 846691 173377 118428 536784 145909 39034 573152 390129 323305 940472 19090 568813 153388 103081 158889 165212 954954 885980 946090 44714 486107 451418 332082 590811 325947 544302 871802 18139 411034 998602 636989 752597 734747 414387 573270 123080 599247 181651 545472 641839 35003 421125 72851 273932 766472 155888 519206 752220 986739 500063 167242 226565 478986 831768 301094 66175 701783 231543 886325 783561 590292 553833 275252 539630 795654 473392 256996 672929 52030 618426 291519 744997 372030 398079 449156 323024 484112 466847 523703 431581 110464 125972 275562 523047 42212 337865 838961 337915 721147 57157 341485 601049 470384 381145 988110 936643 679934 256264 533048 144139 838559 668867 112126 27584 160063 662116 775846 79148 849579 13895 648168 406045 703521 655742 749379 32363 672845 933994 486305 242697 680887 561117 388352 259379 588542 271510 339552 163201 716724 787436 403616 413529 553240 554241 195670 359621 966597 137250 18170 194547 92209 492436 410134 729471 396729 598215 410653 426240 889782 630255 272743 195882 473779 664946 988127 333323 219338 557629 161247 412634 451951 359533 349459 924870 862086 91903 764058 180347 765035 670460 53677 356297 964966 677235 924793 992831 699087 443262 55570 757446 649475 352748 456259 574544 502499 376506 616106 449264 262752 639945 402783 417338 261933 641461 903350 791603 384202 213164 512211 996829 685945 320897 812235 52931 514500 890694 43851 450067 161768 541015 194594 291077 712655 984128 518180 565013 520729 249249 352574 873433 43848 348414 734968 77678 451867 774510 406318 336068 994817 593699 256517 796056 718055 375533 867158 428573 144522 297575 920567 87191 542362 153994 680757 319129 245612 351907 612500 909146 444412 345090 777402 157255 823341 968581 445483 88714 726883 409223 352708 182452 524304 274495 972450 952644 847756 679535 215014 926407 604203 292702 504892 993267 234584 123156 749883 30454 836116 582593 314415 906017 905200 758794 393809 913568 822445 345441 166160 911126 651144 13257 670856 759199 34949 957156 567120 525899 26173 129112 672512 560393 582513 803775 904272 2727 359587 835955 545660 671709 869815 430623 628030 393556 454352 453619 886178 540178 438992 211336 256655 821838 269048 204185 478439 750525 675902 457310 26826 301928 899412 259781 267942 415511 336279 857346 430613 755896 54928 537151 720326 719970 29917 114334 758074 555286 841681 262761 191580 780503 181950 133665 20445 269229 683485 260843 30068 12383 202113 31492 947292 777892 964399 88243 932937 110297 28300 504950 479146 620579 390141 709545 86025 807614 699019 353693 80691 367581 964473 514229 945213 839622 620563 681401 446593 376929 586616 996075 600099 963914 125227 273960 930347 360616 580935 912698 379557 735374 454456 356030 208124 590578 396055 555290 364151 899366 704689 925744 436620 940149 503855 352660 265060 229912 831382 287094 698349 953896 116189 156163 421754 11210 174981 285420 347448 352998 403566 146546 423623 695140 910944 156655 414789 374052 538069 894899 631081 130476 260226 290422 114202 967332 189911 522048 623702 623788 403379 505469 923302 394801 283064 738676 507132 108980 150235 838921 823029 57983 678345 725414 232449 815682 457316 678521 415482 239779 975296 320782 283282 473545 718651 634471 549757 968762 510169 736647 242307 984606 827140 743729 483222 663739 566748 526008 561188 220708 72609 72293 638981 607332 723695 187651 143467 474225 845686 25215 529788 16674 132020 926158 11195 328062 112200 287903 537746 633919 291086 336692 752839 434146 125339 975791 928882 797472 651997 879315 746149 796356 602322 212954 501389 619259 439356 29253 806349 162958 930460 569343 872097 965366 227194 569493 166577 464258 253347 902605 961787 16740 491518 46297 634300 76678 627878 952048 780759 917549 437412 761579 205449 457218 767904 997145 928904 915720 933119 658225 248079 881097 45710 963111 660154 391490 699357 369611 521540 720314 935966 309959 380564 864893 98074 961867 436724 265876 135460 848137 968592 615948 418775 409682 514592 353498 523356 130740 733833 548254 84521 680286 276145 759929 634069 438848 107046 630322 51522 433086 930173 258640 199253 572317 846365 133737 97826 369648 509667 746617 825845 104604 946200 123598 60056 905779 766047 419927 10442 154871 439323 203869 907638 770484 451374 93355 86469 340755 613522 470322 492082 280261 251695 617264 731900 900 494962 362845 743737 255106 203521 861534 704396 177411 823430 341765 167871 403073 723534 601036 411037 763521 961514 30044 752921 12742 906783 914436 226225 159322 117073 621219 287270 950037 385599 130307 934437 32703 55109 155958 949135 976089 464044 412391 724615 729981 754300 259135 816588 440872 470493 244700 420361 796377 735160 914529 739158 494399 935476 135381 216712 930991 640599 640783 736443 341767 606780 700002 332856 147221 104663 433201 932120 590118 774500 804730 30103 796920 963493 904933 363266 797505 199005 862604 902228 253957 44151 23624 18901 739518 110615 961544 129620 979981 638948 400301 165769 46850 543745 783256 853535 559841 378704 793795 238733 364022 320812 402851 288249 191157 679730 122636 262296 341755 735783 261172 643786 786720 57416 977805 760376 432063 705002 312096 657548 793340 612529 346504 455787 656655 397365 734241 725863 881697 75468 869463 317288 828819 624845 694171 912873 581232 552555 425833 477017 398488 525932 152206 771507 869089 877652 801936 192741 472950 583867 494550 641633 257418 619216 912289 214 515598 899391 440050 675417 556204 679132 826188 410318 310269 516316 813763 310788 576482 413977 431990 737161 459675 193877 591188 124352 352177 640868 810673 816609 940160 421232 999206 882911 311724 734987 928608 155027 258184 974334 958779 436394 751734 738940 822141 748083 919085 724871 352849 142262 839561 321662 909391 309029 196186 308879 388941 870768 669106 390107 598509 400446 667077 395306 400999 673327 674313 564936 265427 323506 858781 148726 518699 521318 912388 294979 165260 192885 576105 488822 130359 292314 771663 868883 752870 857341 195054 517781 167850 863275 322059 409598 9477 114003 662879 401742 713104 205589 998198 639342 473845 7316 274946 933827 848356 98834 394334 391910 148961 212516 398219 130056 224918 49319 131020 755397 650919 389370 190623 884216 294581 200148 14763 908985 558953 668650 672239 507836 988183 112948 160390 142521 395759 11531 304392 705378 347395 928982 110400 714871 742923 657389 713574 28395 652223 959874 73309 675946 328763 58718 460588 617575 9340 277611 440711 797506 993323 412407 184221 909607 965285 832777 41783 436446 196459 717797 544989 335813 4637 931295 931682 633488 236143 395139 474060 873357 30242 159110 60023 601330 869963 225198 690624 752365 667671 935543 49923 717640 235791 802397 189389 924203 415026 103 412451 475512 398500 806044 702426 869639 233175 645395 417543 652386 968773 92264 682815 883909 290403 915785 426912 550844 473403 547137 701936 237014 701835 531668 443262 693514 88575 468487 287249 917438 6718 497640 372392 39180 886856 51656 493591 373106 903331 931861 119329 531369 628888 692693 647005 612744 532523 10766 796333 652223 727410 715404 935366 801005 312294 83151 233212 129625 407333 652226 205221 928901 746926 613673 893035 151321 31459 178013 714424 495759 501402 211553 531256 776218 918537 370068 435309 11456 142618 638273 25130 505055 959155 378005 794250 231717 50103 694171 896706 783770 596371 534860 703557 210765 505258 466340 963315 209031 164581 783739 688191 908396 793868 533797 815166 884396 486243 414341 341643 547246 14275 917511 43692 550515 670882 89238 361876 476121 54209 518758 253964 254835 903561 54728 323375 468777 708940 967047 250640 705047 973772 586105 819714 210886 9166 250344 118553 533871 336532 289384 424683 508671 487419 52209 863538 279369 568246 836314 432059 416303 793056 364490 586609 35685 429128 731155 424095 662390 841868 26804 323672 729387 697818 963417 923720 264012 34253 517891 75542 445266 190176 662603 107958 151872 427887 373009 917720 563983 826410 211291 80714 169469 34334 517574 462104 135231 729200 545088 555541 253164 473010 529895 51789 903733 337640 82140 907654 714092 277332 28316 460579 588234 299162 812550 941107 8748 143339 405233 647342 781663 31861 301375 35896 475732 330024 183532 849516 345999 270317 637951 355020 77362 11312 545924 45109 952115 496619 904785 148186 529883 887937 810203 497250 358835 17754 915524 3405 966666 904169 834938 476494 290559 444327 382575 649279 766177 707346 290833 381498 916760 394825 448117 252863 160141 478733 770320 391157 445272 875757 751189 142659 750478 386982 82545 783285 672657 393355 407342 336173 540374 733123 575319 383491 609818 733522 471379 292961 813073 291595 489923 419450 94811 181111 693537 348906 887573 806765 608410 660102 789449 309554 339111 444729 129989 656972 91667 635864 15481 712396 623448 746884 684168 146758 329064 71661 170309 705866 681205 92645 108051 159472 128744 349282 904889 310304 118035 935735 708306 866605 325914 58918 670412 455923 275148 996158 393638 228359 779879 6537 571013 570477 818817 914106 65059 205440 242717 32918 140790 22190 551179 793324 42235 752491 291905 310894 904283 587635 925990 988096 298227 807942 817909 547638 698615 551901 206929 487623 282530 510231 817298 849228 760359 488254 870610 147768 805110 701221 428976 19041 821032 4076 295335 986511 245122 24660 872972 162182 317956 620314 305389 64485 703390 116684 613795 707434 499444 188221 577291 412773 721630 63837 179084 795479 205181 358233 297986 773407 495409 66904 64074 203233 26117 813850 527602 215778 308396 788511 408437 532926 207414 951609 450855 501048 561655 936630 890909 389091 686279 534985 851341 423572 318092 516802 209900 198375 267404 336609 104505 572560 101412 161876 69547 441130 94145 20809 89634 805858 719742 627232 606558 783864 266089 145643 29172 898048 294102 793297 300479 75015 334143 541164 461786 711453 905637 931659 307689 111565 387270 585328 49376 593155 473911 643609 66594 60845 912472 136773 565985 24884 289986 903026 128465 288174 333459 551854 876451 613893 808956 235039 866087 785615 32280 689246 568416 772207 134451 603183 289197 399281 368839 13041 629371 599876 174520 701711 276057 180487 506405 302995 479894 64588 421394 886789 265790 108735 673265 391914 977130 641731 906248 306558 620766 967367 376609 231161 186633 875143 75679 564157 243225 470703 320551 35114 3688 246026 162351 938366 429032 905351 110910 29654 687851 658345 531197 248548 252828 31958 332128 810824 489241 869633 534166 705790 852160 387432 324685 372168 701319 744916 717816 132501 814647 415767 751691 825649 419541 619940 343353 244029 200225 201753 682616 88472 650959 656564 89512 385058 972828 235947 329887 373170 406709 337895 94618 416720 188940 141880 204276 963713 411774 386797 594289 282927 839580 346735 866824 703933 829595 413316 811037 924823 548252 91515 19576 644208 132023 546605 195080 178460 463287 275969 442007 761232 422433 487666 234995 216524 955419 954585 898150 391978 125671 625161 795976 244264 584978 526667 874180 175226 104781 931377 688325 656992 816667 476991 576589 44520 609690 489390 94546 669248 590096 243562 420225 960238 859005 186223 964098 690780 491923 183002 476358 61211 575561 634175 851064 163819 14082 216641 590468 317597 147970 37583 188421 210052 36254 785943 547122 436964 197578 873813 353274 598131 109474 137179 567439 85251 841079 173263 562230 810727 544661 110090 848688 442873 25440 737235 168144 559349 979380 902138 180740 229408 934215 6678 618562 804704 460906 69138 175029 585500 67683 888323 314598 849108 587541 983285 945666 882086 527534 568910 129012 730576 728695 318672 856210 802196 283050 195632 388781 371290 41415 549 459505 552020 254106 16070 276601 953549 461054 136855 502214 848780 941091 317952 486108 196411 419444 67074 775975 97483 338310 164363 582417 745167 443778 471599 965822 203158 674620 687644 508790 199585 470674 151440 785731 978688 258813 127044 403146 511552 451731 692210 904608 245019 810163 421173 434624 961658 940799 28259 778940 409988 66247 493491 764325 257944 582182 656164 997962 348128 870307 600983 728081 991917 665557 62135 629902 980904 817234 820411 159509 225540 192994 504729 10581 737490 48646 736620 536011 709837 136146 719847 965233 46983 997574 481087 403386 123741 783388 174513 76762 231787 245884 47496 187716 93489 394917 946776 706080 209471 475224 92592 266654 829935 950950 151703 287852 169381 588557 801339 615923 60001 219646 874592 973707 203724 929643 952022 42085 537280 956877 526879 206922 829383 746978 824708 972753 758802 474225 964543 782672 649990 307653 928278 557220 462696 226739 902062 78994 278257 238351 135465 222518 396333 627139 676355 77512 523483 118121 191323 200652 226688 945 506217 710868 413 923398 485803 954533 198342 470721 315552 914522 535619 575908 340950 899631 343130 159685 407647 256130 168744 7335 868116 330661 958041 997453 412025 475159 273489 397998 74922 231804 959485 241793 397839 976892 943510 60026 918583 828785 637296 261738 918697 212581 246718 582585 307855 637165 449499 362716 903728 194308 360138 470531 47895 587194 101694 815982 105554 461491 798220 937060 335180 404729 670483 920160 940880 983217 609459 711308 699772 82644 730307 739473 211072 377029 997204 352330 59844 539035 529380 40445 66831 822425 418002 990428 379429 313732 76038 376649 319124 989209 263543 319654 763007 655689 362771 769690 183572 347273 48639 115441 841819 863946 771706 825632 881030 337110 353896 828434 380667 418345 857290 550598 546439 92611 148340 477184 666995 518137 95737 212175 550879 117881 328223 279971 70109 96195 569462 925029 591005 552027 734116 164971 193787 369914 79949 106773 971205 627340 727603 533843 953419 907561 960983 878523 145151 445287 301108 125872 4894 743427 576456 863608 315067 214595 912134 265344 73838 655071 299967 341989 233952 303922 702523 883512 655538 850882 505285 973152 538059 65122 678987 356822 187477 539124 855589 35000 819285 680060 331669 884438 565393 696794 254306 274849 232013 397796 994187 709151 631650 106984 162814 778832 353884 777151 513263 212040 950919 686616 345542 90486 749285 289718 502634 892679 994656 904345 14962 744367 24883 185187 264994 594907 919327 853091 385642 524811 894235 958936 789504 725329 528391 726427 539352 142121 213715 809105 90562 277057 578503 352618 386050 393650 911501 633963 111936 949041 967791 825614 14281 559520 107341 118332 397391 55008 947505 659474 6038 754730 381112 842612 83661 464672 159250 554030 804237 787300 319460 578883 354367 807858 653768 485585 66520 971877 548891 456776 919544 894729 677452 746176 206902 992836 640422 644592 67153 46909 143861 819503 225077 87703 959655 3616 86370 553811 258640 272373 32646 486884 247109 124966 64416 165065 675429 764065 916813 253462 481958 61899 740407 55369 301244 656279 786361 151711 211964 767592 559153 173474 729153 504412 534137 441574 784241 56452 408556 479523 541659 631284 261240 179449 669159 562359 1248 438317 782650 133026 909136 802228 245537 775710 257008 494641 153161 81017 4970 318693 849544 651957 600804 267267 845299 281169 839569 735341 689252 262619 903407 919762 786589 384694 959791 116642 561806 871452 969278 558851 742341 157440 243955 999782 538108 173139 430492 971232 402899 119992 197206 338985 801781 803457 114627 459704 718918 627482 374503 675861 753301 700713 802625 586065 353345 468642 699411 392919 353830 553036 991973 292703 724694 312346 529740 324202 56915 334481 95591 808745 318803 585863 984261 116472 683268 797404 272187 742993 609740 155985 805982 621480 104222 720723 341465 847977 116223 50722 638201 50210 603041 947495 419013 876328 936601 853365 784816 144072 723095 383339 389097 981844 437143 220769 752504 648456 514385 75036 154574 19221 443958 570666 424887 933479 825785 719883 130065 151086 491669 170309 471832 991474 392381 677390 624519 586416 233135 87956 391733 773361 883018 334530 989175 813797 660431 830293 413583 165369 152140 947026 856874 697412 732547 698795 663274 401854 119441 166738 791862 375596 216238 119856 973974 828072 963182 950089 891342 877231 522548 484025 507954 41565 846483 578753 812285 310185 561948 307379 632249 687592 620697 132404 856404 964660 725045 919195 305975 125095 660091 975078 399993 192394 311695 639123 765897 457546 468002 942027 305441 643742 474552 53211 964526 451070 343614 892006 35175 744133 978064 647203 627431 861449 463214 262146 311198 255850 326051 217780 430129 487470 723019 257750 709342 416151 26133 398141 50289 809910 57247 296177 984334 170922 899255 538281 140114 913603 345975 938047 39849 959511 449304 219527 573179 348871 625203 782911 632974 17568 785451 817577 91651 172911 322514 438737 131086 623504 583953 370297 432503 721876 454206 250148 896825 164259 52743 282949 923786 183436 563582 705377 618914 285883 117338 830202 509848 865996 266092 487118 862189 865799 724228 522339 732040 764143 605655 312754 987835 585463 872133 949837 475139 561822 50590 557994 960472 143045 400417 618373 155186 851949 378271 963346 659977 748976 181332 912352 297998 475613 688476 988702 934656 479006 837306 916419 466080 32361 305113 977727 6849 799634 711460 695977 318213 423406 172527 569716 138325 258929 814216 682958 712909 394991 643163 952154 224933 377101 387072 577271 845217 6562 551934 81281 941081 488281 981572 454677 258443 84202 946206 411728 12186 346334 118731 270872 605892 841459 390850 828608 856510 208761 456036 785954 868053 126486 602695 505396 864309 430159 523282 665465 839876 242176 817769 583787 84769 890953 508757 752073 284843 222753 207201 244229 637567 222982 183045 941223 609624 39866 418741 515396 567499 716201 256679 748761 737474 926056 267792 922944 346982 15420 42757 702659 453244 860042 784334 446863 796542 612233 978053 935468 696778 615760 323276 885385 880031 998889 923811 247488 657499 132540 258586 516490 476225 397623 311811 586412 249002 740716 957030 765301 994387 90632 127721 279842 44769 52219 115483 596670 87747 874602 5998 590438 958544 287236 733490 620402 829000 780986 967715 662760 320973 368283 663098 422715 618205 682175 256081 435180 408250 132888 955617 408272 949687 183766 230216 664365 933133 606334 97071 134113 110168 380749 543803 304003 674932 105817 746058 660902 251068 692705 10646 960988 353609 223924 886934 653311 730215 207992 89753 568651 617354 975149 159295 825559 230578 121089 83848 588689 737891 354013 397624 37789 751924 890359 486257 68843 106826 803621 932121 885785 955537 987539 974897 795554 538530 134479 75773 720886 59551 706562 337591 681132 616042 101943 166915 359639 338732 583068 920788 611510 597187 781638 407899 542998 831258 468553 639088 39553 417171 984454 556854 945046 218600 572574 131812 444687 232285 567024 213113 123336 626590 578394 366562 12112 560276 878858 691321 120596 686544 157103 946219 132469 110080 673102 563415 792956 757861 309815 842265 770173 379136 546682 133980 323087 644171 126864 625969 775492 912489 918622 909053 844539 631556 872599 651357 392420 606577 530835 709181 987548 853289 693252 323632 951785 288798 226354 829670 919946 196580 118137 589279 713207 284691 24846 508918 640994 717201 340240 798753 453495 271264 902042 588193 297623 588462 889115 113576 773430 799178 462783 614784 613502 737397 501044 123377 628458 122352 305825 172986 560974 991514 175331 273275 154853 400262 780281 336267 165861 165082 296537 941966 40317 283149 163772 118877 65814 293002 650755 48897 103357 319415 317897 365727 791460 776589 268040 916450 145331 597620 42939 709712 177658 760237 538817 64285 654230 72183 237082 499289 818413 355150 187012 760123 656050 339586 19854 119114 842812 901267 318321 158631 461609 132124 171266 848961 500491 831814 248507 191637 771719 173602 935674 859112 207484 672597 914249 296029 534418 292985 876159 995617 145875 185940 223402 262931 467332 200537 9800 818137 255842 961335 185278 137693 916403 883721 614931 624521 829587 108339 265747 729089 309034 552761 869192 738092 669960 713021 672522 514545 514630 311935 464486 126190 447921 526194 92175 248724 871689 584868 692954 309492 879629 507573 504977 212000 988722 381766 817179 52835 228230 552266 194884 477644 220594 244033 903876 531257 483749 333156 459652 126403 919918 914565 367324 6111 340936 116989 845274 250596 741352 922578 486992 119657 669959 786992 153947 757360 556303 985377 632502 393019 634216 523145 223869 676746 699172 560721 399819 787414 380686 17108 40219 46243 995603 963373 503448 805862 192660 475729 996494 171247 573464 781308 275054 818461 232449 378553 257458 455044 331967 881502 700582 974365 57304 181330 295338 809217 820934 329910 467232 969069 693784 181994 538004 144581 418166 85507 31318 116334 130632 363482 436815 710884 585950 41732 18659 39382 15372 108567 437014 674262 497989 25766 235511 761191 576135 718005 971403 2058 848058 955492 178154 61448 931940 959959 764554 557653 538327 866947 448507 827909 249231 280120 297937 438988 846468 128426 512377 844573 118339 885038 535014 71734 553938 466169 273966 164168 823910 643485 11539 707304 728449 290116 998032 359191 594778 952511 951860 904641 57226 693041 341390 342760 759002 503571 502575 827473 511939 63674 866917 153469 470874 162734 964348 807740 114809 368591 898822 160154 487902 972629 374215 162590 281915 431125 62123 215282 950949 100981 8506 88200 52737 489227 312353 597782 128977 621232 808755 687238 788696 243752 350016 52075 150337 374972 433023 825121 268191 831245 482555 583988 975744 568852 1959 420390 10863 699904 683200 693714 547407 780544 518143 679114 22460 450708 385550 215860 488456 544549 180554 728457 839174 572573 482554 1475 26620 933511 586929 478993 378055 930346 330399 64832 893071 211211 812370 870188 442286 743907 78528 831268 722657 875570 307142 108073 442408 338831 803522 741232 183568 902995 804029 916207 795278 42060 673982 608539 417321 629604 388888 997990 362523 686614 285083 756185 432137 956599 267461 503850 635207 101295 908660 301339 997636 288699 925112 840418 508046 419384 330436 873514 852162 388324 918646 335109 440547 685053 265564 696171 607690 182191 648594 974027 707192 391995 69371 756378 709959 311809 663541 219635 141508 932157 711989 441301 805305 813884 267508 696765 128616 300457 924388 992906 441048 808119 756314 558611 140441 873565 464634 89166 516866 228596 893213 902890 808463 635468 829319 930739 745059 572395 575399 457617 321115 382436 531522 985565 695588 806341 345875 50008 693427 196889 141907 631896 656311 388815 885319 291633 905393 484298 228058 447919 326438 804608 959836 714898 472315 671899 243928 883219 685849 21306 586201 25427 243955 502068 67863 888299 259110 578996 324728 154689 429282 752437 545567 235855 538797 446850 494924 346415 948740 362992 516565 292497 163708 112099 265976 382777 188588 709867 450120 936098 858147 228227 381053 105693 982327 889522 596141 671067 875702 670927 546498 45002 357891 382703 310498 477485 608430 706216 88973 236891 14708 202719 298164 23600 360763 904778 833101 543783 725770 252505 835236 510359 54254 625327 213501 303770 329035 442763 428566 242323 780066 668825 74581 917259 941356 681347 402956 910572 683742 523253 288971 918400 389218 245935 196403 540693 258031 4477 716938 429227 755881 331641 273398 511927 516758 783564 886267 585883 305263 471765 776578 143888 540701 726007 53680 348409 405998 529738 195175 254791 224483 395195 16733 711748 248346 8264 880169 378275 772650 484482 607540 429054 411081 526180 919679 30087 974585 264313 582138 924414 740506 88113 54401 492 463905 360560 809627 978999 148413 682180 33534 71531 742012 227422 379321 323810 250617 252117 147040 573818 13099 344378 905805 680843 744375 586800 873824 743421 177559 50916 347311 735122 537853 23759 616902 145137 170565 340615 345234 136876 608201 833883 263722 974531 3191 850498 723996 15732 345787 572072 61785 109860 529005 426271 135916 732891 219750 434342 948824 589957 365876 290395 62752 358019 560324 770312 535907 541533 564644 487802 870621 243776 2445 643859 328952 243327 916813 412956 280226 1132 803579 735539 651491 761396 627680 988166 374397 899550 14007 4104 236504 811879 533731 709797 946934 810709 684202 503582 219942 733081 439001 952643 804407 607749 945860 636052 253307 214465 772897 146512 65116 684753 328836 432976 462178 739346 774028 818244 508868 629235 971274 814506 646911 534793 798761 334131 806185 925529 284056 9727 281498 805903 315608 651455 82358 370968 187669 327926 114583 784160 338069 576820 589495 290648 506261 359274 538233 651315 685050 634488 399163 82809 931618 501145 455217 589550 36873 398852 468763 365509 334276 900636 329726 132309 444153 296066 358554 592720 48073 197090 926311 360050 993964 442950 600467 214321 892315 196636 763412 848044 849177 699712 908139 679996 376331 276616 206084 559626 81415 87702 400597 567737 519810 185914 630254 236689 193922 284449 389723 997908 425561 182757 774125 415914 799013 883230 383907 119914 802284 422928 358066 747786 353425 221371 9520 490308 644456 778528 939863 977476 464505 110344 853063 666015 304632 990053 432492 502329 353552 381823 18861 394657 553849 679428 605931 450009 269800 133793 229800 193413 744734 748688 86730 839049 799338 510636 909585 172761 380722 570493 635143 342213 636625 694061 149608 445118 151377 684595 406836 121839 761377 5720 821986 61138 958658 625403 960834 342840 770352 917783 723257 478220 558286 554281 960846 109501 851531 262637 585566 667143 495877 411891 475438 884018 70267 128718 475595 219652 262661 50691 236678 483763 704384 107036 707722 263730 883503 778374 391293 601516 80983 555263 548835 922109 606413 506594 772126 168804 23244 7258 577194 906333 488272 958417 915953 524431 148071 547145 998948 6132 522835 389207 493841 842923 899191 170315 314411 856059 910033 778306 504947 815317 1738 875131 305004 977804 438148 830280 788985 970433 571452 872154 555367 124866 825940 562033 858825 200946 53895 578045 129672 356540 77711 453901 95799 146875 565450 986543 547969 924753 793280 293 775080 11181 479932 472838 308587 584456 805290 633348 188607 314083 342410 646427 757613 44905 462087 692469 75975 880101 814723 294031 715827 794963 755867 751422 746361 173683 577673 881574 632644 865813 979270 739937 583976 312329 803725 336431 407108 682124 962699 65851 335498 773575 314827 520099 669513 891879 43901 820881 70065 170109 680525 740012 828151 842629 330875 325003 767786 425484 439794 666546 599529 599370 688548 768797 706735 563781 796906 231842 373860 237755 795889 636493 376595 230357 868346 608545 83194 677866 513858 353858 233727 958932 821379 180684 477969 720534 932522 335479 754729 861001 892810 216598 249418 965807 106016 609672 470674 42721 865112 460445 993627 728241 245443 416912 126132 715790 560229 955468 971085 453327 664136 693159 847643 904331 112310 246363 196246 816726 885957 231316 141772 377952 401056 40333 386415 827564 169809 654593 77191 522555 311505 457540 654517 795079 599164 331010 51427 679381 51404 403737 743476 237654 318579 902397 247221 322857 88710 804001 488641 357280 807364 542722 565502 763426 170271 315189 458364 866437 972361 856972 292714 292849 812071 331807 129592 525047 207845 945952 392843 638371 990806 947645 604998 49338 909105 521782 497417 76541 9788 774947 643999 556818 22389 424116 931166 868563 505970 898725 642793 284594 986113 949910 557513 585951 390659 384667 104937 90330 138885 639401 706128 259258 490699 850012 385068 796051 595969 510323 917337 831154 978800 688569 146713 344415 570125 191137 949419 100446 235574 504195 769937 142357 35792 709159 621597 803460 801423 60605 338884 927434 560589 16257 752836 614607 285081 923407 282941 517796 854301 179458 680568 647818 505085 493550 61926 454816 612442 870342 547882 271978 309373 298882 474853 834417 540012 371804 264455 921980 793521 176900 118929 906368 347486 217580 757632 884871 477783 567267 111451 30765 211528 410470 422263 777753 648827 184201 886621 471120 567134 483008 203807 859452 784135 17943 263033 327786 697654 128641 824706 793285 202910 651951 775033 218953 213366 136002 707063 436089 108791 640816 618431 272194 766587 916201 425420 91717 435859 945337 900883 685366 720144 639258 761250 347126 827412 188387 101532 905408 576577 367660 359418 940036 25079 414237 777125 469101 420494 11708 126867 421432 723649 110815 130250 863175 131350 597082 648433 341783 397892 362179 762222 632067 769392 96286 751114 791723 881699 104408 72410 143726 543115 115806 476776 31729 871264 714123 740529 392441 927705 314727 36589 107785 633847 206033 742063 603170 681176 498296 251601 88069 24378 142116 123468 703008 350806 330532 112035 22561 150207 561388 928405 75352 767703 931440 302030 755887 763596 658733 870529 750194 625212 971191 571187 100631 595699 549100 391409 50314 451964 714541 971770 252519 56750 673519 397951 833922 203682 34641 184272 194261 282682 161391 288584 259911 178109 383474 758207 974019 882805 768610 900445 83115 847816 114936 479909 334321 183101 771336 548877 879571 452757 486167 934920 210530 463170 453132 168359 979235 92011 646813 321017 99868 999586 376467 826329 613361 820766 2306 296261 64011 748980 438849 169037 726875 427147 442795 404298 71274 948289 540424 175851 143799 352420 494107 704272 790980 723058 374200 994064 464892 145490 35669 194517 650016 785521 867310 771595 666929 302167 159837 676103 944234 703891 130058 212086 534637 584866 429233 800242 892303 874159 766066 392244 623761 626754 780892 468053 728498 876275 67873 357995 449577 423809 896217 649152 19081 412391 936458 557194 135902 194766 875739 144517 365404 188466 678068 583253 513756 485193 609742 144984 277344 409785 88638 210818 141939 849811 12372 23100 174421 661063 429709 123609 748337 371715 708151 137034 174629 512596 179257 315114 844490 223881 57294 600464 263 5064 256945 98045 708635 7183 207574 856983 63614 751924 963168 284835 202772 468126 733978 908765 293635 955779 27767 912751 44625 164192 898484 498173 415437 995720 16407 516612 227070 327632 545947 427565 589870 33083 56750 685967 740044 629322 271055 615517 724669 750944 943963 597701 31569 130777 673948 623298 236856 27200 286256 522906 512612 26718 328188 328203 325638 447651 364200 127277 635016 824059 546170 657209 961488 123011 67764 529018 899965 121608 776804 866043 949239 500463 804546 196935 545715 863350 328583 655795 870548 281962 646558 705088 590056 835303 225839 140111 302042 497829 798037 281129 558067 912444 795949 229492 595168 662845 583408 83523 231439 309952 21354 211218 519362 880030 456042 901532 566758 79351 107626 766319 676636 782544 110567 464994 821365 259762 99251 147871 213487 339975 222024 502352 592490 666126 24580 519534 739978 12183 212530 860255 996125 883310 479184 506628 404709 968 960570 480937 178859 234692 814106 542299 624450 419003 458612 357528 607921 841722 676372 797849 968383 56580 94738 388002 226935 490390 442758 545408 43084 638829 956193 436520 438760 604842 439939 12081 343638 943750 735428 304133 863712 267832 686645 408186 701390 371960 489794 524487 550270 818065 423770 770269 954179 64424 199444 46398 371845 717434 826061 168845 614625 565395 213970 565513 95582 76073 951455 835497 749914 714633 231635 161241 620233 454913 233563 749068 588139 216832 855627 903825 341905 726182 13369 941748 246277 518009 253366 378148 668536 42345 402478 145131 553807 90368 331661 938663 825842 877138 795431 208842 935202 803899 379265 483472 397997 836994 42144 369857 436575 970909 237807 842323 754581 413467 382582 875385 161957 396686 787831 381419 881049 285725 395692 820825 750107 531716 118567 770561 803951 791809 450754 462706 558942 651824 1202 590824 545459 18250 924597 455293 514237 201203 319258 360985 669177 806159 911582 100689 660304 812096 974801 661245 904421 899179 363863 56543 113788 118536 226548 310240 608961 220117 792031 845718 162179 998982 965203 801112 766259 743497 93358 433319 972014 127610 753875 214353 52831 845662 288615 323551 691690 505603 822811 199509 454855 805631 450913 227278 405005 783287 943881 644476 940569 513831 698025 755707 67459 551058 242440 43663 640365 383091 857751 815519 683430 237855 548274 615386 103459 539550 629331 118471 993214 408442 694910 822150 304654 258769 402254 258936 374648 750768 422662 329230 671656 759693 926757 214357 522307 566514 933480 140076 831424 187191 387175 736947 322112 68214 514238 905225 561234 869477 886472 211181 378217 382305 811282 465168 554474 957413 582480 799069 335693 998747 880947 29103 506003 763727 187802 143626 669001 800938 372263 531782 774746 778304 412830 186344 218423 882619 96235 275322 697002 411146 930630 584677 751822 45994 704407 810207 771552 131210 679713 331575 733028 784849 505008 424279 351469 243749 964975 976974 332598 408903 142593 639114 840962 103103 122680 283763 305717 859502 968280 319288 421736 178599 868515 663744 215102 639443 779379 874362 983622 993790 50556 679002 20106 135697 702857 865492 914902 18220 277696 608492 433162 621782 53013 50723 916433 139451 708442 632413 255145 860019 233706 708595 453487 875330 274431 609315 428739 198950 387209 637915 609929 601705 902284 940844 468908 102634 437753 712714 100143 436474 465607 942675 751416 579708 252605 509651 748280 721668 508045 180074 759995 333879 708865 698708 248001 886097 739934 733973 122949 706772 985534 803433 982752 864025 159484 685388 500378 376726 111520 528486 387485 136770 432050 364163 827389 826482 594162 492194 222887 290281 762881 445580 783602 77243 965910 338572 752956 660560 561363 310345 679504 132680 5940 87664 503532 12264 842825 689052 583761 860897 912197 716457 186049 870058 894844 66714 452099 863970 440434 49935 830817 787888 251837 126410 722253 699464 168395 704037 96160 193874 587429 754822 287944 210729 408478 687390 146517 257592 641703 102792 956914 505436 848104 649486 357357 180470 435190 714754 769524 564492 879809 835505 602326 534775 241318 720179 346563 248645 704434 804108 432563 4137 120228 843212 165875 353385 952374 284018 129928 343797 575328 358372 860003 983404 855146 974868 339891 731704 155978 70801 198847 272535 286555 887598 690782 15132 100170 597513 877209 796414 653543 190711 961207 403962 541303 219725 181370 142824 279968 300451 3519 371452 147463 431368 859508 125037 828868 144997 599041 883775 881624 640492 687521 965909 899976 23123 786901 969499 738520 653348 209046 386172 855962 245029 707242 776377 5961 818770 783043 321084 363656 573524 960007 380886 759236 581056 59377 382796 613601 723057 781037 902442 80922 995895 87300 420923 423453 606795 889072 153866 204274 211047 685819 369908 691639 262502 749283 981056 689370 381688 246967 679675 180100 766843 800430 146241 480293 584520 294272 360029 829852 566946 480625 361841 204501 663782 225322 854618 205461 61859 615391 96212 260362 494908 273998 808124 506417 677910 48420 648278 760126 186482 807110 148824 98863 503096 662411 467356 384161 422381 946601 723895 146488 827706 650163 45490 732861 901545 76711 854168 767740 729868 827578 81313 116702 927030 571272 175418 836 548620 915330 161619 84739 141269 873585 893193 857868 432091 356425 510410 132761 224336 286806 59660 517959 531851 645633 13368 302475 961237 829324 128262 591625 302703 418275 107898 115175 787538 510674 615656 302159 566929 855827 741713 929700 455129 570694 125881 833508 314919 380122 43063 547376 444679 754363 311617 135111 409419 418330 871895 806066 399983 156978 933737 267685 550001 549077 72248 180507 687911 483372 313842 579004 653763 244175 537680 887548 569466 486941 825351 217939 31167 50289 830963 775282 154041 816799 730234 354340 507326 495978 370386 194518 257802 766148 931316 641880 572826 651269 333788 272540 315624 170209 607577 853296 485062 245942 850986 7811 237030 319892 517783 490692 989069 532039 908792 474911 747575 804114 18023 577568 133057 862462 80339 875760 525318 701194 707122 631984 782053 513501 916809 467998 881348 97263 444985 988205 674997 905931 587740 76859 929398 971407 984524 773744 128138 135979 82154 768311 55898 672920 711277 501020 328060 513885 22371 535643 372063 804417 695556 506161 87373 977588 442551 617366 103442 582879 785444 196182 34615 667744 312839 550082 278473 18760 877815 700236 484748 5708 510395 662933 770770 236771 783936 811956 49657 752273 273653 348988 384641 167724 757916 512551 654054 908821 75134 869275 880239 606063 555414 365025 841187 152577 27786 284554 26951 360077 221691 28012 590996 797695 820954 198686 607944 252408 130701 599955 716392 875763 775754 371714 302374 362179 256629 490750 348339 867141 848253 403696 209872 461331 943658 278154 112842 569389 42863 832565 988468 415621 285077 821266 175109 840871 310176 721325 236340 391540 713433 316946 585573 899649 122000 365909 388338 615722 886214 244773 129376 923850 889369 677138 424419 110916 214217 722884 205370 757172 706949 551428 198466 229926 97215 812961 952550 951369 573600 441679 270103 659240 177624 475496 67456 821727 91404 613890 176057 469449 632083 87297 812486 374679 197453 41285 527660 795784 99200 99736 941355 568663 905270 434986 558709 606767 721331 304640 241904 441312 727053 346257 272728 392384 311271 372512 413481 273015 921298 648194 840669 688264 376722 989687 541406 182650 391468 962168 286302 459409 397543 406643 191745 57704 303786 841184 190498 417012 374660 597427 940427 272374 985601 841295 548005 477224 597707 224068 861885 15333 338015 496280 220104 319822 107315 253971 729015 501552 902178 364646 999024 41486 443685 53799 624814 517705 117359 793771 706383 26870 489181 665227 100666 277004 923400 794969 6249 951371 423502 960751 3536 254370 11975 961009 944675 746665 939916 447363 85787 520651 650569 899352 907056 400805 480941 802099 303892 765750 928578 502676 530154 800416 19675 15723 655136 244672 598172 616688 356937 438046 8759 385017 169269 73450 546249 581506 455285 866773 742880 568551 962001 70029 745861 382453 516064 278744 972857 863385 291517 468806 969090 429419 760322 512434 909891 127485 6190 182300 923058 821515 672906 908886 884643 906912 618329 521332 985921 342988 339725 771831 678694 131325 445216 775294 559000 475203 89632 994905 255413 903493 79496 612011 73970 812315 899530 884595 914187 744916 700081 126234 154027 167704 947540 237049 65646 501369 150102 84703 307274 119934 203763 916933 463669 683572 121410 972474 242159 860073 805934 844713 631502 818695 169845 812932 81265 117298 994168 351619 193894 510911 838161 632736 749271 864319 609656 722513 947301 93023 591589 723207 171844 142439 82780 41611 467473 913733 913541 928594 238431 987269 917908 959688 204035 270318 566071 947713 587250 652205 307397 811074 976810 859603 725749 907837 426776 972876 879787 373154 893949 987365 829316 996320 673988 666292 800487 62320 173491 472132 985723 175961 208453 335040 575226 642228 773576 331695 920046 762183 156276 501623 565238 829776 604361 99443 67098 581896 280212 668539 607649 980079 551498 577089 286264 248932 22426 513768 457035 734086 722321 468959 984278 466697 724528 700851 707695 725684 244516 323204 876305 13689 499522 703409 399428 208548 885510 551802 538708 393514 24728 484173 788809 464728 965113 366591 326036 741428 566969 596156 935029 358948 735530 275642 847193 293188 161615 119128 648217 683275 895605 216232 622051 316145 505033 134455 874303 688969 316061 301639 243061 562256 682350 167892 379181 737587 879597 962818 524343 448329 470327 554922 517126 151661 997982 196989 118251 960918 23220 745989 372521 507503 733683 802386 801683 717855 35655 698513 615861 535162 22429 947264 390107 430991 621117 150392 874246 898906 210448 548139 894755 177587 336263 879639 262034 89180 791399 946477 610814 645566 876307 930529 908038 718263 74836 792379 841957 326504 510150 512027 935763 932348 572761 191929 347212 395771 598851 898192 755173 35279 21800 812505 741885 735647 752801 704159 162106 786613 74136 855216 391321 13487 686579 81392 859035 49076 672854 818741 720602 863540 363381 338155 608933 463179 137297 394015 834759 494566 142389 103798 744035 35763 644148 248268 548218 92570 661813 731102 986372 778846 356019 506683 535790 240980 245207 226730 624790 352136 920804 210425 377586 272244 992875 146203 953194 580790 592416 411714 588234 54154 60159 470388 669249 935572 652198 482530 387115 355110 66576 516452 350230 417469 750304 832526 994374 28843 104414 951323 484892 506256 191977 642358 291834 281939 689963 57761 349389 735528 176360 605974 520087 563070 778589 682707 215182 624444 245070 721320 873567 180058 610585 273640 832169 741491 962593 137173 832569 234423 116548 1223 113942 358143 326223 920431 8080 20868 108785 671345 783747 334514 624556 385589 402678 109676 362598 772024 754373 806444 58683 96884 753781 527571 6151 610732 255293 596369 353729 791791 351274 387253 804725 14847 657821 45141 146445 268399 182050 588970 972762 976966 234108 362 259903 665497 738549 614037 229313 922048 464251 947693 162047 495987 514429 911757 649279 64039 551822 866837 776602 351051 2317 358027 70193 273113 645214 891510 634822 341890 109166 902436 132884 727633 250961 816195 328236 984706 935968 131794 943113 738415 137259 461947 117475 245489 710066 582952 552517 221058 532367 609162 277885 762821 882502 923045 610138 877028 836802 166047 625124 864342 192465 26841 533305 294647 245293 781479 657077 498574 91703 671801 220770 422459 540806 606053 505635 855560 435585 567425 392776 832542 496164 204643 499391 251069 779587 954896 536952 818170 314798 829926 11835 603450 632000 707800 207161 183208 768960 445483 331426 492659 155866 445595 576456 27761 670463 83713 349436 468005 11073 929629 904570 498051 255137 398361 374127 281411 400873 877494 516550 644004 160505 919839 203681 715371 501111 118728 772305 202566 540603 342628 747677 851234 258641 299251 231030 101247 240231 187399 368963 41257 276521 788198 455919 695011 753394 184940 904352 970436 339288 129281 745739 138416 371419 427497 698599 904108 371778 796110 366479 614445 839452 860552 993331 345412 725579 664823 756217 215662 164012 163229 804283 534442 544467 920081 149568 972367 528767 599515 92557 507845 388518 616888 63843 546982 232717 787106 953039 110922 34308 659244 648236 73977 560707 140069 945724 519407 679382 873443 892295 370811 857659 135916 189132 150719 241506 532335 386576 507687 81904 343137 708728 470162 79831 992146 706530 539690 259089 438413 853818 308920 4313 200930 866036 323563 716665 298273 960468 699818 142595 891054 40986 18012 755240 840383 248365 877550 947953 824838 963857 929094 337107 976515 607027 277163 764742 670908 799269 936214 99892 663327 39420 144174 706746 875383 965657 832378 885126 494218 532308 634078 401388 985566 622553 692557 444533 671743 501949 890359 356284 280134 965090 361961 587275 640757 867227 22783 495914 698909 705556 345238 420308 910732 564469 245466 167923 167213 385547 466761 873716 126995 18089 806992 343371 146453 616829 395205 553087 517431 635116 462440 18270 345809 790433 883615 960085 436849 647288 102727 926252 723439 736271 673524 304052 370256 331066 676312 363765 858997 452359 348968 618615 835373 721451 904128 453648 158862 385120 412237 329160 162165 502112 445871 783925 235774 995295 227251 758463 297873 822500 56261 759172 323794 600411 543541 85507 686114 433725 343064 204583 509678 640575 651404 732237 148368 406128 404375 160713 416670 22780 31776 548704 516784 885765 175279 494238 224631 592933 732741 764431 337449 492191 765273 363675 980686 109068 267481 12318 967058 525440 359103 399147 219917 5383 526080 988760 598770 989302 788911 423295 383609 930331 109348 188261 257126 405576 141194 34445 309485 182826 276450 449049 646075 204651 724252 302427 141338 374639 862695 871711 135199 332611 775754 831212 631982 407589 101500 719576 529461 173378 819441 505855 6670 513904 529468 605171 280920 494494 371955 821861 198849 374872 813126 219281 821103 807799 453176 49281 80473 604148 408600 786873 791429 490753 671880 45516 46073 40609 547066 413284 546739 625646 302187 428239 431606 708019 972431 866070 77295 665706 103535 789770 63351 309832 870761 148749 822314 8558 438061 661164 86323 433872 750620 762861 988292 831450 891781 362936 455595 220374 800822 286792 46774 533521 800822 445303 234926 661293 899235 299191 411649 477518 475954 237341 219167 152310 425384 458275 668570 129508 50583 775709 222126 549304 78638 408106 158009 474868 897798 432540 179143 948376 427749 289271 698839 388501 618708 258629 885089 768537 113141 998614 630272 23389 996557 986059 506053 160005 860088 527518 54399 448243 749715 36058 6729 865966 360617 214348 695961 655019 154023 795375 426924 333035 828995 939592 954627 158800 382182 618913 298916 44071 313523 549193 885109 89439 978410 444208 428117 86271 826975 117529 150206 792046 27590 989437 948675 439799 842826 305354 845663 898662 306469 785499 219667 386140 309649 704376 80575 944145 396240 279336 723935 774400 561572 96772 459333 50425 250701 27777 394202 167412 901687 884793 907247 458392 938186 887636 9102 837022 151043 905050 182722 16121 106298 26469 396437 168913 637638 752860 63503 642953 743806 617607 24094 301015 184115 57883 657801 155133 888246 991328 484033 924522 839506 414010 441410 937962 216500 942737 930746 346354 854443 371163 303193 667528 932215 956729 850899 89632 445827 742702 492498 450308 873115 688622 519200 445233 732360 352914 222067 472762 544190 179035 882334 314561 928108 276118 356171 821258 262130 603860 869516 123848 815132 829398 319778 407338 97913 148301 194165 896350 515272 901972 162146 873111 440735 522209 530704 783954 672369 399883 200425 100281 713050 535239 276068 260774 279320 101038 636947 18060 93419 547472 666526 138271 170713 779811 33160 485842 799564 392002 624922 955179 994316 11432 716294 959098 419514 657301 109282 82541 298777 277631 672026 939154 79224 655095 504666 631553 652219 63925 313867 659960 468292 862448 89159 456481 870505 37189 341700 241643 576591 943122 21199 188062 553658 815712 258375 556635 313643 789875 402963 670370 120839 771643 627123 556166 125599 497396 22095 572679 297233 867988 94930 632686 536461 720819 726872 503304 72300 414093 701109 802342 578931 921224 919160 807534 656565 893817 724056 846365 712242 736383 159702 598527 916321 442453 706752 511536 654044 112496 460406 283829 483304 853224 107283 207044 633199 132969 337314 401034 439141 827878 803046 546893 804267 919138 614142 526608 607732 86777 299705 902715 191454 676074 807783 1893 805346 805974 967919 912282 89450 195821 232711 367926 982811 121391 455453 921864 660565 565433 470280 219235 204967 351173 274842 963122 898714 409151 694913 139043 901113 410525 121702 469913 65857 513725 110058 855871 754150 324614 155774 973805 817486 512691 905513 840101 443789 446248 513201 146796 535063 163179 958198 234860 846990 703397 30172 132797 439318 719220 981272 672152 263607 396870 589007 226155 14836 296333 681709 806902 771242 446594 461825 613540 991479 984248 838140 240701 167948 172217 957057 250587 224096 956994 511387 487808 579641 962532 89935 236646 527429 830717 624655 139617 754296 848269 62979 524057 350225 568292 622779 569071 997139 990627 112520 395409 721340 929749 403365 804965 620415 146351 280002 676025 949935 947074 928758 501077 328959 543075 594681 438992 616193 130663 242945 214885 552255 880808 540139 522114 202222 101213 953682 834953 594833 310926 559854 488157 743761 682844 226948 306281 656390 609680 504948 201355 205309 397437 863715 850764 219892 439232 624929 758723 522172 485340 210773 703812 629428 297313 522972 545514 790939 628429 560946 946355 674920 537218 822655 917162 3491 799078 305284 416981 401722 384536 633585 937440 280209 984111 975899 567577 951772 938405 829966 439701 339978 86565 392890 466116 783990 832211 660835 553775 135790 305039 392919 401004 265137 999558 335212 462407 980798 230197 843972 501679 689291 341385 438494 277837 854647 788128 437528 140436 211581 830756 467032 741172 435554 679733 835747 626778 24537 408920 13812 644283 832072 103602 600240 677145 459579 457365 320452 451745 195336 189022 295466 201544 661613 793987 96760 993769 163814 186895 992937 313474 266708 316553 458513 547895 235955 110435 811898 287162 341234 609919 903196 179239 644551 576838 728298 633109 49992 672076 262496 376276 722799 976102 968552 120135 923895 942085 924252 21820 993721 677970 120938 542193 292779 747312 873742 183442 345029 439577 63213 28353 491177 311535 27484 522251 753368 386021 267986 783599 902202 653557 364242 927109 853365 925025 748003 334165 571310 131545 459169 968021 624309 53322 321545 908705 547851 922670 51285 258092 907940 957764 866658 678415 492439 421000 35977 737700 960495 142728 417399 568290 225101 660679 42120 505748 771656 676895 292828 966747 621442 884367 424600 221715 838904 153572 242989 724228 408945 559055 304836 864422 80557 378797 574615 971795 655097 11269 427557 384273 345910 544562 81890 437126 121469 876611 680198 866129 256039 723810 985889 754772 191037 771921 308286 583204 183346 929488 660838 52791 984308 73093 754948 864063 99536 896955 786779 749095 12247 709855 554755 718909 998730 304977 462008 516720 314055 115646 726685 629540 663959 150313 783589 273050 119669 879066 702438 732917 921656 622779 152417 26143 606792 280814 293526 502252 134188 894592 706183 239880 261865 697866 357270 505665 445880 200327 425958 770849 914923 8227 51208 1904 395883 449554 951477 470035 887770 274707 932543 279896 774491 512060 205270 850504 864245 296215 96865 413735 67597 53981 164193 142536 670592 287675 22258 214550 519947 496415 659701 237565 760444 14095 363860 998509 346068 11322 47223 814535 222827 470700 707820 32709 883994 695409 40511 442090 243755 669297 448492 114984 213721 420177 296817 614509 571734 574633 394154 504616 409444 905020 277164 258228 691209 326048 352320 497740 861373 471424 877892 662098 695279 840589 570976 30921 169826 936625 248730 619980 355295 348469 930952 873862 709480 960572 835347 686390 316546 920973 714478 773278 706151 772764 505602 963295 565406 637189 919682 470299 144819 71870 717850 246504 188870 65049 200146 575345 174212 432422 219551 116490 622809 764600 616232 999337 908764 912718 772351 29618 184759 784310 147360 208254 466352 965305 519378 74228 965292 991452 504513 194963 679426 455428 66693 31523 685030 930100 525146 45186 367768 214216 20102 40994 180730 512008 231898 674936 137985 646886 421308 746297 769703 87334 153185 777167 197419 632185 279343 37550 863577 149759 189958 995758 704249 556496 25580 590524 850910 549170 983512 502993 909993 943673 987208 714901 670599 776334 63760 955506 896674 162621 644888 820758 493773 365159 306683 303581 425030 639745 924070 50322 485966 511806 303935 883902 638316 717847 287350 581912 830331 681016 694558 780333 424604 551276 305951 780098 25962 576446 590132 193295 522925 202332 899577 970632 581280 270982 994977 12738 595081 715204 893238 388150 618933 451635 589433 696431 303997 328362 701509 546598 291543 277356 186728 441316 254499 244807 507532 159889 621888 797234 221971 662002 955273 337961 5807 886966 452233 140075 252344 855404 527945 886024 319836 261715 592305 72109 647079 919502 398287 641168 442133 562888 143762 19420 374804 40932 917825 873193 276127 577685 889266 384796 332769 982509 247354 787444 655060 318145 653542 762026 880680 529562 583176 720730 392972 429046 1679 821531 315860 434566 889184 13216 774878 366494 536275 646303 971140 590272 676681 7909 617425 723909 676102 611678 94403 953251 656305 549882 990307 367386 133107 179525 418117 276306 568145 526738 951448 464118 226544 277893 559079 54860 919311 424437 261933 710474 573559 585518 288369 117393 712310 6924 749128 650029 86178 650749 665481 920283 6225 92327 306916 725147 142726 38087 302390 486910 356086 789884 650973 631347 168718 931698 554036 113003 26065 981576 994962 491780 963723 736143 178201 208823 378184 967345 464184 766674 863920 569117 287227 857373 770692 651696 658885 613646 622760 812112 111179 594095 735914 140377 4243 389947 709356 714075 878770 288727 246319 16925 434605 888178 993329 218399 413 401654 221907 204876 120746 548560 964425 697144 564257 322069 833033 800171 773293 5563 32407 612161 39136 930793 87160 830417 862804 265991 752510 619656 226535 7247 585415 199321 739044 692523 800900 790387 677034 773396 616923 126839 298683 193385 816550 86925 696716 400513 903794 995440 763730 779804 539701 687470 904180 441234 988909 987060 851392 398970 72489 713407 889341 403419 750861 321913 797827 18429 25351 453581 90375 965185 896120 735826 904299 247184 337860 785556 646555 198499 79315 939231 828098 877506 110172 893935 953458 819345 736284 967211 195857 312424 898250 644495 992806 311382 623070 156567 566031 860727 31902 805249 389413 864411 847319 646141 12688 339544 561172 681756 975261 823582 722603 762731 423466 797248 544001 642069 369232 896583 244732 864529 79156 508412 499189 308826 554121 840616 686638 168660 195203 582945 297169 400083 960388 284749 381513 733947 671053 84288 121943 478589 587775 942877 331827 393024 540019 549438 822688 213641 715472 634573 476276 63082 43630 925564 552482 737435 328602 965822 672769 113628 789612 774244 616774 420418 205474 648812 414037 331030 652371 753946 455617 552857 487932 459560 507816 507150 698488 892842 928927 641023 663372 286050 859418 11140 176683 665048 369082 442699 891901 697799 738712 91858 812963 610414 9554 528382 53551 661522 855790 718711 628290 877291 268343 762332 87223 400748 149158 486577 305664 208630 889541 687160 113221 854274 246990 555962 528481 809739 721035 583342 178293 842541 662744 556290 599413 356059 911229 643064 645754 247836 261221 960510 760910 664758 385025 835249 165515 42647 284701 460042 761267 358798 965508 370600 81890 903016 338511 575369 323922 307821 886315 87091 15838 647900 246073 548715 584317 27976 283603 259490 502866 574805 662669 900440 214436 179083 490483 148545 945693 423053 112066 25199 173114 838996 951257 969797 655060 822722 615771 591149 409737 893161 428916 817733 68411 85642 80855 100641 316367 735134 437993 41683 117759 741385 129820 255164 790201 771890 872140 269585 310336 911517 96070 160321 52189 924593 586944 473465 374681 660909 91984 714940 555107 297168 974989 508408 609444 811349 703981 988072 666186 712727 395577 235474 756997 445952 169588 861457 103704 692087 947153 811081 243418 356123 532872 147109 207083 104001 157554 259047 878544 267435 537258 475679 50531 20023 852108 848934 720455 378476 965542 657097 918151 359470 987571 873116 283482 903108 211895 825366 616092 262904 843036 880981 264902 757154 315950 988042 616908 546128 883283 973772 373718 391252 834540 691893 586967 503577 805019 17082 810923 95370 377986 374128 787342 929381 593018 965650 142360 197118 472725 157230 198008 962754 566808 762004 941177 823870 621102 731264 275927 227239 26352 577431 367797 25225 768707 575602 555546 26969 968897 314017 969630 326658 958180 516410 19252 619129 465173 872774 429579 762407 887907 239288 278039 405707 697431 645613 668773 666211 950224 723777 446250 340137 519768 397708 5438 708504 834179 661576 171301 944331 212623 59169 5031 111479 222901 764764 172607 233189 465610 571963 852702 383346 454343 482189 812494 452801 525920 327073 542768 886888 213290 503726 414134 675582 406068 357448 729129 354504 141854 645383 263871 445289 559396 793637 100330 327326 943382 500184 267660 947771 385327 138652 605106 805395 206211 958091 405756 233441 268822 280302 946457 568850 511317 707469 505405 227226 372138 109081 940674 411392 211147 569560 482445 970981 147189 897193 616024 872352 112732 623049 290054 612921 834800 345649 18781 323100 683769 624021 605517 752500 471433 936941 936076 454442 295661 412914 946863 427280 534464 323480 179189 790748 952491 7524 676421 33890 689553 309521 435271 245970 855165 682708 66521 851427 315923 759679 167403 166004 75489 775085 713503 185635 177062 563349 638810 277275 977832 389847 960896 489174 429708 565675 184893 861209 548802 777470 244483 708752 692353 979810 35832 380939 581324 449514 516994 177263 677635 618307 465268 194316 231305 568353 216868 677370 966415 820338 228606 216134 8665 668564 302609 320079 784340 344751 648487 345589 368239 550963 168383 893934 389576 758377 723254 674574 326007 561415 731270 52399 416874 173625 551683 152984 948288 342755 152112 858734 798897 938964 980874 52554 114402 973889 733234 304516 226306 548283 170592 256662 118750 640567 88045 765332 447229 712541 539548 118703 594102 933300 355339 342182 165070 996550 521335 840052 519513 413985 360403 956006 807121 212571 282992 779947 364264 45364 956710 575423 682415 413608 864632 228504 310806 354439 304269 709881 644188 80010 997332 980195 605045 174382 130724 904697 971931 125674 688814 740326 67887 727983 840217 629233 999223 966492 370616 358720 943234 428036 168730 138957 67809 455080 722843 740690 145103 977236 967567 146449 984794 221315 402204 826055 381330 947218 405156 694329 330596 208266 183352 840143 953145 994876 41443 180951 27563 50990 396390 358456 855656 368682 556808 983484 246864 727885 219621 210265 281212 394708 291797 221227 130497 934852 553072 561435 772973 867809 878823 530156 814805 683614 540299 955534 876181 76117 134531 341472 470890 576585 488250 114001 470503 88111 623700 113431 365670 8697 30011 51573 216727 263887 391513 505330 775201 899882 775693 126793 4772 911411 630806 32876 115132 392439 402185 689859 642469 276767 459446 543698 695276 706318 179935 183572 255768 814471 718496 662372 657536 618316 921860 726765 628666 534813 861340 767568 530542 263886 55168 167027 256552 871908 916228 505271 170025 580827 487275 990837 157265 849395 817053 678318 787685 374890 408513 597748 397619 745405 725949 794847 406098 645198 824892 561682 760465 959222 84412 507625 866563 522906 858385 39538 981438 993123 640773 322548 602101 108042 584831 288720 739044 498784 598078 160562 675883 95837 586679 411612 911409 639685 824295 225971 455907 639721 69924 208567 524566 969401 887585 502232 283924 492742 291367 886601 223940 745849 204915 46932 117126 776373 322113 986108 76526 260988 946362 327188 761908 187388 162655 488458 669603 455 865687 250292 357662 538480 705592 839721 333497 774033 962369 721394 688130 807357 847314 613912 566803 8594 330852 822341 955142 446034 700768 952760 866111 332942 646088 544835 327745 639560 464427 151542 528072 946421 379377 420613 425928 15395 808768 310868 316360 13775 462798 645961 676464 31877 577119 783311 427469 452070 543119 271541 594439 254642 377457 386708 805327 198214 811641 388654 115562 708076 972140 432723 389271 178139 979188 213655 917339 348740 27138 56298 418744 165167 752040 535363 610547 686144 971917 734170 424908 692765 163670 580844 453253 393395 609156 804139 797680 80672 528300 335288 605861 553907 638543 467121 47316 412950 509786 475607 678087 409972 460137 437865 22896 303644 875511 822428 483991 611659 426158 702397 603024 938361 386301 730655 443590 462938 343752 695012 388038 612799 641751 436095 972445 622276 830662 583738 589743 30908 171920 601728 905310 202570 567846 879030 730773 730480 477855 838804 690354 408935 331097 324480 940149 670813 900815 173985 318709 432667 810256 877741 596398 498091 983071 610732 228544 187556 782890 803950 819849 598038 800565 404985 915552 310034 142880 585955 475751 850922 47183 197840 998739 696639 31987 330950 876818 734825 612830 360849 535760 513270 290810 5435 53744 213562 5569 28359 191981 367854 669962 590839 919864 421311 851016 966514 673876 819416 42226 683579 365682 533395 495500 748799 953590 833234 477679 436897 42750 633725 332855 767818 93481 883973 429052 149072 925495 748845 642398 77776 760337 928191 207424 563755 7657 443416 139371 281316 842433 769317 348005 174694 245722 180662 901804 250765 51323 646566 105782 914557 695227 269458 504930 763256 885568 797135 92807 262060 703219 590658 435258 265921 949613 650353 732401 315583 737352 365101 461975 730867 328792 355495 344914 177477 147109 544391 110746 676715 955412 221767 507260 453294 375320 332397 400422 932039 117426 15767 231935 31670 670369 484388 709494 678063 586794 772454 833435 855806 182286 754114 252803 618589 816665 64365 944132 517988 277255 878516 190621 762543 411792 120802 400162 568014 399200 376548 379450 631227 940511 760035 290397 802360 579337 658459 225278 524602 973958 883373 735835 629337 145126 370684 800475 99293 527393 408277 632761 945010 389923 420358 284696 331220 588814 660673 929959 753921 601908 577303 515102 807689 174349 365463 808769 317026 960783 405549 696523 717582 112675 108079 315430 704776 667786 4356 960284 595767 414469 58115 309194 633516 251130 383293 813101 375375 878493 883520 45717 583560 25072 517159 909131 264207 374630 967498 867529 279433 232384 776010 357545 953652 526388 942127 345418 521095 508047 633878 261097 130138 243922 129308 562180 229655 865004 201592 512757 693362 40439 266544 749464 834150 676654 518670 201168 48353 452544 827842 924034 815986 573080 1575 317710 789401 192670 11406 874923 233131 404351 398380 779379 205509 578961 259037 967065 561175 815077 652651 606378 792822 166526 793428 704279 797745 342803 602914 406355 186254 1977 227947 437176 277780 787669 574125 315958 565042 678030 276135 39335 208061 541741 217680 435752 611028 513786 12709 804684 380232 785293 292279 316850 957059 40058 698451 156263 783416 656859 842438 787715 5211 834498 924201 141229 290564 687479 679052 623853 39665 84123 344021 662335 170577 3428 936399 173797 750739 135195 232260 670236 232897 470349 397349 243116 222175 1098 883459 989416 425199 260669 348149 716743 324511 805772 720590 600353 368011 177483 309539 168489 838687 261248 464376 294508 716173 312710 396912 227968 161276 398872 140891 83566 410376 317425 126894 52570 416547 370172 13354 34452 825853 482102 811167 293560 327677 4313 576653 817955 409792 576048 820890 556942 355588 284065 70960 816501 878000 487003 827876 554157 260511 438431 881073 49834 118745 966321 948175 442777 122100 628910 419241 173659 504305 379232 225206 545063 436148 829204 66506 105217 456164 405723 469011 265152 347740 485830 47015 84667 302888 543032 377679 401590 574669 758134 844800 613972 973237 646217 690308 739546 965046 901066 869860 18557 670547 499097 131162 584017 954955 43151 972641 78401 300777 675396 59646 616329 523301 57645 560138 437068 203405 158857 134447 95710 564288 814556 113714 171957 807325 621434 554784 722060 519678 51318 428553 522345 604790 707912 200136 238548 876898 116068 882406 951721 36404 405784 555173 594324 297249 531994 652236 415907 913994 448646 830673 70422 877188 448354 199990 212345 909741 881471 741147 761794 603971 795353 856247 319462 447230 34453 117355 870858 629540 858303 429603 377959 994579 463792 467677 709780 99840 386883 420844 771822 644887 397307 980730 926389 796433 276850 304611 517366 922910 374464 564633 281362 917213 770564 966991 678456 537638 377241 172319 807464 541940 743224 18135 456775 137208 487579 317882 506379 536617 318777 797754 790042 730960 334854 101817 971453 954259 838307 957089 67709 978327 862993 342405 380239 3833 882685 685341 640804 588366 484029 902238 893326 293333 371780 920051 657808 307231 51911 929104 259701 997035 511524 402483 936093 862189 21095 811474 815155 404138 495522 228018 233003 411749 761356 494158 209026 286366 824561 468977 133311 401179 598488 161433 911333 193871 963072 80730 133916 18489 50191 932950 377192 974307 949684 716512 822635 365040 986757 462904 656830 797505 28259 703639 341667 94990 813926 922765 436779 551275 737469 349201 702469 419690 522808 168422 942283 361157 442416 435117 918175 146802 661385 247556 180859 181731 512137 144330 509101 873492 323094 726749 898257 902276 4324 477970 680712 155931 2407 201382 365901 371482 870352 264862 207213 27532 172623 95827 863337 347744 60118 253277 270702 468699 912080 749822 609212 139489 596885 281629 489686 763437 580109 933927 545312 798515 889440 986086 262643 363976 390868 177147 30052 530450 323806 331415 25053 804167 918384 381655 674491 733953 950820 369570 790432 626926 39610 618992 850381 640122 396029 301996 510965 272726 894699 820254 325342 698681 353364 958782 816494 535241 794556 387850 91051 578133 95791 647234 225518 969040 752952 230627 702490 814994 777388 847057 443359 359710 779546 178680 745233 930595 385598 743668 780935 557343 409915 350657 286434 240964 211895 533519 352475 280189 365332 270362 505508 46045 991581 497970 373828 854351 904805 16647 895795 10601 69507 432614 927361 319439 249762 964262 763214 599763 561585 612017 647052 291535 444023 282962 138573 745246 849364 626373 287047 352138 692831 648332 210033 572172 400717 998051 795038 610370 815529 130788 176393 612660 165075 609538 59535 969668 662204 426206 656315 647846 651562 996574 918365 215795 674719 669202 327074 951314 325450 274654 609148 817634 971667 157524 899386 788262 404274 619913 311023 571241 667763 52061 329256 856791 831637 441438 412972 421340 120601 810740 654801 943638 474747 876580 600504 456705 222005 529250 712507 310635 86376 348271 20822 684821 906799 922317 302653 103768 898720 626473 593525 316372 320787 957398 925957 922346 329028 609708 365961 230484 420098 168064 650119 54589 593337 592399 51015 690341 660662 879037 873345 311724 865963 789034 115220 319234 409977 327210 757421 901546 473988 205598 144542 302510 114786 686227 835545 465453 980870 853487 355356 368244 377997 900660 953307 563036 283022 967829 857355 660068 805903 619431 34725 942136 521677 339845 243655 642757 844119 858301 420747 123998 47563 765071 653840 441173 773202 889905 800728 493858 912478 707899 744427 734215 257782 768279 549134 439156 401200 582324 244802 511230 424582 99456 580433 947881 820578 898813 924313 942706 429007 662532 472367 747411 380664 976466 595015 251663 230886 125822 370837 742275 491629 727659 74878 248528 117299 364889 241882 974240 465143 435731 834827 496502 354196 196637 95838 413740 142209 827152 901985 255776 551522 335220 635167 532575 24301 534494 457071 274521 951601 949916 482050 86014 573625 343677 254082 595274 636463 79504 41317 610969 116481 148891 811252 246243 702830 131588 128297 632520 346070 895985 625201 875833 678949 224236 590755 618466 436943 468318 210528 302471 633608 373800 167360 947831 565240 77977 412949 362792 439385 184475 853059 509517 637152 704673 508869 338815 733420 649447 273828 793489 298011 677006 785439 986003 63338 994334 588245 670291 452890 36581 575754 646990 866827 95914 558959 845703 720199 138394 754219 551672 917458 459953 383328 136088 710226 298682 644963 873524 616611 13725 184932 917515 682993 623271 765544 803069 403630 470249 283620 224978 214266 125635 111909 888108 243400 64864 419492 33488 726685 187274 205971 716239 143325 162634 44411 104539 198750 232412 926590 298067 98294 76512 397057 912168 427761 601956 395343 502561 454350 320641 493181 732535 105886 97825 53285 465463 901625 468145 667847 571782 229534 288309 564267 975699 717776 543249 863349 32318 976079 600505 131468 772322 853019 21587 650967 930460 818157 222530 595526 181369 883165 760077 546766 855139 899965 551708 374149 446797 433949 417173 453016 832935 803015 483685 460879 642673 797737 983315 54594 562037 84108 462805 205887 994878 420418 120069 198044 54964 494046 877873 291417 732014 649246 961304 93204 668201 125694 292881 209236 840766 302700 204138 866243 331674 144422 765254 137996 349339 348029 150955 311758 16309 377478 77488 269513 276846 450937 513564 201610 138171 122294 813497 60067 605613 491128 611356 163301 297014 719341 225129 912852 208066 166139 72974 215026 547419 804349 30241 501454 193598 725480 247304 28087 637165 798826 887865 588758 243824 22773 475107 321247 674342 610660 852853 351717 178990 595579 151357 219019 408316 510010 901178 150808 104376 214104 421489 441563 970042 397699 294425 91011 232300 329290 715372 635264 75368 333688 87478 524144 775788 243432 443512 135555 412347 684809 437498 361543 68243 727831 543567 868617 715505 176448 570059 363477 770859 964993 719917 80690 405999 695166 510589 662265 975021 346585 272377 482125 344003 867682 202550 528985 142118 211921 639567 412347 65843 145502 189687 404831 599102 728000 457969 823833 882531 139195 373145 43279 45327 688676 859527 619579 16561 951540 810453 934426 759686 831243 976250 622431 282640 491479 213422 224522 650049 999401 466842 625740 933652 470525 809295 173470 423437 258709 319363 772227 142686 62937 374096 9011 694779 138058 711382 352513 102321 189455 729639 678344 411957 560542 296423 169435 928770 174141 145463 478095 64363 807931 710638 591684 434081 50758 417495 444704 276213 622923 181004 340787 974886 811850 3679 444055 580998 897545 820543 760209 362240 752124 194005 127510 220843 33862 15250 788305 523754 482512 515874 443022 467832 703999 500400 437804 544107 420 25664 407444 36233 562365 955960 44441 902052 93028 698188 378335 49103 700876 494200 896665 475936 631540 569637 851566 725509 366732 386200 462580 309589 145906 95936 118328 732824 916895 659927 321489 78085 252602 479324 271627 841510 690316 642756 547048 958522 559854 287922 863690 3540 909866 786829 100784 846133 648893 958306 410914 941822 992523 862631 235665 7655 916271 459907 526898 214737 710515 8358 680070 229070 174924 594735 879154 698755 251218 921092 377695 681046 455248 595455 830802 657072 584837 880294 252304 731437 827564 92977 864625 861386 707254 211216 855812 100209 126588 244288 345168 717230 776739 83873 218568 578244 18512 813535 335926 321328 570351 162547 145214 203790 801633 255989 873418 61859 847634 175580 982134 391038 366118 800185 658113 587656 866995 238519 721815 916553 689012 56450 965981 507005 992602 981801 110377 446385 223792 511700 705395 644113 513383 765861 699436 803032 955578 541829 558571 175225 506516 89823 333177 735603 162847 732643 464626 325623 690696 318881 409618 323869 569575 222824 301037 190479 716074 772596 109928 409618 754502 624809 487278 869268 305511 838282 573888 733837 994630 109257 390276 394192 464956 340471 96906 630241 462624 597718 37483 866151 671352 756714 897978 486369 693826 704478 199968 149318 119166 393323 977722 481698 874670 462229 947177 443656 961484 449192 756393 949487 403298 727046 947777 759842 863879 418833 646019 282239 357351 982884 980797 585943 296737 505729 430161 758751 290989 217901 11585 398174 424125 274309 157323 746666 76631 21100 626082 35616 873800 104585 762597 428707 841654 58411 97995 417243 769672 834595 247111 794242 45663 791823 351911 503953 111669 709134 718093 828215 638175 470636 310657 856895 734931 179606 41245 115446 43548 649965 654027 626242 954205 798520 223305 915224 728923 478040 937867 375138 874676 730292 779462 953264 865392 480006 368587 58405 195521 845521 826118 845327 956329 168279 804443 456102 562037 302717 800366 159352 465807 922089 656767 470790 610316 736238 314734 41555 93613 986274 349583 95888 209366 316938 129869 49484 933634 625621 782886 761712 725433 638336 898258 735068 824858 46341 467800 307979 848385 411843 507779 210935 321933 14706 97608 63555 471550 183161 398233 233134 661416 121542 320058 687442 814364 263631 883704 548800 192283 825866 473550 895964 17276 126816 775007 12710 462685 235170 62237 456706 203493 705542 826665 847016 585002 345146 112415 273853 937817 21564 721039 710210 360063 610407 844020 9124 779898 170263 479956 565122 665473 414418 852342 933612 477427 276559 859018 672801 629344 884012 484970 61672 860221 73736 316520 736769 234229 928273 344559 906200 746223 154893 382361 459272 799799 723357 852275 868797 686215 388214 973769 32632 849976 353466 371469 457791 382471 300738 308233 927512 236710 613837 945848 857785 365216 974051 295961 96613 555468 746831 978317 850972 259791 920119 610643 536478 924726 725829 26039 829473 624103 20493 828394 262304 632840 261449 276116 730519 335688 742395 849297 194853 544800 299197 342205 749016 148428 619825 54214 84574 410519 684603 907058 71373 680724 831303 628822 369140 704156 91257 388020 581755 839530 240203 208276 249795 21982 487715 235394 989729 755406 914080 441794 239935 625649 795573 217494 934246 845087 32324 743625 318942 498711 549069 159230 318540 954381 981826 512333 929121 328640 519910 940786 978722 351581 613448 679936 405151 772657 653936 987140 283898 176793 770571 430527 645464 389574 558072 258002 641439 744855 850106 782752 250163 34712 799078 753309 871805 380417 951854 729841 812761 711194 55119 130293 642302 942983 707381 761158 80222 563300 43282 472648 769167 329663 371416 695070 900578 911908 138977 764670 513136 199361 335226 509833 736169 530234 589807 422818 298999 685169 676084 91278 359740 696067 176377 619278 226085 590297 387359 603804 413238 581113 492089 120935 813432 280754 822732 789449 43886 883332 500003 563629 976073 761807 281966 588304 233285 640599 392726 933492 406254 698271 448328 96080 937012 921615 211869 284848 543685 24299 489830 631467 944188 903319 27337 284672 434211 668563 101517 220904 940358 434383 618763 462382 419110 853815 493140 547827 326628 206632 851883 343235 516881 207163 409925 682916 821157 753167 983131 534724 489352 676380 373035 626236 531677 241934 759077 642993 667382 167396 293008 932274 495528 164082 966752 969099 564586 412410 880464 180416 239653 613205 837548 648285 120759 250669 369185 824070 459464 742147 152454 394775 24212 843651 266039 352748 724781 545320 83861 244075 415107 65063 5249 366754 135493 834878 10913 459996 429638 425832 802366 360624 94763 937545 35795 560724 441426 93437 279811 25320 908035 486589 414157 396258 560502 558735 810781 60482 620043 47787 135243 940472 520785 834849 960996 985605 887810 508093 35550 916355 601142 85299 520860 154523 701097 374181 652336 853886 512798 858140 303524 943510 440613 819177 387239 9420 430480 325968 52034 815206 570475 802302 588273 250197 738154 356828 332559 359495 963554 570456 223700 587020 927492 494190 488410 593833 522120 508361 175897 947281 917893 370433 560284 109650 537232 837457 895973 493493 483151 454576 499588 234558 691230 574740 327843 405275 699956 304223 586334 152950 98454 205556 74710 366081 286297 829720 551698 113736 666509 631920 273363 663565 428049 167533 203723 208678 531524 650102 204511 41433 927505 22566 264899 739530 200832 356045 536052 426699 139128 805746 898965 550005 581337 303357 738843 966128 832767 21160 597268 502136 140966 876259 451631 725828 739711 110778 57596 861116 48474 591415 594548 991149 104031 10928 775214 122683 117705 559595 286291 75487 141430 584550 57433 175675 126690 478860 878810 154073 177086 138184 984102 695764 674558 583329 844421 43214 704378 858281 288389 556272 776437 129546 635903 194476 406005 463771 59247 263719 524012 884750 773563 329109 27373 95714 49569 63192 590000 93822 646009 787379 707342 233972 492114 240878 576410 654446 52042 836313 652074 63368 967081 736607 242730 119884 558916 288518 268121 372964 275103 487879 23489 403694 389559 951979 641862 473736 894872 578351 214773 757869 41828 265698 513256 876116 351856 393101 563941 462991 647545 583351 666949 909349 785969 852952 575612 765184 154545 137789 619678 173246 53602 890200 836976 165529 733864 349135 479235 46056 200436 652032 535523 651810 589035 105085 911841 353734 766644 239642 785929 512079 310419 171011 846317 77338 520657 519768 721602 191543 300871 785153 326614 388978 349906 744568 912699 169823 673357 713340 578052 216240 581039 351449 575275 547597 559834 647874 83199 81893 377926 238305 467456 123300 152563 208913 455384 71513 579434 35440 893930 531598 329470 374886 330705 523805 464372 724755 712421 23976 831077 114240 261260 631276 891328 178293 274967 381908 288334 917125 205027 712154 858687 227964 389636 306070 715793 504873 81498 824282 803945 651720 374401 386871 976312 778923 40535 224293 990931 308192 463519 134079 913563 740264 670375 42844 767508 290243 352337 656588 31800 218642 723760 270515 245057 705485 369681 690861 601776 201489 313987 874114 111346 196672 591865 617878 19468 225155 805281 840583 610856 553645 336642 859294 46016 621827 53934 388279 179155 35032 147167 369877 152826 321896 674083 933841 604945 914461 975203 816627 147800 356624 593891 561774 629765 567050 946597 376289 396667 245140 1515 700804 763382 812936 462536 896959 703047 104146 797584 544642 841148 321060 352103 751538 108794 327678 131969 564453 865606 552208 894703 720563 221705 10786 658562 479573 34597 588687 301347 871650 703178 77142 726777 382917 603760 835625 930298 107717 779575 395579 634619 139816 222117 434438 622848 723835 855684 505924 985947 621004 397368 158755 305890 545878 939845 90179 706308 814772 786104 46912 861299 894281 798151 706582 734030 198664 840641 976763 310150 855242 673213 570968 97191 596781 34598 475970 79857 89203 452261 844135 622207 479546 258369 785495 975838 62951 383913 349982 339521 250200 315261 150903 251582 35138 351213 499723 927598 903207 590857 248222 83232 609685 566720 823262 170378 928920 182628 24050 64294 951172 745868 332131 346829 58139 900428 923948 815367 151597 811930 242249 825693 47815 977451 820110 240661 64697 123757 282958 716260 554803 834666 23250 939995 408827 693613 720395 280585 853662 66410 899130 100915 198733 485943 352274 189087 44387 388044 992687 692331 910687 73668 127171 821193 951506 506041 32136 530484 307326 289408 92149 188921 953291 330010 547427 683731 505435 675694 166150 716828 629089 876192 43824 772024 774661 922461 908877 37032 364909 336606 48120 290156 232556 21133 905655 685287 773442 697684 550155 919052 30078 275523 523390 151661 359076 574497 426723 331412 726557 287779 804972 693927 812494 97685 233410 523852 649911 78554 877905 46182 264111 777606 25408 109121 869240 683819 756318 353756 119459 578570 747952 708320 992777 900303 817913 698510 899527 755230 652099 249171 49147 342784 740678 804658 733688 995259 77281 706398 322541 878513 48464 339837 974667 211595 11456 72821 346862 864396 65228 426517 603223 319916 962080 368621 282779 296039 511993 705914 932660 246949 693420 157517 245650 592168 229685 996868 959685 176885 219061 737657 890330 669878 381597 660830 523890 818399 985010 814898 535850 94088 356949 394354 393764 312841 323404 219054 999221 768961 198315 900753 839824 971223 695035 133714 967380 463307 875544 322999 42846 499272 421728 945569 702117 924759 581660 340031 522991 729399 569648 548793 888020 748589 668088 302118 334552 558085 855733 453999 14677 303205 695684 595005 924359 934776 352819 878465 581968 874405 285900 391123 957055 48682 855750 444477 834968 812180 683939 157185 79915 671185 528093 956111 90041 650296 612908 753290 26149 650384 517254 497672 487939 26894 565231 316610 17034 147517 425726 148490 927130 312263 126456 731403 611638 82384 613788 859668 859209 831562 929864 912983 620773 442369 998037 784614 23906 194747 212073 742299 257152 65089 369154 818342 555621 764818 381770 112617 788398 468484 200588 311402 136840 12164 133655 490848 424622 809315 291913 964523 550788 40715 957942 435619 10233 553517 352686 444329 857473 501305 743031 449465 720256 53254 379816 41207 378478 827556 352895 999637 614461 659648 788061 337228 338281 916844 179331 772850 89996 476217 683354 105519 962403 774032 501704 662820 742540 954249 272543 877830 483734 420531 931701 150961 889445 916060 851150 463092 900136 282196 41882 773997 104147 439399 750309 465319 500382 107538 242391 63315 644726 515618 91448 232934 975660 60941 506163 835503 861724 33231 457848 943782 600627 726751 881406 389338 484452 97682 250667 608399 959001 407001 130557 118245 531415 774863 145687 172525 464200 461237 603609 206926 843381 157351 717297 847584 26391 837931 548433 940383 636281 719625 924924 668869 771472 483775 870333 610087 155943 551968 213737 939557 457746 706384 657754 131130 865153 272102 435 858954 248933 666087 545610 259462 612740 374015 808034 61558 212814 411088 575085 373116 96308 886763 395977 693856 301550 512006 467042 674559 723529 205272 125721 22144 722231 819956 77601 621926 123555 433224 399967 18209 284411 420985 259122 989231 43233 707189 904381 469833 11336 146852 381176 503996 682314 294230 412909 980989 910156 189533 385618 281014 319111 949985 671421 814288 598443 988866 774997 212427 517150 68077 787142 999304 612234 207422 357482 17799 39015 584223 293235 311573 773650 453933 454609 626810 764386 516757 969951 215967 161860 1534 841937 908741 342386 836080 693246 112813 145747 138496 261103 218703 251107 264352 119848 231409 350754 247173 877404 614075 773197 11861 364701 565862 96617 12331 378204 943289 678936 143096 775278 671660 905198 870239 142942 331524 168390 155991 518974 662842 934370 434022 136225 754688 270088 670280 857328 546413 451540 247550 847764 664206 224030 733513 109474 773165 743929 467456 45505 897731 536307 359891 283874 969042 378024 315219 467489 898600 56813 400313 773674 765345 973366 899226 2387 953124 749186 145112 388919 603436 432443 154318 516644 907746 238930 253630 367899 55645 584455 796679 833645 773766 86096 467767 684461 879430 494871 893276 601972 622900 457141 667762 540525 337769 772336 191942 785009 224137 196917 815150 738270 196636 961957 823309 771730 666682 647382 406162 725838 895394 42204 912059 476305 278778 927420 310108 527635 606162 771897 752992 717187 121563 609963 853411 856821 283127 201186 603154 466183 605723 13899 24641 315842 813704 985552 204042 199791 140478 326739 48271 747644 524715 678865 314070 674799 465566 664954 782027 467242 801622 717634 193546 525793 319370 874563 245884 665347 729629 71482 732502 260195 794682 501538 74129 854111 384937 905494 701273 429175 189572 975139 848671 614348 94851 90008 651899 919734 418451 654692 54462 506618 11065 889590 477115 138183 409804 285868 789482 106151 479411 806788 320595 833485 175785 994952 526988 857848 673980 288023 799943 826664 900084 404655 206089 617774 222348 229828 924671 655148 173230 280251 535996 421890 113695 770022 999139 505073 581611 105561 442174 28296 153071 111141 94916 980174 995665 968544 636824 700799 934359 93508 358291 800375 314592 277191 111063 49966 982703 625243 378683 982029 661531 473104 668537 781651 416867 957570 765361 598648 545007 412979 920189 246932 767753 141803 51057 9621 86619 187076 254298 591016 57218 632802 532995 829175 320198 673633 710003 900839 305942 669708 633811 892679 37588 846183 374575 697226 685150 761680 514198 244127 481302 745302 657934 883036 144954 955046 700725 221763 763147 415828 288701 30753 65665 94815 138601 6638 450099 522017 518376 957161 569262 287085 136673 58074 872077 463675 471867 283341 148253 156495 264169 722488 296808 111727 920206 994147 648716 827321 698054 536962 821152 591739 714658 496689 992524 282726 489794 20374 307318 982155 493071 134676 848345 758510 26196 18423 209605 300101 697657 645308 431783 349459 302102 395437 150809 675361 146698 257721 949370 166864 429446 853812 582262 581133 487633 479180 734003 620389 68948 798910 387357 712661 129861 333971 716428 210708 174931 730436 316505 44754 949972 520490 870619 202145 60233 504987 441994 461847 596947 895408 620233 511050 356300 106160 335233 490932 559202 657123 243215 826681 440159 274692 606384 735355 393877 277770 373910 231826 458387 418451 422248 577832 608290 633928 226874 768928 882418 997220 553640 242290 308982 194380 450625 604928 996399 43393 359620 147699 565583 742469 423700 238366 31986 570165 908026 121376 919593 489600 648737 279813 963359 637349 25780 506819 60013 631343 642748 580575 951437 136559 864936 94842 445094 957737 515260 328975 720468 253138 75120 299292 356783 957724 106715 958386 219403 644570 693737 617161 347019 645254 385609 916818 821680 239028 177036 270478 32368 101355 924474 694698 199253 158655 953810 39117 339413 229434 809274 478540 974454 901820 814533 314410 4805 23826 80531 447583 784786 911872 259434 20541 927370 545804 914551 268586 618518 600589 76581 493591 302612 671327 787445 895409 466724 997723 292614 532468 475483 241056 639835 17748 156680 466062 373531 51517 582160 54488 192794 445150 40098 476179 1961 219518 704164 456129 968729 203504 183762 821286 590973 456202 882276 165397 520240 628932 305646 202583 639171 254685 600116 841422 600271 271485 631116 792853 910576 265169 512206 134424 767916 420715 927354 241087 391269 251855 336547 824783 126873 611094 513564 943484 746813 436589 266353 895064 832867 871759 884572 75896 26539 106858 539062 484618 201013 602675 944067 883422 270751 602635 481431 966619 134255 116905 207239 706833 73869 360908 518202 360311 925380 469715 132535 403811 403891 291085 468314 74686 495287 779588 357453 367710 288351 528330 816627 475598 637578 738947 721340 556370 334288 316419 168863 884617 955402 84102 205774 405738 342403 159470 804912 220185 458228 460065 791770 304923 24123 530445 754030 991290 820145 952815 476140 302725 149211 288169 28829 64016 737715 855754 694119 475774 767959 307221 408503 501411 679861 344167 257524 67703 633876 481288 489414 499947 419363 838986 456634 832940 75705 789910 918771 239157 686773 532384 805424 576857 375525 532979 105993 408416 820600 454829 519714 385272 967541 774298 531558 932429 291948 514443 57206 470884 431787 256174 958472 93677 643778 522943 513595 468767 3112 731580 414866 657162 149058 307641 523129 299925 291280 738170 919379 922987 672178 814895 664147 373620 256691 135450 95230 824855 532867 774091 913993 230587 419073 556155 602473 548364 839944 856806 918411 81035 914367 513948 748897 552197 392901 410373 861543 600720 553776 771478 354389 974052 690359 199917 860441 193891 155123 866792 520761 563877 356276 536654 705597 986610 354748 723143 309452 517263 118669 265674 853809 462524 476716 148240 194125 844954 720940 804337 772609 668176 778042 540778 549611 600875 401327 886574 509693 249851 577493 116948 656749 770723 518493 365724 896663 540358 15403 800487 173468 456944 526756 825524 976313 367958 599051 280229 46479 471888 104149 90044 844451 675040 115559 23896 375580 697509 735986 344791 884675 454666 472112 980361 25610 174155 729933 221369 995623 383983 295906 351002 725179 831249 605064 953704 339142 981642 748905 416850 803 572656 768291 184585 36206 100721 483679 944237 484859 380627 474720 829012 476774 248460 392967 564970 155500 610912 5416 185071 610341 422112 45396 599872 122264 956318 317737 810494 973434 509793 56509 818005 768324 949231 402042 93048 189255 176134 583882 75736 630097 715194 684708 590285 800167 175584 231188 614153 882240 39184 807001 526084 807867 968279 802667 694869 832726 322475 770243 699404 161472 387261 740866 364805 717322 1643 451659 859781 807093 559884 125082 373901 234395 89083 273235 975955 821926 603789 599169 506173 808105 516026 956648 92012 391496 185320 757399 581757 923761 891003 217838 833160 30887 122893 621310 576725 72591 87677 906631 993186 139257 121590 505697 55448 636656 114780 169518 391814 746594 757306 198360 716203 465503 76452 390079 923979 361733 76903 643541 298351 35873 95347 202855 239515 774307 147408 936613 530142 140937 148545 414406 667245 536675 193541 100719 851081 91445 17874 841213 193269 869935 76438 934532 351615 273367 807576 368765 504769 18283 52598 386497 234378 674690 306958 815043 750430 688305 190908 757594 46381 800831 677981 165196 548947 329014 968780 410352 850320 234176 430020 737293 804491 603878 533793 345222 104209 105300 33014 652792 805776 567099 328011 839449 71971 841827 880650 673448 952156 949923 761852 724754 948580 533527 746810 951076 133121 204678 294490 986007 739909 312372 515618 20857 458036 268193 232267 800764 942646 867796 85604 819875 263548 305786 632201 14147 245717 920266 364025 261501 914254 570780 895618 538762 468340 667933 195014 708334 476816 292129 596550 476380 615294 100926 992633 658362 167090 473747 121868 187341 955859 104492 981308 144156 270575 172965 328446 554199 986927 40136 602733 560824 709967 415212 859022 699937 645416 8544 427914 737263 88662 563299 865590 902479 150666 511303 120080 856360 844288 813581 61546 644992 715282 980223 921801 627703 669843 85799 469988 135833 476890 737781 889957 854608 892604 922099 190962 822024 103120 754236 375976 280858 445625 567367 258849 38334 745868 571850 167023 388316 362392 286058 74745 46085 622501 889596 645234 115984 730781 378092 723201 422919 143431 821840 565725 844356 808700 657836 862855 925335 331827 155982 921955 331898 633678 595860 502046 42764 404011 529652 308395 421185 279872 506293 421818 276350 227015 463349 136379 549017 853929 970927 981267 245066 258728 338198 579249 175452 395049 753029 940573 441199 642211 743227 99300 859464 503878 199114 349417 726060 721723 962393 22813 493470 91418 185998 989695 943657 851216 861684 9171 93048 50656 902090 494398 288559 491695 849577 474990 852278 732103 916558 951089 732633 963773 243729 850785 399516 522068 461245 526129 941581 30519 905418 460453 134918 809803 850415 545136 401782 986213 643004 598633 643335 847105 587477 416210 198775 946099 703077 754637 861465 367514 416620 351956 540042 565701 699092 57903 204954 44977 911460 513282 564543 295553 321242 530948 213241 278548 188574 655054 621018 513451 149652 38634 882178 575662 786386 479613 941690 950928 263972 55327 795963 502173 132671 875762 629275 631934 891025 813388 856294 327134 169154 161952 9823 215536 911218 537908 128742 907160 460992 289020 815249 975708 605250 15810 454006 842319 289228 580383 174593 254171 204871 15537 882858 300928 579733 973030 184097 953386 980315 274150 924973 446620 468074 267820 946678 964402 821679 24575 340172 187068 36653 569337 197713 36202 318073 790253 501355 443123 112627 618936 616619 111645 849620 89515 443468 779174 135990 241413 3311 233515 930651 283002 869978 244727 259717 478555 651650 213920 457452 944713 90746 989583 431328 449153 953605 168229 591032 953966 443702 922930 306875 242305 301249 421865 670921 342576 583226 645877 416191 724869 738679 319311 547683 124557 160700 883289 572865 232209 898663 706391 828637 225725 434633 159666 781898 376138 362639 680824 553201 465367 363348 184627 973079 325386 372062 532012 77994 66020 924080 348387 133625 576975 888791 542541 590702 898028 912862 657378 390310 112004 228081 478536 190348 674132 307297 333728 326664 541919 370552 345429 404208 472154 672554 15995 84779 177952 732103 190736 546116 343216 249103 370704 414083 67851 497479 494750 661419 579344 142692 478171 109114 990467 570231 702479 86263 195952 54081 237986 482256 80068 699954 219166 848978 664351 713299 18230 761490 150139 346805 512909 188362 948583 284165 925015 850847 914303 939396 681947 695463 771830 726499 996014 80919 382479 46651 170025 532016 678035 442103 583346 301488 174801 129441 164846 772736 638465 156101 757979 936179 375382 27165 259192 794071 697821 953445 939928 300548 417667 716102 803266 91050 419408 886598 294530 823006 724179 902261 89549 134687 482670 521291 706407 60058 956133 900828 722726 116709 917373 139979 80337 414469 424733 441721 474565 603898 742521 917792 993816 333011 268392 601155 862144 448387 79400 772637 914303 195851 337756 61847 851536 48812 441908 835846 830916 839128 912632 828877 653221 539423 55248 611072 257289 474745 801657 338294 294467 599195 769503 956904 102185 957963 13366 434695 542368 460687 939600 283698 547264 478795 87657 294091 311529 911421 682651 641073 172298 96012 274457 938714 870392 275831 95566 384408 347596 736719 111765 268838 84259 115868 258823 304714 219118 503285 273900 201737 4086 2227 80566 127767 514855 262049 403863 876486 603739 512898 233427 933089 664624 507323 953680 104517 544968 543164 762361 417149 104703 108985 852907 942673 300632 851981 91836 456937 493333 427091 978071 790380 412891 917252 441301 518573 903584 450310 763155 943414 453809 884880 506627 628995 753011 328618 580238 639965 671966 539165 442429 467773 635701 925702 983269 481499 511850 922986 954410 456244 321516 188955 147891 825525 687908 603214 168059 304585 748097 462547 585005 403856 329841 585608 807040 97463 126478 13969 238384 851615 142881 400786 233120 953468 102422 306205 578922 34196 552405 156499 397479 875604 145631 780724 743432 711407 189125 365942 859937 834253 795575 175585 302693 545265 6859 957000 882123 474520 538074 114159 379649 949858 15969 524392 708988 791454 949482 163323 975935 984496 550520 517599 483920 193608 342014 645539 300553 753968 246014 313755 548332 796769 833334 590626 457656 237204 902687 123793 763778 789947 895293 932634 864769 971776 570537 452006 412617 694699 231307 939585 729562 939002 749087 733921 170595 126447 580927 628256 110914 465019 584110 974915 318618 805022 358635 537660 718470 750361 428741 912855 910343 492454 358446 683637 468232 145574 946668 264265 369319 588847 921884 350845 427503 228127 329592 783114 520361 729651 795747 26907 303353 235021 6042 191293 815580 228627 118706 298941 565083 759022 97132 414168 533981 849290 243301 959916 930735 625213 948504 600426 419828 816695 837109 582069 928256 904574 785713 584437 977379 505892 168515 820064 885268 850754 488366 988612 103773 594197 186155 545544 557766 704765 183248 186280 711048 458234 436555 591075 978264 338970 769408 997824 932284 457137 534128 902820 999257 982575 610434 982862 802784 272568 980522 808835 499867 865467 340235 390014 879358 524297 632257 405928 225923 186948 791789 650910 247181 746193 918163 264757 331616 419529 108695 249247 144300 973274 266554 317831 191194 954177 1198 406271 950287 755169 954274 135601 239251 193390 805641 989861 139477 652989 880663 879934 414496 645108 789808 194106 329799 524936 823058 481703 44409 537975 324059 970624 876969 743916 70765 871377 763585 523175 318424 817160 48975 568375 122184 5135 712385 4118 936719 217056 701358 233962 719313 478556 823233 254418 780567 773112 666859 879762 552684 862414 798742 564212 194832 62081 946183 717034 886412 488376 392538 315608 833314 689771 998385 738129 663957 71512 90345 570000 521028 860949 991869 292386 847332 432991 17855 831841 109112 260460 383322 346640 995329 375687 914870 192822 763858 102349 19410 654943 59986 968153 536577 271810 140727 80084 66287 207689 467612 741256 216160 729364 687586 87688 196779 301787 824320 99756 264205 738730 270696 314774 906254 208200 818072 137777 612814 564012 474005 969452 332067 789715 323018 356522 287981 16892 526159 160657 940194 344169 370186 587149 515622 71863 640818 223580 363165 584271 800834 146236 204723 568568 187672 175651 624471 708002 498492 946371 634221 747305 24593 851051 226450 454809 443261 290496 673791 322827 759405 974544 489391 333218 239682 50252 483933 977423 921195 207143 784226 8900 697859 120757 783318 193660 911585 828755 8503 484182 647015 347798 27136 324395 873915 373678 445712 539069 414655 519572 885790 657130 978268 721742 656785 809935 988848 712715 365423 828634 590920 628597 55034 808508 486369 194109 5298 148160 479697 700327 412528 807353 7243 546274 429426 249756 727751 922007 474772 177268 851622 877833 12695 162253 909803 874972 178059 301966 490507 165148 111101 759925 771660 716005 853788 266836 891821 118719 644133 304236 428852 914653 83574 692017 434536 234271 680599 507806 377928 830747 881783 776186 374802 330874 134550 5399 496940 568118 161078 18758 182281 729020 740250 637332 997879 484427 676182 349788 616598 661122 587798 905832 767233 538804 332807 525276 523812 334404 112768 966715 861664 592746 229228 384022 960446 624615 607022 962797 237572 111208 403487 438257 765419 291178 233083 381735 873957 901879 897195 505257 560993 687836 337692 523372 290683 388057 523859 239449 552097 327334 836684 272173 266020 77787 938561 755419 709551 461692 334567 81849 377433 955183 651342 150314 849135 260246 406697 103106 386161 787010 568198 230972 977425 198688 749002 899705 291515 13934 705848 29364 157974 888458 886857 763481 64187 940218 490890 567828 634834 119838 127758 517864 714229 685273 817816 569258 989087 545296 915170 602261 891629 781783 824277 234163 95475 536973 981106 191015 813278 14931 666513 516518 105030 458864 152031 913985 705515 176921 184229 13925 938490 155933 367523 713223 701428 591675 331036 253036 201568 428859 400267 355695 114667 315958 809337 869845 981745 521323 652506 143369 918144 935127 27969 903863 386789 712632 986198 623220 434384 920348 912543 600392 530167 832971 442883 116351 657039 380870 673440 101721 430947 846520 704417 368267 695157 702012 2458 948538 973964 821451 829034 801035 196799 307669 906682 269253 115433 610963 196777 953770 674868 42271 330342 739740 887542 93736 231297 388247 329716 629391 464591 103439 605262 443111 426131 385430 869276 701590 136737 122297 491626 799776 299947 189769 691821 924847 539356 825508 544688 87303 355049 300328 283013 234781 118066 342262 87363 477214 271333 57354 359581 474332 667961 609720 858386 122813 199823 350498 287515 180438 284550 499589 61334 620119 524096 344122 993844 474110 687611 211337 782757 888729 472754 213192 787144 848012 446576 505683 917046 54374 106636 440499 449019 239344 65077 727153 390393 56665 171315 836574 718738 449572 636684 830502 616236 589550 247538 479479 58787 628385 818916 356953 212630 516533 817098 637194 774345 773458 192447 528923 120588 320977 672229 300173 194731 693018 553796 821500 682491 790209 651190 181347 361714 626653 503074 889219 452850 838392 27815 382984 347660 939642 380258 809794 213137 302218 820812 388797 579869 320762 816908 192861 231489 198993 606858 107501 948632 157019 461424 751941 134482 979797 284694 670524 256594 896685 385389 893358 749719 203391 251921 592754 508348 702916 887396 725180 864812 369980 913223 587567 261492 277661 94617 54177 498850 746384 828512 87106 171091 820897 522023 884106 812660 645810 258326 801992 765840 974737 909582 512747 334872 234979 563596 399934 400083 813420 552673 446067 745059 655475 771374 949687 104396 269867 981831 489105 80491 452260 309264 568491 388775 928737 834069 107327 52706 280260 365742 919392 940849 610482 39811 28184 225292 850048 404596 693097 400155 836021 326188 832885 894430 957071 412481 736830 956980 456758 116762 388262 247558 346272 592373 655239 38198 733530 118917 159502 830670 254155 107703 775997 186306 408661 269885 257772 29018 38513 395676 455202 259049 569389 181910 658396 981406 746939 689294 840753 351693 700478 242303 733260 345918 172610 820617 594163 620924 85658 788996 421324 956127 990852 990098 423059 749820 518217 92718 959173 478401 99668 270476 437205 510095 62700 670586 411221 884964 410785 687309 247361 865216 116661 777359 68189 265366 632916 435554 767011 509940 587977 198562 923230 600643 371141 573450 97820 535580 80603 939334 932378 697348 596236 286877 198207 799661 939786 54254 88462 581138 427037 556597 570149 479342 464824 894590 603731 802866 409297 887395 389035 923301 976504 603312 936781 217044 458337 656417 771143 952842 777486 790441 696623 637624 242302 949727 157267 302638 265662 853295 711556 968723 497542 704045 461300 973255 373897 473704 652689 706413 723045 798898 528350 981078 607254 254695 440349 187829 43600 539944 781598 292152 659337 633781 583609 520061 562106 142852 904816 943442 610821 991118 340365 20917 271876 101943 631686 940715 234579 99977 679526 368371 257740 697680 335311 188925 24246 106353 410521 672338 461525 528071 622742 93549 19220 505120 490890 396531 674048 984404 866843 593526 266607 299700 492651 291637 369042 777791 243944 263100 478974 8053 990628 634059 515158 114035 402848 927692 211118 548360 330585 764917 193950 187232 148928 326967 463002 289953 818033 520761 775319 617000 551989 765036 354527 746541 802350 297815 386873 233430 746771 160424 728010 413412 419902 40961 682271 414467 501079 776312 868192 929920 960537 408472 22450 806413 401751 121445 55872 964033 451418 303865 714239 632942 927715 43044 968927 188618 402355 9098 594195 851098 734654 398257 711737 841092 377304 539179 863412 950301 537154 945712 942703 19903 60450 669280 948978 242715 28992 655856 910870 610663 942482 231806 529397 285542 983873 768683 869052 229971 756475 36364 234107 135377 890321 202168 895654 580632 36032 752176 852242 983139 888426 851649 922096 363260 605594 959207 43105 520510 990983 427769 851314 326933 602762 542060 271956 560958 956557 228213 58292 661787 16044 182419 784419 789524 949834 204807 813949 956955 816763 33328 236381 78043 661191 718423 617956 366507 741337 354200 594656 799344 214017 51488 748329 585945 668551 684508 633248 658242 312047 229374 97159 946985 37897 302420 708311 534442 884609 28215 151925 929693 275325 905929 579860 439797 984755 350222 675664 408879 70500 807015 919746 803002 566796 777647 223839 626660 60096 46666 166571 176531 996032 765507 629701 560954 945081 250586 984718 632859 139922 462420 272436 449729 62167 294742 379968 833073 669416 353840 802786 492507 928551 304775 753540 784797 840085 211184 846625 438338 230920 978186 186918 293270 119616 814499 461863 303344 274566 229991 866812 155231 443335 728670 359826 127330 680673 14600 284360 496632 115394 39045 344643 779271 103036 710003 708428 497413 102521 317378 765663 555711 246167 534743 718970 17684 415391 662132 25211 779293 135138 935931 774720 73546 692596 494672 588290 617566 597266 176843 34611 853637 29619 980189 531432 237839 775786 242045 590078 202053 732769 148780 911901 481102 180964 893027 129324 742901 944899 724086 888357 990673 927563 877763 26519 8022 937125 614993 375287 382494 44404 70009 540283 175475 879514 238474 212229 528305 234465 573695 776660 202492 735771 692233 150588 141797 802531 462718 953416 440302 123765 561288 65438 758807 779624 121416 823878 167068 51257 185918 23881 31856 236381 95817 434015 943739 424598 797610 240040 3232 548055 251500 321666 985088 285251 615322 236006 935376 580896 499046 996787 596600 165448 976489 449879 707113 285313 105691 276017 360979 428836 344696 510215 368727 717743 353022 106365 872743 946599 129390 224918 525879 147161 8493 919079 479094 242170 492294 808603 327023 309400 502218 987210 297084 82432 230472 576160 765571 307905 116935 368005 783003 565724 585146 705680 622027 754911 780589 309419 301354 18673 258364 509748 373980 142098 801633 268846 547878 915767 788513 714255 941871 347083 678861 749114 654237 855666 769801 879960 944095 382235 464963 806585 274357 429124 724117 95131 100898 517275 696335 144871 474265 228766 678939 436736 640273 383815 431099 732509 454698 769430 995354 521779 729374 658007 332285 628074 397937 295380 65807 605745 442376 883920 862071 905715 767799 510297 880622 524603 187233 281510 735814 568717 742179 383912 138964 785318 502959 928869 534056 98036 430827 958422 320187 44731 23335 858758 235650 46244 16715 301126 272964 361010 666986 651657 479689 916587 127585 721641 192832 708877 929521 86761 69245 992570 391098 744082 703731 590474 527430 277025 937360 117038 94470 154750 996052 60213 879283 277834 973163 737256 300084 636815 848312 249655 418355 786157 695610 582899 303658 881771 779537 838495 533995 322893 435357 449058 171655 453562 809561 60473 765629 514045 848669 546103 670994 926119 635482 214544 39409 677861 253711 976171 129001 226429 63316 873844 335218 216582 749435 577089 641846 233813 270146 307362 138141 589000 895904 848624 395056 793277 787061 690508 415428 362959 693256 949647 541958 228679 912999 727521 208438 79537 193168 663913 976766 769887 469335 799501 354700 810931 505528 519046 654932 736448 79547 14544 29110 130013 51931 688783 822170 724109 669650 416613 30222 334463 285974 294735 920361 644464 879215 626368 420075 196638 780550 600015 517664 644517 754123 808196 485902 611299 103099 376748 449511 386019 587961 294787 273598 918688 693988 914079 205972 878066 614331 595601 492064 184871 217585 45887 33856 488238 7253 606680 6735 450707 547077 511784 592323 690107 45074 433125 635114 570221 542239 258821 907165 842824 917884 296042 250318 719766 249414 64972 276226 853642 783056 311004 488415 837424 578025 967463 525257 738581 694311 969338 117909 227165 294443 225444 38083 537075 370101 645556 590736 914639 554100 951856 175124 908980 727800 420023 710279 18400 186615 607178 406808 340134 376796 219782 626161 233132 147946 996850 265108 308511 216052 907994 249460 19868 991029 23458 135986 151436 714628 423501 112901 22214 454774 334005 551506 253598 483855 706223 802265 698551 839416 924605 493341 747082 789150 895617 561511 852111 357226 461166 224893 374944 869943 792038 403379 754384 862728 612088 332064 677579 738163 980038 357717 840663 638841 558876 316227 507481 798496 465089 698063 754183 546726 320475 273785 105729 893246 387769 379833 51951 420497 303916 313563 531558 834009 41768 732897 948951 18491 526195 496641 650124 190808 775474 553271 419814 116758 583197 429884 451218 486816 499934 451048 822629 744630 840613 765153 222996 360372 716063 430173 770362 869315 239285 160513 11093 49441 477326 853607 950969 566643 220544 414999 601886 646500 94405 719699 479496 355889 803413 721643 433218 251140 716500 561849 20216 863074 26138 819712 231832 878958 963655 533972 992206 246537 703756 940524 430146 70274 430631 643492 998696 876221 799300 696882 87219 806383 421588 304253 413912 465035 450847 722374 242966 770209 423549 245580 203688 440230 922481 551301 434143 557355 136388 65222 500380 180785 508757 28241 74737 484066 52216 961141 511924 600500 351438 207677 439241 220156 850580 716889 148191 872613 887478 691230 165780 43195 745897 687628 36300 198640 505743 217513 183410 961991 502859 95613 174385 63077 614736 301044 466622 940437 275917 188429 531278 658594 84488 301362 89275 818472 976236 110022 632651 644288 702950 121663 258943 933253 882231 632553 448373 951680 42160 484100 730098 539239 304876 791321 134782 900203 747422 857051 474948 971767 148118 611682 591644 419196 673816 974801 958625 110698 588965 907505 769297 553896 989001 131203 978216 54866 744092 781172 588579 287165 40913 342929 709636 329469 968788 773863 197031 515992 690858 305681 178897 717607 125794 859506 721401 449175 187790 401960 710582 192024 896441 594979 882810 48607 384898 921313 733004 838723 910280 67671 940619 835894 801530 909116 952209 838182 194101 768110 343945 130010 371850 749769 673833 700317 888476 287110 293889 806268 815929 801268 908952 543996 365345 377973 601007 667835 420377 54633 897108 412901 966961 216370 931797 962873 750388 596126 758859 32792 63839 740748 990995 359821 717217 19524 290694 218892 648276 622003 880583 211392 7740 415258 358211 325488 918359 81006 959165 648638 60084 428422 460692 429482 679502 582222 863391 63710 221687 287715 626869 854468 764153 21357 895694 481599 14315 356246 612883 475283 373922 69064 467356 265305 177957 65767 528660 189003 721823 745808 149117 2342 379393 121584 456343 466244 78683 687180 921647 717258 558072 982942 716089 867790 419747 10782 459303 676543 107984 126562 916514 945702 520065 405789 215548 52094 753980 405295 447548 88278 877329 232914 148917 1876 309238 758558 520413 598486 457718 554308 777998 52661 47814 106616 822954 430273 821889 1976 815555 625180 131217 615496 155188 266746 211837 628844 584526 387276 895634 474731 710202 175280 593338 336613 825648 643180 975826 990165 453316 255483 369044 190215 121662 680386 18186 890188 902518 7396 873382 720608 984002 535862 516417 282893 493126 961674 336157 282866 669313 456276 527512 714219 466026 456795 573550 848043 907140 136664 653826 19308 419065 89950 936622 490110 298166 902675 127659 773173 871875 167674 706516 630984 852602 945783 124877 859263 884408 243305 665729 673188 910068 589474 700835 732215 950237 563293 477369 394742 317757 101285 598253 402777 571756 362632 555140 939880 640359 25231 381069 908353 112502 412614 233150 292797 510246 977847 438397 387450 147516 927409 902059 874753 178151 991604 955063 242219 705037 380247 87581 435145 158952 513177 607338 23607 453055 406394 724829 457617 782916 296693 557012 805326 531000 277058 879255 934970 938001 857807 976925 227204 703770 642237 110033 662523 246974 11770 554734 395486 544788 828946 596479 36369 424246 345850 273222 711213 367072 30370 365614 306899 472795 943046 825210 269219 253756 38665 994985 396088 539577 11388 50166 707128 116424 668049 102787 454727 987732 655356 56325 908919 392484 625309 606031 878534 111375 735725 204995 831030 884369 746376 276623 848025 990866 514388 836705 751186 941434 586966 229410 358890 545141 771319 10121 671402 979191 243272 335747 38211 428679 311073 787840 607596 984626 384340 388261 654421 693007 219489 422845 593071 961716 456451 360915 842746 81156 611273 995616 962639 197538 548833 860421 171118 921705 577941 697478 234056 377608 701868 422918 366649 830730 134712 117264 649074 774375 798664 361806 710632 305812 741961 238880 868430 223605 985424 423602 389421 136167 942626 168684 341816 152925 443025 532635 214659 984961 729851 820106 716387 804906 921144 925853 906233 645585 70686 745540 771669 569283 598314 219025 920006 199678 7256 735026 710926 560664 638776 961602 860129 816625 656158 75290 439112 869451 976677 434236 772587 520834 24195 592521 870713 374215 844310 489910 193492 38569 113555 955103 780339 216159 809799 237882 688865 851718 78116 34036 543511 9032 131719 767124 844927 451790 382228 385383 886459 129754 156339 688916 592918 391592 364088 109329 663897 590307 88688 173341 266597 434372 149221 337510 389063 468129 47214 480102 864035 174573 115338 239214 180239 762874 35932 286126 321363 167310 548065 380954 979632 587067 294234 999431 106671 560356 830794 320116 741489 661646 670817 710701 511699 399152 873672 200762 333873 88337 573027 780216 433296 87530 81651 460606 715917 481363 946537 632113 874653 194150 667067 955310 153047 857565 836236 765880 148521 555573 274422 858555 265716 797151 246583 659091 65013 471715 304830 413109 143509 840633 510915 464577 893032 350308 318142 281711 667591 90292 117304 332248 101901 418278 122599 379127 23461 635409 695976 536515 36991 866946 624766 595523 81330 68430 587741 104777 132461 736804 904347 305919 794316 697265 49710 502237 579187 33761 161981 812858 872167 807249 148761 769137 624461 100696 810670 519403 93416 270731 756881 222947 810313 1402 653977 648874 777320 818500 688641 856579 440660 573796 769967 294963 724717 251217 348235 727369 361238 201072 339291 738502 417156 615698 329425 990767 179155 895480 918162 956805 840963 677947 751528 617116 378988 231578 506016 822057 414900 434939 921045 431199 106720 936576 896830 172481 770093 683938 813573 289296 632092 459211 32914 998096 637244 793550 293637 804722 10408 792148 235752 330656 1915 423573 798074 146419 430040 802607 150040 759101 900898 19115 882164 619981 652302 417329 25492 303594 249605 654032 619055 845041 743104 294948 19901 227617 824137 453573 405952 699063 30715 760652 334209 147723 521901 82877 47723 710245 73834 929699 87538 707083 851300 16886 577720 692129 134370 113374 222555 570548 290918 310730 644476 197134 688685 577942 156123 779369 384500 868260 412177 109242 541566 732126 550586 486202 963734 102789 371503 811451 153828 534001 704325 839609 712602 259846 280748 383239 370685 473497 577422 551417 986094 179860 941445 750280 57389 414857 740135 650258 433699 512704 861459 569240 821882 176296 397593 403552 188188 351195 532656 726119 530694 823623 907610 651279 876825 901406 275775 977445 167915 895538 214937 536950 854435 94067 483816 849968 616746 631390 112142 605193 136989 532752 630839 584722 688242 544168 28699 491410 221465 66931 959163 609686 39179 90067 796973 487124 431217 500549 516214 606354 693231 599853 656802 475372 486941 843222 410706 345529 384907 155252 132698 683463 505519 512971 179899 441556 754893 822442 194637 712705 495169 391962 989299 771121 159861 817020 248182 93250 304124 895107 893618 397174 693523 316254 451078 844994 233829 269850 17900 469764 524113 205048 311493 689343 64033 517461 177937 987784 443864 348040 976713 668054 453743 732343 871349 962318 762976 221654 744968 147010 778792 434092 196240 676429 809292 901400 252880 565006 306781 421677 508109 643460 297897 782381 135004 653744 413864 83002 72544 197153 220856 499370 9770 731539 997059 530199 20110 545177 545425 143512 397252 866856 675939 504109 386600 483861 281979 724495 959772 267241 403793 764089 626868 577361 836604 46078 332530 677223 457762 611694 154958 833660 226040 494934 555160 899674 877457 202331 438707 206532 215120 314193 25631 755022 356631 24882 368891 924109 189576 355232 276484 452662 16791 674757 787766 339243 781651 456234 689276 547013 130571 44106 454827 402999 625491 869826 318543 996441 710416 336067 773113 644122 626490 304298 710323 842199 444772 707217 125260 140458 605119 873521 494675 316584 398364 334142 883689 572106 618197 253604 411714 701851 883076 735952 22179 724084 294552 51431 69526 969568 736385 92141 240711 518808 669088 763465 71638 368257 925994 114847 418852 228534 798098 49657 155295 506136 485713 362311 216733 618475 460534 831071 303240 365475 696104 908550 790947 326183 644024 553950 717255 572549 274444 435484 769963 349871 980861 663274 569072 555245 39577 774794 160265 441579 42958 700586 334594 992452 685866 733842 181778 491046 294983 491651 19461 397290 600598 695190 184720 457708 496146 754470 284333 700933 233767 33725 475881 695684 47082 100130 107891 683821 951425 373617 808242 529314 720541 687530 543804 333581 202239 151187 911228 560533 489534 215939 948995 796142 111996 699413 171138 628151 478182 862144 294918 649850 765633 888179 649465 76118 732128 547384 822555 337011 20035 362129 591632 613640 497655 918468 556052 595483 336690 609202 523526 739914 290701 770275 24647 125078 91814 932055 44801 659505 826846 213032 175091 795700 353522 88260 908678 769403 181848 935096 210190 846644 439595 724019 668954 877832 922405 914732 277778 492253 177648 28799 481663 809038 215965 535184 373441 890762 27899 992242 203881 52895 488508 669324 468905 227273 263256 810490 488557 250811 241855 771161 75788 958924 766629 775724 349577 227326 569510 625332 461207 979776 993553 270773 800340 685036 191948 994526 331851 621200 517313 156230 483305 759172 510819 376581 72760 471081 268358 856389 521872 77733 607569 475534 384363 495503 857822 176682 139572 755414 982104 561500 370430 507027 827395 495027 667376 647725 978832 618735 807656 452445 188820 825796 329537 155187 447331 537169 839680 795306 133249 49704 598293 165781 373073 759929 662278 826242 861335 833872 836510 318774 963622 816413 50242 897536 962099 133961 537641 851456 418133 183836 241016 838232 923156 102469 553209 231276 129378 413434 50739 187084 588947 100042 282589 299040 680680 687679 647182 655034 225347 486031 348311 886910 151458 448886 632379 595868 999385 302196 274544 893068 700173 446084 4445 325487 102359 223967 666019 601409 916865 823989 984131 772937 715257 963887 360519 800606 762527 769938 694736 869894 386007 198288 776006 124504 332148 529364 592593 335855 133672 473851 471689 629940 914450 165568 617994 857068 70522 95048 141899 988761 574162 171402 846317 710301 205410 469711 938666 619227 30105 446238 548410 574399 814469 31289 776031 977890 37329 273376 406778 377215 247753 122219 155322 452215 811580 994071 611264 399584 4291 683386 824077 935539 340968 937472 839933 300462 153278 974895 914636 143452 638745 955499 340897 986032 517617 267832 67904 75943 863340 258443 990467 759875 944338 497091 332151 291785 841137 226978 961458 588751 741989 246742 5637 404497 50675 116169 99512 418002 655945 87944 676140 159793 535988 774532 765096 292405 825442 260555 730488 51942 430527 820379 281399 210420 121316 323094 835108 904964 353597 865332 45215 136104 933808 309435 655241 257527 565000 921304 842539 211223 568632 727483 139600 779761 996097 843325 313094 573157 797673 127282 833194 791029 12879 377886 8486 341341 458992 619186 543213 833935 98782 724763 455171 876808 136704 849439 95147 832880 738382 912624 745054 85884 874870 757409 881047 592222 654553 756280 70086 392404 407229 838639 924998 186426 15423 208747 120205 868402 510004 281223 373299 714577 985369 199194 610777 591261 970273 769119 719882 566947 423791 77181 544709 305630 191466 423783 559650 269627 856419 906783 269061 835218 446344 355830 238735 43337 746309 90953 377042 807816 760337 742599 845987 127165 434917 488433 806593 147523 227440 747167 420899 453186 15000 997493 632281 331057 201053 612233 825604 595907 454941 93832 97571 273066 922233 805616 888288 637215 25007 101466 457559 616972 728212 82469 42994 955907 994934 641162 918337 380614 110003 430541 136123 953492 425514 500358 400806 885723 355104 423986 355008 354303 288976 908200 866764 638770 754134 245313 200219 298574 763465 56183 906795 418944 995989 743198 703578 613900 806345 148802 318853 717378 474971 756014 754924 219533 330114 505471 118648 213261 808990 412586 732941 350229 806224 842043 95308 728571 943374 23278 59371 639833 568987 81772 955840 487223 503462 604969 801118 169805 942654 413100 577715 227673 500066 854908 828995 884590 906487 829304 250530 867139 128003 38690 610356 883178 108518 133935 132771 946005 178527 745184 803237 691646 687952 906508 691667 306321 242329 320654 525433 852145 541604 648949 613567 772315 849843 609579 311504 244931 580268 2485 264576 654568 716490 509409 137772 789294 92338 587341 288493 527013 509186 268955 629794 711749 705359 350016 376623 226330 810766 995371 400391 705836 355833 701024 416463 689428 652906 845968 694500 155795 420912 379185 243942 388361 229010 645486 555488 394647 224578 469930 831207 180547 89820 382462 451035 930560 41518 139245 268138 643136 689020 89975 158315 306851 701672 607531 338186 460403 583123 46960 444354 380665 696875 13555 365986 11987 507647 198739 68705 467677 627504 34905 652140 539690 340880 767142 912557 540200 776268 534282 334257 582434 508603 166034 141188 516621 644726 24561 301620 525145 539376 562482 188234 460391 558733 889447 715269 670028 682116 696801 216366 499472 249463 483155 28789 422845 473286 470965 950107 770299 768658 103908 243332 298526 386810 132832 239602 754545 96509 866004 878470 974814 259458 824597 678798 971050 782003 960364 457603 773921 657041 271701 493891 460680 931115 718705 399240 800332 443245 725848 566673 356349 336819 35870 114044 301813 994091 286683 911889 429886 82054 888610 337734 13851 533407 579914 283551 276257 74537 521096 864074 589239 996867 847533 471838 220758 541715 215979 597453 394840 312098 285437 519163 609881 32215 710500 28370 641742 570184 939552 154340 35019 171416 701352 539089 80284 255957 259483 424119 720317 68250 287750 422879 600920 598272 148671 303243 181705 45577 54101 105158 153092 706518 561031 938542 71125 625594 402340 250133 236191 728291 988965 566578 324913 464676 792388 132189 696563 235561 771730 854446 234794 768866 910261 171962 541622 753613 290456 954035 957029 607695 872217 273376 496024 5808 906522 32152 846691 197651 90532 614344 349838 548402 469511 278669 664035 150771 591164 38770 824326 938044 321007 350526 657877 283620 34781 593672 41701 989141 530791 240164 290503 217391 666029 257927 343253 430377 753847 168533 225653 922185 734819 998345 407682 806345 721204 637585 35450 132202 242328 657850 226145 541473 705706 666069 618023 358244 279121 808958 185807 547327 400213 999333 371614 159483 168449 237731 861908 528341 554839 287492 317294 543502 287914 408193 714200 996019 646148 487969 774408 106056 97290 216287 399731 474522 503294 558902 668867 909514 501584 699290 118551 553041 278202 821772 843054 829632 165493 127226 257318 495858 156203 799882 874525 9768 49187 465489 864970 120533 748953 913911 566386 603284 622212 82992 911393 437268 501050 558006 922070 681043 8924 324826 731950 318334 983273 391730 595507 60774 611202 967614 244889 712952 118021 966770 185095 137264 911283 546086 182537 570262 525364 372911 282098 148671 482772 876431 551676 993204 596475 205398 821024 852055 231721 653605 36281 281273 85900 708947 127419 605219 281418 730678 848867 847126 242109 739580 951332 49538 83550 602275 407700 950528 270477 654454 410107 171307 35169 642691 45418 716791 215155 461675 405602 530752 81647 472959 401153 966197 570864 536421 840423 898196 298135 495047 124554 765367 120409 980830 350679 3935 117387 943287 333424 937171 69948 718495 274097 441737 145797 792283 904597 157962 89028 489143 526531 92754 12263 585837 377736 437602 157316 104566 998665 276797 295518 900422 942373 166742 382772 400857 301038 475888 244312 231421 296544 97442 764384 101022 81478 673101 150822 364185 972487 224742 5613 990145 419489 400928 86215 415475 855347 360295 558674 964286 306661 725154 983512 463619 262051 909687 534129 145570 106673 241590 18132 292382 333879 599176 976917 386428 204393 730099 477024 882259 70524 994283 62342 44777 248998 88136 628143 574339 430867 121713 652009 372865 629445 388352 581199 463448 260742 566441 228983 439647 42257 901082 902640 236384 625982 658678 996033 136422 44160 671932 721899 686671 783992 62487 304062 839758 818918 234131 766388 235034 31932 549583 804510 702850 717689 409024 630108 847898 769515 59647 138617 849956 241662 941199 215733 414500 576237 58858 472739 814635 165332 775439 189099 639291 943080 682772 763562 336046 333293 152815 643027 460225 531764 938810 139483 765615 721267 261086 68583 163585 733271 486544 540904 399678 7161 654566 686112 732753 820141 405162 345528 492921 670445 235689 53646 173221 1736 994321 213989 75715 353190 175200 284040 979605 507592 580575 770596 552697 663931 404626 566419 655832 718334 243018 271865 364581 668050 945166 669971 803567 670220 40758 32718 977500 819752 560891 830831 808075 130607 773610 431038 720610 600324 316955 754209 21237 251203 842644 513947 995364 807594 506198 797125 971726 243015 407713 293939 755568 90412 882253 985955 993310 799913 717090 559416 649770 23789 882878 816056 272148 382624 625652 695067 30055 189734 159862 711638 685033 359420 361425 577720 166263 197574 247635 627627 32756 858779 778146 3499 857130 925920 60746 597501 563789 31361 119133 422908 59794 687791 832283 148175 546425 501792 187550 830032 625632 105379 194246 3440 39755 745938 483140 145764 286123 500061 252604 309090 241748 954209 529459 984381 413534 741069 225478 698817 522293 683791 527371 623009 559676 11693 509693 980910 118400 202777 903441 696353 953785 662175 655716 236795 6099 799600 879842 812357 474442 798727 903159 771525 33086 989235 539256 479291 184065 497040 774695 602616 843499 760154 695320 828956 994661 718346 664970 438517 59482 780359 293574 193875 739255 450404 517340 912015 658539 939937 485991 959190 164443 341179 95192 967234 728668 333342 565534 631683 534447 784450 770040 274771 968349 219017 847517 930300 946170 592870 389542 40457 204992 732607 887547 541077 174285 589502 227460 707452 117523 638841 47537 963007 989679 720464 437425 761785 636845 408649 173839 473996 755279 917067 339804 554497 993351 755796 160603 167897 386964 38928 785192 877520 306338 253478 588700 70668 351425 693209 630954 984941 183181 467864 643086 584989 280781 708402 768287 983117 55249 379977 268960 667422 285238 275442 33657 275263 423012 364050 107868 757689 872424 464608 745317 399374 614164 315442 272947 489481 474018 327683 995945 550068 556351 1894 198111 999010 536448 909116 755841 990876 498350 388602 170580 444203 235623 73480 374622 843486 628940 820616 718225 636386 25520 320269 910959 343148 206771 372600 130033 220302 375445 340299 217413 895253 3555 814013 985600 741310 856014 337988 21427 799360 713730 940337 383373 124779 49250 838254 669498 598027 967324 939439 192266 736064 299068 493110 520821 185711 442031 845131 756030 640904 236070 367029 305606 130065 745312 461932 922542 89872 964811 617724 26618 350852 263007 574314 694535 353840 108370 440937 592240 685335 914042 909040 208063 197243 265782 931156 917919 94074 340843 773813 354648 420857 377876 783050 230653 576533 208768 807032 62250 155227 915507 528365 901262 77933 519159 557950 638438 498737 831645 754619 200706 555062 385968 628167 884298 217807 498259 124167 804845 900622 812160 701891 5027 880641 241656 293625 865933 662595 179032 660202 123267 731275 935079 741040 44147 950049 425361 243315 870720 321452 495616 956513 293815 252268 259005 266515 718859 508723 282234 771240 608184 745047 93036 407026 158233 849412 632913 236343 103597 35817 241607 411182 347352 962767 994034 306572 178200 987197 178202 758324 466035 364346 299586 420616 496459 70505 26174 791662 87655 346371 982340 964575 748968 832997 245501 739215 781695 417068 821362 137446 182091 670504 261159 359065 400246 623223 834469 379645 318198 458978 277836 41471 302335 405337 677203 530552 855280 427558 101740 697796 471145 848492 405049 885428 368440 298369 4752 371201 564384 464480 995998 675064 256030 981084 447797 842099 10301 624422 708315 839784 475506 881025 941201 368827 497340 766087 563754 543290 455350 57547 609675 759607 27513 267563 872906 531440 483828 172952 685728 768675 200115 5462 531387 788871 346493 365373 293690 518849 422249 248151 557595 821121 945986 656898 425106 615707 158996 877075 648927 685735 403214 949124 887191 475499 531001 460553 526952 354699 833625 411328 502447 189120 296426 31202 148101 646304 984583 509918 178199 242421 966241 682380 92931 473614 973784 217794 440497 969622 343945 177218 566040 675868 113442 439573 311863 79774 15965 877923 629091 211725 217579 669639 651391 251430 469556 190619 580564 548626 578866 610663 768186 14821 428619 514774 367492 544868 925514 972649 850921 979611 281671 243095 389627 383326 50089 645856 857335 139699 547181 462459 721569 426059 310653 244160 165897 620386 673220 3969 341401 221857 611729 12131 300124 998924 324234 976556 79979 242905 309425 324428 362376 424559 619385 660247 253972 131377 62623 878846 828633 993894 425683 607639 196501 614852 302323 321829 702504 561013 872429 429848 52877 520674 374 357972 368575 146156 98415 755812 602301 864116 423543 447307 949722 390177 550778 405784 202777 339083 173621 44351 67537 298721 432048 578427 874413 902320 988072 981037 939603 625978 294064 968477 865374 605623 438204 372079 283270 89967 849401 55798 596184 152314 4061 712619 597978 321258 902482 799663 580852 952594 237190 865904 149854 52650 58184 924468 52411 355292 387161 865859 954307 347923 196651 665281 300144 407568 62788 113254 176618 614151 6088 693805 44497 675904 481847 734547 720206 986707 948963 414789 853971 161948 978364 811936 700459 577974 456155 172607 945786 823173 108785 204496 34628 286766 648648 160086 354101 466583 607549 549394 767348 352240 394984 117013 565751 458828 896303 322206 873520 105261 793941 715727 431069 871894 408823 762146 695361 599406 328403 19279 523913 102339 563710 85582 930365 611427 485984 341114 738770 23907 213015 26551 127728 643046 397155 749138 591541 720192 622269 725310 664286 335869 854200 138973 844719 401423 229373 871939 629609 944146 473893 118128 9645 450662 486157 829042 571660 739951 800188 758858 841404 589998 697316 828367 542807 42035 977906 528880 234369 399043 987249 920932 844617 364799 932925 340197 441797 239275 252099 932413 573018 560429 911000 481457 12562 258271 943171 60919 928926 924063 38695 778290 895353 618016 905352 26535 421273 113011 214565 949105 455770 560590 148981 950539 115182 795348 814658 946296 566244 850263 505959 10818 838801 963847 383770 53399 325316 41205 743102 401621 759432 982606 75954 645166 89184 107791 893832 932444 199108 432593 705500 272296 181802 697329 988192 461106 694393 816860 222801 133010 881227 602912 564163 932570 327894 319404 554699 239723 903077 102333 117501 38331 437397 621392 519293 493034 51456 552752 437648 131377 762870 274844 739840 951185 35652 27733 128303 435155 540720 424691 831297 843566 740996 274334 180987 779665 123269 615093 571176 781466 242601 502343 519234 212915 920440 214953 142364 707224 830737 741631 644176 254649 461021 663485 714602 286847 266993 12912 224465 681234 571287 373744 939478 302660 755237 607675 507318 917387 941754 785033 982174 262869 650775 523117 11662 849446 66479 392907 371206 753893 289154 533642 358709 428205 37435 318972 577436 770202 197195 622155 426796 161056 123688 693132 85021 420594 524090 519692 888179 765536 529807 319285 929712 931443 138430 483191 331089 138629 237498 557694 469007 715447 118273 736493 130927 162663 636947 203833 182097 662395 185373 925609 330618 868164 273019 123915 206135 556389 344958 851301 134990 925442 940279 707257 505764 590691 23 508091 339654 409082 940563 845614 449078 393416 899564 687401 173367 989455 999094 32292 432485 683723 287059 712584 22953 724800 209665 84472 229360 13630 662184 824948 903259 44568 711472 167314 382707 283351 249572 122762 332636 586665 705553 381473 353156 719558 992189 458704 4015 176829 222741 731367 212857 652986 626809 867496 954409 812157 286800 675519 175634 517567 986860 890119 563772 915536 38985 199876 79752 716308 717702 576541 111698 57039 721460 478853 27739 389854 791617 505961 508466 157093 20762 27676 723192 673179 63106 41413 442193 899065 596908 382415 411658 964555 477803 141250 234038 127877 439950 350984 396658 385714 615579 617364 140569 300597 694351 887004 877130 445641 927586 55282 832015 824332 860699 566620 423270 873306 214550 393575 581175 550364 430825 335018 285927 248497 354460 529034 379264 788299 722466 202993 487714 946838 119421 710008 721300 488026 265052 373554 957550 87636 385275 515226 504805 841954 175831 827453 233273 687681 713482 833913 585761 941214 881795 732405 958577 581946 682434 797048 704264 825265 861593 615299 672977 250098 79207 668312 412729 974173 241196 22552 765929 742746 77631 217006 472394 591010 143500 869219 728229 154746 10040 510107 115126 794237 440676 72995 131344 984983 401825 41630 902469 522862 278201 78964 22539 186490 985758 874792 719268 828788 302320 990716 580047 763419 788676 788663 974846 403627 290071 723902 789004 991901 920633 148739 443418 889627 256917 267821 169659 307061 128671 536643 338181 587696 84007 40073 530225 427777 618122 761866 431065 308598 743365 674329 591298 736070 296740 849790 346509 978337 405437 768893 813301 96366 1884 412406 363008 696175 688398 624444 548630 431761 206299 9638 235752 810979 841743 835031 128166 183718 613289 503231 924271 578152 141255 188725 609305 520916 823415 665340 86151 511004 968957 960639 523311 961994 757810 3075 447300 926569 746548 694586 747774 521151 661622 615881 544615 673966 252060 154687 649657 429594 570874 577052 435187 756508 970974 871760 828627 132991 459170 353368 407226 125955 671574 574249 576104 321445 216236 45174 524244 392433 68438 53826 614804 408603 501691 841000 178980 997226 84266 978080 216497 750469 575426 653879 558948 298087 770398 44174 651032 229158 100127 882855 613088 801584 847690 483914 441976 474008 458243 541009 922503 996744 352879 532332 583846 633424 726300 542600 854480 187327 226612 834923 766299 554445 289968 467232 705914 724993 78010 324789 126132 786134 897185 790114 700231 284630 281699 797481 454649 641725 52619 62575 85576 221137 987985 284157 456170 126208 822301 56233 104286 683040 497519 619499 682138 873151 151686 65086 613310 25583 786886 333868 250550 621693 154349 866588 866188 375535 82702 826664 277975 835757 11824 303965 465312 101345 31473 440612 107346 505538 967460 870686 912761 15169 390235 991924 108786 518535 902936 546893 853528 558292 682529 574681 562163 678699 523568 954240 314221 428735 67168 900170 983837 333596 228810 767754 597664 843841 241295 704435 847083 623724 29164 826240 601782 692236 676791 383739 784765 286245 929045 435602 354294 295024 386837 562327 695413 294012 704753 463836 633303 500139 591173 166956 913432 685481 695154 919255 995890 297904 643468 250592 772026 612905 853602 270239 300912 269858 241633 921823 373319 146802 227370 456332 669326 211171 572296 397485 702725 48989 309736 242586 947444 394457 844073 261907 566938 399653 272822 604192 141564 451878 132541 740289 655895 126416 606788 645702 172597 26133 276592 279394 119833 185536 783177 949529 770809 931303 353083 170852 737689 977929 390939 417489 936489 372415 618839 523602 299170 882224 822859 892423 938491 986286 400090 629429 284551 798488 593604 767596 51727 642257 822705 821018 478999 309541 852594 643034 881542 753054 367419 772911 856097 600531 432132 936537 833392 956366 209902 246157 980640 194264 616373 980468 631139 133204 410649 865722 674626 687306 326285 842523 756356 415475 242333 9669 709016 984342 427409 173112 306452 127373 94270 21026 478326 398875 733829 888812 828721 144129 564439 308016 255259 599819 559350 278473 147618 246088 587530 776472 585200 212566 944546 681175 108749 699023 779513 863648 866025 716263 392698 750453 774723 429867 11913 656556 704055 997648 684560 775490 45020 913435 497594 68741 992381 678842 913435 156338 714460 748053 480631 212704 104944 461921 582576 686319 307656 194058 809058 385339 404704 574512 291699 150388 979470 348729 960898 142499 512916 883419 941282 871196 438568 23576 463985 164741 213498 255670 456636 916529 536449 633948 439051 557338 461228 192130 984100 139960 445530 396880 952321 829136 346469 509109 282342 102747 359202 81731 759492 818322 697420 359842 649788 959464 600141 62108 875151 616840 261668 926123 953084 291039 213258 422508 226418 893917 533310 653904 485881 419853 526318 79381 90092 837962 335836 543469 693964 965681 440162 50953 454779 311569 475886 8894 683312 358850 64984 943786 71925 598144 544598 879818 31371 263791 451959 584114 576333 366713 24014 769345 523218 536572 417399 754009 864454 697822 130445 940661 716894 499161 790915 724291 362564 503114 947696 820118 684737 646914 586954 639481 942560 570193 131443 487173 342850 666732 219285 537959 681968 819929 214487 129126 986678 273876 29829 285955 354877 101840 658622 965171 182842 700179 773178 856994 554575 219368 613274 282077 604378 17331 723963 754072 751154 130437 756559 303710 901807 653580 519476 937323 126649 32780 591136 263921 987403 126261 388451 968994 774712 868762 220691 520983 448952 704325 893556 395733 898537 371903 325689 234874 92268 881419 127590 529623 642120 668932 831566 602132 213362 308685 274833 65428 195117 62320 863078 296716 540974 505073 767357 650333 93478 207317 401943 556389 968979 317734 159858 806734 979655 68516 690171 820139 355920 18646 901953 733662 409452 282010 857974 229687 731361 772185 357522 900756 606355 596005 260122 872071 539146 70660 270525 923435 759567 652729 151513 447753 597988 764604 874634 893779 416448 819573 589338 665492 254834 148429 870787 522765 34029 346308 232490 756794 702482 210495 300782 870067 768144 104239 787865 566421 263401 403794 849725 98158 495520 292503 996576 185318 254510 314658 584538 799428 248818 657799 361799 650990 277538 980992 350037 814919 917238 492778 701309 279793 482401 350396 637308 830791 574630 778995 616721 527689 716831 82271 295106 994785 139807 275726 95845 371642 659279 494572 920373 3190 687011 888105 835287 104512 982384 156228 137904 43037 263849 101890 579089 979921 756174 321223 677365 919207 981613 283559 960843 25357 503728 361723 936118 588766 689997 651202 629243 118058 694441 69862 925997 337170 595225 39663 918106 752301 849355 129766 538851 172106 597179 826566 189109 163588 820365 98588 664876 904164 885058 636558 453309 68732 626208 857502 406261 351700 94871 863876 887540 610126 649608 889052 53743 836143 285776 417041 53213 702710 752472 870427 913948 466916 718688 239340 617602 193645 663085 88418 271220 464893 48136 729012 429375 685697 661487 132758 614160 393052 549064 970124 540398 787462 20530 740270 768347 179931 698394 248291 640111 56087 329357 94652 609794 14953 953246 976065 631354 914782 391655 461754 9935 698835 549714 763988 496815 141586 286375 284265 877944 953974 796758 835718 199048 138023 527004 968995 315840 528535 835822 764043 715792 827671 837527 998928 465615 859167 764718 25605 695350 743543 572620 799796 366565 494338 592446 179573 718844 387040 256029 22636 638163 389183 87176 268778 360592 142179 152941 564600 987632 818046 692268 762977 909553 916638 541505 201151 411308 806281 455790 886670 87816 693672 585940 60368 334697 305031 482856 50992 695943 780111 694939 769159 419018 108699 410896 43791 335656 523746 982464 104359 488251 307191 384698 816182 675157 478319 390435 789409 277713 637483 132481 706309 528553 693843 491727 328422 611852 23322 307354 738614 120137 748756 330298 813537 56674 719993 873498 136777 229558 96083 450468 984369 866658 478194 252866 697369 94144 849738 345647 84249 261095 288214 568161 23438 186419 100038 501578 116300 568813 882898 619481 985536 861132 306212 66385 934311 868396 433618 880313 675008 699201 29413 74455 46809 751366 108094 223430 946079 563975 899451 753378 726349 926668 229153 983585 503901 922895 650615 270481 152568 476595 825709 379083 324115 938012 788069 797524 565158 634314 842172 638147 330039 97119 37853 219888 155154 548972 298155 252540 832467 658423 505941 791825 400108 427431 95381 945504 338006 857348 305871 213775 823048 135976 542689 920768 846113 898249 315282 851021 723915 825499 352606 844417 641383 229228 533555 377417 502785 762165 35776 250059 646118 716881 145311 944535 691895 449272 176257 205108 936717 827855 333506 283708 282897 133549 351778 263110 37464 536679 127643 66002 697365 843015 308001 160664 217480 698229 455453 22769 725532 531745 319334 338885 416097 105162 695107 861137 545936 147811 928836 225621 89684 432910 673188 192856 329866 956380 627991 335581 443983 567562 9399 29065 852280 533994 442901 894187 716690 817209 372627 933660 888552 646054 716350 630979 173861 664263 182702 328211 376209 652537 768451 960415 274043 154310 186813 413039 75347 520383 456791 912229 185684 958291 83752 579347 942561 796405 911087 623443 300625 912956 151209 165421 412591 372597 109963 589727 249222 868818 811300 29252 797394 694790 479190 238149 276051 405468 797012 299188 94413 437024 553019 569358 855086 750981 483018 50008 346681 95583 169802 505237 81407 199614 162270 723063 188061 253949 191316 877429 477642 322671 130016 306391 35669 915372 215898 378191 698077 300961 437753 315439 648645 428106 111177 705790 148410 149623 223899 276208 59470 386500 748591 583516 538658 33948 363195 671727 589548 416271 304434 829928 17406 48563 104849 938438 347695 964046 183513 558422 392692 70569 899995 159862 471874 250660 597488 968718 436267 255979 345397 931212 535513 400149 899290 85452 355961 800164 851437 171814 519124 68415 209560 319241 466476 332714 499604 633559 283053 695844 234857 357260 659253 513663 151947 800280 268246 926846 395908 197327 535771 38387 325218 291412 495971 336258 377018 508574 730550 6254 844938 363974 510481 681121 427630 648942 137622 319227 475711 973209 376089 515148 476516 846980 665283 912447 932840 706529 484468 632654 29875 856099 863287 187570 612259 263518 546235 846940 724909 751923 460297 356212 578542 66150 824392 266837 298439 650827 299283 215243 69342 812568 604763 718911 872397 186047 250384 863677 52260 178091 261678 289697 168244 237330 112454 255423 803781 814642 376905 535625 222065 730089 534567 898981 892324 517376 688548 273844 235820 350274 862668 629579 323715 295488 512889 772956 152519 632146 717629 157777 390861 457726 759247 466965 253360 110272 691228 920381 297603 295915 912408 375322 993722 615220 710566 803525 366461 384682 439492 961202 587534 142235 925420 674657 334350 586294 911786 798478 50797 975707 734037 591531 55911 436318 300824 96225 51189 465468 399930 946090 195042 24593 814846 684770 9456 908800 705297 181263 854448 881822 345957 856361 15775 623869 74957 812777 346422 152245 511264 549598 435790 149465 212542 134915 695535 193349 727345 455314 69090 363301 861856 971711 811441 14916 573460 770582 986 806566 621334 157454 296278 190825 900802 62468 211809 529116 657031 877252 916284 918914 734075 123283 397375 170010 721449 829766 242023 580221 100729 664494 195768 395405 258839 198208 794182 344957 503118 399170 172418 870223 768786 574440 313803 791456 651247 778911 131295 835402 628420 738231 138161 35254 9776 7181 72708 843765 336656 369918 935242 478229 444106 428271 166857 961246 314618 482223 751218 827210 824254 440399 858020 31515 415777 225233 143600 187165 466298 369667 980542 832344 830633 37623 981015 137602 421919 704847 36231 954158 248928 413227 956369 992411 376709 133296 59268 797499 243679 215144 551521 808237 438710 495813 254783 523663 730540 732870 547143 199272 600984 455932 34873 721971 932397 785696 115037 984411 469218 834932 131809 2888 654348 424970 194144 706968 428636 928596 363924 954953 878445 872201 233646 546999 294238 450174 243365 151392 501854 667389 65319 941172 977713 503912 735638 201223 965741 136483 908165 830824 157039 809092 39815 852142 340181 627521 13481 929357 582453 141876 429269 474802 424473 985495 939040 981579 706178 732286 536052 781556 368164 515900 479965 364648 498580 334715 503619 116888 73420 783547 264332 800598 602056 238377 905740 461703 283382 4218 157755 610159 741438 195540 316647 472624 198616 54563 58701 49525 764972 965982 586401 752442 993626 572641 961619 771310 960284 940763 393786 7591 217990 733789 170547 39217 949565 669133 636970 414034 948591 692296 750477 812201 68403 685222 363804 35398 156337 485769 583567 321098 83936 968462 774749 219053 733869 286644 790856 979549 649584 900637 856630 815006 382856 457956 150712 626193 342109 596510 782576 352453 250332 503481 823833 987307 183346 411372 6599 349521 723537 857356 80225 741331 735383 233142 546565 580999 267305 736298 843200 905602 149304 769488 260764 336729 984624 497384 369922 423433 580215 219588 354378 173334 290913 102659 740036 50677 148535 315905 835496 113562 464520 839101 714609 891803 186564 478886 381359 916308 96086 745760 114682 287429 424530 647598 353210 304033 925338 543025 460443 795970 346356 512801 436507 58942 797819 60310 754950 501022 263187 691900 188936 205448 799414 39369 34323 528130 716326 471237 142163 661122 961889 945471 255436 91009 948099 902948 474920 277852 476974 807250 902153 780511 177202 845228 632266 682077 444776 915802 81087 670243 850852 583325 848814 128640 590352 545376 914207 113798 941170 329105 151169 781048 559128 952176 543865 436514 952268 591281 199328 911396 38343 904101 55663 659965 87410 775246 261059 932942 480910 478360 34917 224207 343990 821018 820303 398090 974378 48614 130911 856921 351418 282431 103559 756833 619681 715812 595082 671825 472766 177501 192085 844949 190259 142868 470646 52143 443099 141308 646000 461017 29995 114820 656952 288203 321666 605262 744052 263008 976394 115087 93080 925236 710960 568557 118040 176185 784988 910247 514868 730119 698058 681518 886943 838207 273651 768722 933905 881179 847309 700845 529041 913480 908209 595256 244605 902910 841876 979752 433098 805981 688952 255181 282093 808664 777470 922194 978654 317018 846306 56554 165511 492776 158934 228890 676470 237348 870418 820195 594599 418157 829917 433975 421208 285013 380000 925238 415567 572990 797255 886143 724809 891327 827654 981336 674562 131949 708178 562976 710855 951592 115539 414806 232976 519322 508329 341106 856976 32076 693865 637917 253185 73839 960497 437919 830628 452918 126400 440464 169607 104895 7340 296325 887204 872510 301685 396808 678029 413231 50837 961839 821845 32691 937553 795099 608300 15008 94237 389999 958142 857510 951458 546502 616661 598922 51565 611432 783016 172237 257256 237786 699576 106386 8326 374605 758550 693784 477857 957036 753466 40739 311545 300029 547931 753503 158981 882647 304965 183697 668832 147109 83371 904643 131544 642922 278523 76304 333231 733889 307545 134508 804099 462511 970301 141478 325979 49899 323982 223469 647932 533740 659662 442466 746933 506083 843464 909605 152950 166208 303236 363797 631039 561696 21005 574303 464747 368999 491261 183858 102069 980630 200040 42591 635130 550228 300293 256461 120146 233429 918160 961321 947335 811881 574618 615765 502054 940675 542046 502862 94173 833438 202960 264856 733418 817040 806377 95663 722880 468261 360738 343716 436380 750182 883974 199794 784483 271917 53061 452632 303987 762937 58802 252891 852977 131355 561765 563583 459499 321263 598964 789260 226587 593059 296511 209506 564750 71076 290267 487577 739255 119300 647404 104777 880890 547282 731638 658452 392081 830893 65131 270384 806314 154529 76393 947641 948991 483980 327655 768683 454724 749471 359968 521464 93634 9568 534495 975172 957811 109911 500670 340651 988025 547152 65451 556928 170443 307098 697343 473523 388709 435125 296878 222763 589358 171157 885308 211135 916586 726236 166225 610308 504570 550271 796192 407683 758741 99030 919877 284490 767842 588858 206164 446407 667831 461239 673530 846358 273663 247488 692246 540556 21968 510878 196540 648650 499337 867330 622871 965201 714191 902974 314995 610459 110843 879543 919896 976917 826065 329106 340366 806069 314734 138267 919047 842918 702212 798436 51350 563009 90455 668164 901951 729676 877842 949817 845881 442086 746379 703418 269934 577592 261224 548722 450665 734683 4022 793293 151518 830668 769360 116056 628973 88233 458878 173220 788587 614095 892972 319392 976641 27701 246205 254657 418068 539169 859376 98091 374762 525550 26707 659011 307900 928570 62525 874082 929730 238538 345598 964102 38534 316512 827808 551175 467987 346426 266934 435157 923265 774438 375864 73403 582592 498454 859386 519035 405378 597417 240234 343371 472487 561682 637125 997608 229903 683931 286177 756738 766171 397507 559528 392385 666007 67778 113395 118081 359603 867876 528408 51042 157970 552835 320897 809728 972159 44080 812753 187742 963405 145873 970856 602195 74218 546626 601662 322627 847208 843203 412501 446390 975172 697888 359898 445391 315087 37546 760831 75760 832727 262736 454116 634532 696541 749468 658690 893651 191222 912882 670874 321663 609357 708289 763913 40393 52748 531680 57894 131819 403072 480511 289645 506750 581795 35026 321408 426510 56641 615480 867880 106711 683728 19305 915294 893457 162925 509692 128688 621861 648001 751168 655224 651057 213374 269056 145096 267968 286804 892714 294822 185885 616639 857802 823458 775630 761934 717857 522125 89952 526211 109685 864911 379243 390635 630091 624518 129490 727738 677888 302711 884502 666019 749281 160435 120663 753601 777851 711914 939433 919191 162706 969495 653538 775598 238432 879249 41425 656268 611647 476549 327893 173751 57235 600415 644085 817441 586341 182034 783626 614497 551708 90757 301367 56282 661729 407203 602605 836291 294620 360596 786885 941316 333879 854487 90048 971627 341302 463132 996222 424235 421353 351206 205798 328456 639774 273 377812 241641 826576 535768 562601 378247 180985 17065 29847 187461 477214 328382 741801 455360 111690 758987 651586 844435 772542 996719 914726 912272 997234 344157 443584 505854 897713 366476 567210 177943 454777 773502 138941 983283 135194 109202 236046 484661 584553 167440 35787 722961 864874 89456 314653 868963 328009 504940 510452 168577 44907 52552 31481 771948 265228 441981 539243 349684 23238 879646 269212 464691 889696 159389 600123 768431 317784 308116 693342 780835 152441 383823 513186 922743 727835 516245 921864 407862 693475 210866 425560 298624 588354 639459 374636 573444 786177 202564 295718 560125 788413 567259 531126 455975 271242 209290 980277 828549 839292 400524 758356 321475 764804 281101 958914 12509 80016 851197 196430 320216 714477 387995 225670 930968 619145 414852 577417 996345 237622 886997 448391 627904 600105 168320 482762 582522 557999 237463 223325 710735 938335 366418 591086 367100 997429 990313 243834 195158 805136 264296 262106 760634 621751 356029 993207 839313 760479 884901 696615 125771 395175 559761 382919 443922 665448 204976 62691 166007 570217 964745 962550 122731 488529 973701 435927 409123 819597 567656 792569 266535 262947 494366 479938 463711 525287 87173 149899 925587 364635 804674 842099 937907 58487 844046 238666 737513 956962 384541 210945 190739 24031 665538 124651 521960 469845 737375 838674 487916 153311 797209 791843 434475 329198 302994 127838 308873 93797 556445 462775 213211 596180 958917 93904 631346 653946 806536 766531 352446 644184 346665 751997 717971 271714 102791 968984 409374 857651 816560 611874 321126 777608 903394 237241 113674 896232 393877 260796 414975 54869 541102 795277 23479 269733 209204 415603 692573 60801 20487 676506 567307 686696 395417 77671 81844 132018 884429 586104 70702 637581 512869 724036 176307 818022 718788 139599 221917 796567 956223 282055 132075 621017 453774 66766 234199 648279 27520 423158 194359 349640 400933 788724 483256 958200 345513 515593 15123 740394 447475 461545 168287 407660 311101 391695 742793 21872 532152 55629 935062 621909 412717 842052 153521 923618 11110 512137 279433 98720 226825 95785 499548 116770 72375 669710 639744 942204 895083 56318 346938 155628 907705 232386 49307 727765 96391 81755 337210 959021 699024 120418 203535 582577 87448 540000 280120 860205 475389 308121 667254 154403 630085 560016 474237 674174 876032 932646 504305 97398 845360 512968 91320 564350 827883 570494 66038 976556 865228 746915 424025 407416 554532 946611 422767 187037 305818 732112 421206 850713 885105 105749 491296 119151 958934 548643 229237 515000 311105 395911 717286 864354 104703 10520 52260 91962 185502 616337 882609 882654 744896 962245 511288 502627 279579 101855 972401 4277 502167 193683 757807 735343 742431 548568 519606 149259 764402 794762 844780 255855 344665 174404 321573 756356 976167 96419 563922 1398 725754 53227 38596 895738 811678 646640 337629 657859 256477 999245 274521 859997 400186 718728 734341 539944 143589 299779 160599 2293 323853 258694 566961 868771 818417 804636 249986 808743 677326 599901 903030 397187 407306 827774 2512 990596 945619 820645 264442 447947 657425 91368 736580 63415 31130 809659 550598 188355 719008 267969 103146 449397 570909 304195 716744 553560 181742 570057 317527 730579 328653 98557 779769 275147 900339 740558 561833 85745 41466 753774 178212 551403 654756 728216 685456 340102 881258 28778 229419 959217 370608 303563 742390 248452 265148 288729 883012 229617 508953 59036 405556 32385 710916 952158 779724 836125 525683 985897 557410 33304 556596 705843 565074 118411 718761 662111 302606 6472 72443 494840 112688 497699 723577 73754 517427 603802 633035 982521 557038 329673 350997 317733 190065 280372 286354 269734 9124 623375 959373 772571 952747 539462 231421 425118 647575 510226 884227 301126 392947 27994 910974 725150 422687 907486 355965 526930 735765 391046 903331 893328 174424 394173 791788 277966 141064 588609 432646 462847 455068 262988 446106 555001 873052 488195 243364 403109 695580 852983 551859 130439 491045 98995 139162 444774 738913 93391 836654 21521 357619 23309 187030 356910 81210 892431 895445 888039 391395 191811 709997 137074 702785 960265 29263 103894 198135 311648 252420 354554 393653 393918 963501 998521 72628 739099 176651 330789 79075 433634 419697 641918 14484 801504 430951 786812 902068 932250 191486 985586 161745 566181 628484 134628 204955 240889 623398 294901 395860 732235 643735 887388 343326 999623 896272 154865 586746 617650 932978 123652 516571 773602 588608 827553 917869 795068 859968 106547 775832 957335 134210 348684 77457 965695 425039 542429 903347 889203 333835 656153 170024 49948 929236 703118 804330 783723 753386 919970 120021 422366 858367 306907 316385 929304 716483 821287 199403 707063 462269 634200 612655 22737 565523 945244 172726 62219 594765 142516 906991 710677 148644 516891 131931 108039 744697 472605 587594 391214 991688 627921 977920 749387 131145 605174 741365 78310 271233 85728 493781 998928 394029 296658 88801 932992 307063 529281 483064 801620 109468 20552 301794 945628 429796 538981 978758 416848 708193 562057 863071 41230 267978 520374 710762 76467 523765 448617 792289 65579 146602 392472 839442 406623 506883 113034 662056 457363 10980 920881 987885 817589 929670 635837 253309 209553 403888 78562 776534 829861 398332 697395 518329 274678 354519 304381 143286 133974 487661 828316 476168 112001 258106 951295 851093 958316 309445 744237 771058 876510 840846 243452 457701 614279 544817 120719 657846 946952 189196 560918 207560 253331 316196 152869 177543 823959 245043 856200 975877 19037 61374 438244 871240 445751 815673 888433 366245 219438 553296 314891 257420 283995 260481 386100 751527 385313 536569 983281 43037 19301 499037 230786 897786 31986 341097 114503 702266 444896 969291 1223 744944 744009 981831 835352 853526 759572 440557 985288 59355 305650 449344 254449 357092 739632 795866 553398 986574 442689 25169 878676 818171 931732 54425 346382 810457 316500 869588 696785 562243 211535 584583 723322 664845 935238 536478 959815 410689 313199 866077 320121 228000 761042 474823 652469 370093 888854 84553 337205 426363 916607 388048 463854 103480 766822 292155 192650 94553 38812 98426 670672 747962 719863 518299 851216 220040 725046 996991 771811 451595 412888 173805 847124 58604 149758 387651 539491 206883 275967 552155 94249 792866 469625 430558 562446 856719 681656 647699 480191 572562 351378 607371 275070 941180 417426 750913 134789 547600 679211 659079 851424 564832 978030 116917 68139 675050 169022 79893 486579 887619 122639 419944 78528 495807 531152 189373 863942 339829 732400 173966 750317 85964 205447 419933 668854 494684 776517 878977 67725 947980 382779 289037 4367 288911 203602 882724 34075 943541 275088 362188 335705 512944 816007 259657 59680 11625 443041 742016 875726 395885 106052 876927 360520 123976 218144 410910 935824 248589 719805 935120 106999 401695 695723 610739 239714 527570 714276 880865 455346 582974 127644 30906 14481 363761 796189 295928 601270 186383 800218 338232 349911 241854 907326 409025 588359 161234 729658 801634 736130 911226 755609 22377 225437 841449 926665 314225 985308 67664 618048 898293 314453 851137 770000 625509 63702 309370 914404 132157 179232 670350 446682 15304 758350 547185 308119 374664 975580 20902 951043 313071 9955 948280 423900 184925 401096 739231 701046 522555 511669 181544 669636 836313 406511 25401 571672 617932 271345 427352 348396 833908 812266 195216 33521 925475 476585 80773 598240 62393 163457 207565 902598 563693 304545 819694 584669 2144 741610 11477 315507 464758 792218 859343 394318 873552 957772 899538 985570 254158 104597 336331 348501 409444 57241 572415 449602 408274 448146 74820 879664 749611 407547 844664 779757 115073 943083 136788 442450 962370 895918 370167 916060 810164 486477 704378 71408 751218 221486 544300 396693 591015 156351 247584 401363 164001 602613 353368 667786 402442 923147 935736 126925 382618 287451 438561 917387 8388 616060 680996 198948 192084 458608 464585 437344 989249 115559 276374 316330 973672 175411 384929 519242 555811 964946 255093 671109 167563 544371 105449 466942 836960 980933 527782 93656 420062 398626 386575 304008 639202 170029 366326 851267 470553 475340 10746 44772 277906 352844 708604 279536 415679 233561 754222 993607 404386 834289 696655 719317 723470 17622 355151 937851 404212 640487 95 630470 672961 436644 167271 751234 859363 419630 324945 68885 61252 878984 603807 368472 912700 802557 72347 646059 686211 316962 365263 817901 759072 614264 938780 368835 433321 496659 900170 44965 780613 713662 726798 686623 486010 401374 506667 812716 38318 258949 246927 334398 87999 714142 663389 47269 388506 485283 130960 835859 319818 639330 135089 906898 707274 394103 971349 128562 798678 32337 337901 950187 406016 747342 149699 249772 388871 842771 8729 229195 110926 274810 437435 275146 971727 47531 599276 704849 972372 571188 137675 238034 960240 375085 663321 680203 177074 575342 360047 329068 184361 679577 330358 783298 41220 199650 855373 548299 705920 124864 752151 692651 29006 256242 375535 533497 486354 81539 515843 277979 766181 261324 678270 197322 413220 483598 248921 358813 879406 738161 959575 648000 282612 663845 113008 347640 376778 705064 343422 586114 976212 976103 499441 883207 107612 566787 144455 108207 761797 725277 670438 227756 390756 13865 362159 105927 624718 306570 538216 762003 984352 230655 528681 108433 661864 693779 363796 869117 275347 422070 373097 591068 483253 6255 110035 250778 255459 187888 569806 747167 499376 796307 555493 529992 840193 489375 890978 955060 261993 358446 430930 376678 333327 967431 653863 99706 132535 285769 586751 929531 479937 916194 848471 449468 716179 357268 458653 601928 466670 67796 681677 754503 705751 750283 306317 469607 374176 552521 396680 744330 214871 170044 189571 677524 973142 478424 761377 591207 187419 703290 883300 577020 498224 662545 84444 60164 4217 531989 840688 993286 356758 889543 844592 701662 916201 278296 307902 406120 354700 764883 538235 693249 470902 741145 52937 855910 6039 919847 543617 214222 49790 12073 110252 443555 785563 512287 617207 584864 677332 573194 204530 826950 384758 27099 495929 935520 100126 852275 2957 84970 547683 757710 850441 644566 143483 184703 145385 517509 144757 341923 689327 461710 499121 74737 275132 345740 755628 309116 760747 680170 120251 546419 638361 833349 46103 448774 364708 216349 578873 731564 236319 308794 479027 805720 544792 108080 379967 525667 822075 370832 27074 517168 717183 940629 844491 84393 215859 920670 173597 757831 749294 241182 401481 171311 493077 801609 207071 176864 199334 830949 358292 460749 787652 193960 686541 470 959758 718688 716419 871819 640602 139487 134013 734355 770134 396872 363731 427297 943710 507893 856874 329526 394319 186181 808186 163889 565316 749457 474884 634336 623423 711683 511335 775786 302797 433133 515537 223368 424038 548129 618489 466856 65722 422056 774659 22831 271472 501418 76843 120336 313937 772067 289213 261656 805496 291648 936401 171213 706068 205610 667815 314782 546024 913990 317118 762617 419488 269439 650337 917056 434321 744315 947497 236766 941208 15479 402686 827274 785851 541504 557025 422811 801980 403277 658562 988441 277779 706678 386556 826178 883887 894490 48428 390189 580144 917311 874968 898019 153387 211904 355657 277676 207057 460462 848988 979726 200710 754254 508128 223246 491034 601459 831253 959491 958368 379400 933305 606135 965798 467805 926604 327684 690283 372964 533621 351027 939143 222412 83277 13788 674672 342844 863076 956119 669664 256635 382028 553622 732319 966692 214601 731978 880659 705558 900516 679067 797871 782269 245483 452012 816726 66876 196459 654438 476988 663385 150493 121019 592211 810030 202834 77040 731081 185611 4332 416444 900973 543213 818446 736815 282644 395808 294149 364229 123064 963578 604767 379448 146272 827315 95564 927315 924349 479593 417933 999100 710341 256880 677241 84998 44719 531336 698786 745149 226540 675590 589583 541319 145025 902334 925696 763171 237471 447143 689822 887817 624805 956405 668498 362700 274168 271327 52892 874904 673097 300924 528117 657994 280774 351083 855374 907303 221856 922033 981864 88691 939319 524046 949846 891287 107429 291619 735600 646134 338271 397883 889719 8405 480362 283480 750152 707256 123841 707000 510850 418865 811128 540623 258322 455719 985524 596175 808536 488572 633025 397157 471978 162562 461674 777087 421724 530909 109062 950010 406528 497920 44758 335403 712456 825700 197342 75049 185715 369312 565636 5193 19614 224230 831784 369515 254640 393478 864141 593449 293499 694765 760604 50649 841295 185220 220237 363410 18820 431859 473378 488221 433264 419939 578699 607328 631935 502534 108738 126705 751133 800137 966746 978255 591536 698139 80568 39789 594115 677218 228841 826348 303725 27733 648828 376674 803774 411274 204416 900493 66419 270243 502643 217876 670080 625255 93863 680002 32674 993669 5862 378213 695522 826780 295143 334982 824063 717121 744524 838751 850811 228477 962884 770060 6575 314601 796542 241173 38096 467311 200996 494289 454155 355543 259296 92406 342945 16123 799950 337138 767417 948086 278319 566595 999499 949799 376137 123546 540329 200023 426478 929010 759217 667731 997959 356759 307234 881864 298288 119712 620102 150212 826724 774291 657587 881577 536813 409453 3061 239197 106557 440896 143058 738432 857476 70693 388366 600412 791373 709804 873822 504147 801436 233039 852349 402002 382108 111757 141446 400688 899385 145606 249298 329911 854080 100005 448123 42445 559050 77761 145138 474711 492958 674294 718768 882188 756271 651683 172976 94674 870933 402253 945163 34323 424026 38017 270771 804258 210203 599329 70656 247218 381355 258642 673905 671775 754191 118305 861745 436332 6911 753452 775255 695313 667874 93033 209846 521244 965776 829752 349926 32067 408176 356533 963116 439219 889066 929311 390858 901927 781966 120841 216339 595821 975366 251624 626808 425305 213136 877026 611845 736327 562109 792544 714434 488391 71881 722184 38786 969108 731728 376851 260951 217766 505344 608187 794588 448973 162024 155300 167767 576651 819862 160120 109210 238945 842672 998948 693826 113461 71397 579253 294407 663095 884817 264361 910827 216131 284698 438632 18423 583758 542459 582680 309087 776538 237188 823072 124728 928893 30615 854013 729723 448889 927560 673642 736838 472107 409842 281733 294399 576784 818852 555616 635049 384597 925137 443425 16446 226663 655232 364895 140362 186370 496462 965628 990357 489921 230039 928264 338089 905858 724622 33890 9964 429313 818493 608169 229722 581721 57163 576242 748449 501728 254390 63849 343688 167955 129704 82223 946640 177850 964657 362384 847733 765025 994753 778996 924186 899663 373016 205357 332772 583798 543491 267812 217275 94755 609503 510531 685407 148592 383791 58518 42725 630247 74934 130311 25316 374201 965506 486315 268094 704797 64060 1214 432795 801691 415712 96918 668645 611822 766919 819784 166478 762962 786455 884969 335215 65350 548951 137827 468509 541908 447944 323083 773399 351900 535231 919826 249855 859438 152000 673219 74287 30307 618058 469087 428700 67017 348326 253628 817219 662253 925076 581814 527251 195469 892899 600163 687690 978492 785598 314481 764293 163657 425985 793041 705321 940512 823568 29299 457754 112267 639026 392433 77956 360886 392370 306805 854899 318811 82444 50571 50464 700939 24353 753148 528253 433149 708435 269452 20931 90194 261182 323083 599158 712774 76951 255548 444675 189707 226563 577777 140563 402690 959546 490995 269721 33508 713582 45722 386353 465066 440543 23918 12103 762545 466951 748238 486780 485827 167605 924847 643347 252040 929617 532553 158224 680337 806971 583970 755116 651672 794985 930601 417472 596957 67443 312095 397688 231218 42483 598752 794967 690289 351547 587648 663329 711194 933901 914841 121068 547974 93780 973666 769630 982015 773163 11755 365310 136235 919403 301925 519616 762414 163912 539538 536019 545229 552832 889575 829275 129903 62957 350275 13201 604658 69764 587488 269984 774414 604129 740354 824915 972045 997083 175455 91332 856623 180953 842071 461927 105869 469471 545512 114253 204574 809718 760736 347289 49876 792390 91701 941420 256325 554877 251605 245843 815570 723080 882483 425160 435291 238767 241106 362544 722626 450477 141358 404154 764125 387897 91553 385697 359001 929634 397157 594800 715770 846115 481637 154714 424037 947803 63945 645875 146982 93354 812791 394077 661072 450889 765671 175797 423374 198724 35002 450604 120978 984516 457046 39955 535339 630776 760273 856138 430424 924433 533938 961687 961944 668939 653126 45624 327014 208113 70869 389028 277324 883076 76249 584594 267192 437695 145043 26321 149954 38546 844965 717068 297079 756785 341310 351301 728448 82882 376849 9241 266139 739827 303262 946876 515593 442661 979193 179106 527195 201752 965637 130894 123126 831067 193618 735321 395848 612072 863838 776334 682207 473152 97974 417292 287395 565642 992646 863140 965152 34456 317969 863708 876015 580457 614266 651494 521655 307105 782841 506791 349 509155 764969 550184 126614 639972 298690 592599 829705 551519 432856 46862 71654 114846 988463 55757 286503 741827 644873 709561 472396 813283 969132 490291 813137 551976 497228 365182 509198 231727 190313 679516 326835 404985 647744 236750 692681 401559 887700 547642 104262 549712 877259 740440 422570 340108 275656 225869 723688 639621 173020 786814 411164 944444 646050 797366 954211 213173 540887 801085 530196 640414 717764 432258 863708 974375 660046 45136 499477 222551 912676 578276 31335 743134 456354 408176 380633 507645 133988 534799 897042 650934 466454 173560 119096 15242 445815 757954 174102 597236 304578 67030 846277 117614 471355 394178 907564 56414 574734 34776 513023 551093 566443 762532 495980 422705 161051 537340 972966 211523 794787 656407 500137 348268 777920 147383 341891 631334 336528 805328 793085 854292 560730 302883 644583 314608 81348 249075 396804 818084 939302 897083 453378 112471 574613 681958 737495 243670 732563 831021 326479 454029 878119 282430 735746 476523 537303 958995 880826 872414 38638 639027 427433 459014 817516 12604 943246 777006 421569 306133 59145 766851 731057 714987 998921 775977 481881 26992 788240 284958 465978 161705 47467 814152 445412 866990 101405 891672 468814 139423 866705 468784 634931 139952 872961 283045 263108 311645 239429 344882 840604 569722 121378 169077 512526 97472 19896 4086 796056 719301 368168 1973 99014 254939 57037 866705 544028 484904 45499 370494 384450 245304 231958 23044 591261 640491 966066 693504 709645 89906 294335 851868 9593 734067 139723 781120 799161 740801 830127 612866 92005 404386 992076 206315 75331 363568 750922 497455 616350 228638 7856 791710 155242 87464 136092 422704 730164 334213 812915 454311 811859 477290 128161 356488 566147 994047 838591 315644 2118 74063 188201 815114 354307 139297 378017 68223 869237 652760 216631 639322 962318 998269 724681 226488 882114 662949 820874 143927 201725 167104 238783 591647 126878 585103 719199 381487 258120 405986 713479 463724 64915 174872 269848 832065 680036 77035 884319 32150 503412 427231 975014 130166 416145 498831 208463 680866 320119 684086 649125 918918 787025 593062 129139 8523 813013 245279 690249 431761 540070 82054 812067 832499 551442 130168 592276 129564 325641 78147 775608 583462 439707 822160 748408 245451 616071 864563 176145 137367 178590 744412 820855 666102 7667 182019 547686 687636 390906 279686 583007 465859 324528 998243 453351 511527 766828 835609 197591 947227 425173 133610 463432 2359 933618 558584 663504 194894 561967 867047 758070 554935 760275 207271 281347 347089 636202 935841 889057 574428 715322 908315 484513 684850 500953 368044 607952 426874 789992 907471 364777 142615 675809 792084 486942 271957 102760 781098 844844 689824 418625 596169 4884 871651 238139 93820 933184 368192 931060 980949 400451 62683 854176 545781 382307 534292 346210 866151 201045 95850 486819 705368 58716 143747 122979 572967 621230 832642 341214 257607 761662 221371 34328 570497 5634 551044 60571 262471 903500 664115 213235 187796 785432 960715 358304 534735 954738 656461 234383 937725 503376 973280 151919 328005 187522 247061 383377 174005 686637 613227 214627 445077 216494 914867 593147 590029 681402 470093 763689 957513 478627 150104 756834 774521 320961 696046 47541 176056 928650 161637 791618 46940 928578 826732 935120 812687 311797 134795 990407 749687 731991 964815 535298 621471 402891 499027 898211 806663 465595 343454 345514 612599 886284 280849 103151 148987 33602 642848 655493 731976 30259 715711 323553 780748 588544 270826 177641 296916 48925 540205 118560 796827 132340 672789 163354 657897 432368 222456 551945 777966 347775 623386 992400 340622 725448 88061 841522 49394 718972 101558 392676 331792 259275 404999 713057 620205 981173 697931 490193 641250 332725 65040 900306 705025 552224 207825 945476 888752 146488 871908 184314 472473 54397 798157 228084 692242 211354 220827 43388 189842 479074 555177 118534 250289 235340 423361 894203 857275 339766 603469 597041 351217 673529 445383 915902 326290 916137 502436 981340 708608 233210 581190 668303 631368 786271 156080 254570 336002 149709 274367 852302 630755 275205 458883 27097 934509 338816 803277 548542 496472 430955 490631 697451 243958 606628 314071 933138 129237 579144 376190 192339 734349 411861 776686 266366 884429 598342 651971 266782 554160 326690 951794 507308 3286 555103 842296 902116 978589 724573 5175 506989 361851 891531 511394 585079 236940 991525 297316 457259 926019 898508 489459 446862 535961 356529 503595 490921 311730 753238 19453 802018 92153 924022 846336 723394 798252 646821 568521 546101 627513 363871 235610 447688 632816 925473 912454 443639 615344 763261 642342 363335 604773 661286 586090 139450 406294 514793 991308 219736 294745 351916 305765 936175 576772 101376 849290 783054 94388 293425 757464 439949 677861 609823 730402 36353 420630 195280 598666 874646 597230 942888 384142 71649 632375 42963 696089 787472 888069 325274 601469 157151 438337 203414 330414 400197 711523 48972 846330 534374 757760 189295 282203 284781 488570 369984 511079 960306 552613 797135 523990 282616 105694 397251 437489 942714 777385 927602 531899 202184 540737 340624 819181 198329 336536 996828 131533 461964 700903 719309 358146 550338 827242 395697 870188 337734 615416 755887 568189 16520 668511 464907 961109 785411 341490 72716 501737 15938 895367 345605 292912 916614 156761 7364 347413 706645 462253 405474 119089 941648 775245 511929 647983 262640 359838 308021 338512 719578 203141 433147 79940 731067 430864 968453 505309 860688 580808 984238 559011 695655 782002 282847 33770 69153 336904 32926 211832 422502 151254 676743 929459 477335 204738 871517 103861 551910 422264 475175 966283 386142 232355 136423 930734 908060 747600 433870 137349 887301 550289 191871 350014 776342 811733 823942 26809 883668 838535 764359 527349 964966 564300 877041 129616 375243 493995 914642 419856 833800 300123 622279 900600 162665 403867 709766 269380 658004 43879 425056 473518 542523 69205 321841 921467 76150 884812 641584 726232 181427 847187 260846 12815 121546 786913 130222 2271 820083 561295 420076 688782 968595 796646 33256 615364 310939 83002 818228 561301 870356 553501 694123 67269 527128 800030 86005 964956 759129 262195 861139 403985 846752 628439 683392 801281 359509 515563 572960 383901 541068 919343 934256 772839 771656 33859 670592 444076 230853 819611 895547 180920 524699 883976 242929 614780 716652 593560 233421 102208 225275 707253 102989 398318 34920 440235 504267 320012 6524 250369 184132 35664 440315 51322 744324 671795 290040 775804 638339 830998 990775 166053 423598 381237 947482 46470 338222 805001 695059 81378 515214 209677 584427 106045 800881 187813 343849 347499 827270 768714 643708 91058 865036 296069 581873 334223 792253 218119 841042 614470 583486 896263 844225 516230 52532 69642 882258 805909 35479 82519 644682 228076 908873 19174 404173 120460 224567 128445 188328 215074 775266 541393 400973 809143 615370 725812 852477 222178 783873 627988 52598 287994 861833 35042 241865 362018 388503 146727 407082 700220 494911 702780 474193 599448 909242 480641 465480 283285 219290 169980 763042 796165 750706 372776 425558 318868 651691 217767 209353 252679 585737 901657 298440 431554 1794 59049 503757 195296 211747 172332 111019 335854 710593 607009 229590 373397 135430 87529 87601 784950 433352 470402 166426 543665 454436 395965 121929 901650 954555 976648 405692 299032 441989 226718 295547 520538 153017 267446 21368 319150 213553 861840 382952 663837 618959 250268 693594 778632 256416 128294 133550 465109 710949 570850 34092 340128 299000 395983 771631 325362 906042 771077 711319 218904 406531 870922 721320 783873 593303 739395 247198 985309 160295 21114 309413 426219 758079 500597 414548 177653 188104 966974 23182 300620 107439 183291 191611 145107 137193 764669 254323 707165 800466 184667 10107 317109 741604 452342 412938 268059 425353 298429 433405 178303 972480 432305 408259 120627 847731 142372 994969 570792 829610 221914 938791 257762 883127 361307 468274 937590 283965 30571 748976 682159 53889 856426 194882 538227 847259 315293 122221 389186 727091 943904 609166 91140 981066 455471 918547 965261 546565 804271 627404 819817 460226 149852 234715 511506 627937 829521 320489 647719 561671 321400 521082 18447 298877 746270 742434 328347 879639 262231 578224 195842 883276 126089 858705 283684 879620 253280 429813 758174 838035 759135 139193 145914 568890 613586 61411 208612 259189 139837 201792 864591 532379 528525 533226 544433 127134 368280 902534 634634 752168 644094 522013 357202 96508 509690 831605 762973 833162 24794 93549 123007 316144 270872 103327 573033 931393 545145 374554 676307 914237 427692 309047 230039 149956 134642 301199 180344 87670 474073 422900 127403 111006 587368 555718 216177 237148 374980 10070 578835 903535 918349 977568 387698 727215 905463 24399 567739 944887 884457 108765 816525 421979 649268 669412 443438 882101 583679 975283 173472 825309 402969 284190 73139 17802 800556 821766 603430 875467 938519 14480 301785 979799 516930 351063 904817 921919 865292 163090 808558 955508 15979 549689 661761 871623 520772 805022 259104 973457 47147 53086 22434 685496 124881 472525 142842 196842 216966 897001 976175 763835 686750 620333 432633 873821 454848 981015 54541 846801 302242 12895 556160 991381 841324 252953 34240 315253 438670 693302 861958 296679 327548 864950 765610 162338 50666 139148 19523 959658 850301 546887 511693 943290 532736 505645 473112 340664 836848 755586 917421 545306 143655 456203 371814 637912 362026 394390 371110 714214 364041 938814 179099 209920 943862 839762 293659 101842 946114 630541 8295 108905 637192 513398 44060 428595 901060 160790 729277 380190 684712 819804 645247 52795 703836 883746 639129 549618 551631 151293 74067 903236 578258 152623 36919 161330 728981 15495 563597 832654 208247 873698 590957 84355 961964 580637 175403 785155 427312 113486 260834 869792 559909 177384 382621 208694 649787 955818 39579 428577 810890 985777 198212 169003 834990 237214 242714 768920 246514 974662 461187 280018 950226 432129 419586 108514 935352 639451 362736 540852 12753 872756 314134 479640 984937 117563 181690 975898 520118 410165 667568 198839 764804 892502 31361 281804 838319 142902 356250 480092 603248 646680 127310 956232 578758 994414 321788 199981 550034 171947 484617 715122 755523 803318 200845 253878 612648 463872 528761 64013 767033 318422 300232 380190 835528 163043 125659 77452 863980 257428 964826 787076 281807 297989 53452 637038 212823 26197 360261 589646 128443 572726 517670 360531 531092 563399 927973 54742 71455 293419 729314 384728 256507 364464 108144 527348 188484 205696 902334 79515 534301 904899 579124 254369 794515 690329 285685 396473 908220 885575 306076 74598 535154 625702 896734 183430 327399 322587 463281 902894 66085 277666 744553 412865 176380 489533 246442 234497 720523 189151 578164 170296 947342 246541 460928 864605 444968 105699 402602 699790 747091 483978 952689 904448 329630 726925 26602 250760 48437 877860 858597 448720 134747 988369 595295 696473 57112 584106 770447 473567 162178 408815 479758 615723 127972 495147 809845 492914 838572 785473 518823 959421 524212 202551 405907 240115 669735 795397 467739 648248 365082 805616 709136 872027 749351 738291 637159 374519 579670 259883 677768 214055 366083 77554 297734 79916 256372 77972 419515 386241 470821 797227 47238 915193 456870 345448 970046 797417 910807 618455 203827 789732 859930 991723 235738 286509 933300 289144 429334 579095 465517 912050 782015 836453 758800 112780 778726 584619 381305 989587 373592 680691 388371 359180 767247 94577 977010 779347 427343 564410 338298 624060 251658 541957 688039 438328 349412 723046 355822 206897 706971 170477 140883 299693 637688 231330 692513 670824 786115 661836 453006 55291 146189 792519 776380 544552 56000 120239 620361 777244 796869 806095 554011 267450 249620 404775 894577 361511 595604 362174 936367 787140 12372 461046 519573 504096 258276 337398 500991 754534 821164 627690 676225 298351 691719 713438 548880 225865 680896 635944 155243 487722 662991 593030 884669 330916 485471 838140 460914 755604 42548 410376 447813 482507 425174 338821 150442 49363 854653 431297 41462 729150 840768 348575 128624 412906 131045 924326 641761 891269 165237 440656 374153 902000 4602 409937 113753 125969 256125 147161 352635 788985 678188 681864 483826 730737 582791 892545 17267 414262 803916 100099 979030 741785 234677 202297 206057 947802 564693 327557 385631 370353 16244 333168 712310 772437 505690 205162 282123 58213 700150 204064 780924 304993 474817 3608 956102 45596 266441 503116 557256 543568 217385 802759 180015 193011 310312 763738 188741 654103 369703 711288 571058 302040 275644 221105 190603 402798 49311 186198 431364 456713 713677 191390 286562 932599 776032 465183 41962 319089 740336 113453 296425 889393 283243 493079 960569 575723 952236 190356 213260 326027 475602 688215 336195 647772 706985 226556 893765 998578 497629 495183 293810 827277 636561 365581 418170 466642 86364 478521 653711 903219 411585 958102 124435 540651 181193 359982 241288 828085 943824 879773 617007 18570 470030 990774 737647 492708 364673 217443 264478 37365 427464 266268 833730 562288 19107 639221 121549 520708 52603 148965 985681 472861 861100 683499 478583 398182 599182 910946 106120 676351 380100 217328 416024 761862 821125 230991 790432 619846 474730 219801 834627 779386 130059 161745 894758 926099 279652 185304 807456 613212 151834 92828 288588 245738 529133 877689 933554 620070 381765 357770 266779 548148 327197 180744 952445 15181 167038 245362 666031 589039 223597 454691 884341 243043 423785 994350 460563 143510 906637 471537 970705 659908 393268 65132 57169 724318 737387 792047 210412 947754 788631 151868 111948 639473 362239 975458 676127 840812 699910 577476 151174 830398 704816 322075 799153 478837 50118 553747 124475 538162 674676 556126 210277 129398 622602 47367 871833 240148 477364 888607 541790 944768 967473 585286 436743 23046 238111 440222 313947 812123 864435 486270 314453 210947 939802 885538 302791 697261 87790 944455 490178 181653 489148 125898 164439 186156 770318 749020 553489 526065 240521 457649 631249 515012 693705 801047 838163 542400 638888 67865 482964 116531 578867 490668 432306 917121 598445 496781 326279 85323 60868 268015 364238 124296 704862 246416 567205 62485 995252 770964 942627 919021 348902 195911 136605 653929 128823 765980 506697 437820 557730 162921 453244 487328 966898 180874 25157 125416 107679 469072 314506 16045 338739 147916 605378 514017 631517 902200 361154 193082 381031 542490 131582 183249 689419 871546 629606 316135 38128 192039 693136 469497 192062 508706 656207 101662 544609 327696 981170 978942 255258 355455 216265 46562 372430 296279 378821 781256 508251 541818 129138 685442 976973 713882 812675 618188 322601 165655 32695 718466 687038 190889 7845 197932 732316 132109 909130 176573 43471 196103 116129 266656 848736 516135 653530 317211 175402 409019 116713 524788 721864 772388 218276 855241 969962 950822 998225 492780 58671 937201 69182 1369 809109 756562 637013 411315 228759 590633 812785 290849 106808 194683 919330 452395 575208 956487 561618 918688 973946 876651 265633 779181 201575 175557 841887 152304 6171 707216 586979 729752 269828 198586 35756 51894 359429 510073 943429 810184 751060 136783 437549 92811 890970 969170 296506 332424 47796 709178 337334 82388 534099 952049 915169 231506 178393 550472 341304 885963 380848 209744 805435 762357 364949 837713 726462 555046 374053 36767 795547 661999 742200 13620 997295 298232 20477 994457 19988 974798 721483 524293 726524 819800 330333 213813 662570 271094 923040 823865 853162 294647 970209 660973 49870 187233 805553 919049 605812 20319 499988 853664 35733 94996 668102 314039 133735 830124 106912 742976 378815 868658 140703 549038 219176 840386 406856 927803 498092 78762 945846 673769 930931 697906 72180 863621 615174 341570 744844 802459 247302 912481 910879 255094 875100 646216 14102 697469 625101 62132 944336 321834 435078 608381 350364 29383 913979 511770 362271 40563 260123 471135 278383 955534 845072 883633 182590 859473 312419 628249 665940 857974 228610 900326 671929 867616 770212 159101 716609 173836 745074 712090 596926 923755 591236 573173 345274 264579 388671 139152 82356 434301 12220 567178 458718 234213 953480 202280 92622 859069 561429 287544 120728 396926 619356 390551 178117 936489 743983 874600 640077 573841 787084 916990 785902 794917 987448 942307 142526 110489 298436 366784 757259 890078 588864 393126 141403 135313 294092 762568 125769 385024 60872 758308 662417 647090 124871 168741 743941 939753 235566 198826 715821 251503 146131 528478 750081 306776 311251 748209 688399 337496 194409 867804 285696 149439 552592 114623 714860 934501 809296 147293 375290 589274 114801 358714 31802 366207 79378 429464 85073 162023 460401 909519 939366 984519 243680 622818 298712 865418 86457 65795 847855 650660 691824 60550 951994 546069 743588 675145 331137 204968 49114 176971 279526 400875 169330 418007 947363 340773 29685 444903 82376 841259 535006 457744 608603 724578 712128 739138 662630 8513 165349 751507 412971 525149 640801 624202 414015 745791 82218 939407 405121 127126 675318 214682 710879 517487 202009 537051 957462 429049 72678 823817 275889 635578 337801 140296 386300 280440 268659 534471 432346 675253 925184 835985 879545 812638 20345 970468 965363 574051 450418 480149 576392 710294 386982 997497 862080 539635 552649 144420 563841 635159 358711 94424 72401 620135 900744 306529 753665 46772 147530 204661 125807 326987 354834 894590 227403 714915 780785 217465 542208 938316 929372 172875 956671 803220 102333 862132 192998 674855 378005 935747 917638 823171 558069 174350 596410 914904 372930 394663 525638 337748 167292 283494 174016 78901 85134 858521 666203 683358 902789 755873 803976 79998 451308 619008 653274 145437 159747 191085 189277 469080 501315 682396 79738 232267 898677 272857 536331 35039 374448 127523 252417 53172 920900 353958 230632 781557 108039 329182 195206 846284 60330 212652 685472 191034 157012 200883 331942 443206 229716 104314 784926 98151 306518 941365 163202 286066 558210 90120 821182 831872 623344 472317 720015 136845 788428 407656 420043 120827 440030 631505 614862 857148 552823 142081 878829 289234 988990 825082 265634 180682 682889 199616 106607 930141 647334 412776 929446 560564 55924 842946 742232 47167 592461 505350 913240 596122 843911 323116 772326 722073 943788 415778 320692 118642 26252 90751 132932 760331 689840 41691 467594 22726 782414 382944 508320 230924 646628 254608 42107 829198 858656 257787 399980 995017 740276 242000 306367 235942 833535 836069 363093 926411 967257 635866 279771 582187 45165 325033 605430 456355 336817 844882 677013 975441 832127 47666 703422 710474 102916 386690 22610 204825 63386 329418 376652 676931 351153 118958 477531 872221 144568 290559 937812 34948 56040 150674 162233 782818 329579 745154 410289 373342 634544 574203 281273 612497 357500 970653 82418 743197 11184 101240 71758 108469 745330 757513 662380 99587 231866 447886 450034 794028 336332 285964 843779 938149 242640 597181 994710 245657 625043 265670 333807 520474 352988 692901 829674 589362 221096 151368 765704 287402 137373 395707 882078 578548 975472 259969 631418 938125 774057 244356 373764 87297 809141 533825 327361 818716 922372 530109 849775 469742 427696 168683 616857 344978 536200 937395 75376 158439 583577 248669 431510 790964 826409 480638 816737 841041 744190 198352 828580 984622 829359 794576 637351 51033 912320 868085 49572 897753 991111 546456 243205 432405 711945 294154 902153 672603 408950 456409 149405 364657 116762 287936 868534 479973 350070 565115 736802 247703 542397 62997 835605 869296 66797 605839 219609 638511 90694 73084 772051 53765 114600 367989 200503 881726 750977 382112 879764 866876 646099 971837 776633 35610 445167 442995 145412 999417 466341 755805 343944 731332 714963 430988 978008 596955 147218 101839 558867 167679 690276 280130 61025 806520 25419 378316 739832 373207 714510 319050 79570 822323 826119 564864 229694 993018 892327 134130 442517 614647 664973 546283 400701 542414 691010 474613 572789 127619 477994 269797 558247 28205 322414 423264 518225 509389 36370 355292 382644 277420 225270 352713 611452 483193 17923 46147 196945 459583 547583 699733 393032 425120 495448 873079 914347 664408 735590 839785 27575 872827 205480 419239 917947 612411 653382 971883 156901 321770 844323 458006 353047 746325 583021 549947 139843 701679 218374 921305 14098 333730 788023 754714 814598 4822 13241 772351 137199 866827 400502 685106 985745 284067 281472 497577 285 815757 134960 796484 467787 685821 984299 347226 122636 989745 884686 583325 897752 675706 345181 718827 809577 940245 637568 47438 548277 625193 491024 146773 541819 742888 872133 936340 968459 405410 148675 711843 403250 493469 360368 905196 175954 669604 869679 101285 473010 936500 660868 295466 821590 414536 181348 583199 536304 113667 396699 875262 482263 363565 588715 676084 231111 105675 689020 834343 417232 67197 894636 396059 146195 685210 412132 724956 63781 288368 88974 967395 85746 708501 191366 870436 464474 363741 140055 511145 558597 302561 32021 969980 341670 565980 40697 299210 763871 683825 491391 603423 849472 420480 999134 70873 401650 100946 259590 776908 246075 159242 223314 712763 433675 401950 838878 646471 515372 443597 793309 759041 906807 390757 309539 953762 942751 176489 672642 170488 99550 275225 946879 918210 838197 114154 603987 146560 81246 810146 608502 928253 981015 524641 949645 930022 750418 425548 344026 931573 663920 570781 39948 605002 295752 835447 32825 666862 213784 331965 592029 403158 777793 116157 808688 176764 779340 269725 109773 180307 745817 638851 367380 4764 184886 643922 196963 285045 758062 217881 613561 202355 784790 149238 718000 723379 311973 520134 222736 435984 414563 910413 789683 606070 611089 635050 81907 906171 5882 382039 56967 283576 961655 800908 697702 349673 958308 618228 810512 462648 324357 157832 7192 137616 847733 25411 200814 311841 189408 791161 532550 471074 313003 750387 188891 427867 512233 528437 853246 181425 697001 643538 203322 911631 62326 849916 881287 172375 484910 214001 837321 350203 848880 878305 822407 947411 301626 358945 3046 435182 509091 417854 63025 103569 975309 915308 938848 368145 964266 37883 514653 682205 274791 233767 496498 854998 782101 852452 275027 708406 156856 764544 60424 109702 13095 972721 899115 312681 359647 206732 730800 725930 939637 609818 107086 108335 824946 359145 135504 241326 736532 878 161368 555485 138600 511295 508414 692480 342953 715024 769942 953000 775657 678046 178650 114024 790716 30705 53658 232181 95881 746391 26464 528041 666866 367238 768845 180525 139335 395767 13859 797586 635809 164007 510008 309914 626949 278365 285240 647900 813497 42930 137986 149895 999788 881110 845671 715176 620483 19580 749823 608238 747318 356272 410041 598847 235178 963513 678375 685473 636356 54772 313262 747430 379142 369571 859907 184640 493767 118718 542728 658272 69751 433332 251300 840525 145035 144561 987568 649506 704482 247733 660214 141229 758246 732746 299362 180937 335818 842022 650185 804350 359836 880696 673983 124090 258621 381755 537399 264167 87749 665885 607660 829692 956511 889758 616053 323633 496725 740372 934474 362475 639873 643245 334976 959762 406241 803551 354133 10949 681318 881550 574269 177148 949356 551552 299723 656911 180663 135154 140090 359524 396267 300003 597982 733058 232393 546145 310660 840443 409984 908577 758018 160099 622442 165582 599392 44406 617770 294015 492212 264908 715167 736479 973163 394296 911140 835849 63579 596060 725761 875926 899887 298435 674987 285265 781375 213259 431512 468571 374658 84694 940082 960979 852692 280515 582408 750562 571776 953810 623049 602105 113270 895474 236520 973815 688885 457136 692985 46398 811655 328161 810275 387750 226981 479644 822450 16281 866483 870391 606929 106101 33353 989407 552269 941179 84500 361055 276899 210684 96709 335277 273802 188157 519300 513666 935489 117032 855119 331141 725262 695145 250827 659169 874776 800968 702598 973609 65947 75589 328059 147916 826308 587655 831852 539885 343900 359306 793791 413160 476011 583685 50647 397904 553163 766745 618622 225306 691055 408739 268480 696328 583180 206734 842825 801334 147200 447328 546742 232735 504034 949364 833554 123075 589178 309086 121583 36032 831583 760311 567666 486340 828079 707410 41474 80914 198006 909297 279278 914696 591434 195857 168824 972225 919441 317693 676251 810515 791370 436075 199022 155257 335246 731170 577675 889175 855321 904270 878030 390923 728748 622589 387508 992745 692851 913785 874061 196426 372126 171067 633388 788021 335447 59683 488846 118762 362902 371513 478425 103405 77358 430915 782731 661373 776143 393214 404087 59136 370929 168769 887383 769728 168060 38944 191725 314596 928946 386223 155552 829040 301465 733447 773037 474107 971448 426406 162997 10371 597425 242216 11948 222137 555613 388656 586134 919656 916023 120320 64241 253721 484974 929378 989231 611524 17492 424966 126867 907439 338249 322440 983520 683823 180443 796150 75558 568875 740896 633065 289011 624249 476561 256004 4443 476771 977444 425908 85818 5069 179243 816732 96684 171096 547267 817695 406226 193517 417126 195608 892581 665583 993448 475822 898200 832645 335926 248916 37691 777904 310496 401858 190031 555691 319601 972387 528635 363795 112989 443516 84740 371611 411390 598723 18368 708643 421294 86196 882822 275608 408530 149101 48732 365569 966025 578122 349587 249238 176042 359626 444354 92755 119273 634539 53661 759661 381312 90640 862654 936855 759396 750608 831082 168101 154225 277153 638916 120505 446941 891042 133611 755103 318026 516988 642559 844682 298023 137904 893942 99714 182278 388850 639864 900840 186044 847274 791053 12735 806934 490229 546061 606892 769067 163331 639987 25429 479871 287886 965928 501329 311771 849127 566681 451179 493336 643973 405382 31391 661055 692861 713252 345193 169221 87458 948803 256804 548309 219310 562958 880346 474301 353493 985183 826637 747954 710162 353750 47707 485499 749057 424983 704003 624088 629060 117526 130306 698075 334780 862871 86572 20227 359535 435885 134409 198211 82578 259899 927782 161510 738847 245987 971830 908206 208054 428042 586276 207452 399469 408794 167315 58977 961427 150534 620258 773114 799875 775587 567352 112898 57515 876381 195154 364317 624825 731227 801612 468468 505396 347555 98681 923361 76787 691903 789210 61906 765454 424050 321126 166465 670515 386995 500084 840012 588866 906813 413543 550023 431480 728186 541838 546339 290356 428331 12129 79720 673009 189364 505089 566256 595923 207005 871693 951801 111018 536147 226638 319436 311314 396907 533391 365888 942240 118099 483281 569716 650609 14357 111795 588709 914440 136920 190385 160509 907462 987165 459022 198574 738144 888900 632929 53663 594808 545127 848768 127004 12218 589327 721002 815221 756825 179681 650285 372728 466054 112040 682296 740357 992166 770166 668606 315952 71533 671256 767866 476022 283583 351965 341806 190816 187790 278411 130989 778237 593148 305290 555239 750006 567134 578398 677670 506247 521755 82553 63262 23762 618376 633106 256733 682397 499884 803099 315034 532627 706036 21400 838516 13445 269264 8225 805687 600801 13697 763366 229369 382212 542421 807292 337693 150799 108756 990522 61287 612171 490554 875996 186240 859137 196843 754243 254492 146227 347938 887735 63337 709634 360269 800628 257787 774672 411712 375369 782122 340927 614338 620802 401500 446678 276275 743228 647437 170819 907664 89149 647633 496444 587359 23879 113930 960904 240413 170334 320435 923999 530791 521889 907425 889812 285540 898961 214284 169187 69781 600388 429649 343902 800337 910824 123966 110047 764869 679752 405001 943983 720228 192815 966750 961127 662612 758409 803845 197765 755563 294827 403626 723430 931375 886672 399012 449976 115692 459028 678430 975409 451241 708980 391200 126878 940872 189030 771823 77302 706438 779178 137380 341261 377634 848405 97557 223560 598064 414265 510623 471074 890111 260913 385701 487313 303257 554901 697694 105990 387086 523867 866659 448972 400196 803615 982554 322042 461609 600305 647968 387883 965358 994154 206981 960896 867467 261239 119283 169294 254531 515806 484431 455561 214505 46877 583472 901864 55508 489971 186806 124609 814866 48925 371145 833026 226294 634507 384399 839700 656189 926016 710990 277231 251376 539872 969011 866915 548001 853311 585385 460680 799013 147351 900192 45435 543484 624427 387928 930058 462304 27906 972219 581426 529841 881383 384446 924717 220448 410 792505 120225 283825 500910 566304 406016 439452 868071 484725 65036 157857 935556 420740 542681 472669 181503 248018 648368 651507 342347 911913 25382 213638 278800 489092 507027 792707 547206 570606 489195 538712 735681 805299 823106 325844 902949 688 586391 371626 188605 808040 889874 796329 743870 968774 912212 20864 198221 727271 174693 437328 193491 185663 45385 195972 130323 157357 543562 36447 15416 928166 522998 404407 836623 492633 85275 562170 251972 991689 120174 443811 367101 131777 826654 889137 770291 233032 289658 316385 304452 383428 378249 410291 704485 995624 715749 254768 474398 393931 528508 741302 505807 648255 331832 649391 779936 906235 505267 460731 208824 720102 590625 830628 677931 860143 58453 611260 836936 241484 969220 893119 111841 580848 923993 934375 185325 746682 123257 560415 798593 669539 409846 68857 306392 181521 804593 929990 526650 564042 827100 772507 440978 946708 587664 624917 444701 191462 342004 102246 955106 927497 818970 833068 356887 315079 273850 896753 873719 417842 452770 867966 198377 314146 287456 270566 72568 221877 622047 339442 461980 650591 888008 708336 356955 10556 872322 76859 14796 576333 545683 52674 325422 348580 855101 558439 477449 833129 757324 537585 372266 128079 821522 269245 333210 346641 311109 604932 165662 369301 67713 254591 927191 186024 68180 691935 998914 795839 263274 517559 642571 747576 646839 666706 265520 944838 931492 794115 20624 847684 360465 522384 94383 413624 296999 707472 604743 856997 771468 150760 577756 531589 135401 687489 534155 321051 939637 818937 697874 36600 370163 6432 846024 250747 277863 451148 751940 884779 332278 201499 513758 908995 980938 949933 817273 430655 907087 798682 978920 837581 838661 902426 738628 563895 844146 755321 887662 560865 458110 484901 480727 856776 329589 310402 787451 721875 887543 241433 345442 630272 110824 210882 371972 587189 564524 907527 450983 623726 657843 221675 728643 275493 314839 390107 786457 362833 684421 537385 713450 336676 788439 93364 325706 113307 89964 771732 775366 960335 100075 961618 719495 435623 93584 649819 98865 236358 479619 675756 40640 749711 946638 81350 374865 103259 343428 295444 365224 722348 279884 912027 837690 288013 770997 101841 506656 391978 913738 510573 727954 550493 119638 805735 336331 524544 820199 170696 752181 931832 971498 772003 234565 211536 778477 451564 463710 382100 844709 710068 807119 75311 217308 91601 396579 620502 871302 738655 892371 704582 967111 102768 147332 476116 880311 36072 911744 76566 255596 228619 755421 925052 320586 368425 131155 66540 7433 575428 929658 696908 231640 807339 880906 164134 235316 172356 198343 810720 686887 727132 262961 610010 494856 605613 437344 882685 656130 146074 485023 557502 923328 808298 61653 597985 21248 936854 859519 431614 799551 328321 37383 469028 497636 751749 808244 831505 898360 349114 241602 607630 877396 143886 876020 981990 932607 34967 739449 74155 737014 915254 352592 769237 748528 727945 777922 847437 768789 990040 881658 109086 75014 363930 66683 802781 558463 166256 45059 572122 924536 837256 972825 572257 60542 191047 134697 696105 731631 792019 837233 585595 789148 856728 731966 643272 825789 266327 260360 834934 225781 828948 126335 262817 57975 363668 209860 826695 81859 587925 835900 691000 213722 137527 313201 223615 587910 730801 132168 528068 910942 806255 963284 787811 766947 258581 998091 258584 266782 338242 645921 195176 24640 450544 425001 434063 975889 874733 66572 806737 914279 974579 186677 493417 271703 517637 823196 403645 177918 651114 167362 283654 131755 514316 527413 721757 494672 196538 494747 483796 835282 967647 277148 149691 460628 384783 171870 248451 629894 219155 488729 873991 251249 709473 645886 829350 472839 674083 807002 469228 952471 833561 234613 621416 430220 467840 811854 992918 416673 645620 194894 910868 604290 678784 552912 278427 596800 838478 285995 752744 458651 60544 338621 922773 989089 284189 807757 661534 936409 441649 830105 794350 46115 680384 759768 441950 310433 54081 856069 428722 571394 531286 33843 548120 875576 218109 68335 701975 502719 933005 977186 21604 539710 570283 321204 933958 279367 132276 32285 466135 947228 996864 714372 457161 505387 755554 673759 125122 266727 321477 526587 409831 65949 279600 126200 676503 441226 367361 598234 197047 623194 389202 211413 382558 83360 122661 287697 2585 872127 713215 954082 347311 602575 529841 145157 934766 642969 399204 724537 27821 955501 907320 965655 655354 11926 615747 294743 598112 611827 545301 586714 201640 2094 419157 392489 338537 166768 149740 987765 770740 227967 232245 165773 918421 716609 515717 763405 845966 896679 7263 974820 335065 173030 314888 962042 99607 837313 48393 876325 959588 895817 775291 468922 110194 907348 534667 526042 762687 66094 510683 206503 238136 573571 101059 996916 676882 185851 739794 533277 342106 698537 838299 793839 268868 343644 748368 254331 161720 648568 592376 239648 389648 886079 942625 199811 371874 925225 361632 881797 360385 477254 745114 516882 36740 280246 530689 615172 481135 617045 877423 868610 106105 444750 565000 643574 272364 613960 719942 604485 775614 393815 15191 521147 182398 33514 900671 193519 134659 775867 172417 563643 302179 618971 137913 412309 174125 507225 11134 504333 306788 636449 632344 661049 377534 489224 965146 20300 14351 728605 918825 326207 416899 849981 583848 43592 27393 707877 138144 800241 824500 948891 978784 959736 914558 435946 191501 155027 988051 750268 189018 924130 740286 443467 55968 203494 849213 331825 346053 244143 99667 579607 241940 547777 156857 859024 109744 355397 491587 14174 260684 641070 865786 651219 415408 404541 866234 718043 314473 249868 690759 121895 473091 828260 992989 505732 789305 405503 227052 173987 65425 236204 437794 378871 544844 569990 228547 729028 462669 179540 216220 660795 150705 532544 122776 834752 870014 583388 638676 136830 125499 465578 623585 586283 857071 137578 874587 985288 406454 267967 844176 376236 45665 889886 144057 433819 537199 962292 213364 317567 918541 36671 886211 742776 738979 274744 998196 799945 715265 75110 651211 839416 665161 965730 892176 553403 578578 837511 261350 124205 351269 138486 880249 459173 78811 188615 559419 700828 350622 661634 130412 231963 954655 765255 977214 66152 969471 967752 838785 675177 48204 451566 321551 865732 421576 474634 361952 488826 992806 113586 60665 483631 129471 434181 74970 701508 420142 842924 488246 465379 222390 981263 318116 819055 432204 420440 884188 924662 775546 684064 704361 809688 382152 790552 953745 983396 508335 100697 126169 43110 762297 811156 462550 441301 469168 515222 796504 135479 656392 546623 611173 665560 441439 994215 4716 667026 801574 291166 413103 36550 766088 645965 804344 375052 576284 294477 505308 394454 25845 96638 662707 482803 275471 179570 117648 352045 120381 613107 585978 177026 849071 179018 229695 309524 219602 449038 712304 258818 888543 172497 998591 422117 868538 85147 270461 308945 585428 670783 753275 663991 650747 790373 260613 740066 584492 200269 624838 891925 686476 669355 816968 87083 1930 899477 577542 735612 633094 132224 151141 494988 706454 393282 548450 350750 732665 201773 530037 46227 986052 46749 187502 731590 326551 827948 538865 328322 582406 114933 673359 237037 661526 429187 125086 709996 188972 141833 487702 947715 709833 773322 790598 316659 982941 196889 218538 454961 425323 999552 459505 991898 75727 150296 729791 510763 509567 553063 668142 668277 593685 146301 708219 771607 792874 205650 590642 99570 979312 457194 713425 3669 490902 413971 522098 63736 37357 674350 587090 56803 645679 334643 690157 483033 575855 364614 41529 553646 302441 966450 490986 726910 928076 769285 769264 295576 403038 933296 115793 726035 597040 189508 360874 582632 562134 684283 42170 19311 975309 148207 429606 724880 356456 78468 901121 374726 56787 286820 352484 375725 492756 404255 303766 602491 842037 184280 8192 66982 226340 160288 756815 218721 689998 282846 170245 636361 951952 906754 739797 779761 495357 596017 8565 567520 219861 267400 756662 467606 642853 618310 442766 193753 865281 741060 511282 841844 362419 972684 341084 287937 657085 397871 997506 39242 444820 288789 739149 157681 582839 113556 335557 299036 897372 970460 453431 926889 831247 286497 769648 429427 804288 818106 340835 616241 253583 511801 781862 174255 98257 529294 252983 679026 456505 262700 901694 329369 131642 346894 518426 4245 778901 575115 81831 269097 754963 972078 779799 501985 543283 504554 169406 294005 195009 661337 616680 766643 674570 5423 248259 153697 410618 129247 546698 408911 607888 157725 593389 778660 248037 368079 931017 114184 111953 980953 99464 64804 342448 509312 46861 926505 130837 248609 102421 821911 263720 315738 398169 283871 56127 975722 702374 580607 392336 268034 836291 14184 670041 550826 558598 834635 59597 82818 35691 124264 592446 939307 277464 487772 415305 843858 208722 236950 999387 918796 815142 843803 503754 481410 897682 746187 287063 128286 394768 966027 246713 377510 811533 801695 672657 693715 980622 704528 545836 731568 927898 738892 162061 473227 54215 860185 183268 898115 794963 797569 15523 688656 758200 56638 262406 588367 509577 567678 678221 584437 517437 381458 699267 134047 816753 660135 690880 984271 887506 361125 794154 714596 902917 358543 676368 316064 532105 819772 760087 733649 763316 495479 206471 59869 940996 261157 484537 463496 188538 441437 356467 548355 288290 831475 273849 443720 992765 403013 338533 59698 980334 367323 718043 874228 568485 641853 432898 134432 45592 67397 721328 827462 740022 706921 213801 54540 237352 605172 588427 83188 334237 127562 219669 289939 915736 823215 663350 848661 905899 890120 20394 467659 682627 118720 822456 671330 10093 929297 765338 700810 922565 898455 412571 595135 698342 485273 404736 88370 522719 73711 368324 975937 825322 621332 909708 985485 459406 782332 908326 102257 806419 621898 8740 464762 752367 855457 412722 58202 672494 915501 927708 640602 417973 889200 810755 199141 623457 853009 334183 785457 458864 412185 292428 746891 728798 501062 855095 327589 778878 278092 55418 499238 345660 412977 77497 622330 649328 449742 80829 147751 457170 158918 335000 204660 202262 482661 78301 447789 133683 896070 754332 41693 898316 917097 122663 378528 602019 284275 739998 561639 891760 73004 992193 398829 687631 547816 119185 982410 550233 954166 169468 911020 885003 144895 112243 570544 997810 693777 737445 624680 30688 187146 41768 825554 691218 660630 476541 678252 32459 271328 254764 17274 339220 373504 73813 631766 112637 256836 507299 383576 24712 227089 760544 568593 431784 421424 246584 447519 462700 220436 619047 457995 16043 515902 237784 765800 445677 444775 448299 187833 251311 906251 504035 628514 883432 346162 959393 105743 580948 906157 797799 536443 9493 861459 894285 939687 113621 518492 284600 416458 111843 354104 358787 940932 893653 742853 454302 727387 236160 994408 719788 665399 579221 525844 868233 577306 768005 950593 601023 746440 367135 379501 367432 289422 704495 753722 706949 171407 91865 316616 10216 630861 589264 734150 121029 564176 106363 960049 341250 84467 610544 978608 161952 87006 231988 753296 509643 449574 47083 967694 758108 854234 750811 80230 589706 611560 325085 152736 858744 159370 666049 171449 854757 174918 226658 798829 329756 714016 353119 118796 695753 616291 253184 988883 515163 634392 630809 545581 94059 959610 177867 226569 990817 745717 650094 878017 333549 105430 993552 406653 788954 37329 693826 67419 595515 260222 305737 440714 172299 5641 73439 215274 186125 779836 962933 627192 121666 997656 191048 159370 610269 609907 878879 666004 364235 897969 252837 287574 838696 511148 919181 228577 508614 828157 659107 446632 51839 606824 68510 632637 596724 12264 395342 172141 419391 361457 529822 792853 781305 770493 2297 635932 601552 546906 375464 643170 596223 419241 332643 54269 815164 587635 509793 32943 28935 360044 520586 407952 79144 795488 491894 696664 286036 956726 505870 58436 470925 73937 287458 462615 808221 711993 495537 878123 760881 271461 154844 980425 850906 435785 453108 521270 218303 406416 728450 242893 914686 253598 204103 368873 672755 947705 547171 104579 477757 820805 761478 126760 744554 242225 106895 497290 952239 290834 274480 734346 302196 615505 27468 133194 589096 773691 903621 851885 335911 432904 681176 795824 902337 532878 794957 875905 325882 772814 238442 286696 694621 160377 579255 513080 390381 958839 553599 130665 32960 33236 999110 404323 476077 541122 193307 242776 842767 574096 212651 68655 36518 289710 990560 955742 30308 329987 914449 66891 793730 341541 868275 268933 975742 31164 883150 182051 673501 869585 86849 559125 204344 920482 328066 958633 964755 504540 285134 780092 394393 466913 87291 530199 131466 98088 479612 854941 357663 197719 33875 797610 511787 84236 985679 722673 202737 968794 945305 972361 612890 564918 387331 337639 758371 187240 847317 62435 433446 102141 760639 613305 472649 205530 210287 666958 974486 543167 106392 831729 468050 156626 398288 266025 315941 770570 78272 859008 410193 470952 73078 683760 372568 555956 485445 859834 163179 907553 731750 9723 721678 711447 564451 278718 656849 826963 700246 751897 463022 214157 108061 927566 280721 888806 564514 702527 292553 326449 967186 860356 272651 415734 746065 822703 151675 281114 860677 515004 127417 12176 589184 997138 33174 821607 801034 729587 841229 285846 17948 543279 63992 987603 959495 855999 857831 246251 883521 923888 707574 846459 53146 613309 915160 751194 574570 288653 958108 32458 247435 305856 288814 315844 906097 883913 560360 27161 932364 518075 212608 312247 105232 654826 497208 380502 900536 796170 629002 899526 396091 161012 725437 413801 896437 414912 764184 125872 883203 66085 380836 835159 66066 557164 28241 973390 712109 854237 282372 584161 791564 471595 780721 460490 147376 96800 360565 869789 682853 207454 116177 539243 254710 100513 931099 644773 215104 192438 890889 726787 639980 487468 316808 150144 909622 452259 758156 522609 461739 223790 216591 891816 985715 554841 242403 4717 422761 56800 863672 803760 10374 739937 481249 818122 750022 878520 952032 351793 331768 853889 991623 227328 391037 249016 227725 224699 220304 997875 633783 595084 964279 188461 655425 870096 975199 25248 219750 862970 934528 420503 854085 255771 140261 136363 586033 339004 278056 896457 112945 108846 874833 171092 925349 541102 897554 100895 583658 984802 535727 647035 851905 12279 589832 407761 299442 804436 251113 402380 931606 115620 112185 424642 270110 221471 702517 334246 139415 548485 855824 679353 323725 529314 887058 249321 17991 355765 7166 79047 878440 884219 277544 468594 350855 683362 580687 204067 442379 4578 711281 265918 542251 690855 623134 800623 707034 312818 369888 683376 436484 684755 919359 983099 988407 983356 42433 434387 829548 350279 368390 203703 207773 140559 868206 148396 513993 633561 819306 102394 96575 285911 969835 590084 645830 9335 249034 636160 337894 569313 617784 968902 91684 818502 557783 940575 630632 604001 797405 942917 614034 307004 162028 286565 930280 635086 140099 347438 163029 349077 683525 13058 937323 305390 103961 157596 961132 897746 574049 352800 140950 688251 224579 550363 367281 483764 524856 356225 39248 958400 947632 683965 477312 86475 137580 656661 449264 796441 841390 188752 931807 647339 790094 781902 428346 102980 994385 3405 731658 531813 263719 350213 610102 282736 452452 969055 445269 711156 998886 995569 678930 96825 191524 463552 793001 194579 736195 609207 311011 973791 764720 617562 905486 794792 352593 586898 73927 311474 568126 849583 361592 103587 969078 700684 295954 310329 912175 112470 837676 955601 586490 849992 459374 637043 23952 622062 358201 70601 619312 50162 143051 96708 71465 692648 569269 132559 92727 11621 13989 655265 10241 407394 448667 132595 802812 78615 673396 425222 328479 481151 672858 550467 697298 585120 351959 581805 708360 393779 750372 62663 292670 997243 955302 82474 993829 185768 845748 858518 711659 208237 587724 127681 912190 379324 547768 12936 70646 229050 864553 974012 778561 362101 165488 618366 468404 202940 305931 926549 127642 366662 44800 505484 134581 839850 919725 292246 946564 176541 258233 491123 160534 479502 618959 283984 621566 843308 600858 73381 662536 11923 247010 638477 772119 173689 666087 772249 186543 112830 846007 628435 906464 752358 823666 174110 231348 78059 66832 873687 87357 937116 25031 778424 31018 720047 407960 968002 384750 595062 213569 741477 352389 96319 715287 210013 686653 979714 543185 20339 321527 556442 46702 550637 812244 967518 545689 522523 854208 343074 938509 979718 672788 188162 418744 381709 232642 561994 647660 143132 396013 559623 105498 233786 170458 584954 221428 117728 87838 657194 715630 212211 503962 298710 59900 618951 37836 185953 398988 652018 40471 610092 822676 947048 119839 165564 710451 87669 168864 101584 942969 129295 185005 394302 25890 875067 950564 169527 969094 537788 123739 607063 941460 568069 300814 533733 395551 948779 710993 426515 66834 772521 802954 125441 870140 776186 884856 458346 105275 544332 954093 257154 648948 357316 614316 450548 561732 757284 934922 105966 108724 405097 650480 665182 241735 493920 869946 863488 539292 720099 577585 410545 518586 90543 672244 668396 153829 449743 506008 92095 26741 283189 433020 474844 199781 567264 992557 778983 172116 519945 375894 849214 407351 326725 870146 611827 806099 878954 198642 361626 470398 375153 111033 36337 534344 718647 280783 230187 327037 174454 823397 295122 275559 661728 686071 5444 500994 692637 155497 195784 872299 572795 479850 438200 533931 565714 892311 810922 638298 625809 975105 819588 762078 638868 664493 977551 472590 638801 465874 777826 490576 853555 523989 982713 967611 470800 114097 167841 427555 938658 781365 869284 922244 991180 348411 995278 151317 734518 864946 453988 931094 67087 199998 495162 181957 17088 683063 859013 264343 797055 581577 295 391007 748850 571709 292998 93193 202418 795485 768399 353170 8760 79843 458087 895716 230067 214299 251432 521270 299052 84323 407606 43141 468538 469627 982851 833786 197501 827121 457176 680661 109058 563829 619996 553019 246894 507232 157941 82911 132059 910311 953608 332980 161956 341561 939336 899065 356357 764085 914259 924348 204082 954913 71482 944560 8445 713943 629101 72439 234898 507331 370438 731730 543715 634341 674747 640069 475007 330367 455002 999289 907746 454873 482970 961904 703864 951916 560003 318292 884633 511676 669331 451516 811057 301280 863524 870268 879534 422470 976722 929750 548654 941954 521245 290368 984968 655599 493157 509968 632184 88101 907350 19106 830509 832572 826876 529912 100576 249844 469580 334128 717092 519089 316915 543435 921036 882900 941438 285965 116938 617940 368740 836376 735205 765259 652408 897994 897355 168223 687557 430618 284563 166693 8999 214862 588074 569452 89218 696305 243064 494695 222231 302468 475410 491611 189171 167874 932567 712132 744123 463191 998124 566174 871985 145442 231202 8332 994205 622914 9343 360899 920003 683538 536955 425525 908082 484663 555845 550638 7479 117823 770315 449320 866537 12069 258160 458978 290683 601522 448884 926992 238458 729126 726904 575334 72872 980069 445266 954566 596499 522800 588752 50074 87311 788419 395868 904071 63955 570649 77279 109014 97689 771495 267127 724713 294443 900086 454250 190156 22405 175761 867486 160799 739430 968476 723411 205790 564592 99499 898658 379609 523763 690172 33570 766168 947034 645633 388777 510828 602706 917620 439465 117068 953882 966802 618995 953016 479185 506380 943605 23171 776549 631772 313316 163582 25140 371167 872611 295826 200468 593582 729377 904896 125928 205957 773859 688411 437160 133628 961593 1254 380385 762285 432650 464659 311358 576089 973961 425412 763270 901474 596733 112730 583499 82687 382138 539798 867026 377756 217196 740617 626069 935645 889376 555240 763886 537099 940810 408110 639227 624212 918911 689455 324679 221985 282033 964577 959733 583023 742531 611670 453681 674866 327447 991984 114873 970576 689640 790418 711974 558844 948234 849352 493224 276392 809744 738632 429860 602807 189150 312845 1461 459264 382595 468203 110407 592367 710680 272096 346945 682433 858406 77381 953450 473665 275107 20944 219826 352482 250013 740691 114364 903503 157308 655362 513194 531970 547469 244882 854921 83013 736210 135700 920375 605948 295235 798682 681 592297 685646 842351 247583 902125 862877 309121 846355 189434 633603 350170 112602 701094 417989 429666 899145 716055 555760 691206 55581 484070 362165 56474 202831 551598 65301 901333 889100 901864 754560 575712 475022 537273 825461 200908 162404 563091 400887 824298 447199 549167 817989 701982 13732 91171 871260 315222 474380 291928 117718 606762 576225 623479 444112 161081 819242 867615 247654 803429 101050 482069 390184 697703 662109 676291 757791 993142 223910 287022 50138 609073 136124 446145 923470 859174 745101 95893 96507 712278 450843 211694 330111 100802 54259 690151 531791 230722 901265 676966 756933 604047 673433 745296 886513 788419 242591 11336 618422 54620 68509 710862 494894 927712 561382 70140 171787 444727 219947 817284 978531 518876 484603 119166 129031 902014 77121 631186 469061 186901 327019 272587 262466 568002 23407 139715 419858 668924 705206 918792 134721 821711 653020 63900 216394 190142 628042 209961 759081 600019 389898 440556 781058 455640 775628 194968 773428 605471 411406 892515 736036 571526 600160 999148 111405 332494 424749 535680 54408 933732 736733 998510 169420 370789 229659 27206 31028 639878 832387 877824 862252 16057 997533 374093 706236 846204 410342 221861 67080 617836 403680 877625 369686 801839 278124 180894 78451 281587 79533 978083 639955 63583 403018 703820 639663 619062 60337 886374 148122 125223 154898 833293 176901 673405 75714 724901 850830 36937 272967 755664 470733 890811 656070 303165 271379 12363 991720 52260 854795 995810 240189 693094 508446 732334 511032 896482 47823 767210 952169 196683 725302 997175 287747 120629 724498 815858 465408 985822 8576 14729 771492 269187 457926 965509 735465 703820 482847 668723 378666 783247 71319 483500 950073 308698 969731 132654 802227 107020 735550 284662 317393 763564 214623 659421 412089 646493 958084 44886 868144 858554 106320 143265 523029 394535 811414 100893 332048 178703 203248 268273 333749 440406 203129 162824 412267 13028 175016 736537 942491 430401 284416 371381 246060 228977 801587 515949 617888 11735 543891 903304 296985 884660 818326 208740 43147 476764 288659 865864 793680 777849 206564 635169 89107 584621 566720 316145 361831 732515 139610 472079 381409 135579 816963 566035 141526 3975 266965 279970 737713 321665 328539 141283 27739 920129 940716 226229 878311 939748 207934 427648 724765 248274 566987 528085 809448 770347 498091 601829 249754 875008 570036 75969 413468 609152 757546 785808 783276 757563 431364 342342 98761 437074 995630 553559 282547 616324 288590 721096 518680 163577 990020 143943 359520 847841 893777 148036 360570 311229 589447 988678 503453 898835 830494 336843 249639 386275 582026 801836 551943 672141 605652 638024 254766 85065 215907 17159 508442 288064 779622 927172 439454 703652 350611 946196 491897 898632 833318 632506 785093 775300 269882 730195 297385 455829 431824 193448 119572 73388 42290 648131 254146 86247 305141 865701 857187 400807 113490 43272 425986 864734 139830 257432 542787 688193 858067 931671 428600 684394 442581 408985 162054 526673 600956 17814 100654 625994 540426 214927 797601 586203 851737 977464 300715 902429 647767 651297 324499 487314 464265 79033 389785 675394 210501 254692 607227 867465 326121 446301 68740 561861 729110 514491 380239 842617 472364 199072 431315 488927 698870 647427 210085 60286 34464 381672 265611 830913 509193 615622 444981 29251 977390 524484 78739 535494 178742 413938 286874 202305 731357 736744 241773 550811 401085 300748 510091 330935 832835 987608 199175 367676 687973 894264 848167 805988 914154 954535 599334 983532 363617 381738 824555 879364 471828 808804 409650 400979 91103 342329 846110 878501 922908 226309 580157 913508 602587 476000 941465 882432 75700 823549 198217 996840 335940 398343 133814 55861 607187 243084 63842 883348 516975 961801 396955 477648 203158 164699 239485 958437 357984 798559 724795 738303 765234 400422 187127 961560 415849 824413 317808 907836 437561 197390 55931 558461 483534 445775 287275 653097 41876 397795 730333 946764 372923 411413 333210 857600 415436 972070 984380 451551 978260 827949 556955 987946 884719 379168 46798 761413 360196 849858 152908 237917 166958 572241 221425 655758 27344 557601 908947 108552 293561 175860 748727 417122 378850 44981 997939 924089 440986 504539 398426 846133 887525 799132 586760 863561 207705 356428 939775 77714 387728 338950 979395 999242 582929 622533 582441 220148 338655 88410 774397 219764 835011 567851 628317 354371 654593 47778 395524 167405 362115 437487 834018 484422 633674 904343 525093 429889 446391 560623 425667 652257 589431 317580 651481 824677 757760 730499 534376 173189 894028 304259 474119 3254 340056 979570 713311 396446 494184 92270 436656 814903 504446 660248 82593 114639 655943 763242 933234 224412 179606 157393 692690 902451 373095 374177 122253 360867 993090 319071 805917 402436 518506 73250 313770 245562 451170 587334 684490 418734 369280 152363 564228 171615 892345 374659 548876 923995 994892 580561 889469 550137 57318 657535 120022 344016 186156 183575 843388 423802 351159 418988 318204 586800 937309 562853 122385 233522 837667 494278 391822 54857 170026 962303 287236 712399 432450 113417 680676 559006 358078 204011 64216 563775 936381 238544 602146 936339 361031 974352 758089 549026 512909 963907 891232 366464 917917 764731 768306 397930 236492 764850 200840 563929 39388 63073 268619 628523 645737 471251 885701 370283 677800 581502 693777 489404 182304 313328 193242 294378 15779 520205 829481 193740 881371 680587 833080 898672 295166 531001 655857 209870 573919 360562 236245 660553 78431 963511 906024 531481 717389 514956 833812 399679 105476 415771 418332 69580 948482 838796 900132 812928 451485 105191 38823 174164 368889 106241 549828 834481 260171 322272 904564 747771 351121 632489 157599 788402 415681 508846 823141 571911 554190 161035 665009 64746 354266 30550 609543 780579 738529 359129 27451 554904 79114 376826 983655 637597 439495 935130 262682 337731 729364 584489 127432 796539 502082 614777 364499 111010 365582 808885 879391 669090 754424 494028 779789 291327 87027 21269 853898 751748 899480 161762 694594 702811 155976 633026 477168 125680 256182 588994 743887 83011 501531 921104 804536 776027 487666 837737 183938 861074 588217 719684 200098 442884 21443 833126 637917 467580 810982 348588 141064 73407 831722 849281 518608 320099 355964 228456 7576 851357 677575 337225 577276 245201 295262 136051 7983 245717 329616 158562 360372 871952 17913 666159 103341 568782 872787 533366 952905 92772 140457 545795 83106 359715 911072 179447 755686 366257 787058 127876 359580 861135 660279 786012 417054 327272 941651 270850 758729 428142 834561 609999 718974 103287 274302 885597 75736 854146 587269 33381 471605 616911 830 695583 267243 378144 452740 252585 179720 431204 451122 246067 856764 684156 504403 97429 918966 125724 991095 799134 239786 376298 835441 369255 256054 295401 668065 459305 767382 364656 699044 870560 457423 966123 174097 826471 319421 247497 717430 804931 630573 903685 258342 782090 947555 811292 540252 381458 429222 173291 900202 193055 644529 389682 482553 558321 627276 483081 67014 59355 232813 913538 192102 879362 713273 548870 982082 349424 41542 590508 858573 182400 196977 657126 663379 472214 427066 73680 558103 825749 791386 585578 682115 654198 369746 289753 858322 812180 419522 810119 708666 696265 447487 408615 826423 697853 351144 317256 852930 268731 941339 940485 752511 267655 743795 182624 842628 272512 790708 369902 387017 141387 762644 388085 726303 33032 800109 421033 841252 651503 79218 766699 74341 18469 2557 719793 899641 765163 818338 724754 559893 247190 196853 95239 374794 203477 33318 983383 405122 614669 186437 365541 992968 732934 306130 855204 247254 776990 307818 6427 704016 853591 523108 170050 66777 442193 527109 294040 456224 462531 199654 715410 424979 991320 848767 56709 779527 509108 498908 576113 485612 346904 693492 30378 79201 883559 478088 302639 821019 558808 827510 466653 580335 834236 935667 557313 954981 23887 71338 364312 445935 747346 772982 716873 438574 366660 187474 476941 477817 58779 913776 333012 140822 572304 244721 785399 570147 77903 18680 794519 933988 376736 124112 823757 83381 485052 584845 445465 439680 714580 437232 779550 70917 134070 631692 251129 971896 549592 794545 353819 997852 183126 362694 765865 385001 237421 794337 577171 2010 383466 398532 956068 759608 359562 93404 476100 131287 163200 217039 826993 712019 66947 722656 784898 587116 723516 947160 171741 824280 320425 961795 180887 613446 229924 956851 781788 520303 135505 176319 639210 286571 373302 294399 395341 87216 849456 445049 85146 639708 80998 90942 911115 928161 940455 570479 948648 380417 512271 520618 70106 881056 133855 157255 62991 631387 595454 729384 453813 929211 297268 460085 368488 201939 462420 654320 195226 378748 123092 564027 430025 546255 595793 643486 832893 858122 497600 178288 691140 390397 13458 723992 938784 782703 131082 58723 611740 193711 161359 275273 903795 126203 649361 272587 662339 508580 735611 786902 519391 10272 927537 354747 480742 668325 875443 709684 367632 845695 223426 275911 494537 421559 362174 356290 575676 148395 333072 394405 922032 368465 730459 705825 204394 42117 3862 619264 359423 942271 750422 818398 196929 844561 497356 753109 767528 722792 474948 664723 66513 646769 392539 994887 602995 619315 882991 648785 834219 383159 561941 411153 495152 736783 793000 389364 971013 801 963393 83112 970976 163162 664113 705666 368589 202080 493992 252151 686897 470569 760432 594029 950488 867270 467545 411080 647309 747200 143515 151180 910967 71014 468906 523870 528072 247214 335583 349460 964766 300989 709083 425247 658078 704367 495029 540992 667255 285752 429616 503991 573899 121392 432597 937644 775535 782016 894540 500403 590838 268035 842572 578566 533357 289581 72545 581044 409916 421972 76658 650446 15564 170314 789676 86085 148835 985892 254124 904015 685050 125194 625017 668654 865178 50434 712775 992764 343438 771306 874051 991632 297689 690125 681423 803040 838875 419049 94420 959119 84702 861432 983287 689703 787992 630490 790858 406579 609362 796042 803052 197200 452570 891245 126701 921988 564388 119381 943486 29201 598023 24583 638441 119531 274011 585625 83918 999987 479188 53429 462639 534990 184788 736325 633990 425642 448632 310367 274912 550688 795969 954715 100742 149289 362962 87353 948463 922351 553525 351806 67229 214469 293563 805229 560966 258592 975467 652303 35140 720003 615716 801889 76819 366917 390431 536572 655654 426164 153188 964548 965233 337971 434941 671264 912528 792033 74833 91431 507038 714002 333348 15616 227805 16777 95083 565797 201142 227648 819939 811869 254090 699311 877242 780206 767373 246912 323637 13972 241960 477276 451918 272102 103329 750066 277081 693677 941691 555137 200938 298719 391408 629952 363602 379046 842531 511105 392978 249965 231675 397732 450311 165362 867227 608741 334087 367874 682680 595860 581124 967594 458624 970094 317841 172920 313053 706318 369602 40481 35354 363578 805873 823103 538693 895141 631027 275493 333554 964620 557238 423097 575455 231318 215347 259519 847194 165880 636124 480977 333791 75891 882253 750663 519472 319220 139549 998745 436798 335748 722127 159957 244410 406250 780527 558649 724551 200453 739290 167554 633869 429291 295840 417585 270368 893156 819613 899348 783796 871128 131822 695617 670248 667377 977283 633857 587182 206506 505973 102522 490788 262192 974970 85621 540748 476122 449668 379176 709890 789326 918992 872719 141802 447560 964427 605864 824745 787647 369712 40900 859634 735959 655643 797288 366239 648997 164671 111455 647840 998036 597368 662337 641872 879559 264398 694638 344351 869155 703919 103492 494312 700661 10872 712118 965184 586055 828467 443728 588196 973750 183721 559902 344450 139910 720288 399019 726032 981164 931527 667958 998288 346708 168302 530285 981967 193644 626037 990942 317709 476319 783572 676604 497370 65266 979773 805319 766611 796914 617978 247917 143539 689210 145428 967225 59879 718523 86434 877853 925083 911769 998221 469582 266737 372990 673464 751621 555053 142389 758222 424073 891527 134052 457433 86647 880542 743702 977401 76042 974387 824978 685961 871112 652206 947584 767092 893823 917186 504580 708958 621494 756736 618976 269872 109047 181229 453976 888745 829798 17601 32673 76632 471085 140136 196421 145131 332792 693373 197032 699556 480323 783677 886492 958648 527685 413337 893776 420797 137894 269059 320923 660094 723193 986977 978852 162888 813334 425613 89316 940647 474201 938408 508518 571254 924327 698179 202025 721394 702048 788970 447085 900705 210653 974828 649914 389421 904361 840476 826111 782460 397967 929969 854087 805341 907 52763 15349 474944 776049 707468 146476 75919 813683 840332 134534 199374 967444 232832 997842 646746 667948 659515 105367 556305 617627 889347 510046 113704 843771 304303 913954 809446 931146 431961 310536 722424 897355 92041 670205 633354 190094 51203 829472 53053 517923 411249 607558 981864 15946 141043 748843 361781 608330 579881 667634 498801 155211 892445 433688 310699 741923 324106 467158 470487 79 400071 587779 743719 823327 683355 962192 543665 611365 356240 831095 312021 150403 988930 764228 629242 271927 2556 297287 287031 268868 987447 707914 828342 143329 408025 548590 896783 953103 415003 474875 173766 649004 816951 721266 98643 690078 7140 614144 883123 345002 731951 764985 898300 315085 278172 73323 441664 242577 722277 582980 344112 27477 973481 62818 430066 918790 207095 286660 138683 282767 145015 975053 514454 274185 974232 24040 929129 725571 667643 997057 805745 714707 505631 682342 550415 783849 603943 884234 532804 535166 560522 134610 424370 820489 136280 553642 487029 48364 245750 630601 689049 483269 451397 734003 788640 323494 247847 8327 123923 196030 253967 495193 255072 338004 937570 451781 912631 648146 264892 610083 247858 322597 440293 789099 662336 558879 898828 83577 440015 637468 625041 629207 592364 852952 844977 777922 297973 24097 793470 835597 803723 263648 433950 301111 282961 946036 483074 235519 953813 360289 53127 155635 224694 136249 738186 662683 686149 10061 312654 799664 783386 784257 733962 722791 451463 341140 849693 626697 953286 303900 920519 607599 983497 266184 757749 663223 959987 424239 373512 985972 709845 474301 24114 642872 268790 135470 247659 542827 522973 441400 658517 972580 997482 161865 433151 926711 478558 30818 318142 237932 20604 109301 259893 655982 901753 171555 533776 288982 96190 989262 210060 244692 134856 919455 991062 126459 511455 792541 604002 455519 507500 662152 864412 287469 811169 647726 354917 238317 800340 615457 6601 624849 515080 444325 186988 784261 154807 650382 443456 305348 815745 793834 127101 436220 38278 280572 648255 349547 863535 711507 670120 689548 794895 104617 966252 526490 647897 865419 586135 827181 688928 153679 705321 878655 266723 307629 899793 466954 356955 85081 522225 265434 689612 84828 234914 327344 930302 817283 148218 30400 233339 468164 239467 380770 72264 853211 498324 605708 404622 184963 171640 298035 824146 915596 427037 986551 689142 997304 352200 222091 315715 945127 917517 778851 317143 98051 215341 290555 652640 361272 353362 781304 460711 532300 69989 121075 361490 569074 121529 884405 706284 717348 608007 578607 964143 711673 245506 161682 243978 365333 293187 984606 48768 943316 613135 536087 66785 165612 564822 95210 710696 469156 481557 153442 14025 920595 66310 298255 878147 747943 520020 93508 929907 556960 690224 310478 381240 964006 115241 555474 36825 73989 103791 147843 63151 928704 687268 23608 156153 499458 241233 212664 639886 281750 253406 897643 427676 93025 371080 381472 837228 660527 558803 238850 273998 695637 17653 974820 9371 656760 280697 429155 195225 371847 372685 110496 690551 236862 717128 367706 916794 100720 467845 291188 67523 553352 764933 205993 235641 963691 385243 362856 290017 638057 759114 653150 717151 747526 160954 932319 24248 711275 846872 24379 208413 912894 1880 327528 67421 523511 529322 837663 959972 354756 524589 38350 106073 185823 345347 304321 699143 972170 528251 606524 579823 518158 685282 998624 756155 390486 904277 854541 693440 311067 514046 423258 73043 514854 701946 158109 428589 40217 737355 979222 229957 226868 238259 450513 280076 35846 818213 289381 461990 362837 231518 415839 793975 278189 887411 535124 48396 490123 891346 25342 846128 32092 541059 944114 565039 251089 47164 432126 981328 713516 660342 199287 824498 610504 820964 46737 636503 372348 344315 217152 969904 256379 489467 594640 140692 552490 297921 375785 221312 647368 633604 862648 502292 598197 46539 772461 99592 263081 333340 674121 453688 849934 587580 757605 682295 950068 486533 960388 441429 590628 122996 768728 824016 869794 790502 559705 621230 789326 816555 85464 290340 962988 652659 13958 160023 354472 929888 671845 809654 141762 763707 128350 49376 325744 653637 1611 348793 226392 512068 801234 279328 160206 962033 693774 917246 607210 648489 992269 946686 983572 839340 631974 537609 459651 28909 432612 509592 983968 778400 437598 374533 494096 177497 106831 341353 421252 948381 418506 928585 470098 562496 448857 644409 235115 871950 737091 629723 753468 902508 788352 618253 781133 255535 913262 211768 399679 820611 219573 980321 815314 286472 835356 557639 466490 984410 662488 815681 203873 418307 368682 22585 18423 387414 8281 920732 348992 389891 979179 288097 101429 887733 414840 222470 416396 38183 76182 923227 179436 962996 333967 397226 345256 66259 18907 871169 970408 214690 534856 324614 645249 742671 311104 322098 750882 294611 206838 689703 273555 50646 230308 11387 160406 638630 314643 640218 904454 538340 537632 990297 991939 39044 996995 4745 576179 107492 454718 757079 583655 180771 763448 269260 781268 150069 181469 73399 50640 13204 180595 141322 378389 548779 253558 862759 86472 58291 782232 932800 569875 991342 933155 378267 755121 580415 691607 644293 508544 845498 751985 955339 977478 941687 828619 724763 485205 443728 166887 590754 935744 168950 868396 638136 284022 500972 217731 539215 551023 88622 841041 697189 24177 809999 898957 110238 245114 660588 813665 358287 688556 875331 47327 961559 695845 986392 213622 283045 620150 587095 149141 342712 272956 276178 850588 863930 217461 132710 24913 885400 10528 820717 51072 959729 789992 437427 329824 495231 126337 745031 123426 128315 394996 232424 898920 347866 515379 564266 819534 584270 584043 99607 187807 48058 740195 752009 333855 209001 322812 573958 419716 998916 548322 606508 830732 228561 794171 682701 30514 210950 862999 615232 202699 594129 635553 261471 460251 479296 510630 146599 790260 653604 574138 86052 945569 979739 981845 691061 200665 310628 773448 787246 193481 821896 881763 673755 6522 199327 783443 803580 484760 633778 304906 284145 581736 640364 809506 909893 570264 138611 372571 593799 489054 884452 949658 487202 268857 523092 964705 918796 79836 766945 639513 952573 743391 725820 836860 767772 262580 963054 808768 979687 568627 307122 55780 220317 690885 342575 43359 688703 248378 252146 177359 123955 531345 172541 737788 990963 650887 597589 470579 218696 893772 613591 33447 820289 632652 991202 417844 143330 99613 429713 463126 514649 193959 612179 752875 44357 898903 867314 504838 172448 279521 900216 182168 990936 984445 833009 668399 437307 844184 978739 296935 908675 455949 5203 858608 216776 879115 609504 846780 68472 481502 629015 665073 837072 138745 723305 110094 881159 36741 851319 783938 474631 49581 392647 423922 491258 171370 961207 923873 333510 509501 630343 281387 287577 217454 65238 123690 989463 483822 310064 501673 653346 914962 418400 414876 539948 967366 834094 819559 59933 370968 787308 200125 897618 141990 927538 159674 624152 631788 909119 854788 711549 804963 603685 205290 482862 254981 604842 797346 862886 935698 900447 825150 408376 238955 777663 724825 282373 705840 520486 623237 628108 325400 629188 347990 631124 534693 74575 179845 447316 924536 445078 932416 686027 232425 301982 451279 966291 850997 710826 828934 163348 392041 367580 186558 921101 773743 217053 773575 940119 133391 551168 524909 671031 172762 508081 310315 289508 699921 40838 724614 543551 760518 377105 716646 947804 583391 402925 878909 801429 321684 541734 958981 104236 880696 621588 432010 335394 829185 933514 212488 944289 426000 399787 971128 654885 739589 340256 880436 786781 592078 724388 6679 348700 111263 998773 337906 243230 292249 10003 363907 616428 841252 612719 326346 88771 553751 215526 778871 881956 244888 355525 850767 687047 304466 499787 965621 329630 822575 768570 778545 23185 60502 901169 466680 700007 469227 835132 899226 534063 247947 408412 104607 34340 445867 50497 419882 454900 391622 721207 875327 689356 193931 546741 885220 271241 990618 86038 258766 213342 387828 394511 800555 372949 980671 847904 573689 818271 788888 313537 741260 609407 623016 673895 371743 38171 432129 58831 140425 571358 646756 404214 167828 473301 461812 645571 830154 251837 739940 466893 365623 594734 151754 887154 721712 700638 811774 999578 876697 998768 100034 117212 919936 992847 840193 106562 765993 591407 800978 726738 164822 293900 150713 265918 234397 58131 721922 966028 894677 659748 369497 393085 659320 232790 461929 556390 928241 846340 112738 54446 457435 201316 675779 406570 637607 705458 113893 498742 719373 175526 527676 186123 558590 541146 599622 964486 379690 265788 836292 189096 766231 162463 281754 81082 517258 639344 664908 753033 592272 59380 672619 343804 718306 320575 830431 513695 483267 855509 483364 115204 497113 625597 218303 476684 588637 193485 774629 205862 501969 778537 259562 25967 292239 975247 248984 502932 2714 814506 547322 832734 497616 205351 585770 196459 356038 660447 644645 948426 875921 730028 339851 479460 729113 741763 871677 805344 127738 584432 601778 709608 636960 767626 923102 391856 613213 917053 400334 804734 28097 231331 732056 40603 253281 375256 893303 89156 270790 782903 500065 775404 201822 163604 179828 838835 371890 940198 788901 907137 473758 290511 799832 409396 429605 449361 447534 472058 703797 674818 765380 630810 711125 48014 204017 347860 742046 733015 306656 859237 929480 457887 459180 339257 484455 494347 893687 640671 619524 150819 444500 421122 714372 899547 5387 617531 86357 571465 848742 723371 576009 541121 58527 428294 489313 401183 290681 566492 557557 646529 418932 924774 721558 58299 574573 19061 711757 74716 633253 347020 387580 470987 481888 103538 921418 698070 754424 698189 385726 498158 970367 457847 700169 139172 304152 196513 951878 878509 387484 502335 557989 802596 700252 768608 3863 969427 652589 999675 884746 842096 727345 336160 633035 502451 193245 763997 754350 671306 467361 500671 788313 450573 896042 329352 772977 793193 523713 274261 363548 174671 515532 761117 200430 875084 48962 756805 219054 69651 618297 448380 390526 381602 883704 732932 195298 581151 66736 313188 656705 68093 176533 207943 51507 310398 163469 160415 736396 362300 189782 849272 688619 376908 73880 145008 793100 48834 854199 510563 167397 351162 680954 39046 523546 855494 821821 59676 396179 139699 932317 660217 918414 393926 633762 84870 258520 325176 350937 32048 546898 710184 923894 365596 295505 774355 59175 600029 762328 24802 92626 408624 248446 140508 998222 508088 630993 946271 529204 704120 850263 559912 418892 972169 497834 682141 871814 778835 826502 976398 259951 549631 592172 612188 534320 201088 633051 746944 703039 109406 239296 584917 390381 809996 524799 720508 344727 394138 847235 198383 392204 584189 576792 154124 458623 211341 675044 756314 32677 24707 607657 268098 920773 193486 527882 776843 670690 331710 80392 21486 640682 811557 29809 615167 295810 642764 736615 991692 513327 201504 930819 158667 800698 369897 963703 693897 271294 260965 708124 232401 921127 303805 783404 276084 222007 899063 851710 271657 238089 985288 457287 713214 335543 183597 911031 17510 86710 123810 445974 404862 939929 749129 254189 588097 28400 356052 450974 233054 258446 691612 504869 299783 633109 18206 962922 463249 409420 753708 568800 320582 868476 709694 568449 28885 398384 736727 696491 577519 195345 345964 951917 701356 482405 698700 772027 326728 88172 731052 164841 364370 260713 417941 139931 539021 566899 485467 761293 136118 590040 87327 681319 545667 590403 460539 795907 326116 728418 478492 870000 970636 580457 542251 255042 390829 225267 855224 432373 780223 470092 881447 364904 308448 100346 33168 925624 564496 276838 89357 815744 57137 279347 16094 504026 535157 547617 192620 722684 362410 798875 315898 946953 958387 654595 434185 991558 327508 157484 671331 125362 215836 766202 795578 769319 43687 590185 292068 374522 258943 973008 293247 191048 923166 927075 881940 708105 336945 25477 922881 973631 326189 708302 139057 149071 296078 595119 233827 93645 826746 567897 972999 161777 899632 940346 359066 716813 843750 234058 791870 112368 762082 275897 320905 738042 222213 824028 876389 983309 100529 772200 545730 379621 608780 892216 947306 871177 643220 858282 129059 41752 806617 851755 240089 960214 741175 681552 331261 755748 556575 38566 850405 827275 518238 521271 292785 424688 495442 938067 863883 299497 408507 777336 484486 686508 816691 167937 844352 720051 763030 410634 537039 832540 436921 87998 364978 230896 372904 155444 519258 520327 572439 326748 936221 757529 977589 885677 229529 122294 753618 945808 580156 296814 48216 226554 354354 332138 488289 851231 582583 19177 481508 389894 289086 893658 613717 915910 223212 152864 538070 92388 883533 965037 931729 302521 203991 270620 570929 809562 234251 248371 494486 963929 146840 15465 830700 970669 199697 543943 281283 279093 795166 245232 748805 356694 983256 508950 398386 391469 583875 998456 277778 261566 467253 514983 941342 172341 794328 322669 552131 528678 233650 227372 124011 107689 151420 834692 928030 792281 254245 699262 593604 833402 502914 965315 462184 436874 299689 738297 283847 166776 31832 642978 368295 489470 13708 524487 826631 768344 644914 228393 80675 892934 602530 877030 805358 202551 177480 284148 759712 907580 815167 821558 285999 103382 442548 179983 851466 337014 444765 968619 785709 187695 901398 212329 568890 773576 525235 540125 340442 322344 651911 61001 709911 57037 83504 557784 840441 117026 791125 442071 489527 512164 659282 319783 897719 677540 516887 265108 522002 392955 836872 949563 53729 867480 170043 141332 462613 190005 640560 66234 205662 271117 959454 789643 608045 419747 399408 846572 356432 635388 606123 126390 270659 51863 128135 836883 463207 161927 38327 118573 844215 261608 43901 435278 61653 26591 56011 285188 664884 950733 192896 848839 791285 863417 132807 222193 356232 713190 298087 765384 304964 358523 656477 150915 728250 257248 161860 360158 823214 996768 539977 490695 488082 162556 69609 841968 169678 983483 318307 875517 579961 295251 144753 881821 687864 752441 834433 387521 112318 228815 464545 740624 73832 174765 871692 101744 109504 889637 590635 416547 430375 218314 936174 3316 355293 39131 202127 730451 123647 935487 384843 782911 879344 398195 920099 628486 326424 156028 472580 409656 964187 883256 448569 659439 426060 768368 124701 657533 270129 529443 173834 643286 95987 62691 612274 227898 984841 159408 974001 238961 733086 171770 361473 811041 30680 151190 164810 53858 178196 587821 661159 469804 654749 779908 319412 649279 366037 699222 212614 184248 28513 311300 570194 200561 865778 118247 146065 210798 357408 843369 612626 807724 490422 288107 776463 87286 542554 866705 91527 710345 99379 749575 501601 794035 698318 636383 638294 122218 52663 235995 353692 715800 458329 965795 839869 426904 665186 369940 820527 275973 357812 673130 678108 291807 448122 607450 560415 507215 527940 273741 100685 642230 349919 207313 264767 975723 94972 487653 105608 850170 407197 212132 191030 412736 989419 379235 824410 187552 189623 286554 742665 433188 360901 609873 85893 514509 33381 495292 280073 388880 872181 800550 68691 705273 37545 469261 517477 950712 178739 487759 717109 219072 809228 671184 127499 393982 314813 983336 445074 33870 191658 70956 318870 129771 153508 181332 818894 230497 399991 284229 183191 182763 833684 776957 80916 23525 144133 989116 152595 390060 588051 998869 170487 269548 57732 363162 53336 38568 838447 774152 422536 906557 652657 850782 57535 831172 469466 206860 169526 465506 932004 265610 63616 888307 652034 76802 28310 968506 456656 345860 735407 746379 391188 351970 224829 484020 807650 508483 551025 969783 202979 789847 926133 535687 638510 25030 140758 989399 16664 65955 807868 442611 888224 388392 347437 956515 362959 857331 998516 817168 5642 473726 833580 445963 871678 611934 647171 54263 633274 871101 936840 192436 39157 578866 329755 202960 388034 341773 523910 261129 544509 58862 458025 796936 475551 273496 299126 31987 13085 276311 882404 16644 167586 677082 535942 186426 787314 944372 313580 845508 376884 905125 741354 193326 72703 594927 822448 210004 772288 318179 486738 799702 3356 940524 543796 721428 908677 627527 119104 26966 456973 833934 882181 352983 923376 606151 23371 649937 769643 615674 543355 528574 14292 438500 175046 790065 163693 273528 821440 873354 688812 485523 386884 538186 799243 172688 277485 500643 935902 284083 85116 168075 252717 49380 104507 392305 906374 74424 812160 533473 854097 759610 76658 235414 739116 950412 36629 715081 172962 900363 2350 127290 112790 148364 449126 203112 591547 383132 803478 778724 888841 996351 409709 208362 367237 136189 762186 351910 526072 296108 325458 698850 595067 121125 275559 449367 437179 688155 501781 463006 180190 627772 593387 612105 225692 254433 527707 615487 22887 732610 825281 132422 301904 670142 824164 220179 93389 892672 990369 605478 62148 646714 970824 814061 681772 269851 167623 364195 974238 835287 589907 797536 719847 761414 722780 944570 64732 298191 497003 949510 213007 420369 450502 737664 391715 372513 588151 989295 86014 777607 590860 32120 840633 700910 691031 149153 423679 545248 693261 143069 776002 47338 109052 850054 980557 752812 316366 765317 793604 875428 986898 765841 946982 562957 768920 688908 618379 486841 907700 594129 375603 966890 808089 387033 814605 69626 33868 976746 946057 320610 46539 837957 403551 572338 46353 428806 611347 84579 703353 580412 185087 333308 224692 589959 601204 810981 691399 349296 166038 162754 675061 47956 421144 248942 876886 611822 234748 159217 593480 451093 139823 412541 952642 957656 643503 451612 498118 971451 205341 434349 912843 459841 617894 67528 760984 426433 988367 554409 1779 514101 207959 627383 447531 364187 476496 884237 759613 393893 610590 299549 42474 336341 937393 226333 287598 565408 981364 95174 869748 388305 937083 883359 437368 9882 254647 371129 274563 411924 255261 486883 927829 764906 63100 550088 502529 509283 43459 155924 183209 668906 844097 991656 162683 895859 362003 120265 268848 595152 545935 624099 415136 641828 330620 641142 986403 564732 710603 543219 412663 942037 214491 696246 387466 440450 467812 216454 325897 519898 131491 778040 476542 750789 117755 539444 874362 782546 940661 539686 23143 244445 336428 312793 930377 119230 869831 849682 414366 442962 749430 974823 989493 475662 192799 508509 62576 33894 650303 860838 97997 658021 319839 750283 224926 316012 65003 710757 631753 952260 806805 779465 707108 265335 344616 711671 148775 835692 366036 878248 455414 299390 215307 472620 26097 313643 649415 285868 533433 137431 867918 64976 861137 731824 427694 118624 853209 394764 41977 535406 209657 305150 236382 170325 48411 658389 105175 477758 31311 926603 749114 926563 505122 555539 18619 655769 743524 147392 587745 783077 523386 292959 905451 853175 743631 712320 478053 624808 314776 402444 457401 212258 948591 437927 271568 382480 90239 88409 379791 500421 635052 932481 108178 170155 649730 36849 54472 329355 124628 772209 913767 606313 16575 811369 210749 406837 408715 982975 917473 371585 562987 236422 297963 274657 399298 987688 827926 111261 343443 104946 77954 214565 708966 79488 69951 130859 236658 321303 929239 142531 39094 603960 125717 664658 304449 414951 401604 886784 608883 958953 386318 782851 19019 512435 123944 90457 400097 445836 22139 792378 924886 996738 106310 768784 727701 986550 87927 252917 732402 987009 577993 159743 443865 776892 962420 116870 538856 749104 775400 166818 818615 350223 81350 109245 151203 930020 547868 786693 615275 179369 135408 107693 170548 448346 109919 173188 231800 143631 404287 945627 441571 997936 348157 971406 355780 823708 854589 472957 472568 657687 848944 365448 356876 699156 221128 468059 123246 265947 5260 997257 399549 75277 791446 967526 585041 54322 306034 649836 22909 696896 418534 453153 683411 853543 969348 897176 741111 918239 6309 345917 534581 880570 919483 581431 448905 192464 336075 246689 155058 583334 71537 533813 721128 900674 728853 329735 412432 478862 435701 44922 344551 338269 298043 445172 228367 73832 554216 190649 634447 266796 251953 285908 521967 847963 141494 318198 175081 372932 106180 914862 252414 296284 131737 473867 170453 382062 696711 182638 680538 877870 134293 700986 475932 401796 932846 395863 453180 677567 358555 525804 727018 444519 358243 427825 678438 280826 154624 561382 443381 302313 503202 54125 80166 569354 850884 78284 165374 957537 628561 703576 338010 95537 15640 567300 802428 416624 390857 390201 489099 957254 165814 713452 594456 152236 718832 479388 863336 22134 866302 310165 666192 138010 95847 994537 67889 949511 221054 20416 17462 812326 415727 520024 417823 886580 406959 926790 920622 298897 742649 413168 252549 803556 937141 754960 574477 705037 693578 536353 227728 91704 278968 302213 558180 718949 791243 582340 795803 86832 853231 68877 839652 938550 603612 701744 514172 392984 656489 784840 430700 795963 851627 950462 404803 91443 637088 168782 998083 202260 297754 164472 23566 197933 895016 682288 470188 862346 103248 250590 468221 201939 961454 311837 88187 671679 61949 309713 456517 813033 524443 50320 554812 849707 745970 922346 852537 737421 941301 309425 127303 299162 496119 224022 286195 85929 808896 655688 616797 184039 426552 91466 820002 509787 875772 14443 715463 651114 51139 822190 649235 238924 788517 355932 152866 129740 119388 249817 477498 463264 488108 581200 465231 69123 791845 871126 692332 781388 952960 840172 494939 93011 856275 914060 794711 550982 161175 30909 863692 634058 446257 778234 611289 127052 918697 144532 276432 569365 886687 517689 835373 500849 509016 742297 271936 793184 394131 864861 555157 209116 121320 193378 962742 765130 389142 205592 567097 149852 202406 160510 697220 261487 726425 93015 563038 11283 22096 77411 564875 909064 458691 60885 138427 348240 95875 940649 923308 80761 333608 492054 408419 576192 82784 519718 946918 964115 428234 510999 165145 3947 491999 670340 360419 196239 119900 676342 73673 128461 454705 841750 226637 805976 739588 185560 713433 516286 466967 792726 451503 599294 427072 355230 157061 215113 238316 698884 456721 434336 925911 770516 54326 844595 581763 468179 805787 12934 960795 742893 300831 65204 875133 55104 983596 510817 416255 392699 164166 769086 956797 682441 100207 84296 425766 83332 536139 578422 108667 334341 248564 22346 477194 532023 517695 261131 468082 684289 912858 11007 546617 982848 620175 41465 922342 839901 328353 593277 847961 103800 970825 797618 656015 677957 348386 738782 72620 937825 713209 63096 669427 172066 468101 686310 932810 539197 310843 540749 729572 300641 87946 959730 199729 456309 569964 233746 496930 993938 748468 144227 964747 38808 889846 642678 582026 794932 26498 510648 670980 434138 593426 784090 968035 81238 89025 709812 536329 674965 959184 113567 96584 587830 601272 694035 309721 691294 364226 476065 885102 768289 993069 588113 628346 525258 468458 641977 744191 274001 657475 154826 474951 699338 558975 902126 253574 514692 342214 190512 392962 815652 507804 646017 401233 992882 196056 648235 148042 268584 806494 818812 243470 353878 520536 488571 190318 988259 905036 983651 763824 910288 596934 394151 981681 11758 3864 250860 875106 131210 947315 105123 250053 202892 166190 257315 67160 791526 383701 734432 896315 98876 495356 975346 648665 33403 510849 401601 552325 166006 988513 676508 610667 903402 712023 399630 3258 418267 502139 277392 701518 510094 345957 570665 501637 932490 276081 271566 829390 217634 339248 30721 534041 610144 393219 411796 276952 292811 648915 494229 508863 223319 897304 93509 787646 938734 610519 826988 326611 501136 305845 143607 13662 145263 655781 230799 827770 652745 306276 866116 320863 647777 291509 928619 892521 915041 866665 110674 992363 370877 399012 445704 831694 660525 615038 862549 873933 691223 62696 594103 964924 146485 434218 355238 479341 224736 750564 34427 170772 677573 970658 771305 825783 220024 996757 600721 595066 735340 39829 18324 476222 676688 341430 1200 841585 882776 780543 326572 72992 998519 456919 842776 813755 64758 994685 223457 46289 208835 856952 660785 250220 520510 507289 750771 478436 109542 874089 646007 881837 86504 28861 261143 186951 812409 473293 17633 175872 282737 110423 120523 340072 217883 962263 868673 857413 343075 782982 381791 653564 752684 63659 757977 186810 328706 204056 689629 550974 533072 573724 493241 225024 686920 970564 948543 644948 644658 7870 669663 107262 250898 551918 603895 183007 416772 808717 49240 468692 378593 475204 899759 844188 923974 746310 765806 628254 697813 123262 132759 678015 543840 571713 505449 809325 142628 927779 465216 3739 903576 292471 799058 289466 780912 768602 419255 298595 230524 821271 310777 625159 505832 3116 318197 189321 775588 931452 458975 811649 818852 207109 389979 786895 337286 658757 208813 50907 952867 203394 330847 294111 604609 897043 793386 431492 244214 689085 252229 343838 864845 162393 480897 117977 964384 500812 638063 533824 999726 448695 294655 575701 677390 449493 240402 781029 311246 530510 299809 656715 690902 220158 560684 668040 155992 834970 497235 846200 756276 764794 600460 70878 987588 754223 748948 38276 283295 622222 833070 274986 473531 124251 467160 793147 548823 843879 360012 236797 428300 7840 857879 45552 317879 894114 170193 537762 449422 361632 849730 346769 163231 668251 397851 422272 834937 643758 291918 820588 554118 342382 784208 61465 133687 250035 581876 787071 59308 661289 61038 179632 595645 625085 248649 762613 19529 126089 950363 31230 631456 463618 210061 927741 637902 772887 722001 452738 371721 644178 572619 145879 391553 363677 415816 704521 413440 963505 845534 699395 583972 439715 129603 945637 659422 348386 474946 764727 926839 468462 794111 824836 798904 901318 961319 10954 564545 839752 856586 118611 95823 659847 427360 301348 970550 890990 539420 756038 334195 534666 179221 335596 999344 268084 554528 604516 144041 902752 123527 422968 218704 726256 402126 166399 164420 155623 165614 579005 372897 880734 928059 325528 883408 176660 358057 898999 320979 71525 821670 622436 658563 823582 373473 494026 448869 620952 909587 293590 734804 86131 712440 569559 75195 395102 304937 719000 331178 404393 579823 732102 603639 148535 594190 289468 928668 692920 201096 840977 838384 311529 448632 259590 586974 3524 368721 129351 328372 746774 261003 948256 99248 454543 891631 248400 556812 655028 138372 177174 750663 23395 715358 450404 82601 955828 497745 464126 345175 375504 419069 797072 701097 314892 927419 160558 775064 794652 955679 862696 175769 496593 774917 392128 613290 741245 592114 525962 931401 638393 171754 501955 227770 368601 263395 962663 269983 648343 729673 266557 713281 639502 848508 137504 350348 193998 334615 705769 706057 169269 491071 433001 833405 537920 848748 868729 96355 936888 342975 838745 994032 550582 381640 157082 713450 154165 27665 160770 445143 865897 79949 582660 666552 840529 922857 468243 276188 837010 962953 794545 191639 563584 568008 417669 621270 758574 886964 712845 612562 690214 592008 833476 193487 811670 431134 774489 855498 115512 927476 391800 654878 969184 454630 485392 873830 574123 531751 626904 971969 930166 161453 264893 302577 256397 161767 13240 289413 956208 950899 770083 454320 215677 390069 287275 180912 635845 281911 114337 407578 497814 416022 666758 460291 296439 233521 909911 370634 499129 519098 994946 562437 671779 460408 71401 376719 823813 832670 492095 633446 196018 338791 173670 442330 487864 823190 805858 444263 525014 398933 793830 479484 695075 866631 671706 505553 468035 899350 639553 548134 773695 799294 382535 129491 969521 89549 259600 900438 319488 481685 358800 608886 353472 396729 803863 411859 760790 324121 815816 142638 233437 478935 184191 288851 201409 748916 156763 485876 267380 591832 71628 539154 240204 282487 101267 29058 320759 465745 150743 927093 786276 575508 906869 268772 396395 598774 829849 24641 915283 789152 383976 450007 256764 970371 623355 137606 155151 611021 574841 957365 753122 32442 551451 376888 574112 803051 496083 466225 297857 724923 337504 834995 972457 839328 980385 648494 389534 388811 695925 248840 728168 150338 574974 245048 699528 677550 510339 25456 673504 651552 447298 716328 98042 408660 775451 271551 20684 412401 530690 690128 687482 534400 382897 176029 813626 588406 99788 129739 264632 558428 918707 156346 756449 738863 708110 508430 825532 192833 574290 94662 762810 517360 414355 690267 50406 414487 652287 713113 496662 821888 841304 817568 631932 327686 246295 349526 757053 292800 419373 106930 558605 377649 941492 35834 33505 819792 268303 785179 593903 949865 648065 609610 490481 755516 416894 796600 701847 245282 214597 710239 619682 14013 129256 607045 857421 795857 548301 56644 313867 665895 491682 487392 612762 937599 113076 7449 766185 660092 405888 201600 933548 653703 350299 130113 531921 293426 136455 780644 918856 179964 928360 672249 148501 682060 96817 697307 36488 45545 68346 981517 913487 253298 907621 302341 237492 537514 860671 525729 874509 96080 311100 733357 565429 679488 204033 942803 247992 531542 434081 710220 588492 956541 542260 391512 524278 908700 304123 532534 293038 265034 907331 78834 417540 404400 769550 549412 146466 485676 592538 495753 86012 851935 106998 365252 146467 328221 830862 516816 87492 167916 763365 4579 178315 20172 507066 68087 921829 209894 956389 967535 302290 896902 718617 456682 251404 207698 527673 111653 534873 740267 639745 996681 718557 159194 959544 114537 46479 252379 613433 968498 675623 617988 126932 896126 726566 150938 189525 251840 79437 184767 441880 146421 113206 164546 302983 949958 684728 441956 771847 634643 620468 117431 265315 106762 860918 60874 685672 214161 714112 556644 746346 423220 911352 587008 224659 143965 625958 882057 401036 36921 408902 900403 781192 772789 556666 712909 164921 564226 482281 284028 294360 561226 50011 500778 357523 557310 147071 727607 826646 314728 189195 960905 831469 17945 709556 383192 64245 69318 125876 937355 739241 323168 67918 90137 689504 536377 241228 332974 250832 734164 84058 206134 434545 170919 482366 571229 92143 585109 133125 171300 867088 43238 993965 685495 461817 947199 971493 303219 936045 640621 198938 107983 810186 918869 981920 54247 933874 884652 222322 964694 228371 394578 960551 799350 490791 710671 822040 952007 296626 895294 621151 786 267245 367127 612786 414416 249492 977518 347316 546150 353 521498 896753 370077 862573 748671 742700 388627 729275 742739 303709 157749 940367 97359 786207 243621 299 757685 228542 520473 734233 385402 700096 547500 460331 272039 833336 852338 252260 347693 468157 306649 901519 569360 379810 608238 609861 981295 825549 26665 221258 519315 920385 384488 528771 507731 363109 724604 367220 289322 684711 267648 684013 181300 97799 985341 470904 473510 795188 896626 574481 724248 465205 814382 170120 156950 733734 830235 996873 672007 939351 618550 956978 857099 574443 568548 579883 83551 541719 302188 163924 489160 219551 28422 609809 334602 99775 466997 205785 164514 365387 378345 228021 810415 766392 74841 331493 295234 808013 457707 906797 664572 240899 802974 335116 157341 736574 82493 500735 766087 964550 398074 182888 457315 412387 115419 678658 127440 933576 248239 565523 219323 417891 946900 660161 49776 238510 721745 480219 157646 849057 843184 422576 319315 362384 948978 828888 554351 11928 439613 682804 717963 552128 638015 47910 650096 333682 688859 55395 500408 830790 548071 562792 373660 970093 467829 392971 497461 952421 748484 709442 215036 921251 595611 958209 253688 361410 332180 253151 538874 340 546840 443052 122934 797461 656119 599986 994225 572722 748624 628767 937156 99463 675980 301665 179744 249608 958414 185928 792543 382066 741915 405696 52261 112813 762763 389259 118225 115480 840590 353820 714357 213601 489668 284574 246591 246279 178692 138387 236411 946073 9400 693913 137684 369664 97992 311792 169946 220610 794181 448377 381757 192994 455298 894947 626788 463523 824314 229563 934080 517580 479313 230523 348386 116417 730940 784220 372653 931701 429055 244136 556587 380391 32664 823384 181308 452086 440432 454384 923917 707154 937459 368164 512369 960355 535899 749211 783572 288748 287719 768779 117278 433237 401969 406822 14619 895107 333529 17641 987598 812059 966279 962613 180079 55493 597949 436006 531887 33943 677839 125107 913726 64286 124981 944607 284312 182327 28942 202740 202430 703473 970505 922097 599153 880788 477757 835263 335101 147577 398442 155907 110737 330702 505344 391450 912257 395259 549687 191285 82595 743679 118768 478596 293335 552970 815098 369898 257219 958589 492608 53428 885974 801741 728898 675338 794906 713975 929175 948236 32862 248984 757113 514368 333086 135270 575383 28467 732256 729872 984355 571295 165867 288854 696406 42598 302748 845770 483985 244412 865946 347506 834725 989670 530061 434692 214833 196182 976538 126798 540933 88916 203885 142352 298990 365791 443304 573583 265366 955723 123296 38702 982520 42483 872973 48518 464656 955089 310969 483757 832650 735014 338979 487452 839569 534424 970136 765390 630188 827976 353592 666854 877859 112405 958219 246147 507355 443766 455433 763154 295964 153502 404442 400370 233240 837458 961121 174442 802302 359697 838726 462687 543718 211855 391078 739630 926054 171230 738604 882703 645230 109913 695414 903581 612393 772409 462992 201503 532806 580904 797449 211376 858167 663324 207144 139415 777573 898828 618210 99146 66944 826402 62362 220706 638834 839596 405701 2805 512649 611398 430173 157082 744721 595811 469543 994966 935034 454759 235176 375863 715241 60688 816970 275369 281341 465438 63651 274384 158921 201503 306788 904337 663933 720017 901737 127717 698197 926509 596089 171768 403131 740973 443136 816077 284266 668977 880887 920789 637849 637430 475219 872695 495655 665090 999876 967115 168538 148729 371285 776283 686850 291863 724274 696821 180724 658505 852318 32036 504657 302428 313260 695301 282023 803382 634429 507048 336443 167885 638650 692752 264672 305054 212289 212564 559944 42875 808641 458238 407224 270652 996938 196033 674903 463758 150828 465068 554944 772348 692329 307132 480055 556495 365849 744510 719157 41883 258909 85920 949595 490578 320969 824703 967272 66450 359572 355026 657720 171900 63616 144994 482106 755645 84630 116776 914377 629180 914159 51487 52698 203336 849317 238034 619571 726972 773410 447437 371177 486339 82111 850781 533707 503873 955245 601068 733724 771609 477839 158249 284114 979835 230897 85346 662492 508012 826028 181468 865674 202602 119753 66021 145863 287814 498315 328359 237304 595813 218265 783238 467309 986217 514904 562547 172671 910378 548250 593355 560989 457434 402342 400389 451237 985838 623961 660878 323733 689993 500138 421031 219148 472279 494856 524545 166315 401140 404207 74224 371166 750120 44376 6323 453384 545404 607873 849667 552217 788692 670254 88950 461359 468790 115599 640875 294517 867031 499080 170837 22803 552518 106799 946697 416545 915336 106934 827915 542901 776142 928507 877556 761568 633666 853609 706201 926643 823576 684983 113778 44008 718924 730091 153370 668353 46234 184661 739180 148644 910142 987727 602077 215829 535019 623509 334383 209942 382721 66695 869354 147457 410632 288102 533986 932482 509666 657787 150781 836474 678595 711432 48298 743190 202491 135422 477565 694935 640777 748273 871173 124257 867129 556956 554971 109876 206451 997203 326796 79248 776027 134064 719492 342574 367389 156983 545862 214713 770098 633069 23950 210103 848472 563672 324801 532702 543939 417581 414104 730755 829423 325943 340217 749716 88791 255847 711931 131769 562379 686947 787393 305980 464554 278713 625313 770802 569616 47579 438712 916723 118864 413978 10170 808198 285637 110504 165537 344314 545561 30451 152622 899485 451135 688788 525695 32463 4823 935261 66528 992363 812627 594540 107409 690593 611345 845348 312350 97768 793350 274563 557301 620149 580803 569403 438602 322321 654449 685435 618918 462996 794524 754854 322428 154586 748975 408184 544940 946910 406451 427136 202963 426524 585240 610655 474767 364467 302835 954556 906915 592800 779880 694580 972147 659901 289469 170588 781516 581241 513325 482551 437686 830345 470000 586248 792066 729557 72985 44461 283341 185297 303098 59774 573256 214607 166580 600907 192155 231929 688259 311974 719700 877939 186455 722776 893310 404547 935320 324007 699564 825594 82936 772590 555774 300078 119893 668471 494154 836520 594793 871474 344078 199059 706239 587231 368666 354736 246337 26740 131986 831114 846362 898317 430598 154414 700579 492448 325665 417058 305900 853615 326222 460171 640326 519650 88789 828094 13016 904392 2768 321828 841097 132434 382325 718214 171035 858473 365311 550458 483616 664219 50353 738844 735959 157087 991198 43310 873672 596983 183746 962774 284532 84317 386695 964998 879809 369443 776439 851631 754184 311238 618618 585651 467093 780094 919041 29816 818203 395745 668663 132405 75170 297922 52712 591355 502291 687431 516422 934935 947370 50933 116712 998363 372463 268186 733924 691600 773209 43877 20100 756217 219341 659688 996911 109484 930389 833095 432254 851672 691692 956344 458289 873711 468611 783212 914461 204339 692850 913546 161875 556258 673582 940984 111518 471993 851019 206380 170835 866920 935973 173089 139710 702288 300672 362228 56572 524876 824373 625815 108852 432697 784056 688102 120993 736521 398883 804886 715599 849008 779029 561131 212934 566409 849862 981328 716256 800526 924386 400757 711905 725113 383606 250325 46072 266518 578647 153920 872164 463132 775127 786781 154563 462807 376079 219022 959873 40099 174330 672681 812986 58395 509333 584304 394848 79396 168332 138219 871826 157681 412696 750480 645815 196237 640751 948563 422044 23974 770879 708157 76801 781101 175223 891829 425051 594537 642448 736287 756564 64932 36293 417786 288022 545597 528993 587493 7949 606690 921006 958511 20617 4071 895770 997951 478148 756007 527541 703749 999788 508733 656671 168916 715588 99476 894223 843215 305307 973617 202745 519651 690508 108327 965612 746518 470148 408784 601072 347730 368076 165640 83289 969614 495561 874343 609284 129694 242122 988859 519844 51018 24789 884894 30753 168203 734737 877085 520799 12313 848213 426719 374140 328755 387880 841653 145903 610433 628037 792662 898033 621356 768191 50820 664492 558327 33838 500236 327757 300086 195012 797045 739842 599161 645475 875750 784431 761351 829580 225218 14353 921291 597086 835698 760500 698200 32397 138993 70098 248569 620468 636157 43933 83050 783679 384830 475453 988152 566181 653449 823034 363847 977534 982288 642437 145736 32817 564926 153775 784224 627670 220210 456297 641127 590246 243944 937973 881962 976085 15857 570611 920302 971465 679048 61383 180697 229860 525223 446970 101682 383280 883541 55458 210529 732431 787138 107803 29266 624588 933411 191613 968094 219296 90586 951686 571240 351771 725595 399391 476692 427986 296304 537936 437417 953109 423092 872023 427131 756430 428252 37913 277117 921663 889717 43883 677257 569149 792617 792301 921993 332084 583833 867201 150891 47982 195304 777171 936656 89272 938201 297610 529984 976833 797091 576636 23410 29569 12510 119226 18107 533690 361425 276865 500412 747236 189670 415999 472832 761070 676848 128074 321496 347179 661002 801264 96957 159915 590685 604097 429088 896676 466385 393627 219861 702114 163241 742313 295027 441297 243259 984802 384355 960387 849492 413020 137436 547768 650518 379645 757884 222845 434487 348044 931661 739939 309178 578701 811143 591134 453899 445963 217703 85160 338901 120579 797460 547566 724897 250336 903916 652068 418272 6956 255656 233655 407544 718683 450374 49953 687161 89713 240549 563696 407011 3039 676237 693869 425593 763554 969230 195651 813436 557580 35035 920904 203400 314049 487038 669774 865992 819602 793038 363011 721990 473019 762352 284665 824055 540086 503563 262961 873724 285891 805552 43512 27317 244549 322852 902189 852227 176763 366290 615951 761414 564396 320445 414065 560357 213812 218741 965604 610290 264699 567380 268177 277039 133451 613473 1751 550043 105450 317724 666142 632467 516492 918911 872837 984496 652986 340499 23630 345538 224778 479928 256443 232448 38137 714280 640133 723828 970200 610935 530553 276353 131436 95530 966904 767274 257128 798865 13060 753215 729401 17030 501306 524684 347371 827292 292185 978242 896177 837510 65158 377371 861359 382308 350300 682376 666787 495777 568835 695283 439132 131230 656343 112178 81844 789715 203619 686820 562225 463217 17704 251565 623503 118175 788253 436624 809457 982439 298248 487718 690750 856169 976508 289228 418848 108487 153928 16263 620952 616173 276457 869526 247563 404857 203308 473501 52176 502456 130408 991840 485835 951383 188847 973620 202994 582850 265781 301658 201781 430559 840184 783712 540843 478815 719670 934993 780795 380415 24179 74224 84839 214491 175840 656598 882277 799345 786861 162282 603206 76324 332231 33209 36513 699566 26394 494472 53268 361323 717815 735213 75685 212089 588280 310735 290525 516895 847455 875348 490654 3136 196269 530806 158443 1236 818090 348323 946337 616786 58714 379311 144322 247775 921038 787489 833154 381636 306332 976356 574598 586944 112138 13231 431002 809867 865365 590513 554566 402940 295357 348534 167917 256857 745411 190604 786759 377721 345110 662039 869099 353673 329271 855664 771142 96869 453248 536109 751548 324195 359120 895788 726267 423076 837726 880026 16365 439075 648203 926376 107729 500841 979615 703133 450257 906052 848816 149820 514846 881829 166886 642634 524097 75849 464188 745372 334010 433809 627831 404089 641352 6947 41114 102646 367686 664386 10579 349522 274688 17984 138409 928922 409664 250321 480511 313163 979772 508230 43010 840335 938362 560748 969478 503624 970161 503309 412133 683675 829658 70937 292538 503033 711439 527758 385743 682076 861178 564726 584728 849994 148638 876227 978838 93119 231394 320493 504158 950565 242488 284003 650614 198619 906099 880288 82773 748328 155233 673475 606572 819082 130976 756823 76795 904369 807868 126513 402577 882398 511960 636135 415112 252675 672706 506231 665091 704081 964179 978770 637608 717970 812006 858728 637807 89054 561778 660532 206394 432245 516918 926566 246812 243660 263278 978554 669850 49956 474284 410086 832763 423397 49084 981379 265224 954677 349408 589743 614886 977780 177126 614734 900787 756665 573098 553845 649684 720091 534292 824114 733192 866766 138269 606991 910223 337288 145093 560072 572307 778013 997468 151554 74968 315295 113094 51093 701995 96248 906665 218842 625027 235269 885121 770360 168011 119888 735163 306490 599489 924107 590393 827739 605497 727883 700255 862062 306994 976658 51639 775147 37912 407395 611801 576462 486529 1710 111168 74535 983233 873618 689103 478398 88943 655061 712913 311028 189669 793099 181014 378588 358286 915801 751225 196091 863637 206041 792028 990838 888082 508148 975276 58528 126727 973403 112151 112891 297604 153932 821098 417997 68931 7041 241306 812261 542974 939660 498788 978155 295727 635604 860803 101786 540672 690920 111916 717168 895072 216159 235822 881568 445735 22385 161692 61169 521600 724813 766946 724360 464328 819122 5962 326222 155827 57001 445358 985085 790510 431 560832 506323 745012 897799 117174 732014 771668 793102 755825 531060 686942 601960 370472 446066 472385 866555 404410 703179 246497 57573 435119 118434 162007 319186 872828 570412 125071 184182 82823 480156 594166 428774 309076 532608 294314 114119 791883 45542 491524 191626 159865 463769 765568 423725 110757 687161 280264 667909 42064 870428 54489 88268 546137 172581 406046 655414 556761 727895 946170 188270 887140 99829 921002 372500 625272 677345 398378 336477 911755 659561 553487 266305 486812 643138 704600 505422 175054 430714 269703 913414 509148 399869 335456 175679 821433 979976 149166 375157 850312 523441 500978 211478 105107 7632 179116 756575 843658 151424 302149 618661 934269 953765 775623 554173 439901 323152 363397 820029 297517 810286 399565 632539 363593 720694 386265 867552 956856 684755 403936 462230 638689 965539 978886 158744 205765 364863 160099 247907 897977 722145 536538 568745 321411 457949 256847 490137 899855 349202 446725 77406 391901 676915 648792 810375 624185 386189 711342 649194 532157 597568 820518 126761 539471 563878 992958 274106 417962 126769 140712 213812 843373 269695 946880 781381 375218 832627 179523 124894 835384 446381 186430 346091 759941 827227 733103 73562 542378 65742 555752 204061 982855 877009 901151 487571 64548 707112 828086 681703 292468 424685 754725 143271 172614 754704 404866 192795 43197 281842 509084 816798 541394 34967 516830 653294 319248 92684 959224 461436 80048 907059 393111 188479 65864 393873 31489 532764 40984 741710 282479 809304 94117 568262 267231 777356 30933 353117 746937 560452 44741 691425 316701 810873 759839 739424 690417 695326 408256 301939 553895 369060 325071 435501 926113 606068 926314 625984 924861 93669 824608 617596 918228 932088 980279 794504 831511 911462 895576 197136 282316 297002 210014 600879 11475 496706 709582 248752 899333 777901 56176 459489 898946 786438 771914 152688 563644 765942 219432 321401 281135 127064 562326 283674 469707 453491 384374 120799 968789 714594 448537 729922 877282 715045 793412 713341 536950 104990 588500 778700 119268 160009 487242 308561 440412 716883 832114 207044 98075 566895 890592 12739 659279 881814 704131 802760 507643 130681 867138 431643 269022 940718 587604 14298 870930 274827 659728 821191 698463 363529 679210 425819 60039 979264 36045 585409 465196 804287 288445 362654 909860 191796 106205 89344 30370 188409 914648 372930 145018 316022 800062 540502 574854 88534 24418 908624 794294 772507 638209 207205 384788 169320 637113 887834 943941 909748 248039 598897 837769 564774 572124 993399 676570 824114 587050 990382 103157 520710 120065 132810 985331 135928 953588 137612 902536 122950 873426 453365 859632 999405 628714 360152 807363 140332 118686 213208 598954 873452 379398 134952 277766 368447 580715 231067 204608 54038 574558 765336 915444 218664 379271 749865 833463 727917 78802 227805 510589 423213 644431 620697 732745 725993 759589 253251 20531 441556 52873 717355 522637 359066 514891 193423 659939 97128 52530 549417 305160 26246 821452 223592 856961 507713 823252 17837 679638 544372 95747 405095 21166 567216 868979 896518 426960 910923 706366 8074 293450 675913 461265 506420 128940 690886 86743 914761 25156 61660 995500 87144 695085 617369 212083 180553 908696 258152 165578 870350 135604 943742 164974 796188 381923 209291 244075 743123 350821 773165 806913 136400 356615 528320 896673 452782 605488 315189 251179 161602 874698 278927 263700 469715 439519 906873 173527 482606 33979 344421 623938 548010 50622 407207 367670 346366 776809 395583 784249 713536 706871 814894 74183 352988 715101 975512 429423 442889 429561 887034 151722 62382 222500 862126 168974 307983 516339 395757 556059 925695 83380 291198 778450 533690 436205 517626 692460 505808 384867 659035 818854 364586 712875 49757 496508 461305 645431 850521 245500 125527 824420 696471 176888 760233 551443 176917 229796 101825 725593 802244 313018 586143 508289 678754 812084 709616 921623 158505 949201 400637 595234 577067 778352 161475 361981 213731 300868 465080 243562 508381 377019 587732 196902 370929 271338 14665 840786 864795 713473 506743 262964 660418 45213 600445 846707 271131 136177 362328 374108 295268 408075 529433 80772 146407 942464 390751 322807 634249 806170 929656 129113 812724 158633 54135 737390 230346 745039 964016 706995 121172 904131 573434 237532 264240 318793 551299 145916 221968 397226 839805 511143 969982 297669 628653 504296 325439 809572 588405 640267 915954 53734 230062 245907 355557 58420 637925 516607 563042 402892 441468 855287 521217 435882 489323 852008 916518 299892 794790 846018 602549 588167 609866 481152 643626 814089 656236 384877 864329 377067 566614 937372 939330 746869 419562 676728 741769 382324 861912 806627 590129 664181 844965 856651 201623 901204 441275 632225 944933 911908 567521 305479 61903 638210 7717 149740 395748 415624 656388 891347 576500 335745 374880 506364 617163 561327 907984 863249 221794 987508 177511 617009 960137 480233 110870 542172 239720 849565 700686 483383 747805 951500 359227 526973 537165 146773 49345 358445 359341 673078 311158 719442 375852 243066 416341 434810 647265 928867 142543 949102 246979 652789 358741 484758 985145 80792 283523 610056 880911 952235 486233 352954 780726 539633 582226 782385 545801 451142 231412 240948 786793 82875 580775 868041 549538 698912 181038 527766 385403 892383 786835 752645 218735 454041 123882 473017 837278 714533 270945 967507 364247 236831 803063 787311 498040 233473 944831 375791 481787 489141 304767 832696 632391 564305 410574 998140 934667 263325 181738 70155 165042 827754 953102 872027 704284 841078 219626 914716 824134 906877 865959 5756 919514 369009 139942 114380 737606 670777 868699 270212 294528 697867 905437 586856 208621 999671 756055 15337 631371 745560 263646 14373 937794 572554 911286 630829 100017 184872 496484 169746 793821 331261 932515 799078 808123 766442 747502 439122 489900 514805 775400 28727 134143 392828 18106 66006 866222 441967 433059 398536 954643 86458 757478 591270 441632 253915 10444 515959 59155 796153 289750 488142 412723 988611 210852 771659 685941 634698 855546 778350 454965 61342 812687 593927 533219 453413 627909 737308 963477 620144 849299 56554 259450 24429 382309 585470 617345 417098 980205 229398 232418 7786 905434 39114 569895 117985 580237 817443 947509 234899 379634 213639 37160 68877 50894 300626 962953 27487 459767 694271 829827 598830 572369 577599 603570 736723 400764 119093 127874 732036 461656 52533 920914 747081 379369 567198 806309 611356 672803 254275 46186 600912 785415 92665 607721 594656 958481 628094 906196 387230 147626 467617 446011 25510 434554 278481 871641 326254 990 711528 132248 58188 38272 456937 945038 640942 7237 311898 15030 167892 92164 238637 482871 687047 253440 517818 569493 335850 832061 573705 725286 313475 4847 469564 168799 105834 463549 229751 694895 519730 699882 328667 579557 631996 453924 359203 887014 933681 242694 322332 462082 73904 523940 442664 475698 60165 737805 832238 44597 801555 534620 98181 981289 724995 407744 583219 726179 669600 285410 871974 512184 762073 657719 960285 146323 484421 207322 472932 875609 332748 536389 585081 99457 357037 930556 161978 991103 915973 70944 65537 705690 447089 237834 182763 608133 331007 308683 297167 774105 108221 19309 358195 558136 835805 852997 711209 919908 843023 636931 939589 297854 80541 471826 665203 963655 870839 448183 535815 822201 463756 221268 332823 637092 104975 275814 985811 745347 788581 79017 677644 939592 573766 553798 161486 451741 667499 347771 619677 303647 192388 318408 237082 946931 343962 894624 445296 855896 387919 690045 899600 623333 31662 846127 251646 688619 701100 80066 225853 839283 495779 2473 627620 159172 736222 107027 660006 291487 53848 52615 841811 970840 873483 164174 783636 653970 238215 697353 12314 42911 164674 824468 238769 630908 863761 25244 715294 540056 192262 413384 991147 503739 535438 538395 338979 235455 103351 549725 19371 770988 782553 119727 569351 805828 574879 861640 447589 861025 537084 603065 967458 360691 356132 158699 426566 70146 472373 119877 485042 150537 122201 251662 336709 668100 691091 40338 856179 105574 341963 32466 85237 954507 519446 644014 738451 296866 196314 264860 773651 479622 831887 141744 959509 736331 938832 404537 432658 711984 773214 805778 221100 256426 402068 112636 504182 62538 672103 24074 168770 678545 612183 3780 66899 18667 837507 46295 944249 653417 553931 692648 953136 923289 463932 652275 932677 116812 492999 660874 143047 407416 873093 537690 281174 627999 670082 306507 135734 61658 777570 952528 869304 705367 587444 364920 611536 639241 303980 398162 453109 774268 264948 345113 106967 918940 802908 893171 482559 663066 136920 946669 472554 515962 859037 692980 141247 175109 777318 720796 580567 55831 784577 795621 368632 450832 946993 301063 273657 609710 893752 837112 539457 879720 657371 795537 422791 527525 530558 361792 708771 66010 328472 555982 492056 226971 211824 14221 628957 421763 291165 495007 270592 967400 787415 135107 772220 911296 980644 745735 442924 324589 576846 747072 610701 437277 425835 935150 930651 963260 842140 996279 651195 235341 972836 367669 693114 462008 996148 159132 718529 923703 711106 632126 602429 200982 407023 455735 571406 655963 779059 708837 849548 918783 741965 860200 588100 162580 202931 578105 274492 659225 855049 704986 976232 643047 600617 437181 672733 129744 15008 79182 790130 48612 247675 660013 702656 788413 909250 644841 214919 70303 672572 315888 255314 414013 384403 237385 547291 359075 548706 319245 454635 931822 715759 365221 641934 425468 257931 594620 917860 776487 289536 326599 493327 811831 297707 461920 992631 274429 929718 945709 121837 993471 845699 281169 13337 789014 643761 735000 415497 733086 555731 808819 713289 528889 609800 134192 601309 532374 503206 186409 348089 952983 653223 768211 626131 91746 360324 119873 792831 83046 265660 689087 693909 245880 873371 287342 695236 422797 791001 534664 43852 971148 764039 395942 777141 857289 513393 84033 755868 256171 183349 316255 167080 42173 26382 59090 254963 925573 9816 24268 302941 52289 650598 208372 762073 440670 242290 377272 638652 701496 886029 188504 98168 990074 937317 435448 115486 505273 755786 66444 917472 131727 290068 14075 77488 538461 591056 881453 786664 982015 515389 347137 127382 15245 655536 175 170968 273214 838899 66112 14401 577088 493505 785514 900466 530163 300118 126680 972888 767816 597538 500081 890035 455936 451197 193131 299580 868432 198128 429429 567587 774531 173236 803289 574566 541156 792026 710755 142261 598782 316485 273781 864347 167988 663759 342135 198557 564068 98108 471887 266790 638984 575831 29139 184695 609310 985400 274925 737129 390791 687297 446121 854355 952667 98909 672936 615804 954492 874703 574270 549494 551077 974710 255222 907623 936037 23566 860426 871533 57761 362609 610574 667421 708581 612666 242191 983342 807963 450111 796220 512365 974573 368006 44962 477681 148153 291678 717789 164093 46046 896041 970982 405153 469949 932941 975349 903842 219299 240497 519781 630589 111629 287788 425640 789627 60716 66116 883632 347800 860495 409867 774187 731489 236860 440993 900910 127396 948133 132479 888543 342962 602500 112912 933192 891311 450673 644004 360 963626 419970 957805 741954 466420 337140 173228 635939 226421 674810 195071 242939 998783 358349 745536 66946 583690 807816 941397 484260 610899 100684 939532 252509 631465 894050 612978 605228 58941 323880 614802 750743 847009 101077 896907 679617 8565 378271 192108 920217 894279 360431 871581 665021 891694 160673 756233 843610 441576 587553 251717 948336 489092 164217 961834 836756 152447 356650 791600 511259 577884 131149 68789 712145 854813 660794 274818 113378 136491 423179 855923 587213 980395 89698 979889 633316 162047 914601 561439 808263 556955 770560 668891 492151 684745 861215 380339 6303 307971 427995 924982 269238 672378 56049 731366 703333 550840 474778 373757 379351 105000 270651 139807 487192 83868 374217 457100 941436 773590 791780 781679 922469 355490 633543 475378 626477 821656 237515 100546 495214 296152 298078 938058 530130 870173 294858 875488 237042 903519 564565 539781 551099 749600 712116 784117 958453 239433 400251 943099 712272 634096 989726 66939 48293 335802 88782 271208 460954 27243 375760 779316 126462 327380 225031 148791 63119 529506 88248 483956 31088 910147 242077 24681 847471 820799 595494 341580 580295 669561 982627 205475 202329 136238 307107 503452 839494 512008 122196 864440 837400 260328 775497 65009 643987 764166 878006 965732 442074 309195 241957 645953 364979 75384 52559 975084 389714 279009 992453 822788 392023 223484 250189 352960 726575 321164 869322 938653 655823 32161 605445 151326 625944 182963 283163 119053 132797 403040 39508 486312 583314 865602 23585 332725 524753 856631 44775 552952 309519 392051 816830 790067 683994 972042 313850 633658 782072 15202 665436 604888 241749 658102 90584 579941 988259 377542 542029 46449 574596 66338 949701 635056 298248 93380 227231 267206 972425 511527 820630 797618 543469 289142 209740 974438 894897 974184 584031 317298 963240 313288 350760 91358 596545 611067 778171 232531 591146 697646 834613 15 602012 82420 955301 279962 194217 118293 817189 707159 757533 336005 788923 681227 589859 526324 342993 976934 123507 425742 948063 936659 127477 919697 348533 966256 667399 275404 721810 587832 177655 171854 827687 503340 100479 608809 979598 198471 840469 797419 813922 986849 617369 15461 523417 439753 591555 22455 893983 248859 429758 477391 809443 378145 304255 86511 560014 366502 791777 564533 957811 818600 638780 371310 747769 552125 39835 320841 59665 271262 416575 322397 331168 115303 952270 875993 274863 428246 778566 63860 607974 86457 532951 226236 740681 838615 438497 621801 640803 273293 773981 496712 407034 659347 792168 763842 597436 787013 262331 906744 313895 110362 554372 333982 814473 114494 903278 523281 359922 573302 74707 540084 982830 643255 712596 327862 947457 803853 88629 121228 627560 613322 855455 900101 718886 444110 320082 165604 282701 584295 899105 685487 320654 149856 628991 606811 73130 539091 238434 59220 155434 356465 818330 243009 991977 813344 859400 973183 8378 64390 176324 27853 161411 771987 447930 678381 288071 885410 869820 386343 856429 4359 972160 269224 225558 795603 555643 448897 558090 186029 778930 376126 715241 847693 535349 591688 49354 539228 418356 932307 769453 659905 750487 726677 255997 689499 455365 33822 404500 303522 512435 577513 910282 672091 201995 57231 613087 220607 173820 645330 481947 302769 704978 406772 385541 359917 992039 966033 548223 874595 528992 859440 20974 20381 244162 268941 168722 221121 967198 932787 207217 488682 902222 889693 542353 922413 805003 726065 560814 807935 628913 603059 541110 702263 32117 880916 210020 739769 992054 23321 295505 953193 871597 779745 837252 81803 273225 988994 662917 36429 516646 807629 178119 631649 375811 118328 360109 148625 378932 950133 872278 474985 268746 541822 172514 836538 692461 116150 850558 223014 119163 486019 669705 935840 795367 917779 780929 942382 197874 539747 955269 112610 530890 922457 822009 431931 434069 596177 322953 637677 120414 487870 67133 72386 346267 721957 403452 238249 160853 652997 305622 470367 803637 715108 218889 688856 521238 798139 442080 294426 753987 772637 894968 712252 390231 619272 727586 513945 417906 976113 68398 3467 865658 880252 359620 974813 18230 787940 359318 977946 195020 146357 534522 731751 971203 330049 486907 554831 386376 673794 498062 635063 690384 329346 406256 911038 536985 341101 307461 520141 804587 284974 948291 260664 62218 256460 57571 900764 110028 891703 302436 199716 548054 423084 826760 818951 679191 443878 409865 706928 641704 963545 574861 549696 709775 907046 290032 248714 949138 259543 971466 949461 980430 853930 694181 613985 889765 157667 22389 793223 200166 375695 86447 93608 779280 408477 705708 155020 161105 231133 684576 958874 305834 666137 305916 991268 564468 20891 944566 854317 38492 160500 499851 131377 206350 879843 762333 334758 378359 5479 717430 824410 95487 404986 830851 511999 538989 453789 380480 6872 413595 498007 269873 46318 36313 918410 36379 359513 282381 651870 181250 452943 572950 324964 879974 857776 175694 557358 225558 124926 751374 216024 503165 88739 907996 917926 175777 965421 644716 334847 326552 641129 141400 815062 916578 610875 836709 694442 142723 751940 763180 760530 485833 647882 448066 567664 332431 115120 847299 184765 928805 249024 803720 565382 723694 595772 808499 574971 551845 824064 634205 561713 240868 401298 586608 371010 26801 649119 623161 258085 45249 773568 316029 425991 368115 913927 816304 56960 227115 998894 444500 945465 690811 37394 719813 16451 713067 804340 975647 160255 363720 760439 780604 578464 756508 888841 808965 325320 263486 928529 959479 288279 66298 281332 886224 908073 77100 636827 812284 429387 691540 237092 937610 554848 626725 814942 125312 305585 206425 154684 917707 274555 319475 242620 979974 452207 903070 862108 288921 10021 411869 39451 758821 576693 513418 644796 729809 279173 305744 972566 251377 426231 941353 784466 320731 866612 460327 436265 260611 186794 544248 698506 824101 878243 27165 195020 447023 375420 455855 665081 48592 963830 693909 808571 948654 110585 647906 882848 844565 10436 88898 233775 323757 712506 401202 537829 484456 321980 130855 437544 61772 48860 580878 544305 309995 159963 644655 385237 974588 32047 479235 453804 944457 753076 978103 267340 790134 782096 228867 329127 37633 198565 468372 651500 287151 722186 123405 482706 720625 857228 254666 478042 587847 562966 496061 508279 312727 186438 929018 382828 92944 387084 52697 241316 724859 128951 567631 763862 982401 514131 63641 878024 341093 474071 25400 955310 834711 926392 281764 722215 295511 677369 807490 932878 715230 377533 297494 871154 477809 665689 941809 863387 521285 609351 541878 902433 979232 949364 502401 22946 647738 159892 929211 594233 712760 600645 915965 497352 650975 106484 84852 179552 865546 110703 729866 506448 111132 519578 454749 858681 107956 800167 871044 64011 710204 616630 465273 856686 331841 992538 288258 293679 221687 698234 255115 725919 436312 174092 325167 517466 368647 364763 997517 193516 343591 657450 134619 833181 540795 691480 688443 302239 587251 726370 704335 807997 576326 860127 257283 42987 826078 743005 945584 531549 905854 252440 987577 107299 208334 292221 216242 675255 367724 392777 768566 89731 401360 463494 392314 533844 103653 743589 763764 433339 549306 138205 609634 143433 838242 403359 529644 517252 855814 440808 584550 531182 601432 385709 472306 38295 596017 855537 278071 827575 605432 76892 124064 258851 55933 305177 152744 193780 355229 617460 386008 381859 558666 278970 913747 177627 474636 879538 172691 741985 437424 852724 850294 948435 238067 439962 378428 419951 357144 474677 241832 15683 852795 595161 740632 489992 536057 23426 324349 76556 492849 92959 488578 166882 498222 383124 253063 195745 381638 32861 251388 118161 846106 589460 569797 124726 267264 102239 688685 66402 998376 646233 96974 120087 980909 399291 832346 15610 22624 673708 595542 123095 536648 204133 319251 604076 986783 514102 757554 138138 313733 629489 998281 731136 130275 571266 282535 260970 801521 392578 118330 656898 688209 626895 450887 268585 862422 839705 969690 163680 315875 625474 804160 776865 672508 214504 599448 805111 538129 90559 259261 294899 401195 321282 685794 833207 44893 26554 107387 36948 387787 971689 345478 189601 727371 421509 239825 799206 345606 632355 57917 406331 359572 812541 500267 214538 889298 648027 418197 367443 954780 380818 275878 123141 103391 728089 526506 694029 213839 274949 246036 110714 218757 833099 317348 916631 519471 170455 487450 595164 897865 261248 838707 423364 69085 443368 180857 198013 54334 311920 787205 361618 953193 532598 22855 128095 833397 598296 694420 372910 354897 238030 555009 115652 629081 164280 366346 718204 250073 792342 859598 441399 177022 701850 488296 647513 348884 165325 449781 873643 680021 363574 716103 425457 522780 271526 441645 783167 223417 964108 488467 779206 834931 223379 559354 315179 887447 887234 666696 95303 562998 673881 717500 934405 766887 887814 746981 260167 661165 818198 794591 895171 511478 892010 270282 685356 216155 144614 13788 536023 51167 728082 589035 810807 277738 157315 231365 753636 332799 787853 391949 729921 819792 309912 845600 270699 777587 371143 27830 423656 989265 484361 716168 542227 902007 792447 867971 588460 853790 754999 158747 533816 387144 915562 521157 200436 103622 636961 75072 453432 911175 161354 448445 39903 919129 577050 563861 3009 709361 421980 174363 385062 759996 88125 15744 378427 571321 286814 915468 523486 31236 888500 416135 285600 968179 603369 121485 459020 197099 159222 140017 827152 431925 322727 871485 251753 690869 932103 26960 624293 683121 989318 109293 565162 77302 751979 654331 211645 711943 603300 540568 615781 751403 43793 24212 569415 600577 73639 91114 412572 200657 432692 326886 573055 90443 338676 295676 696083 760687 217962 232182 550073 41108 415328 898943 309703 218773 905951 833863 4041 432516 813408 239179 185257 947744 822564 461281 992376 240740 961769 585101 930401 369789 284865 669345 889034 667772 439993 884211 556682 639012 251779 29990 927428 400374 131318 526810 119226 789264 460180 442102 397540 180575 402996 561283 778413 351895 875430 331604 985673 468768 757175 400505 415112 648832 998250 591381 80223 312652 507031 513107 417606 921637 590295 147596 424049 646356 860082 116584 267002 779226 859108 188800 102920 207491 808390 440798 874018 149226 112605 863493 123342 37675 163598 101877 547535 129193 167805 550294 414628 909001 736100 834913 7318 571371 169622 401802 451092 461499 178870 41890 435536 864627 639090 267615 343011 302359 623391 927396 584769 446332 731601 203576 20582 657772 850245 471206 953620 10307 308224 727792 501576 270147 37850 427021 712558 377600 949694 151520 161247 952043 624778 596336 878057 21320 676725 886475 228078 490137 75999 793408 526844 756454 29689 632053 505728 203000 801757 367990 871881 464057 670479 843608 198818 779029 114643 164454 760162 274466 390680 791885 338423 841931 540734 214268 770580 787966 534020 745148 691090 559271 670316 350824 27970 191568 81323 368709 306694 66340 37459 896927 950156 433484 247582 592252 418887 963258 850209 891216 236657 198419 269438 240049 212895 710762 869324 800577 789039 986394 262001 729570 960336 714324 670647 449077 573304 630328 179106 698165 144839 108885 461863 724289 942928 953762 492516 309767 448051 444079 554514 37089 575018 937667 996282 104883 82214 867766 770879 580713 704905 648419 129489 588250 501428 339370 137343 430828 2274 654064 315919 574159 737721 445458 941455 204790 883047 937308 577340 427836 217576 540031 632860 782138 307959 770965 50421 100328 734258 511420 636747 237789 845461 386552 642009 937109 563222 982027 555786 715487 335590 949519 50014 232133 131951 347004 481846 37537 23744 661496 486865 924893 435263 289074 354892 783768 151138 450851 895370 931906 642773 737847 287388 213840 518416 896440 439233 486771 548488 969045 794986 123393 540434 100114 194468 640817 518805 1701 96181 157819 343076 684174 153149 184548 406991 794760 652028 673608 727427 583727 58244 673003 994413 926775 197189 768519 342293 591937 401486 621740 344632 830086 761977 704756 401441 747499 657755 697690 674819 874413 406976 601239 84229 877037 324643 199350 184828 449543 981131 140018 454700 276714 526465 756499 652199 191018 84284 564531 673430 221621 765810 241278 869511 953334 467920 936079 900757 349451 354087 173175 173742 551193 478492 623967 739871 830760 404485 564304 483955 23728 99137 504727 731927 84331 223654 739293 205039 154085 982752 420342 96771 457221 409204 759308 26937 557015 310935 768460 629815 27698 381167 921672 701788 425650 793470 109986 494384 853798 896224 336458 727321 598496 251460 792676 863318 673375 664238 556053 675981 879571 448991 213143 70388 469209 941503 857440 958918 499762 606706 434230 318050 785908 299581 35686 7255 18658 42040 723354 947970 117345 106934 800501 371134 725787 909026 795818 442075 781588 37737 500948 94548 644111 349966 462466 417331 328340 817235 74396 395002 324767 412484 902872 241338 594968 135474 221741 702703 358960 585096 691730 23943 853086 278504 7705 781376 282252 539053 894609 457997 186377 118009 606607 757618 705123 269441 964078 260912 720604 875374 340297 729471 491798 497258 525656 277688 42737 972755 635465 487373 756480 431400 466749 791170 684692 970962 765258 238809 72970 919086 883572 915805 74963 7840 671027 259353 331390 384787 410307 554583 755053 407288 904926 239861 837878 31521 116338 649454 269853 912160 222761 692693 398743 564025 481980 149251 175291 735225 707266 582583 308383 835 388624 699183 587536 93576 97127 958305 510458 533751 669351 437776 991286 627326 857363 21333 386730 846729 582434 805254 17692 1746 943986 878264 500862 725894 952824 223039 933634 181667 780291 372215 723204 31975 179074 169349 700562 103879 19852 96478 828862 51491 144496 677125 97658 808133 27267 149302 387156 809973 657924 682729 868693 950153 657374 206545 292438 880271 994579 791091 251038 777133 41611 332216 112310 645960 691901 352858 498253 633064 260548 561024 62048 82723 124454 822779 314891 741630 590438 792247 624829 185345 493992 555246 20113 932970 962149 702103 992471 876362 314083 405153 59440 673619 351718 299494 500925 774727 645099 2867 923599 488206 913660 686844 218864 656232 206153 482798 328278 509032 845276 751076 108205 796952 787125 85573 369059 652523 698184 607630 952132 562275 340774 691137 261593 919279 435704 263581 117541 497890 500589 532715 349969 801362 684040 724048 667354 672021 2840 430257 578928 418938 668030 11736 560197 420555 686427 983586 958721 400902 78924 905664 25610 689329 495714 124705 183064 671622 591516 894720 826623 630742 106193 959790 686668 129801 246918 817386 612528 345803 917886 374106 180636 817221 796021 618737 110999 722793 749727 202075 734309 937265 242824 627696 399623 458148 702168 909226 599747 443109 267679 484926 983623 676924 476911 374863 163385 864948 198925 316294 21876 638321 675009 14467 939589 440329 644994 149190 145423 663840 837306 632692 124963 465677 475406 153348 883341 223740 141624 139586 549349 522658 901071 798816 835618 285877 672342 531908 719844 777939 153446 831995 77298 146222 488957 136519 783094 885843 234841 778019 292990 759020 216129 676030 43673 156787 709291 695558 11334 587483 41913 755338 631895 325026 251137 182626 117025 35991 368535 677645 862145 832373 488990 779783 528288 57937 191463 933180 981734 63760 24829 977925 214828 911702 999058 195529 848021 429913 562491 678650 756713 301800 332093 925503 83416 215436 992226 293363 100277 655045 799111 645210 120838 561371 228394 901648 388586 501390 267344 983835 304276 271171 910670 100546 239153 718479 776060 490049 117638 869607 820966 480114 968879 927013 347468 161024 855615 222685 512704 646192 718051 546177 101845 242910 340137 666611 436590 451556 677643 403798 575636 912743 474182 157333 795531 949619 817341 119642 760413 129824 955984 333018 612312 515378 371166 344425 992972 320797 51542 982254 108947 51578 645736 916698 681840 810535 978558 834206 570745 871801 290358 992915 803778 263771 659197 407184 450140 138974 466322 788305 182308 129781 186755 660892 934325 585423 829920 87794 375359 417171 551246 34750 636390 553598 354053 211478 606857 922252 583452 131545 788831 221909 481436 914300 510244 734549 325172 19440 576170 88779 870048 665272 281082 142905 385309 215207 974116 122872 403549 567341 466809 990920 165939 736569 136500 29830 528628 769154 543867 979580 495744 554096 850056 311371 427612 656192 491035 55020 455670 582439 575917 321203 204484 8288 986587 983786 962717 697115 199365 949913 609989 427536 301402 86811 870379 12623 32562 596633 417265 303280 733544 843526 878258 91973 257623 754168 1994 528966 373096 214887 391778 69450 884502 90375 898175 106309 239277 906727 767008 446049 143139 34953 564902 376660 712646 591972 235353 79024 519911 342587 782419 994096 875878 387832 139568 398227 487052 390369 253745 558025 362514 121307 496229 82681 97746 891484 402627 861760 547497 484783 931420 740708 160580 189853 80167 688785 385741 598061 866942 517959 968820 63101 610507 446542 805103 523020 499260 841445 837726 795255 918913 367147 747446 245840 679251 929192 511769 658150 978300 941654 583342 221260 504993 300761 406925 518279 293377 847108 776402 881521 301481 224649 363132 864953 101914 655582 458348 816220 401431 53068 729229 207189 615122 355592 386794 839278 708459 509257 107808 795008 598506 59665 216559 748411 177996 275698 135220 268122 369241 649380 720080 965146 763093 486976 46752 376756 943944 85006 46047 839765 44792 361783 296903 697803 112857 486006 64995 168646 224913 490439 104801 981567 306820 701733 655231 152956 645541 504534 651276 913892 310691 963477 851864 359679 287777 546124 772020 534600 648275 418535 891251 908436 240690 973037 438697 829797 779995 685169 930423 63791 814959 27642 445535 521607 864716 734361 883386 79054 8721 975132 535495 464794 224963 981916 876752 973102 804410 903590 365705 256807 921584 906349 280684 142641 679083 988606 269576 624627 473179 360135 113416 421576 362799 357253 398590 958798 963697 443216 932594 163344 300427 134751 671463 427685 305415 217699 710435 912810 137020 855235 430961 452722 268463 854455 902386 763302 316105 482426 511045 756499 825142 764134 737864 626603 453822 470736 601956 492501 118712 744668 666353 430373 735685 217193 483238 499578 386494 655715 4752 679841 633592 335466 880535 149600 871134 36841 139326 473396 734282 552455 404734 16495 645467 595634 195266 799902 579405 934998 92918 614293 390910 711170 704432 551376 640645 458108 727939 791723 11895 789307 883677 89199 233676 848370 451751 620207 389670 761194 19595 386766 853606 771893 503569 685575 168450 541533 18726 74214 952460 229812 667747 913133 468747 805637 111846 840856 259442 718301 391997 271898 451153 381668 861860 784268 356694 765575 175176 15316 300240 607942 966666 375303 563319 727808 543756 17044 219964 939811 733142 880419 391809 520722 960646 156443 660137 79955 336214 91863 929934 369612 969306 672947 651670 845931 815342 846795 266597 148808 832221 241536 548012 515823 324223 368289 400881 137981 337548 580718 557505 296442 650119 102036 937919 82989 802 955098 165670 390657 899608 418991 352938 179303 39345 498586 695590 332027 47694 700533 362626 312705 472756 557163 801283 737560 616973 261367 725275 76360 64194 501040 16783 125320 61360 25133 310499 170736 763034 160159 124805 288861 796943 871025 333977 627633 635618 163851 994575 693162 645615 498997 554507 395371 204132 611967 506119 647987 77458 682237 115054 857247 13126 503753 835459 631444 929484 574117 909848 850387 178982 253094 210798 959352 705812 707243 728082 978929 757253 353016 815676 189590 774666 710383 917944 776893 849805 873131 112706 686898 842400 154791 141001 205138 910738 105560 482380 661297 501481 841351 675800 363768 711532 658554 449431 797425 323897 447568 448661 84128 899610 916391 570993 651453 719979 652449 732817 714112 576105 358034 485491 658088 535376 807369 669359 676948 360294 156368 652116 358605 791676 727145 798126 910057 642875 182083 387706 187925 337776 876069 412960 745426 81214 870902 605131 553073 521445 242207 569251 917658 33177 167423 689557 916636 8010 227724 542873 703085 462404 338486 502137 560919 133473 769234 293684 154521 461431 754067 557428 794899 843207 949720 386220 90159 354372 775893 314784 76326 763592 246087 550311 493317 825453 665514 782571 175228 444591 339567 228775 204248 971020 688170 591568 48127 50168 282478 422145 237111 376398 690819 725829 457944 108723 815222 652950 811890 457341 258395 504912 593157 529821 954897 129747 207754 668533 636739 332127 316349 991518 836425 99772 528672 522284 517621 286344 532241 600352 41545 634801 2084 823985 918978 420991 978729 334020 242110 72955 751213 338852 692727 361986 131814 759052 357268 782824 506390 331001 680750 309870 966759 278290 976301 18365 380797 620896 566274 364140 334547 640899 244339 795838 142978 986098 622892 868825 361633 785423 432271 886278 875453 750482 769283 38473 481747 118837 62127 3657 385864 443808 502268 127797 613690 503900 670478 350302 739086 22414 576231 146305 560264 213552 486955 152628 593636 905035 22178 769366 57584 157741 830839 208835 410228 843656 554231 764493 338187 394244 162052 479123 209953 213078 741124 250468 263948 831201 45283 636687 88326 177679 314919 7124 731959 381665 756046 292280 226626 756950 87669 379646 774117 155026 437171 480532 804823 376514 820685 519532 294980 592494 386285 933363 586954 357343 867800 110828 589795 991253 693809 478835 606405 76063 785616 393744 455132 102966 286864 549122 408655 270409 438196 1767 767839 600516 699160 222453 488919 941523 73916 414314 841703 279098 445746 817928 329541 979695 370892 326467 387887 646233 80811 409774 946266 835080 610906 60325 447769 168369 529969 731386 844086 585618 581040 263591 792283 88505 661539 892450 976452 686314 703867 620429 270622 415959 65103 23242 714518 384649 552153 507906 849948 509890 763809 267382 77701 290827 407559 748653 657411 90074 336049 156028 941058 283230 452672 565246 552297 387271 802747 218163 889420 22726 997783 790681 992175 849791 20802 760153 569232 323106 82556 654253 566786 561809 714413 468344 981429 395638 960956 521434 202985 344661 914493 373571 890489 961021 605139 656649 338560 741952 905949 599006 393116 319058 954396 475530 532270 59997 421749 915300 733745 756242 171837 743215 412154 77266 797978 950824 509254 57800 646322 75367 436834 898310 21169 660348 545117 685072 299969 728320 374363 694232 415696 860124 453378 732025 847560 606285 659056 345619 587433 198462 510718 368736 284496 252355 665168 350227 648312 870713 697880 689979 404718 293334 831603 364010 772200 44461 231553 588968 59659 214117 747642 48790 658714 576718 461291 611185 74017 863884 966763 353686 705829 641832 231526 177640 995975 466535 146133 897147 790024 148633 297703 159280 695882 675140 128908 538666 226829 286095 760964 820592 40585 761787 834128 967683 362389 209133 71531 514949 645378 505846 987170 233510 266045 893780 766283 893959 725434 105789 107890 994336 488190 498151 923965 764841 765848 553211 481966 491055 140080 923704 174216 12390 324806 350689 259173 457708 601604 529469 532394 787118 322119 951424 598755 502383 540754 813216 605994 942866 893552 247171 589055 980251 462536 36432 433418 475051 879947 696499 706351 822878 847053 406793 235411 679630 726406 598984 878122 387421 90247 527771 145644 346091 134739 719526 809738 816644 697467 465849 169661 899792 45762 676008 386845 495591 426614 131970 53417 661130 265350 108986 803310 369905 820732 600444 245322 974827 851486 42350 511219 408016 582331 872674 590587 280728 471465 368310 86435 225533 905459 779237 997465 510665 115222 338046 336086 410388 202697 17450 361836 764605 945868 535281 725225 828192 30643 614141 275333 678556 856879 788963 326099 234883 450701 218113 544781 449461 721661 20570 520374 252003 424516 953574 617195 571342 586110 273390 844345 127073 403585 196732 624981 177793 147733 213513 905529 126524 20958 110954 775344 759657 673328 111780 667609 742898 805154 955354 864267 232514 133649 359607 97736 657837 739227 362072 86350 737443 645399 951985 925216 275518 196277 780032 545341 128846 296334 349890 965219 11437 111312 712144 628159 233847 727443 27315 740547 177622 921424 57633 692567 412970 213704 16065 281089 307622 748325 85362 676881 181964 708275 198365 777738 903563 256783 631311 232855 448774 20530 347183 869258 68633 993860 772538 433756 350097 56813 938347 638364 278793 985174 787858 877470 189445 736151 176881 623096 558212 380857 453392 809366 718058 138462 882197 388351 837130 314832 443971 509875 333404 68657 958950 940814 327929 401642 69148 335893 759988 611574 402810 771256 30168 717267 618059 631603 357266 210036 658737 911708 354615 480887 861696 110768 738600 831293 50934 589831 744303 761037 793958 276269 533393 676368 687180 255398 680273 999320 111263 728626 201379 287726 454036 742796 237687 788224 471305 71176 326408 342991 31294 365192 356491 176038 795905 587974 25253 813931 608100 877247 207530 385312 568796 843354 426519 807227 253574 867694 752132 958154 842115 523633 694462 59688 112066 566799 91085 37855 488913 987608 705389 587889 983304 391203 448124 71912 452925 928520 488420 187155 611173 619570 615303 148233 843397 14312 347033 999133 267967 578051 399252 584160 96511 901192 756385 213828 891563 485350 35169 645763 266751 335811 18358 779821 513884 376275 487692 425802 20655 950549 561922 133512 737592 616483 630766 190069 20193 144418 5579 262164 848147 525753 929945 196628 377236 50110 749227 12252 781041 347596 28157 172083 457566 45778 905115 183210 712944 956247 23677 437323 487269 335405 160306 844765 479720 544290 733190 963018 819144 901123 321666 246202 812568 836541 236331 769688 432506 400845 98830 742851 879072 278291 867392 54950 729454 359864 446841 869336 413238 446171 574121 643633 929570 128208 280153 813224 396377 663089 924318 762237 304384 544043 768365 550709 937730 994052 499713 695026 109150 733232 778137 355956 380658 782997 650616 441402 327399 87731 982142 56650 903017 463864 323194 895761 589404 450912 294204 114017 630884 118242 91065 76398 598071 131659 382597 772569 89966 375738 377315 326157 275316 510110 274088 462775 219809 254999 875027 270374 428098 580425 122083 481969 497197 935360 839920 658265 688036 652069 167396 480321 271564 168173 897292 434043 208770 708610 128220 164186 626465 595556 252061 189651 663557 977418 887442 862484 492853 596708 767027 924276 665629 313902 673766 357179 833396 227085 192045 677652 117829 692553 510561 581317 431236 837584 8018 196873 119619 248050 663019 995535 265439 395496 807108 8964 405202 484141 767307 521652 118708 6193 490501 420219 996980 884918 239551 201232 700424 490900 194362 154796 698793 764987 656628 884602 288996 925197 631080 562280 802125 160219 467147 861517 58603 537988 362643 309774 759324 921712 945922 11145 147953 12983 366311 564607 69883 931980 156165 106361 726984 522033 735414 910399 836964 72793 460023 530229 553745 249287 493342 745403 834535 986990 588922 133924 118081 600687 731913 211108 641771 50644 885950 182427 204020 267353 357497 542728 744969 835169 227886 285690 696742 753270 155374 466981 957703 164017 624217 453303 361380 677036 161884 137197 636759 492859 601737 406741 252794 616014 709339 326762 764206 94082 525514 884780 505077 220901 359390 73912 657276 605991 382061 471214 94877 642619 333733 846757 956424 721199 183837 636440 431813 646133 114641 943204 871173 98872 507249 171293 37063 438211 505720 970925 796721 192430 351618 304413 388628 45087 550811 693377 736853 766763 155673 66721 350658 55002 348734 228464 249271 179054 592505 925093 511300 663346 757339 695983 273871 704996 16415 200619 359343 871598 573787 412296 204935 302625 311911 671190 651176 257614 362883 595732 504216 746865 683582 978774 881481 279622 960866 337121 182981 345248 668545 83723 761888 149311 644547 910707 360678 873166 427633 626341 353910 908590 325765 536500 952966 942846 51516 488868 415596 302793 647881 43929 106490 740471 98467 967625 949001 57123 178112 842922 665471 187569 311384 101711 747818 494821 510260 280427 151353 1483 81009 421558 984344 716213 212575 479417 61163 183445 749191 892446 728060 437652 943239 796380 58653 864053 845581 857409 332585 600653 174444 714534 348556 623487 226394 370924 328570 680029 415349 976038 399494 438317 938468 723129 768604 862767 113530 424795 401374 565346 519203 533367 891758 389476 114193 452402 5882 942959 297518 226021 428179 20084 451411 770081 998357 424555 598437 973872 425098 797975 333628 491916 753863 293489 170059 973126 18332 514202 109955 645870 768277 571488 404787 327540 722017 92029 750207 817917 30073 947410 931455 341085 21094 723376 286218 900379 512467 732546 972987 261497 924923 356959 100595 725242 693459 164982 260887 362282 857034 519767 665974 495143 73148 112924 417363 129380 105843 65739 862083 308151 754101 324106 241336 819102 479250 669227 320914 727038 891866 420277 971319 470417 623114 947313 690761 198547 751725 218056 662622 175582 43053 215623 212001 419311 130854 731800 973967 198330 670788 339025 32981 396336 174182 340038 912660 403237 659292 831140 620995 649646 41213 120808 464477 647897 241774 498501 994473 915940 279425 5197 53225 966275 968450 26694 414984 922904 824319 716369 578553 920310 345406 256335 939034 633313 304789 721751 196552 2148 223517 55941 829221 15360 366558 129701 284512 493725 549329 8518 925735 970924 850786 655218 700331 243790 227982 400591 892639 561555 52765 57356 104322 38205 226665 348154 45856 940064 548586 233817 236820 312213 128805 590094 298492 851581 35071 883679 225957 294919 664883 385443 472356 13708 670447 398134 673324 17941 751813 547286 155296 82645 201786 245480 904408 170467 838360 631008 249274 84533 555508 460537 941895 274889 758760 558449 902077 614464 768795 180584 421319 297433 242332 212062 553609 403999 813894 915074 382969 514115 827831 727446 991551 905757 783502 970377 462311 936674 39985 159849 238821 853172 328152 274062 875368 507893 771004 777852 917129 717748 876978 821125 101392 867606 315783 64977 419778 658659 156769 346405 297964 714610 913364 887358 473786 49882 379170 85096 343043 96179 330307 559695 361090 593947 112909 535177 280720 322985 718583 357202 637512 447568 867837 494570 23534 726524 586584 675465 234434 320973 53724 768370 250553 3390 154574 217540 563748 334047 78689 750786 829965 378091 597757 62580 811074 843784 578585 806804 676974 57260 550770 460126 788234 130880 566080 646411 297055 283327 250558 898279 23582 382369 921725 617762 753593 885987 91061 568082 152984 292200 781674 877948 866815 924091 972760 17003 69136 316528 7563 434676 890577 244679 785076 379439 242437 420565 925699 224634 568674 641251 796844 77955 762941 852340 113678 761848 462661 944558 758307 50150 476791 284637 173030 635433 293244 888623 86756 831822 579298 962479 890712 750884 321990 661334 686531 988367 959576 962163 812410 623128 806469 978307 154491 14002 655827 911117 831423 678735 228319 929317 25978 748411 592822 52523 546053 414600 26222 889503 887416 434211 477357 738856 258759 887008 665219 758726 960746 19937 716995 417455 149874 291641 934977 219704 378322 26733 163323 941337 591087 13803 345539 855723 490591 261601 19919 871828 966464 970417 276263 379547 443800 713300 246362 43637 270927 302322 579328 900387 477395 843988 458412 945292 306038 998430 162562 661094 513799 489286 582567 98504 380129 385811 267416 198169 515996 998198 906362 431773 988283 367519 407577 330316 552638 756598 576180 386758 820581 32802 927246 307322 890499 293038 634605 401447 372083 287374 84172 413548 643656 221142 513763 31453 818253 430749 293367 907080 166716 884169 106548 141944 851497 759367 734075 690390 410363 361342 885564 680442 699530 807811 5644 569781 201433 666356 272562 294068 706726 645845 490758 70085 374029 409267 870413 963503 922542 174805 36096 622904 601756 646267 449992 125061 854444 791380 857912 592831 25530 253161 30606 594954 628185 728423 124597 764046 426168 1057 182145 962171 311068 738819 135281 95426 53630 629575 501209 710630 150556 687523 713225 485161 601859 100316 958954 443087 762984 598485 671910 925065 883833 680791 983679 76720 94195 459036 203856 344059 623222 604251 561957 418294 572016 62879 898912 672228 800425 626133 716127 392683 80297 387948 891191 532116 842264 89553 328662 743046 746138 520805 588533 55703 666233 823779 368509 212707 659721 20381 684888 317237 140926 5941 386007 488544 830096 862141 179298 293233 620976 690285 322583 637205 982919 874622 454685 487780 681699 202614 342218 273018 955148 921295 592325 262271 31311 573315 497698 380290 364093 845724 877040 379678 876155 732014 842317 831639 652035 1221 315991 228016 761079 578311 285248 425131 720047 684608 279421 458668 528814 134005 665019 918781 352453 831365 810615 920804 731283 109695 959228 690030 62762 918799 628008 614207 773395 504763 874185 909286 377441 290164 240197 614493 787864 700033 271827 930910 778962 479037 133179 383841 140422 503462 555229 433621 302878 522399 623060 162436 269025 470331 118756 422202 46064 414835 563282 130046 310067 899028 93690 972228 677603 53552 451523 139082 873289 261969 790553 466498 141131 656028 794707 551891 931314 840324 84269 480177 704313 638283 971764 797705 371502 634877 400640 914519 674142 64851 774669 835219 360577 973360 277034 470715 907363 701606 783017 185119 503546 469453 462528 819770 156720 137827 453186 540080 319074 513772 148576 923513 299164 526407 881450 97357 449319 465681 689014 842783 466314 681698 226581 504739 428151 382444 811813 127893 800480 126397 538728 60824 637499 732473 194972 887483 314591 56689 284050 870498 285705 106366 312631 756796 856053 284574 572573 59958 530849 822282 101674 17053 191585 902355 58998 615321 74349 2165 634921 485632 581197 355665 241904 431471 488903 570696 112876 430511 914584 542583 283083 843974 583645 866286 669061 386138 491500 439402 228861 78772 30155 33239 149270 114638 698161 61250 563002 250760 608438 23103 488774 894811 280830 103176 425815 641335 822341 35598 525779 645244 127812 522021 248106 92407 163185 724311 677609 402068 598395 12306 473680 523845 307285 831765 637885 946798 9558 193625 631992 265483 286884 718309 816998 458183 456632 210717 975148 325039 783098 961549 809048 507863 506120 896109 468733 104031 719393 386115 749465 257974 313035 604040 358000 596414 19651 656648 619029 456223 29126 765366 5135 254435 863625 198306 280613 149433 938543 962237 774876 287881 8118 123061 247888 613859 770059 278066 278407 133149 487573 279820 860909 550158 321861 499033 376076 424405 112825 777275 135201 968860 575553 983486 722083 303135 839181 488693 839688 676778 188063 748058 933213 305152 320156 577453 771052 548906 378872 992259 157494 391109 116943 167693 502995 601402 938728 382887 2110 672225 22508 253314 547984 10936 105996 16678 500538 667227 157524 799764 869049 292217 896519 346571 594609 785316 360186 241144 784297 694369 88544 961866 354806 606797 635289 420409 214532 533691 26764 806606 85243 19304 601754 184011 778457 223491 139919 260836 257012 27694 925241 99332 256063 59208 476506 580646 838485 433731 485207 766857 373434 81860 196770 163726 709279 354094 784215 967000 105110 29272 856045 482052 646139 485808 7085 353693 644595 825217 664893 987607 626983 604989 746191 385014 283357 799143 811599 271500 944392 345398 122810 75677 576461 959377 838139 81776 900448 702761 15424 608560 447788 907975 634240 899532 474901 685799 197080 708077 432565 916665 356560 416888 179095 236608 449299 33893 611969 769702 150902 942266 303028 474231 241858 823603 295751 80127 452130 166017 428617 28415 567256 286176 856042 551135 868675 59303 701486 803696 894778 309342 356646 642006 406824 214717 961977 357065 584188 390710 323786 235101 944974 293315 266284 454644 688966 425121 744956 781870 801678 631660 886903 53405 847487 539242 154227 944795 914140 138256 723157 705796 640812 259916 751290 521600 768537 10851 654960 722299 876404 275277 611276 714751 890750 726616 455089 163751 983595 331712 647427 716964 914903 697188 647725 994138 107561 766928 188594 686116 878482 687434 624166 796072 534850 954952 485111 507909 888883 97740 200209 646435 137543 49739 582082 842569 23098 842403 478527 870094 79476 741106 102088 633467 907071 113344 103409 253193 941922 693786 436604 771912 806775 136554 476050 235321 518196 985650 288167 164186 646551 418128 57602 607298 35528 644348 665352 822621 513675 728996 170467 926992 892830 637530 583 311047 772149 38745 275665 105504 409176 694393 204007 573582 318296 870891 205575 797006 88758 51469 897107 126130 133332 937200 399453 704038 960145 428462 381712 557994 419413 528178 489605 136202 18206 209110 58908 575974 644320 231014 785078 313784 456460 472990 190292 412189 730341 710188 566484 866527 70781 462021 995359 474655 19898 436099 800035 424292 335018 324952 50642 943915 369971 792300 406679 181968 891570 754607 912397 785490 830870 562135 782157 594400 758172 231875 504027 94227 131457 871848 442533 27055 389542 309869 716795 134257 529888 855556 800991 900219 928401 458022 22002 933913 333537 617404 875982 264928 721537 511890 791900 302350 874983 635278 738517 246459 75213 451742 48504 869279 176731 591377 722272 768015 476937 303842 479246 692345 334282 268709 502220 946381 564790 777480 436415 324631 41875 258850 208879 657579 339874 333804 358634 153753 542991 584423 902431 283430 494917 726217 263116 342219 834684 617180 659794 769487 671702 108602 435217 163814 499983 542350 700866 758282 850199 868308 962372 661462 852444 985251 111168 634412 645258 350368 536530 197075 632752 973152 779507 420765 477840 785615 296559 184202 555084 57246 424484 180927 913229 669233 312785 726131 923708 844220 484588 952943 977758 607621 608889 748274 723192 794606 577196 515774 855379 441104 253595 339308 173948 105456 743470 427119 530453 319054 4043 506205 697776 406487 487462 479445 301289 457123 932049 592506 77343 661603 6469 80932 310922 52013 823652 809589 540316 328083 41192 133267 184638 819881 542563 471558 533280 805964 763235 42413 80676 549906 761806 181768 121048 597531 48487 604575 391709 831983 498617 882522 686136 278877 531034 502781 586099 277194 514731 527509 58167 289163 298768 505767 69160 553573 482135 62375 195440 223198 781884 218207 27219 76748 285729 647470 41656 797046 213196 526965 363306 27012 308306 208976 115657 272138 945709 156857 432892 526135 928444 572733 694095 896514 860864 177230 213470 223664 819466 392706 983988 179391 517067 650566 70303 431309 278437 36295 1230 755544 291687 130322 505615 424245 324458 40120 818757 238519 177585 14794 696773 510246 128664 511018 12012 365354 459137 708590 291432 688530 203121 712363 502263 280550 594033 196119 954306 314578 516790 468249 548535 634586 28731 243318 153156 564874 716040 219816 461043 966146 537426 707597 324047 637631 101784 793348 144807 433509 826225 681965 537491 141348 338497 373195 693152 877033 405528 664865 88455 640739 629920 576460 412577 361713 874965 394890 283717 758146 348048 324445 91686 543836 73877 948599 220034 214276 823239 861684 401827 203920 138580 130510 276616 16816 698299 33657 377147 935647 880005 34014 630615 430369 568264 190459 700145 803733 949423 76858 373113 340163 669768 72545 457326 59090 859569 370156 434489 599094 498224 828133 272653 897585 261888 45097 234550 841071 566704 390557 801034 329000 58307 682895 302682 342904 15276 64213 215963 573931 124270 380529 108777 78781 554604 70771 474256 114268 812136 699103 984044 351188 469197 266959 60461 423532 527074 656261 260606 274212 430193 935868 815772 159166 76195 783976 284598 439024 454342 714234 34854 171527 187791 123826 164263 754253 354373 438841 227386 261976 98307 499029 65389 332580 656959 279413 427768 29565 573695 213522 818478 536096 27109 653396 30786 187253 899839 332492 371305 770025 617271 788931 975822 417662 59303 67923 213152 435873 593682 326577 395776 215034 770408 946352 198278 143910 573305 931002 946868 447308 198727 532946 71956 300352 650029 145663 437419 546026 910431 852202 316450 670117 164630 165545 492556 479520 436400 809293 302375 142520 447732 176892 424645 499517 97379 944506 931947 709008 636284 847196 479915 300912 358339 421707 509620 969454 813774 621110 777484 374244 305183 681452 206502 828212 933876 13805 180974 820319 380039 394010 820734 400129 773518 295331 534843 911975 342328 370653 757609 665367 285921 207288 119067 10142 986844 70356 667466 121566 627581 335999 464622 377162 853073 776235 253844 653365 126445 974237 766367 100961 110922 268232 932772 182508 644297 55860 61124 497459 516733 819448 964261 830727 729618 644016 314483 387291 909551 528383 901580 963398 229723 127293 720305 675334 593711 628968 561951 122269 680054 282552 271031 836665 514791 198537 297883 357111 315021 681556 750501 194619 922437 755763 297518 169613 820553 706986 277715 663719 513949 138280 499988 257882 841581 420247 776605 683915 824111 455016 699506 85523 543797 530067 218771 195376 214200 570068 483678 380894 883391 316250 293775 786866 457014 514180 929386 667275 207465 507811 29056 699760 830468 517151 858195 572968 477972 809603 227917 218039 518779 806135 449345 845669 474774 889704 882621 780413 302152 969969 426256 960711 809889 183856 649713 818456 168816 272822 97546 557899 673014 439069 220380 301215 161862 385965 659508 280021 50431 979464 705570 328215 998400 722607 50557 548999 134327 287946 464780 650402 84850 687844 828106 409257 439936 385669 1093 723965 28996 124681 912969 119889 216534 995468 610340 128887 861495 590011 735133 461147 518612 93196 455025 281815 959657 70207 224150 136837 356314 197010 448092 412378 566900 686419 910221 694956 504254 881976 290511 834195 1720 827268 878804 686528 952994 811882 426417 229072 146958 741501 514819 438118 799586 843688 982393 262410 949247 489621 434976 496151 401844 501773 883333 230265 831032 870341 929252 12407 981481 309680 920468 49330 251779 824087 180405 158711 795198 229544 464724 126354 46557 167491 734339 145253 945416 907893 180314 986695 95641 746905 101282 223969 513036 803336 379509 865079 513913 66604 594982 884625 388616 651115 502277 974300 176172 774132 638516 438876 565821 164200 21734 626528 931776 670950 133019 419028 279838 878788 658381 230622 23381 562537 653209 957665 599762 103568 732549 573521 528095 563928 596951 447284 435262 703048 517944 248261 877451 643922 490419 742405 961595 28241 886350 182134 951590 344702 556746 34383 710429 993369 982818 54548 205189 125307 491416 832584 933517 15926 903145 52577 462838 651415 952666 34287 297344 204545 362063 258014 1532 955519 236923 538455 240852 250201 820577 916860 777662 705541 549476 317638 690293 989675 54749 371918 425366 510173 63729 986358 289713 104087 713107 301393 391214 980992 840928 219981 835552 800538 373500 930539 762925 244948 433280 696575 74949 872352 859620 504268 267489 615766 566618 316652 154896 343918 622074 310697 425028 899030 381338 676871 791702 77566 602042 462263 552077 180214 797405 907336 242388 67125 272941 971680 517251 337448 952207 50848 438398 783600 849717 457691 878657 98220 521312 25097 293267 187413 341255 135292 889405 785722 675830 447223 982729 957720 939846 924348 540088 168042 329313 601563 455008 843330 594405 670061 306887 247746 788941 430811 519384 883540 695446 802305 736094 448836 596212 22429 625097 146478 397052 320374 488837 440527 339374 599009 935288 829268 596448 51095 638423 579435 743443 30229 523689 822717 714522 549898 450117 715044 870920 350630 798063 252457 483422 992580 656462 509835 777422 409353 585492 489657 273439 700228 322858 320178 480563 394586 239698 643390 936225 215941 132178 180109 748261 651927 385349 591190 658926 20620 623771 410671 2387 920017 786136 897261 361126 280355 491086 610437 401549 48328 341191 457667 342753 760478 5193 198438 820878 426000 893145 105166 291565 432677 370497 989799 511013 777607 424098 239967 940659 858441 683831 864287 472659 679338 285540 830631 2143 426484 659131 713680 6212 455929 142109 698265 162304 16400 17010 991620 280687 740759 589024 686663 167145 53703 174254 691202 609272 1402 416449 742840 663803 728235 102409 844586 298708 379336 909946 241443 37506 408642 215539 538031 175575 332351 392984 812566 346723 33544 882025 836537 417160 185501 387395 147221 279870 981025 87661 327423 410322 222330 465071 459107 270269 465365 881771 822189 395385 780289 48454 960773 455613 662855 424773 591424 138788 570239 552629 754697 779853 945088 172913 66114 415835 552678 108254 829732 355820 687088 20812 163069 260080 203277 192818 809024 427652 148636 787183 442661 252551 474186 30320 723638 373406 179786 202291 471573 161903 473730 510417 165456 111939 467951 636541 296884 206279 734009 196420 372881 341720 215267 97306 287642 198530 756680 764776 419059 431809 892147 860769 527339 948840 856730 219529 633067 595681 853391 816845 695945 514574 362074 149943 288891 986930 447219 3215 189101 283914 385547 753173 243255 948693 285297 548766 813513 956443 687618 843357 806719 114579 619774 202094 27786 519118 914061 82653 253984 678104 259387 953042 299212 354517 240987 163844 316865 74625 260385 292110 903567 686612 834734 315955 27180 416110 900997 746615 233198 909720 3790 963244 591878 907949 337372 415374 644855 761093 396757 816877 849152 682695 771565 430647 335195 294898 668168 745061 955774 406276 138698 74118 690 351974 313214 178911 201267 977927 558560 718527 538709 867891 202892 787622 859093 915218 526728 638526 402646 723404 768953 935522 241523 320520 408081 72042 65413 688282 502256 793870 640526 350332 964734 829480 202982 705426 746438 244447 330755 563945 167623 571625 159387 589534 478303 179975 244997 258837 917426 533874 386403 28549 252780 87708 961073 683666 701992 897787 268354 706749 887805 629121 462273 468826 575407 613540 801181 935241 27587 431479 290553 216372 580036 831171 708619 221475 824528 712425 832060 994376 631548 488141 205878 362887 403779 876810 532114 220472 69564 453275 927040 773927 906439 934199 935435 681617 250674 284738 262073 755470 420568 679242 811162 524406 705444 687324 154039 153277 349098 29253 446423 765926 116921 371730 221885 749130 383044 671576 598261 850805 664159 164599 576506 563226 243563 668638 630850 849559 584201 949371 402268 602592 720468 391681 209974 285213 158004 987927 824919 835499 26451 326252 606513 808084 85680 92713 596838 285037 278748 497969 669440 964509 754416 359888 861248 366423 784451 144380 554110 288508 641180 956114 644184 522540 790163 859096 760131 818807 1852 684726 578349 61984 74255 565241 882256 400974 717372 267695 965497 866033 545326 290818 780863 200167 617312 117729 402371 328230 312460 378081 740284 666378 808721 272589 483661 762484 960133 230005 901252 902863 922979 998582 219003 374834 834660 896510 625681 353029 158771 995962 647922 969793 292126 549884 513207 843416 951938 854229 909556 486351 793811 255332 755969 953206 994890 827796 853949 373122 25360 922176 483042 62511 557264 396898 520474 995828 96476 819020 633993 661576 617841 777751 74838 591078 357785 557181 460438 93504 408069 621319 658826 98844 666904 292363 210871 929114 993413 364564 112486 972863 240966 457587 296065 63830 341143 49319 189396 627868 233500 475848 863452 952638 315703 486223 406294 924076 330193 808443 361193 752649 978290 788263 530874 821979 783345 471305 691192 259935 841724 722156 787826 107568 374239 454122 754548 398911 608185 746908 949008 396594 116108 144885 716944 431138 233056 630585 915179 719200 397842 761779 834181 680464 887676 603136 533174 56742 814947 576324 913579 746532 6686 870279 834999 395037 420843 795206 516930 660330 493060 923084 522434 472918 88327 67794 65407 717820 339411 154082 326163 345833 149305 821676 171647 728050 781180 435983 443214 149103 414647 861884 985228 955217 268521 176645 165244 991668 657792 684032 743260 966121 985622 429526 933071 817289 13102 656407 238517 494718 518690 623372 53834 804365 534788 576638 747618 528009 498440 510339 896602 801449 168491 150237 295764 572347 931111 726982 525810 685104 490610 28441 433913 150863 259891 161877 633953 16713 677855 786354 468584 768994 725583 916226 830079 147399 931635 257230 29271 32608 984230 345130 956269 324894 999539 662914 424682 264201 475878 86610 30152 317716 592044 197545 365836 157501 771084 591346 213789 835013 108734 900625 279064 152892 653349 462121 554824 196374 215316 120552 935641 505686 179153 919511 93692 780546 15592 584135 399067 998658 333894 611261 949017 382880 714990 872113 989949 896840 345133 426866 561447 158504 3738 226177 35221 478974 892084 965673 273019 529519 677871 661280 656704 244369 977545 165300 41298 594817 105306 421 574870 134390 546694 516247 766354 822768 320864 623135 541434 606122 239469 749068 503788 531544 47256 233603 801975 351069 953490 723767 401715 591328 541084 323962 755822 791065 582400 731175 391053 905951 223320 25913 918138 511941 792807 863432 26391 407007 911057 43982 600344 627897 86899 964157 386956 453938 861210 21011 9406 857271 298176 619508 409993 921818 437124 880309 520017 788274 817324 835654 618090 33932 829742 966134 943436 37824 649574 191662 480531 510448 175488 105454 421678 890368 22566 607007 306875 310443 684584 240359 356926 202904 358564 598499 993003 245701 781804 684666 60967 614972 249380 233707 542697 978789 597460 600496 948987 9248 237038 923511 486379 490606 3858 142047 299161 43829 381497 856194 901830 744711 407944 452017 755341 589938 845054 559479 286197 373216 615362 403497 173454 964325 354092 131033 719142 396077 553370 609207 588440 287060 541899 658058 988409 14024 115439 777172 306530 492711 657952 442989 654644 251424 990879 908962 984940 721298 34341 66208 45435 957789 59689 879881 918254 259850 4946 343910 602168 264550 663483 584964 173802 601083 906639 676384 664803 195809 849864 423362 697290 472425 489996 716843 612883 80234 702991 438293 376910 868994 356484 165070 285083 332573 597079 746413 973133 806348 416402 515483 118102 27289 416478 361743 432687 86845 517070 734531 989502 403615 975264 539159 24551 145335 111560 528618 600411 982684 607183 735393 31681 946474 939101 55565 302176 343707 392496 803147 597782 259174 870002 921687 45250 424134 347718 843257 563539 900933 597194 867283 861401 708237 618066 591709 405978 251915 827316 237414 689835 745244 434806 96908 558689 827458 257732 830840 398662 381410 626458 694115 837866 650277 584619 778273 130987 193815 582459 246776 870282 441529 556498 36618 806147 777132 890977 103012 958896 283214 257343 501404 612395 973177 297464 278873 815733 667497 784195 413798 685065 496593 452243 703373 948165 992710 128473 280414 109043 206292 436837 252348 514097 636166 819773 209847 467113 27506 926664 615439 860383 16440 849757 142389 183257 852580 516870 254900 709339 259162 282075 336933 120804 291682 908558 720887 17445 861260 77716 889995 715087 118912 613719 174298 942554 907830 297166 705752 840487 710712 802904 109007 512491 902030 210607 497664 957254 609342 907396 503433 240255 901634 706906 363492 243923 541877 529749 834283 143137 511059 5906 836209 84544 546371 663954 734024 435262 484344 282994 435393 906593 814136 119920 136832 963744 393239 315479 835804 552399 640134 554943 371770 965146 733099 99346 63334 280509 563740 181065 681852 542063 792319 59966 83969 777966 268639 325384 394102 907966 863431 421550 611808 144148 158662 48164 774286 401074 982776 527549 367485 585366 303485 394419 696672 884525 114456 753688 656099 504108 885248 590591 158223 261082 764763 339287 712 804033 505087 854429 323204 872741 643866 299071 415052 685135 654108 602897 49331 415711 466431 805290 658965 651423 486686 358005 361314 814707 775072 561590 943967 12520 324167 397747 839224 166080 315804 802981 962129 736061 117152 665986 732529 501176 974079 911136 55394 646231 157646 51895 975857 255693 433642 486786 212784 106806 411605 467205 804871 574380 811934 841020 904237 287533 251426 906673 409775 474827 172053 806669 369379 902208 859818 285402 879254 100422 202258 150903 302208 690966 435770 126675 707570 292158 300051 386411 566166 326943 941726 795174 261073 180566 912074 844443 179328 494469 421172 374024 232919 24787 509014 565171 180390 463004 407777 866737 393258 476322 534329 544588 733709 211622 270405 79566 622593 249435 334853 183680 67882 443290 280177 407771 744914 439088 183300 974633 324697 714224 385320 729705 398722 590552 660120 418024 637609 320600 243010 731978 512161 960649 938098 663887 361490 516126 752952 632530 496754 659753 83424 139182 470320 637988 400623 97259 946146 428453 406729 602169 310391 606447 434381 924402 914821 562647 670287 355880 398632 345448 245409 107300 409740 509793 846621 965054 85390 550033 335504 601675 19929 78281 797391 928572 835423 609323 117084 824008 866161 494926 998280 595071 262111 60312 294086 681767 778591 374363 111689 915509 164049 439692 806171 921530 546031 419222 116449 152326 758137 718841 456594 201869 511338 905154 320943 335423 318731 996504 964135 355354 627989 283410 404193 948936 883348 695013 991811 333959 586284 354580 441905 960499 591076 276100 480294 145008 892961 20518 270421 222226 818022 458523 816744 152887 696379 251057 739422 305060 597339 131171 574408 657241 457150 277115 687717 480890 461378 281576 733864 305945 677874 673257 422985 214338 351511 538281 473 555996 719743 187021 610362 573006 212231 211506 858192 540921 371952 48728 76428 682898 207147 7879 842210 466403 618970 385089 236888 532392 47738 646105 821229 684840 591253 941238 665273 687684 306094 445196 747170 885052 878147 440097 84637 687819 686351 989100 778132 668962 160069 871117 927031 220209 534927 196994 617217 439513 817740 94493 568467 702517 958860 246743 259167 256576 535951 363558 540071 901611 96999 119896 792476 796590 983079 185302 637224 964892 864513 136943 546050 895838 7234 132561 972162 616219 384990 57010 938653 713562 702310 833319 237728 531038 32792 740536 607929 374010 212636 266796 418181 352725 66076 76077 941238 464850 164110 204760 312055 309049 410642 930149 283243 475908 913743 58206 456750 37963 101676 780342 533211 102040 57494 473007 793786 379597 712097 339685 519488 899566 274185 833143 875208 482032 100132 440264 126199 771553 959055 128381 880164 732298 882074 335315 387548 818729 844951 201362 188132 238305 44855 987295 68722 221363 15230 511541 901771 689360 174230 690431 587369 670599 955982 274796 588845 184662 658117 691363 621202 342533 193420 867021 832624 756789 385018 361034 104362 811232 113740 851557 156490 306088 768678 938508 10791 37453 99043 223150 424817 146113 321053 159213 164083 562331 646018 746148 583923 746028 45561 42563 575784 484728 297836 478868 921536 900000 382409 437172 36269 74879 252229 495127 590409 574185 889332 124604 790956 122112 916192 787670 930249 272458 816281 993579 374733 807492 875227 708064 942019 671713 30120 752057 822760 912034 612470 938362 969531 562688 116294 847465 767752 1873 697476 799526 198861 424287 792132 893634 344776 503647 415568 656605 52254 836381 283701 373028 208987 779181 316260 4636 461950 915637 972502 214881 235290 928106 880036 878650 545270 438087 547956 413787 567955 526657 762574 823571 106562 228178 148038 432189 95344 17896 620792 36899 886127 911191 690228 441868 320723 774140 855669 970407 60716 686783 241444 940463 757280 605084 752015 797962 834694 23687 602260 415678 229880 942226 154229 680836 428395 941569 50320 329214 977754 155616 878477 171289 757387 780968 805407 200724 643445 884693 344518 32906 848850 852328 958080 474047 956771 532079 778825 545699 930928 348895 854374 317337 987512 317576 434034 220071 210372 801206 416698 961602 541027 29532 262288 443675 197927 844197 285325 189419 113735 971528 977911 472052 690307 189386 289306 367555 315076 614089 354172 613189 318003 316288 234040 555976 517951 399566 753769 704479 634133 299115 699497 588064 814038 522868 765193 452336 719874 207084 638681 570616 484931 934639 261168 674213 971370 526047 97324 551038 715196 952792 710881 394902 275209 361851 896628 67513 783651 40299 422296 921347 129592 478720 129086 610068 837737 155657 728844 170575 778956 656025 867 552802 439470 500075 651773 809617 892619 427275 621728 88277 664556 525213 40725 510274 665472 268255 389430 891384 259941 748576 915313 283810 562763 296021 304619 457105 33822 663999 49178 579947 356193 898491 176594 724150 779329 64821 386113 378995 211356 745443 254400 924092 678210 753849 997457 867078 196774 925081 826488 565195 110889 609467 927076 777534 376958 354735 188473 256013 620871 784855 766274 535072 243044 642721 505827 343991 538087 271031 976150 25920 394998 438632 328212 676546 894590 725953 811983 826509 186711 142611 173619 290923 390987 192623 314954 515393 416124 173625 244775 18283 157596 622165 770848 759896 184343 750872 315736 587077 423973 375083 28270 904976 626603 295117 706948 293480 897070 690340 47066 51023 217761 106885 493059 252609 538800 838570 489218 313299 463417 132251 351477 741836 845280 723872 52424 958838 56971 478358 503284 96184 827998 477979 490499 460682 867056 808603 2675 598429 140099 910790 104723 318582 42140 7451 93953 954812 584222 127995 238156 900072 524720 326321 183082 964979 57918 122744 860758 528189 503433 973781 956365 311714 954832 813759 92376 50747 782917 939010 985629 741729 443255 908348 816906 582552 189629 561877 804826 384657 322580 648204 605016 574767 928605 541091 570404 858088 172264 536272 479069 646572 897380 209133 738357 635265 795442 20881 760193 131773 46920 416408 284862 759686 665841 260946 477992 806334 578291 792595 677383 190504 519082 205136 263110 760719 257113 800149 823061 96120 531600 89508 4320 555264 338641 343532 443978 254332 596356 473619 960364 834088 870919 775894 66949 622264 616970 949925 801224 868365 222741 890379 281776 926601 384818 576230 36915 507633 643116 653542 533646 666659 112698 925644 801059 927613 459391 258683 142310 578663 17816 782655 962905 245808 262790 520935 399883 401250 636651 40952 994162 93915 77754 464694 603383 338107 989362 156476 459587 661339 607619 937976 533615 983664 975029 630608 751605 198401 567668 13780 359821 310136 53627 830943 828190 576972 301414 884611 127429 485974 458151 684663 138782 176357 927956 210768 4840 30050 227772 861818 350804 809190 976378 180668 762728 706530 125600 86902 776629 228073 680652 544643 405172 656601 744662 187260 565856 162229 624051 193833 176662 893135 448268 435967 229927 24620 977811 800355 344051 465629 241779 335104 70512 605731 761843 829345 215044 82172 811300 658331 944400 18372 624869 185042 491058 61432 227473 348763 258893 324018 711893 128943 894988 798258 829108 765090 309336 982686 156540 22395 965205 859334 466504 575356 394382 38907 867602 326059 396217 576857 774233 11543 597802 782295 953822 800454 171378 583951 920729 793530 357078 441879 326353 55823 265474 518405 743765 824732 236573 12764 895288 684706 716827 567720 396631 342443 169006 973302 745867 429989 134780 813415 744765 3040 188494 984259 992138 939338 771456 36501 58302 718780 243733 678504 575288 348915 198244 172981 741734 436026 26835 991709 399212 165420 652576 796631 654181 556206 567897 223729 673192 460594 567607 572000 885662 183552 977247 804914 685090 752396 178272 765714 661200 656420 353874 692740 430038 619491 938614 299468 644196 315005 60827 342474 126415 314016 578504 912540 62588 76217 499863 492555 118966 895550 974805 683685 269094 76213 261338 498858 439967 91530 732695 58408 389536 42591 722370 193230 716047 658524 967472 776444 84551 499508 860860 899816 865415 244701 686184 624233 911412 973151 841380 641022 377075 735876 244841 160976 724383 397880 480460 406905 209056 661190 177184 411490 152972 923995 802270 171175 198749 592369 342697 813824 860561 684765 647296 709828 61809 506773 563619 491599 455299 335974 786447 819624 763464 421370 492332 395838 447163 971291 993113 737366 209222 812338 843728 893737 783338 488266 990456 707361 959510 317628 146804 361372 960739 497445 434744 446880 171079 243397 71466 639757 712398 101685 346929 818882 340264 530583 299484 84829 534160 174555 179512 872185 261447 676596 924892 478621 254254 942694 783458 44550 568695 977885 971071 463658 24493 416685 636771 665780 904777 465148 531742 460952 738117 979672 476748 766629 434552 898215 961960 481516 350516 173078 138518 588808 384592 687984 726242 181662 789347 604417 466222 748587 995226 929903 126863 36102 531838 797188 849025 422229 204151 157135 69250 559658 426178 157025 548839 201230 757208 680022 151606 970471 654285 586269 359841 236568 612819 766639 869997 9027 617683 121351 487538 653890 721391 841492 519695 113674 285064 790063 375102 630484 597174 42416 349954 767794 38515 551487 929568 891565 469870 663539 821842 343788 282700 790105 956203 841490 868849 998048 387123 183200 821688 299596 673689 29092 229376 719536 777405 566370 434461 378280 512588 343539 624481 966004 719519 755119 411073 147010 755607 978193 207475 927324 723331 960006 379173 812294 607996 753086 843289 701649 685321 265745 417033 820796 354272 177679 194320 866832 799088 59209 313104 76507 712727 832671 437971 688738 279751 590780 227303 608404 556651 206934 458182 4904 628933 251714 567876 536742 101985 499896 785412 373865 766554 816623 210421 110922 660172 375885 15464 440718 826752 2323 779104 474686 399235 674644 520454 776159 254006 210982 382629 851929 230057 16004 408520 9487 56760 862356 613551 352715 848806 601501 676088 117003 156291 21827 621166 251901 462350 489302 530412 196861 19954 403191 834449 644929 912796 379059 83956 190877 898320 1914 276454 954518 968685 550015 984665 449711 581255 676938 775755 783894 47463 810057 819700 781719 947690 489702 138059 631082 454391 228045 922469 863376 246381 585316 761290 670077 262441 368424 333955 469294 124474 678868 305260 154956 556285 615501 868305 147843 688076 608348 354657 396638 516794 560556 969091 3226 929420 289705 883693 925872 577255 39084 114996 328122 657119 707720 3325 531339 814932 737715 518946 438700 364852 611327 140643 205218 907609 751543 226301 586706 698400 630533 196378 987313 908456 89658 548668 765175 698440 8584 936702 599280 923194 564228 63471 449308 877683 726141 703801 162250 421586 883793 846819 109560 559777 794251 878183 114519 863519 407057 937035 214144 367294 40447 485876 750776 232146 681784 92022 291020 960588 418658 372143 712654 928942 362825 696520 502689 641132 18790 742245 165227 95479 34781 309079 160284 918405 257552 568838 371541 171240 494316 741087 17723 638770 124897 888369 773598 729647 5736 483920 378928 919597 768186 53800 144784 670982 281826 304306 148570 29195 868068 254404 47675 485434 512615 794218 117739 331773 514551 593150 275023 202192 658377 326484 703132 173943 413180 530222 762542 684491 440323 927534 693478 525079 929770 58057 627596 91078 554927 349782 907479 804207 972552 488742 308980 456798 170158 361207 545826 668209 201607 902078 692656 765929 670618 565552 111494 872801 881484 141396 704766 91984 857376 921047 368589 462260 757049 342312 68665 9279 418079 858368 829177 971617 444655 957871 165115 499438 862291 868116 993035 597234 481668 962857 820728 103853 190731 106894 362976 57678 621813 429463 431959 84131 678930 772530 858729 719816 580328 977212 543783 574295 680223 99868 357681 140668 592306 514464 278070 989133 396928 393675 450101 208718 890500 810232 819520 168985 345224 343223 915800 649630 582073 210816 706082 424916 806541 295601 316498 283139 700067 68627 909163 252321 988651 944218 482872 734255 27290 623530 904522 623783 774327 265269 282299 981040 392746 892006 889012 922045 710863 71122 577969 695444 136465 647619 799023 397266 685092 273856 186690 962084 391453 647843 874122 991002 302763 279147 845939 999400 225811 786305 335967 853804 829829 990979 507522 282571 815101 730635 153250 905125 917189 382337 37014 684881 388698 131373 755864 413569 726846 135133 130144 739053 937961 474929 765520 190998 537760 369111 439103 763297 10335 670335 971488 673398 683190 88476 526903 638031 353725 261611 381975 811091 671273 964388 80504 246737 316710 227143 245262 642716 616312 861735 241038 998499 901884 424465 196760 544047 435511 674305 91474 366934 886054 421034 100753 35089 885586 672538 14341 525375 546278 110016 81745 981456 812670 964691 502362 950751 402560 848176 994944 544796 498395 340261 280181 834991 450979 283111 516220 76637 480720 945660 349818 145986 311991 56343 505758 503659 154270 340879 913413 219853 296380 238102 800394 681476 519038 109230 652877 177232 47029 917268 397630 447161 110638 103673 366834 842731 592411 969303 714742 804844 379988 871173 568209 446086 602327 740581 556700 843783 15742 911466 212459 187691 311638 773350 350867 923463 886794 808419 105112 113665 970339 117274 222607 346133 688630 925370 135889 361069 431068 754942 878358 446585 44809 868299 640051 35465 63531 55476 555396 293161 891777 668493 195480 247130 703972 534753 883750 31435 939011 642654 33905 760016 574608 695331 12259 470974 361291 495962 797694 429435 582164 645984 915158 627129 233481 242147 944796 334662 685790 803737 411652 580256 274174 744197 50192 87458 730955 349646 213779 603656 174719 499356 864611 451965 536664 485402 488681 861737 308542 431937 62780 679148 218803 901184 284379 410603 897487 474121 262568 827821 126325 591084 265404 555872 146466 254493 899135 159747 899078 240145 862631 361808 611978 409798 528106 292101 68085 491749 673961 311190 186964 793509 825770 985078 125259 152930 663977 782732 151011 791064 826112 46706 876329 379879 717034 914150 527967 33752 835053 990651 192218 417217 587565 178280 810826 201182 404515 474181 473086 184857 901193 500955 248653 780421 257449 300341 729308 412852 754853 982568 743861 538439 388040 944514 312045 130971 912121 675713 580305 874213 738649 944144 687826 717229 371294 21879 952319 196726 287030 662778 838928 79024 100208 832391 310689 97838 600251 209937 318331 433029 402531 696803 83998 391154 217867 872412 909062 877515 515684 698658 753305 123049 629649 509540 875067 387495 275496 194343 344437 414116 271046 719518 928582 595153 885099 679469 455035 78545 68424 601998 952827 810047 404495 133180 11529 459898 15947 64593 961534 811594 549473 456729 329145 830705 254294 472444 861385 418347 747504 877787 287037 995785 63397 596077 95645 292374 176122 795472 725396 729166 730585 635117 93256 433582 440318 286660 724865 393482 777724 882255 42885 501487 470015 249347 153596 89640 571344 913345 420598 709456 731333 8098 129185 95729 606013 27334 297156 705198 486289 847885 389986 942964 668350 456207 31597 845883 514895 993027 163812 636705 265507 552838 243685 572184 19609 565911 368368 590103 614536 405374 28199 739714 76105 937245 347433 1640 715840 219595 493141 32648 784523 136983 163264 472539 736271 835552 636044 168992 206128 86436 653523 362568 286016 134850 290375 533242 908332 572061 710088 762999 361972 135884 384216 5645 359690 514079 988099 377443 465876 943537 48021 803206 557591 641073 147600 220914 729610 773892 639374 985049 466129 320673 923610 490410 915808 72383 58657 896183 787032 959833 171950 825727 109475 960893 726909 775747 323156 233635 774806 771127 362746 537210 321341 585370 717194 289233 725461 676171 854798 593335 137148 625601 816592 120764 579404 739518 109292 958199 244156 887272 146647 207546 808268 342889 76037 337206 525651 870909 979617 750726 25340 949515 572678 530459 396793 703114 822628 496797 153289 680061 818165 642897 212767 16335 39450 919097 973016 850040 902913 116875 639692 402234 174039 181338 198253 453028 638902 246160 769220 492482 63252 912841 254971 160052 779915 517990 913704 1685 493495 51385 600662 327952 570621 355366 118955 967663 97510 131518 156709 414021 605277 439801 210682 255505 257091 460815 388877 939213 343715 392112 597942 542756 271894 786382 456480 471409 979278 771455 645503 675749 130901 399424 46765 194866 886064 580544 893710 421248 546758 725365 115260 894915 869854 262118 224813 244133 132225 428637 98113 485642 744007 585326 859139 484808 809503 738063 832865 848939 473635 718648 318689 48588 564206 43083 705248 616142 720070 475108 470453 430349 38329 167212 976268 23401 176897 894394 263122 469057 435266 617808 393939 521347 685752 783997 260835 16963 76959 377514 493366 108901 584698 806389 118827 217618 275284 514376 749793 757010 184265 806572 891762 417393 839501 452447 952571 546692 929950 818626 239141 997672 987636 862980 707394 193004 934721 543773 958141 453777 369296 245155 955303 830141 910551 138383 120953 144656 312942 891778 796958 584529 644430 549052 889940 829036 363116 628099 438992 233323 128667 924394 605176 910217 488434 398827 665872 933799 237391 267003 515470 711067 944518 620944 808842 592226 470559 106135 238800 589553 295852 314029 374302 611055 490528 740578 838238 817949 455503 68564 546127 335692 417774 364588 438730 400415 968317 327672 951268 174461 932058 170574 250106 283175 775304 306415 875949 829076 131540 451996 208057 61731 51861 33837 566549 8857 624047 312649 337948 624180 120819 15728 10335 628292 900794 245437 754197 223236 215829 96775 716392 908588 661330 650352 220020 961145 901319 817077 265129 295863 51249 940192 843094 404182 823474 574189 74856 982719 103700 815742 776243 320426 209995 30266 534811 742564 407553 962226 684250 184573 382796 218094 13781 945737 796454 244136 472268 304889 230700 608148 357486 624829 863863 885363 73932 148998 873243 327267 687973 334220 755969 7355 217142 87495 983672 926661 168223 771740 808787 440849 556634 377040 250850 967090 879186 447832 183650 799733 550536 42288 614542 261958 735140 716940 873193 169353 342525 717628 160356 880996 841614 544742 17378 327062 274021 638790 204917 665032 285917 345257 999996 79009 705100 464743 416682 276142 589993 431407 4133 919994 989227 346598 211870 545017 970002 562115 87889 456785 269867 53399 993427 382736 549390 708044 287435 850820 59116 262920 45988 385257 210220 966858 7788 871337 278941 247247 173147 276263 285421 247278 364349 590437 538812 907401 262924 69033 72964 651198 636584 71005 257365 867429 362583 375254 310755 897968 672973 342801 709358 47949 362218 935046 4814 648611 216131 656773 237210 457124 932752 47479 971894 363518 197121 624630 522513 275638 782541 547542 597279 530817 877289 472490 17826 911351 206488 403674 208020 2553 453445 499732 864517 199081 787337 865101 745784 880738 857218 890542 808682 68669 189554 661635 504453 748319 318316 351282 433294 20806 990006 266722 135744 256973 296089 195112 921181 563585 733515 421616 217075 150713 740100 169552 168858 570469 586656 543280 168013 762590 824806 274728 520529 318943 188199 777571 438636 790709 993129 538433 923493 890638 442667 184491 440764 458487 292624 773613 233143 660910 746504 715833 808461 906667 508956 876543 594509 89047 200330 198363 434043 240250 191059 5618 403356 649138 525968 522434 864037 379212 280871 954200 676255 603421 79097 165931 212984 463881 455647 816387 846282 851624 960703 863987 216494 494647 17468 718313 744660 627919 759651 29352 887374 936139 669820 260563 471798 639476 766951 253237 315044 316513 82007 170097 555256 562960 121645 278180 453293 930742 49170 843159 613615 60347 580117 643443 198865 661589 705483 383612 497009 66788 814278 4869 923359 799720 347964 443037 922841 235565 311117 99796 596630 268731 178926 351537 961014 833670 108409 481011 427715 571731 448232 41850 168934 172457 900168 800594 214533 750424 133931 409437 98780 829093 311089 751350 234753 465253 971078 978023 216646 859409 655507 268672 923458 815762 29004 816552 773606 334329 698496 87565 456175 396073 167103 752450 243116 210616 910205 95084 281272 504769 944761 63867 784485 536183 557519 387405 700938 955370 573902 517130 119334 197834 184787 668396 603348 893040 34597 258699 711795 967011 812448 109183 218498 872832 846824 210698 389068 945998 256714 139042 159892 177634 29438 491980 566691 360409 565381 17089 318899 488590 630056 794200 219888 220027 761675 674513 431221 633597 872235 386737 511902 190572 689627 156428 980224 757326 705353 334339 170292 836103 267340 466723 479780 524403 553475 136580 838914 763483 483016 410691 984011 27548 718886 267529 594369 23660 981006 571294 956480 718012 702605 565438 712906 77213 217222 474583 593025 658050 871768 269299 828024 217838 827198 429410 490214 233113 944866 969651 400735 321770 611174 277643 333366 585199 71590 656178 584760 799928 717586 424655 454847 54551 56226 144804 413106 878336 496109 179339 863729 453062 39951 784624 30859 92189 479503 85808 395072 295357 413500 728725 705070 427391 363330 932945 412568 326383 309185 979329 627910 964024 158092 617072 48878 984601 963762 691877 837227 744205 730783 644140 457891 123567 458541 885174 599830 114071 881728 974407 685941 473818 512860 665737 168877 268438 185549 83227 662785 178784 986676 415586 750917 698400 193560 200338 373898 17119 338505 615713 46521 185274 923684 373030 575841 256512 630041 716151 441635 960187 878250 858794 652904 262891 601616 95784 78545 155811 664714 837739 136494 678283 413995 276552 870317 83872 814994 54323 614592 343800 755019 946500 531533 10598 759533 153781 893973 352797 877019 718923 579680 438625 259385 763579 684556 311886 571299 215060 607064 20706 675819 690825 670742 706194 539511 812944 236680 558323 985882 823851 988108 544850 402273 811986 152457 414505 147013 928863 212904 478780 527835 743987 94742 947745 792887 946640 653487 492745 552746 569451 323602 875568 53248 356406 725186 386547 462693 922804 369130 120666 727680 388429 225487 471752 169686 255736 782446 335372 908616 409162 436234 536457 313110 450852 567864 680822 138317 993823 283382 40482 681854 953155 353468 77141 729426 688878 379604 922089 998217 89082 238925 465755 403 76765 228790 866248 952770 119981 813003 360761 190236 778280 974275 189174 275837 324199 488256 385420 32218 671082 337118 103988 958634 737934 403907 52899 129200 254848 398278 711306 505839 442078 420970 119545 282988 197400 66252 999466 906761 539250 180618 972718 465954 143512 502774 768556 99211 717293 666051 840464 228254 834495 84422 848545 436966 722125 767575 860572 976473 110107 409403 897550 449730 212729 252542 157069 353475 485921 685855 139646 64858 570266 432214 189677 702924 737481 76430 1049 357688 673927 232321 142794 462391 98776 358440 787583 587791 290087 804633 475941 419727 686188 367422 834347 636999 919419 109775 613983 341537 674206 545246 161561 772290 856501 832210 621892 360483 455179 896170 650022 851321 150243 288666 863185 184118 638556 185124 790492 235334 300508 861030 492385 727612 993657 436807 23789 418092 574490 132462 210398 212979 867989 247687 956168 803879 393446 121411 404783 107164 573114 407047 334090 884595 558581 344047 358384 423147 279859 315124 176739 137637 89774 593874 242529 186881 434682 633847 78313 908762 613041 643471 251108 537336 456834 914057 437944 963546 812779 794645 176055 266065 524557 220575 828038 675102 786649 997125 683960 630054 135876 693697 705537 842830 367198 347311 918717 870484 210892 107769 609114 718684 223365 85907 406737 658342 479751 503274 307743 355018 542337 324852 436935 580934 153052 534328 882569 809626 991201 505378 843384 43169 398924 242757 613524 965969 648776 813084 79491 929041 282255 381793 809131 433757 203752 122968 144517 517771 61809 580420 659020 724337 148072 49122 187438 89060 694398 550506 605700 691994 50529 960620 956639 889 613807 289523 226718 617816 157747 925353 579075 49773 790569 630045 924844 118196 217485 217111 481703 58102 933655 433257 745718 695116 494423 203068 937923 328415 98072 308976 600290 118868 285181 108016 44744 952342 732355 777704 506523 161762 132371 759198 494986 186955 135711 947629 364934 902600 371675 579654 391685 132721 678283 225766 856323 285750 134232 739308 798036 71630 531026 67574 977609 205179 750183 125454 32580 793822 232506 627184 43984 305315 707435 861442 595129 101327 866421 246949 541464 833064 483325 95866 178413 919060 557095 36909 306049 2325 141870 369629 855794 613111 904084 483002 215867 77402 980905 432831 189808 554927 989052 943074 436471 554217 716304 702006 488179 833455 52333 119057 892112 650128 865385 765713 744544 642709 808638 592261 236950 326044 815093 215565 535311 112328 972048 817867 953565 885632 888165 441846 528192 275958 592637 524424 169464 773287 703863 402222 477850 227955 64978 129033 690409 655969 680003 997854 518050 353331 130140 808471 158573 170550 240103 280681 217065 832170 229729 677384 609431 515472 861431 226996 76040 592385 852215 968063 151686 438236 703458 333329 470456 401402 318827 620395 49160 109252 348622 510892 506447 498600 74155 92753 785002 964861 238811 784533 568843 428880 298642 752889 257856 68954 363690 616575 367983 919956 936071 771676 166232 862900 912103 69762 601207 981282 895379 138388 238947 125380 666588 606133 704544 237794 585352 861188 177069 347040 582329 979714 386094 423992 906876 444261 658568 604429 406373 311312 635333 666384 970195 408317 863214 762825 924095 483548 683469 16961 774541 359842 182285 414823 150839 695487 731295 255118 799597 21514 327925 590539 427320 859482 357121 219682 151262 301463 915720 144279 118942 171499 733283 778475 935040 887910 929599 42862 932540 741413 670485 818214 454170 33099 817723 69476 760548 862726 863579 722695 384064 706150 736735 967616 332081 28089 52440 100186 974250 505914 422913 594223 752794 964482 90216 82684 364033 681553 366726 838671 991390 299672 123831 454012 111617 654086 795267 33919 179762 378325 992072 677154 961606 802525 451360 770937 616035 577237 314116 376764 114167 590722 296209 233381 26770 350211 991169 309518 523472 722962 464835 780985 44280 55818 487105 284340 651744 496936 613587 332609 513541 227404 239152 527139 184345 728588 199788 497303 289862 26641 594765 381766 593114 129275 244862 647445 227931 700321 954431 328311 703634 809400 396533 750534 175397 593495 721239 615853 199113 88568 604640 669693 387592 893322 950059 199464 601416 442080 991011 486170 730722 876907 235822 221704 131144 817443 957470 692595 190859 623641 445754 849490 861778 56231 700393 541157 780262 798712 848626 210254 32075 289539 881944 692070 643930 552520 289375 814756 690293 329980 9100 166160 701232 845241 852244 747695 2459 978678 978338 288674 648937 785968 30001 820708 692578 294707 259729 467536 587538 427335 769429 824185 708444 939848 542515 810810 556077 668240 862285 731744 347806 176130 423832 811996 481844 729689 847210 102512 289880 949822 462896 789412 866547 968494 249544 657672 379071 158189 38034 782563 523649 300546 902571 596970 873414 130288 255398 722531 319052 224180 331973 296850 645988 563626 601959 648276 756765 645244 579355 328510 744173 748826 150768 665636 155015 422693 19822 464643 764560 756712 651541 420953 974947 402319 990484 963192 538286 339555 90844 985773 977637 686788 738907 98825 282101 976747 976631 459828 34512 336167 75444 437812 684298 260007 778209 723978 986065 488253 637329 56251 872132 98925 894999 926807 989686 997765 100746 304569 240945 284790 722139 545705 745015 744543 908435 617122 17226 992312 502886 102717 260497 294071 122459 837114 656130 558216 821344 707700 538371 975407 797759 46423 338806 876303 284719 770169 301575 217301 659587 171328 860344 663863 49936 881444 508003 524900 174573 96919 81853 282140 917091 866766 64812 280924 949085 941233 173146 173439 662633 177413 611263 519793 403593 281100 898326 840265 631736 562563 479457 936402 687087 517103 237209 134762 460571 243286 154433 853768 304661 417474 871545 545392 589759 844669 246058 674996 501308 209748 107613 112198 955532 196822 700065 770398 734228 828494 455631 516689 346781 743450 165280 592431 86751 893365 950443 225870 17891 686302 566445 993751 465534 888924 486220 494720 382358 517450 282540 594222 110438 186098 453228 414118 788118 280861 709486 794457 783552 267363 865565 951808 569211 427622 236599 381584 962679 673498 929506 991614 861886 774638 6006 476833 889208 162091 861548 559755 219999 116854 845392 490860 98966 929934 793438 385369 62413 613959 609917 858420 580585 431293 605440 513452 472815 330498 521458 875631 976171 181460 712725 431651 502461 847373 26792 167307 610764 305864 594106 583227 887908 381400 185320 680584 676113 278033 633190 682113 185876 296920 408137 488725 535789 247050 946386 618642 298823 992330 739465 345419 761038 398943 452959 589954 353032 915108 950115 24303 678070 553192 836614 613322 961520 748997 722768 191595 647386 812471 864356 486847 478294 203318 523824 702070 575207 967324 116944 256372 823579 791976 909899 334172 284185 931132 281399 205811 634013 762814 586767 309707 29470 38167 107450 740641 502697 39630 998489 351055 7507 641311 795308 444301 583326 985476 291128 942103 514665 110922 653214 212305 699267 4803 265037 745686 258427 853722 750114 416536 209003 92103 834672 295244 180268 16913 971872 176545 41597 815764 356007 930489 272928 184135 797972 978108 813044 713561 535912 49820 555273 56029 29950 659529 639557 56034 478132 724040 313772 497432 234110 825007 773414 506563 977384 997453 139461 735144 338634 908808 361832 604355 368714 882517 367200 726555 790444 843412 915239 699393 128 568974 966248 663053 218498 144280 404509 731411 757812 956211 93304 583755 818883 963195 646296 15473 750260 653922 3060 911640 816330 498810 937325 621515 628175 82663 432192 716810 204177 187531 599552 356116 34506 633012 974872 319700 267886 549372 156821 806547 148391 639954 710139 563466 119882 456926 816698 362599 818049 718720 611941 603605 206087 180574 933523 548181 952922 265459 286743 934656 713802 3859 180072 608113 458647 82771 385435 77650 924355 857034 72061 305404 351911 610845 66721 831665 305012 590343 275763 203609 638760 485774 584862 707114 734188 283009 148886 983651 201121 691821 123444 403237 121251 888431 990092 489895 367739 412742 292105 956853 311075 108333 457877 872415 570437 857087 856904 441340 534341 931111 156636 170013 88822 879553 733382 514869 424383 560672 243950 469021 925706 391196 623971 687212 256667 227671 94864 248644 245631 486682 765478 887148 481606 47025 761334 573386 538930 689962 42336 642528 253915 351315 572948 254640 517246 166151 155492 251507 90139 715812 32508 753796 543387 46057 109153 397912 410924 1031 825924 485132 830297 304694 164889 74485 117301 919188 175280 5996 60219 298017 71913 515163 448523 567844 706657 632194 837689 317029 922285 39907 440618 478024 379479 356848 876989 330241 599496 404194 645499 455766 246159 254808 584557 524636 952019 396509 64484 259700 719039 314474 705795 251675 864451 184038 378042 50888 837474 934973 884909 416273 317390 148102 361828 956477 410393 481378 283251 790739 941454 199369 961117 597274 802821 645376 407497 636813 869518 209646 692200 99388 179393 114393 55108 298340 327849 221997 549509 420200 718495 764165 444793 705804 277344 368135 816869 468128 894757 323459 800789 690405 27039 379409 177613 483122 745456 756177 101032 575537 920303 508771 306428 483587 952872 331973 640328 460828 731980 995200 93175 795206 959128 146356 383059 455444 499879 818891 354082 955978 231837 243791 139010 665442 636254 181248 234662 627187 321314 812244 12921 391744 228375 420069 116578 688979 397954 962919 277189 515081 449504 605559 91666 670613 134000 333573 487436 176609 872607 113141 671712 487534 493882 968848 640713 777698 477126 447747 191801 355468 484220 742124 485362 800290 939238 155768 374922 958435 73104 356569 999170 388032 696036 536403 422246 538797 317059 255282 107887 11523 257252 254266 866679 357096 546217 243027 15189 847521 743057 38112 797747 220676 336442 232815 155743 960279 776052 769381 486137 126000 784990 716070 571015 138677 6581 216216 602518 89767 33088 385499 554719 34680 643195 255772 88221 621991 488901 70248 571487 148752 998387 615139 639327 856013 342481 844253 101155 200303 575052 951637 534962 641795 339658 308067 354219 649868 408536 613978 540715 284786 285151 778514 940205 468196 594239 841115 899116 911054 130381 699323 234946 326896 815969 91943 40686 580 90621 432532 243775 605927 766336 269029 387887 56347 75055 890693 342156 588320 519391 466389 757151 612394 247257 320803 934908 992882 948115 451675 863349 893003 144486 69664 895678 668571 610086 688074 832019 152249 425183 619241 259278 434294 574723 16065 53377 980241 36848 612002 874430 66776 774021 529617 299232 121215 926182 371989 713906 153334 680197 903966 133693 420055 175406 612531 34713 501915 950755 671637 239837 186399 259029 675754 154838 862931 992211 248280 685349 16746 479076 633451 826812 716042 254345 250783 938 701726 596057 147684 694847 817475 312867 727127 571615 777566 208613 905374 714678 583509 26372 35459 167280 662203 842785 199171 103467 964443 572803 404975 681113 790325 458214 569708 697629 784071 164036 719970 842388 668783 373108 925987 453113 51239 40964 67467 120811 628772 266952 835434 58390 737454 110309 578530 540143 893509 599431 815704 280899 300514 301347 639815 248860 789084 14426 222280 267193 831130 197878 839943 889427 6992 906599 535019 139997 542169 98655 142221 867470 317165 779712 332706 674097 699124 51200 153243 500049 293075 68265 102853 122359 784671 429814 162006 654750 854936 735832 209813 904999 841480 572595 761260 682490 927096 583142 374632 86439 840760 986854 697681 407742 933190 71330 601198 277257 33545 569412 253659 743308 221613 803332 550689 400465 201975 154482 49449 270634 479632 683840 460791 198871 632066 915133 390015 729820 894044 239702 902773 928938 295831 699706 436327 279583 255078 338111 238532 403127 137852 355488 885844 316885 134563 837892 48657 119929 681209 121094 321716 93628 967252 247081 242567 865854 39503 354401 314518 115550 449332 449202 45 997192 190129 217671 505685 448065 179236 812931 549736 71132 370720 67378 494486 75120 525389 642067 990966 19733 280723 347624 488500 894330 204599 504471 50724 808533 307743 656413 802142 411382 204947 526809 240148 924474 69327 514673 820442 100024 91908 221285 147947 787135 475232 888802 191455 384263 253771 465656 804131 426266 235043 447755 4984 845865 298988 949584 825268 774488 484747 588237 321252 364106 598909 838980 378020 137340 219976 791224 984467 181835 360700 179006 978447 643778 694186 113095 594993 97594 619229 152822 105481 814599 215770 433698 36725 488022 487719 339972 677146 154539 998777 98971 50865 978885 587652 778155 994476 763072 552024 436745 569051 998737 579650 53917 753663 53858 315400 981945 745849 252104 893562 641861 52016 559021 536857 888317 288278 612357 852253 742859 123880 771673 274385 185743 680286 553477 141847 244558 621324 376247 660247 296684 881013 639318 698480 443401 289611 285767 743031 886576 891589 584939 757913 970965 755750 45712 532168 562613 87270 416725 346499 597154 359321 364005 523209 706541 708292 44202 899062 659255 484845 327865 41467 781617 832147 308260 295944 209464 159756 333543 757388 358352 858444 707830 614572 94746 278633 530911 357849 540429 138621 3279 487869 175969 406469 627990 7178 922099 514847 294326 440050 455306 462123 522624 135162 735714 612609 271333 841737 384260 993658 400263 790186 130254 290825 164922 112205 271321 866053 93506 352581 457297 423912 651766 862684 804355 150632 451190 933200 388405 858202 583156 900993 789011 100183 376399 706615 699569 143086 498802 329008 850610 640957 746148 169792 741956 855842 963566 251323 691973 633830 601126 440935 375089 742970 815663 439779 875530 229450 127237 615113 458102 687433 173455 734794 187853 426241 623600 887760 866438 375638 476000 753468 496467 728731 171287 847062 881369 86160 581642 238376 173257 179475 475813 493601 510457 38858 195740 68221 571659 340123 605495 652088 76593 621938 192513 480586 940113 516679 389940 350741 21376 676773 686668 742130 437876 332843 193739 595385 68967 293440 174683 957582 25181 387525 572645 24284 739083 799474 4824 458346 753722 983222 429723 62216 907109 83738 828090 898631 522652 172625 440598 120558 105050 133745 802002 290141 300169 588291 766760 273878 214837 882536 578009 123539 404985 960895 952554 972910 649232 624163 77741 340025 539709 148414 403970 309792 26035 656294 657922 83223 291339 445720 414854 636750 533097 456305 775170 621351 421837 436368 202825 548307 489769 504749 884372 252404 983182 950924 505814 973285 950240 440961 732872 187939 605748 722622 327283 514083 566377 46845 134790 691951 425403 614181 53572 756518 277415 351426 371414 318894 355918 583143 707419 960742 795856 573835 437303 46852 611040 840482 918325 149520 75564 88973 758874 639043 315054 145964 935126 602922 635446 577389 227655 286976 37676 764709 638784 520207 423024 626599 833899 312832 788916 971619 856228 272376 432859 919564 222168 824216 569895 778866 597885 756036 930081 361917 372831 356046 745716 929730 496315 549278 668251 250270 748544 84075 872475 535850 598420 137198 373748 720771 764658 488037 519108 558424 585043 996494 874764 848220 833976 750935 102870 897288 36184 405056 282513 887448 907891 973577 968964 750315 430454 639148 827784 932273 13784 802601 168096 706849 297591 490894 619901 246792 356801 305712 471409 467419 893195 954749 269409 257317 798951 478353 327674 165281 772578 819442 836457 600462 487670 744186 203123 965725 153244 663665 998538 808141 740285 931466 671829 55373 450695 79111 262924 456289 579939 520948 693598 871425 667174 670251 542936 193902 99210 643294 339651 445843 348196 358104 474037 919096 694438 173771 347737 922284 67574 683358 735195 492177 631455 275105 619995 766264 806892 315690 37298 907119 680493 160315 98923 74322 595342 834253 94812 538794 852652 721513 857513 734687 460992 661145 885688 679617 75197 692559 283796 470891 249098 376073 793970 322577 933411 384427 960914 342886 555980 121000 994956 192557 404078 722058 477894 894049 930501 979893 944715 643884 400279 343704 82152 886147 551226 366156 377483 113240 693518 700153 384102 838378 844063 406912 17111 884409 932650 754352 69443 484904 416680 586855 128900 219266 900195 250445 982833 554747 802710 509141 176454 70207 6169 760000 779992 978390 870062 651539 53065 969905 612273 479153 51359 185247 247870 264959 232060 432340 613333 59423 372483 191158 730695 25042 346649 936507 772871 225494 36549 432521 694312 858270 266705 834948 352628 115030 876660 737228 976620 735446 868903 742138 86041 822106 975897 241476 549322 273774 685628 572582 997578 276131 912054 221132 48201 819548 437512 939435 380540 605186 986704 294508 927306 696877 249210 308948 805498 21308 474161 594147 259706 888698 363239 383992 714444 218718 719437 725863 273022 338502 977641 97059 631487 26497 366175 19973 96165 394898 398231 280895 126758 236025 608360 584783 870788 785139 984188 490577 170238 30231 306553 407480 263866 215321 783415 418670 387849 146020 500415 776887 163737 430869 617944 906991 772796 33955 684337 607105 482584 630591 288015 595033 303041 88750 113697 490333 373458 481252 300841 344721 212333 667794 1759 46581 535596 904087 133109 667673 806445 321503 856333 300918 511551 245065 479099 72895 406974 463803 899363 46930 792316 355935 262121 612932 663785 116402 755085 161487 983906 3708 62434 636057 700336 878762 576640 322891 977894 508445 547848 732736 544475 998377 70516 335105 983298 87339 396407 798727 449033 371090 516604 915749 647910 55232 305979 2092 405487 107927 229638 783658 61956 302056 400820 688645 776277 628523 370370 385989 475148 842074 46409 727192 875880 30666 645172 330124 422977 272996 406832 90861 595536 54520 887088 576814 721749 684762 357733 419834 417043 749919 815708 460936 607311 772298 124750 508579 536793 148050 417741 312657 964295 141171 736795 624064 171470 611656 665697 121744 957320 831040 513511 329193 869226 227580 69572 547843 849887 629176 885303 346544 803453 583958 677831 622944 192540 955302 681854 145721 834997 962251 154957 211875 67856 256180 354190 48400 843969 532284 201361 120466 84313 931995 726636 932452 73807 212977 659045 201700 110607 274738 467291 127546 448106 374658 67710 327625 734504 697712 450799 45784 57222 377271 739119 879476 839109 719159 498116 575211 467319 23827 859074 405800 316004 345265 658413 704959 154665 405533 632987 207466 411905 260348 436088 761740 366730 870807 63596 733079 4476 754883 242415 449723 544687 529423 423758 205873 596415 415904 445487 389143 716468 742411 937957 455771 851460 217410 612994 808835 932621 686428 650323 299251 284395 563874 628435 954024 761312 685028 997139 352433 124033 902712 683215 532902 972458 131247 597411 577745 886918 684584 377425 848988 774673 323396 817101 42250 364125 510432 850010 649251 613737 270203 86546 607087 643855 947545 45943 816623 127 555558 919242 400459 231548 485406 312002 186106 254594 863886 546807 32652 915474 354684 720406 270324 793426 441663 149201 987509 24182 943305 848994 275867 128859 9981 791270 774531 641445 807313 213965 448743 968824 98081 261105 947417 894296 718616 377338 882038 916221 176261 591576 56770 666690 579410 252738 877236 730154 439444 972229 580702 873679 132185 429870 680346 232825 697299 112145 552164 228717 637985 546388 307549 626136 141229 517952 5314 101315 800442 966554 247693 237315 986892 730834 176867 412240 941790 361697 830752 990247 419062 279678 790140 693753 663322 655843 397579 6642 670455 998856 658067 514185 5374 762159 316136 104346 58542 949201 974552 99911 297400 280555 861704 260343 197694 713853 499462 300269 595588 695419 215563 859423 614721 190179 909306 723528 81261 552451 312978 60979 441306 838509 839905 591414 213086 882744 461337 16090 654776 785483 67184 581876 803404 144404 571552 18764 525823 414132 951053 173795 446999 910597 102260 149192 24531 573631 450806 791406 941840 978604 155137 696699 713627 879593 834829 672946 655181 586816 910167 504782 605928 99849 479538 469910 227423 257037 82044 129093 580060 774352 59714 992964 77176 948253 781192 962544 777404 805242 160312 726640 43832 536633 264947 128710 462579 975776 977443 670544 723132 732364 576790 481700 754581 291244 881844 284760 447462 415195 855844 942191 371018 457675 495163 86981 733759 378187 195109 744772 34854 205902 806369 159094 988053 416254 583512 658969 732913 799656 312067 687985 894228 12034 149200 780383 588255 629379 564944 480733 19880 143851 604260 789360 62439 129565 307232 427584 116664 574997 925072 25855 288927 329690 146457 19232 77478 654517 656770 193062 826964 118467 725715 568106 739053 16678 345184 726165 923218 634622 480023 304210 29958 989654 648368 826311 600146 715098 304481 677451 60680 558366 397690 597230 805209 701285 736793 439599 6049 396454 809101 501490 640463 857604 313137 738971 58912 670842 494024 519490 391948 63786 11121 973843 25362 214018 461335 13329 242014 265124 530739 179214 70976 201554 314323 206067 400330 170565 741231 856218 948813 990730 568146 470448 200613 19696 847089 955356 110718 711840 989846 219771 124442 299380 495313 453337 603174 629515 706878 495096 482314 193127 1379 683492 567735 141206 115829 118107 615120 742620 547258 970456 18837 811680 606547 248559 558208 817956 738348 137817 480723 511333 972387 368012 543436 543684 5315 80328 36272 248325 974661 419490 438263 165544 486640 845028 545188 122847 321694 977523 325745 492051 798849 705586 941640 386266 861567 593824 341962 374791 226625 251963 842026 683104 16464 273813 203736 145646 446223 475855 104312 818850 725514 930578 888115 95907 760015 345465 724763 826610 444108 455412 557527 361567 287275 290755 530109 871108 637304 817630 651819 217343 261102 234367 337908 376642 969411 45637 386312 998748 549948 152650 485082 363071 408763 60392 165617 195235 179925 311346 426607 556646 355380 118369 315113 4848 748577 966594 661667 295792 334792 421220 273920 254161 420994 360918 845131 324211 864042 353239 195276 46664 540912 930298 246807 320029 608531 874410 935709 944984 838971 4673 166076 549691 959270 248067 770653 834521 889684 898752 57006 510116 883600 671002 619224 774626 24518 192437 862667 15832 131002 454454 485546 556936 477162 333316 101221 178604 920067 480026 165103 906800 499908 501687 999177 915824 448415 982588 299659 148168 229782 889343 274042 499112 305445 649975 15795 448674 107528 310412 321576 502840 822345 180175 611493 964826 348975 352620 619665 612352 19043 250401 417182 686439 957720 359682 80121 589805 348491 401897 917743 943792 683646 807339 309160 550005 815372 543488 92849 434136 7332 447956 487505 645795 894871 815228 617201 855141 668002 801572 990629 395319 117374 894479 285974 564665 215257 398717 955452 103910 424501 496820 56155 673914 384035 404445 522231 117932 458213 205203 955732 345827 247538 56037 422534 410537 2339 266559 946592 148627 375615 978492 488424 932028 360242 756344 240919 772308 240143 428964 710637 927803 307906 658725 911291 375853 726632 804830 69858 23287 448293 266834 432156 137437 278733 192662 765800 855726 524945 132945 818152 567741 437186 517098 197211 755256 525145 690611 27206 431116 712322 600864 822879 831550 705764 626765 459031 438803 298239 368574 553546 673608 945673 245265 611177 7046 576873 337739 186729 727953 44956 969817 876206 187368 165536 460254 282338 95859 650437 225538 808251 826261 575341 228593 317697 193341 383540 897943 559084 590734 978659 270722 887305 856145 724444 872224 347543 386384 726579 978502 854940 311838 403235 915021 246595 823405 113955 493290 588330 372514 489766 894036 788817 702362 645473 272815 4345 320276 502432 759800 636566 84352 783853 407741 97353 414824 60056 484300 896739 356336 172913 359205 367878 2279 107406 743061 364726 385961 601210 552967 215446 41149 293539 817958 637560 964683 101072 82414 421722 992050 471502 128878 122454 881307 243725 641961 932233 915706 596170 348015 757256 175599 285347 524576 527176 320240 60473 574590 121896 510079 970563 812587 693235 953437 216000 478544 920585 351126 640892 198068 388759 135003 799689 19636 921044 56370 199735 534755 333452 207519 639620 737380 989531 89507 116027 507398 290663 946172 470520 327588 518813 989347 548694 663336 117 342411 996893 961585 479740 946444 129620 357645 896979 546388 114380 593577 244104 643987 115802 570286 799210 685912 511682 427601 296721 396015 104515 993538 20233 994007 957891 900180 347913 338425 87034 392340 701201 465256 990399 563450 268147 120487 416377 983452 66230 662471 247139 234469 935344 830122 882044 90494 790791 307536 743526 708590 576021 388838 566706 645886 84131 572757 759398 957315 27852 871285 870171 594049 880717 60975 231398 667078 927670 730091 222324 689545 831738 959646 898011 909139 743846 866073 749652 734228 834394 614768 671353 515925 556075 31805 177414 924049 421394 681980 253242 703397 944886 159669 597996 499092 895156 140042 541904 635507 699013 979685 877692 668398 475217 602663 931031 556921 907986 83254 966545 181119 645477 862416 931907 228861 707831 851343 174501 670603 486620 567721 675722 591025 355209 542097 177287 575984 507174 278869 304988 677213 25484 421263 486236 878053 471217 644302 257097 646599 155370 362158 11030 194200 808973 390047 495209 858483 620473 998061 266367 852336 299863 6544 931749 705157 821210 860406 133875 647587 858319 896513 897448 150882 445848 763443 56557 47336 813105 134650 414645 17790 487809 535706 595557 683038 727424 592576 884947 523608 821929 965832 981577 267142 412488 306114 941925 853100 274822 121283 47656 143544 454602 210568 896020 226840 281015 798389 475297 766532 398656 530040 726177 426437 838006 392569 582978 971592 449562 285786 951085 316509 714726 606765 309499 899250 199377 726495 467176 890081 94112 110709 236083 73336 786797 802030 804508 893644 125837 708296 126573 180821 348878 229382 947003 401001 682118 261920 763719 924677 766920 410198 863717 120050 135315 672688 8339 219173 476265 1108 872101 68592 178155 44265 301260 540294 937490 390207 548598 264599 406781 632498 624772 786246 85539 567098 39922 162580 153973 969816 570511 327964 146747 625615 107620 95440 342247 935878 153720 505956 683183 791643 308814 834876 124392 340889 300445 846451 736010 545024 152348 477833 318657 420669 148544 587461 438489 193150 756015 11971 776027 678771 681306 198982 62514 494239 69507 781207 783341 689971 644057 654451 747213 475806 726139 514256 575442 556122 831840 390941 146596 108804 944267 474991 672629 745226 860112 491606 928709 262687 775728 319389 362307 383442 747822 671058 423552 349961 717973 289007 532129 414799 456162 62840 904326 489394 298505 310490 304116 661588 872908 952572 78067 166032 642476 840778 652051 246988 950412 247720 473191 310547 434346 561004 869835 835329 886429 976916 320626 69934 680005 860400 599648 246112 612421 943814 913702 806225 15192 454085 708487 485795 482162 223306 848762 686974 814231 261683 328983 654701 312773 268061 395588 915758 130488 10178 509187 383715 65978 621161 711082 698027 683356 359767 946099 735476 173817 904927 771401 360388 999568 133644 257297 599061 693282 398106 960890 632681 235460 530640 62869 328237 303955 792345 604646 693747 907737 783711 582454 789535 420588 628292 433849 969593 793001 735833 463189 857518 47685 873087 263564 625468 445608 458135 964147 718611 78910 768342 768986 308409 649111 175795 822184 565411 228579 809004 34471 79353 267842 376890 441681 718626 84795 623461 615421 67749 264301 578535 968372 23570 361249 73639 569233 530259 985712 359068 586415 870050 733817 112754 851152 164193 457639 778579 31989 361037 30846 583509 208552 613231 706948 193120 653653 822171 817286 705847 122047 801243 687278 101233 73265 155234 174523 974637 884739 255880 585113 571957 240159 928558 556179 731686 124688 277501 31969 194359 887916 85861 622578 927361 308756 516892 73505 588742 374759 748839 687612 543137 167581 407624 730378 97558 565716 702565 207952 320310 496163 729785 993720 38255 125514 319701 291495 162248 841335 830595 736858 748549 99526 426921 504106 302384 800714 862579 229360 172756 607270 771349 723480 381560 130226 851562 86601 220744 60985 27847 945916 180050 3611 535755 857152 129768 504427 578821 296782 691815 75756 806523 498365 115204 7640 330240 7737 191459 91465 121538 288183 488942 403169 208475 62778 962159 651392 48618 812690 844978 315102 67584 252423 521478 124704 238690 346439 828541 73304 640210 219003 462527 572905 643473 597408 113709 518775 6860 865836 554963 472100 205442 818214 77200 932387 957721 35880 863976 632501 383739 710972 673895 985354 623526 575618 708283 634570 795348 246808 947867 464230 433896 605187 419318 33767 441090 291645 66435 904789 951544 608136 448372 370360 924872 706499 393267 926609 915124 918447 408052 88869 260390 760229 608082 652189 627378 746118 431098 997486 762635 30135 461385 185359 988785 246178 923703 17913 773510 270171 573352 90933 246110 70962 582869 198306 232678 981275 866361 897484 911363 795007 780410 262431 438079 421063 254131 555480 920905 528573 730257 372128 972748 590507 520280 25478 861328 767317 405378 472504 510326 142773 614709 257825 25771 889774 783821 260359 480284 450296 683419 638361 965799 618638 734313 525421 863811 996411 435543 583486 301148 366469 504568 735470 103595 975896 617840 888965 405056 196581 829029 235460 657882 40881 675487 948432 947967 592858 800838 471844 102766 373361 981649 691997 444848 293566 510763 800021 219516 687320 825949 978661 614533 937672 640576 53769 172272 660374 892383 15812 508929 929003 364168 931084 929070 541423 102199 657600 531022 231023 18313 751111 744752 967116 803442 337737 590950 11 168572 28854 701456 836553 749092 103160 229205 200011 548454 740311 674096 483543 257232 667893 575758 391194 573799 202101 233281 55217 264438 247052 726520 622307 482519 970102 573330 931295 704310 142795 799815 600189 906653 161499 851697 275991 384692 902784 252309 921447 997502 311515 154764 719457 692013 137446 886336 901367 775906 390137 265299 181118 341732 446020 25426 787446 987674 145617 881783 752692 97220 600886 243024 61493 85151 320699 100146 494455 995868 272058 632693 603784 836932 464646 381453 70293 297663 967769 442477 720998 553728 582249 805397 371749 485443 716091 952846 75983 59495 588331 625771 873543 384662 638183 715312 201778 684061 269182 405920 864551 730806 840028 197030 482299 604169 557788 89126 580346 342413 585076 574502 408031 648098 333493 105497 383222 122498 905910 471145 167322 194155 793114 165026 394413 683883 449013 71035 893852 631663 642146 930677 700315 370775 228775 907553 272344 437345 943200 422192 613425 609106 432963 175253 263373 812624 477595 179009 224215 169188 947298 150418 445127 772033 594124 418080 244703 385121 654401 613057 865010 4335 110053 657640 822969 431924 252453 70232 482722 291421 723198 596447 42367 535300 790014 148964 793810 409529 971192 596405 61815 323060 314438 263552 133928 507250 795127 841611 932076 104815 96473 545014 801906 814927 876400 184985 94092 50331 12756 844875 504869 738990 215949 941551 849909 269430 956140 266915 648737 660291 255901 181866 948919 764023 822240 409051 976739 797823 229377 30597 260642 168875 586578 273641 444302 484583 58036 319836 440950 108293 187747 559933 510166 336961 125056 919396 279048 850337 635871 652760 715247 285946 533464 536617 529843 321205 456078 773811 419036 83070 857583 739284 621004 15862 720113 524887 620223 35937 833327 113346 968083 897897 324222 897909 458158 923837 965970 971518 212225 924030 525443 187190 365853 406427 771601 557188 90803 154240 660853 587357 637335 867791 603954 810968 602592 473441 217657 694381 916162 925902 375280 856173 276687 102257 198343 324387 182293 648923 199718 460443 203193 604790 77677 558882 92509 702161 298133 219148 575552 596224 992293 977394 14494 178600 305251 719863 487167 975593 856289 609575 69225 983265 6064 618999 61697 699016 589527 90533 253315 683727 16726 137842 406916 361957 263349 340357 171000 738116 275783 137412 338324 764492 661569 107305 715078 957695 716745 932103 939721 434498 271164 191029 746812 497634 936372 556974 135076 541412 567554 757409 24794 161424 163440 126944 649339 592954 77888 336443 853695 841378 366324 240115 567573 926717 288456 409987 986191 950244 521980 108467 703875 56615 281973 716184 914238 434153 203087 766527 930444 144992 711209 556109 645074 693894 902763 590490 900491 325429 992288 833409 144124 814554 155020 125545 11744 299219 949339 591602 461358 342890 549185 538059 130020 122781 92760 745589 403223 544341 305071 551711 296915 503133 628362 604261 426859 192596 345712 782244 866237 558265 819258 26683 286804 764325 439933 979238 653181 305418 209720 441193 629533 885142 899756 192900 598118 618560 104457 201796 9686 753134 127559 878377 537361 250938 501043 976948 304937 905770 830169 432370 999133 379252 714742 22365 904819 776780 783899 941630 12715 125985 594491 90968 615281 172774 276272 635764 297114 748696 291652 499455 175910 249501 356757 147385 798283 530102 937285 434030 639390 286603 721924 242796 745008 93711 331428 621670 574971 81225 606848 928897 574791 802754 484651 104139 647460 275473 277575 554824 704114 3933 270666 608789 474319 436434 628532 788451 434585 320893 729107 592495 741275 402762 373628 76847 663078 485633 416612 966533 339505 113272 586593 815200 723656 67380 983179 997244 165301 98928 863695 255880 510359 832258 884741 337425 58044 517479 37677 710276 287475 867880 860222 330153 104071 971915 315783 204695 510648 84328 238424 340120 297559 895051 665734 626731 934418 400018 750813 663888 332109 108771 83706 264594 825713 544236 493375 801194 681596 272019 624412 729448 390678 327109 553465 231786 833489 832386 267575 591610 645276 196007 20882 430175 233376 440194 517377 324925 894249 509254 89831 595323 180308 911721 73612 378421 181077 168279 466370 734608 736740 626662 147462 209576 697155 779392 253000 325884 232605 735769 50182 627538 965185 427046 876362 223055 156959 189415 946963 899559 544277 949954 898047 572747 17122 454628 222448 628015 920855 3812 952406 431443 951781 604658 300266 704463 999343 787941 319309 660105 44338 862409 526992 199700 602705 197657 138684 970531 536684 803844 573254 382019 178914 563131 644142 870571 644669 338798 278277 399780 536890 469029 57815 570458 299442 384017 10722 380903 389584 44143 696597 866545 218613 730126 984099 738785 395160 631978 584202 36133 793179 857061 449017 187321 909172 471392 806915 768548 96358 473255 424588 926623 619715 536547 862724 127248 764374 494463 856490 164381 538998 91155 22950 772187 863622 350613 84362 639021 398380 585738 559254 324157 991061 901395 850396 266105 974435 656377 549851 27472 307646 196661 761010 763520 820360 73737 342722 580171 412734 958249 962770 367957 877414 723324 50592 967234 985011 629379 658222 561973 291009 149246 306046 372637 813959 204511 306759 572129 69393 490887 314850 763587 289015 29228 960669 553864 130234 141403 745816 129861 16420 925126 352107 274833 298753 802723 649517 640021 390964 679863 612182 242467 44378 677692 113972 460230 905457 290941 717132 29215 579158 451310 76550 490472 802805 240973 579189 512931 936448 888901 665262 121579 17347 218965 625695 265318 316728 816697 344763 426426 221478 895460 535257 304987 732475 817190 271491 496130 773151 747674 586309 977500 225208 943486 289943 434770 174143 392681 295784 384353 342596 697606 527573 129434 802372 863482 123571 412262 146517 184713 326948 743710 328660 777149 458598 434161 95821 92758 665356 488240 119054 744070 670005 258037 175863 712956 21826 474289 724045 558820 592968 291746 453791 488228 650314 662896 112492 609569 237896 960162 265576 870538 633293 975964 114626 7719 851436 168251 358211 227408 277237 244415 166303 505025 128204 727326 843470 252341 196979 294498 100805 233317 778608 792936 815984 437111 879137 576142 987672 357282 259655 621062 437153 387109 530718 85008 702356 715250 720995 847246 811647 321152 704716 501217 295625 544472 185640 62881 107921 754714 120226 538759 824584 525021 620558 10860 534070 744585 246135 174536 548080 967594 883533 740742 377220 70296 932780 289288 284437 617701 482573 544872 22729 188564 335389 922456 164661 658038 883486 904570 321239 981229 847772 954904 616353 583719 781799 756573 904281 668211 283933 930848 219159 659670 9682 34642 887762 647409 258627 248815 959038 891081 194280 374856 199929 926608 161015 177698 219598 861392 428775 76794 672950 977731 48287 369784 709126 281447 624254 917128 454653 944378 686544 720644 730920 875443 977073 970516 781587 705163 92063 228007 439517 397207 698950 99336 420213 178062 110684 476978 358177 219567 193757 936161 645226 426460 870845 490030 861770 55293 700005 122516 679393 704957 70413 80626 24342 177351 863597 599952 694446 691744 180265 662475 83606 852539 333226 729977 574466 589166 390915 765834 332323 688812 114945 151443 752717 393869 984382 199374 433863 732999 521442 625663 687333 534855 213515 789893 756743 437781 629415 176621 193081 476360 493289 892999 232042 759721 326801 14145 903585 635471 453147 749965 938246 705262 633303 701756 654263 956239 777995 529793 889853 856811 822480 517412 508330 671643 242128 518012 549705 823437 525480 374124 784361 697026 706878 369528 25091 748461 241148 561970 669741 642189 711225 291536 963553 906162 112021 607715 943245 611909 837699 552827 615181 859897 827086 530478 948105 29238 337606 927240 661714 801044 937941 379795 688782 168630 63549 307463 112870 470737 638567 178372 826588 62424 397226 710838 646327 687482 181455 112236 996214 11614 492134 320170 113039 925987 490194 16820 423328 286834 731611 989860 796940 698493 626741 633337 296939 147584 169108 369865 232183 948863 298388 869156 973110 322190 814222 908519 538349 295635 369899 725540 55583 620056 310170 481269 117363 714340 43458 737494 552793 723452 332843 316307 623364 430390 521689 592757 486450 141258 804684 348180 554926 566949 66061 349691 452975 199996 732306 471763 673938 344753 542499 870480 67709 967804 327124 364018 490095 519498 551682 230681 170278 388229 501911 985436 961878 473643 565990 260838 66943 411229 655520 772092 401179 520732 980305 481827 726583 476217 190175 206103 31299 813489 940681 337982 709728 549130 451182 575226 147376 310840 975750 523579 830605 979275 392963 278978 279370 699213 221430 815688 232749 954372 761053 668827 110299 314336 279165 535355 31816 64650 246660 102519 81479 951441 888996 387168 773956 603814 383235 758330 407601 343826 171169 553180 705139 732921 2597 805911 100538 779741 902891 338431 648613 610247 916392 960636 922034 271668 40464 113779 476672 709146 770868 724150 351280 116642 601289 704201 153391 16266 739704 546690 175130 470785 858373 357983 783373 418618 557316 366011 619510 268450 24876 324855 72392 558018 588433 467258 216693 341176 335782 374086 104489 435156 56473 222570 128369 223389 208205 501967 324358 317446 216369 101067 277983 539177 624505 594632 425292 554095 191574 82000 866881 716302 906796 8860 972741 73368 155906 113271 442191 719064 208765 617677 825625 375486 95840 308176 950376 441295 568901 290460 814909 646510 441939 487501 180778 950243 234672 493558 564785 401744 61898 602740 692990 85843 133832 154194 465399 513073 911454 112228 558267 857617 459491 573875 506649 910837 968054 100001 209985 601494 906354 874730 166377 694240 951569 823894 289069 482117 555852 711640 910421 478978 836853 549040 793250 483283 565682 459477 330597 886797 577482 181912 928477 57986 237510 203582 628835 290551 54933 978957 43419 724118 523222 278742 638546 373914 803935 213187 796165 740613 245191 498219 98134 408358 907761 717732 327258 779535 772141 785124 467366 713040 14273 717269 941638 221471 801079 309520 801833 285397 18080 26426 105533 910969 480484 229015 119293 665560 120106 390389 65570 872816 776827 110401 347930 500323 995857 82792 630201 945404 127342 288656 290370 883757 255270 62549 334245 682732 799543 129913 843262 282694 183720 283294 716923 51727 470632 658987 257609 257526 180362 400104 862697 2522 365421 514565 969267 791622 887203 953552 228269 329570 814793 664148 727407 697637 60296 235486 910099 234701 400719 900961 630019 34048 289006 941622 580920 850255 593826 212830 653032 767123 839892 979403 362438 797171 863648 49558 252076 113643 390082 519329 626457 756109 430832 340932 725369 334731 166337 806787 533759 930226 240283 961962 98170 60514 758301 980859 753586 518194 58014 637547 462657 205298 296233 544190 295352 751425 911359 406356 49094 399771 591464 17108 4139 891117 679705 386707 997291 829402 531692 379272 366111 570218 921117 386743 841877 58539 25348 734708 64819 439960 288490 750186 8373 823114 633769 410399 163037 168601 359800 555414 480777 515486 972932 660802 149942 278254 94242 405176 533220 950592 732389 943519 815841 781236 389787 27150 560822 503632 337309 335245 439938 610212 891420 357879 252799 307121 688916 419791 52338 605493 838070 802087 898834 469730 913546 443944 750311 426570 140408 722879 921805 301629 509773 460936 326973 779892 935474 200074 793755 163489 671515 701548 644348 26794 169739 225137 358067 422057 6748 15250 719236 952257 7137 606049 226041 747267 533537 453461 481744 54858 414340 823115 94969 566811 978014 866512 140210 575538 112120 190516 55653 545129 566322 892140 321394 663369 911051 974137 979799 817796 592546 317446 457603 207449 806877 77508 885035 28303 838844 928516 116358 823941 204081 701806 300158 305333 637768 193086 291760 640837 447850 911747 667141 785063 788180 949658 826244 371594 635397 539360 522718 887161 409828 359609 88533 20306 822623 758460 946520 722680 210326 309231 546996 17769 477489 554391 811232 801339 657305 495616 580635 249182 996596 898021 540375 630693 736439 737164 265632 649921 913281 911919 797007 532478 593000 3267 193828 617168 874828 916157 929850 671306 287382 365112 33950 800246 203513 247948 244662 442767 185349 46378 137693 847749 898723 392822 786755 150011 517910 602461 796945 144546 10230 696073 752125 854391 191900 271577 49050 837389 815057 491577 864467 598145 261060 897247 369507 471467 635679 961889 278595 379783 267971 964447 719095 540095 231920 306950 160414 116056 233086 847533 417372 586552 62658 858898 92771 959575 405590 400189 937550 940090 358675 59778 606114 413010 830325 208487 785831 908068 881330 197203 553134 982909 227910 8124 407592 151687 230454 215526 296357 181482 436715 846908 653956 891070 608332 320104 77668 886277 425360 972230 167825 307053 189929 457995 998987 438602 146820 96773 635473 834631 75019 503438 499299 772405 5673 958669 512609 634732 895461 871060 889155 647288 822436 639427 340371 977533 372456 394588 781430 238209 626692 563780 572948 844115 595968 21659 394641 635204 494457 820125 729743 356248 955323 948801 731103 907264 367394 986469 548960 21938 171423 753587 290183 364858 916975 755196 187239 861033 385345 494923 939537 571634 716421 353230 401721 616711 671415 168079 430834 875672 455309 400591 618490 676462 696294 131221 353796 242303 419353 277833 919399 352271 767622 276174 703731 273553 982686 177705 535039 623458 311737 803352 921080 718463 754789 685386 536540 904053 133352 483285 503017 615227 550210 260740 997211 236547 114609 244264 185858 841040 500446 730887 680889 910602 884113 35691 310521 233627 716769 799873 855274 219213 366237 184446 265735 306522 823424 309146 82073 828968 235879 214427 845697 920291 358099 567672 884758 131467 242692 997951 909723 719258 392401 219920 836216 741195 698977 536749 667996 672738 842504 569867 52389 261548 451075 861178 589120 875364 217284 941587 456261 940835 727223 70708 593851 515713 256562 435420 669658 621373 71912 345425 624383 894646 115742 498261 630878 626689 409817 425868 293055 746755 280652 349961 424348 336944 797484 438837 860112 474903 542700 45437 481106 135535 314407 634544 788167 447720 45347 564033 120030 992862 336548 150299 209480 595111 862948 388227 836727 791583 885159 16324 503797 698407 347358 641559 940470 450861 649643 73135 452995 640005 680720 716238 287209 744694 739610 619654 685671 104688 920004 160280 612311 287322 243705 479217 360058 548810 837617 971134 228127 107238 930484 438548 144576 686374 662722 421039 893571 724887 419109 513303 78763 723053 820155 906832 992669 28642 641852 416866 571974 479109 106160 882432 462244 48470 396703 435169 677031 330759 681391 310813 504282 120436 706250 544583 44812 351430 668186 468439 279341 343159 959783 329338 81057 743111 791076 144691 461392 607720 328577 626778 422036 906479 247747 863028 245928 834803 724371 795740 318888 663960 732197 283215 274851 624965 404203 366061 506262 219101 412531 269278 403460 885555 815056 347583 814193 775083 928919 718475 386750 582386 920300 767190 319283 576893 330396 794175 32828 575542 394902 594920 218289 389715 656958 989080 819874 94131 202871 790783 172759 404793 328961 35630 753287 198005 318998 943641 694601 301576 724893 662397 438711 20052 738711 263317 140782 309142 221982 23888 169875 40593 578925 301790 867858 161037 482863 765189 544861 171110 911374 527405 387817 945608 868805 982009 652288 765872 777470 203854 579844 732064 878472 342762 277533 654123 878735 280265 561544 775729 130649 387035 415701 853755 801760 880998 828795 289589 169178 722033 618199 878609 820343 241798 766762 577529 929261 29277 143580 610370 657872 341385 11002 226096 595803 474076 1356 15017 910020 613842 995767 295942 386053 86544 848907 556125 367285 2146 394590 794416 427251 209888 687901 986487 409716 657703 356352 376897 100859 318057 164390 975932 951032 790724 484012 306984 73678 861523 33911 825341 88353 116590 327702 928967 889302 872277 943754 426201 157796 95640 917848 794634 252951 375397 646171 917897 899876 388483 875081 641545 901543 418419 803141 39937 961933 61904 623187 502293 469848 128884 461137 99552 176940 70445 830144 843033 218509 345603 147825 778830 125052 352017 854087 390730 896120 732919 200307 512709 59803 844483 93750 547732 46087 225800 491274 401467 749348 4277 609924 117370 162527 624647 64289 196065 200580 160276 874221 949300 967137 168869 400078 567163 3541 515752 437187 150179 824563 118794 462252 601936 283055 416428 215084 89898 279978 212992 953999 723633 710822 426571 908354 591013 130699 968469 443775 667317 704059 238702 27363 873551 102136 647074 431898 262616 476154 230001 945810 233803 317219 523404 940968 245625 909538 355441 32330 179052 380177 940459 906291 36559 879252 908346 990454 73089 950982 663222 386810 273652 571062 540385 450839 58560 61530 96549 126785 648384 790235 588505 599766 472406 478284 603845 697391 759499 703343 52106 505668 107967 897555 314454 275702 96111 586439 825545 413170 765210 13468 411571 515208 858623 22654 829327 726479 31375 899653 396277 943227 999157 124675 560304 229620 96747 207394 941764 47846 976740 72728 357752 921583 897512 175049 83757 433943 480828 336281 500567 757591 465384 41485 672204 44885 11041 807602 110689 767873 392934 625888 184600 268583 213187 134352 769968 652419 459479 642148 699023 907196 827874 719264 719758 459070 535550 408807 689555 116014 263033 212015 284683 675907 633405 25561 905901 990646 311570 393620 370914 316316 567792 121170 497160 366541 260359 451434 511059 569800 346782 734728 240031 805576 947431 476699 701419 670006 733061 790653 495648 969362 498828 146085 123567 490388 923653 8396 95571 401035 287696 735080 349468 783417 124566 643219 175857 751289 625254 673835 571335 978369 511715 649084 360620 37140 834690 372575 91966 511465 616749 809317 886179 937029 811185 191931 446475 86516 343719 932837 8817 559651 116195 459760 60490 450758 843256 412311 581840 328933 100451 912014 590775 73384 467028 506311 266485 267470 47170 153391 592274 926143 420357 733960 462231 722280 46361 690747 980182 598314 478023 594029 175004 852113 770972 602957 870365 562864 510581 391434 329300 379893 204477 148835 266214 923985 916854 607102 227036 971992 503636 201140 908760 88720 126042 585790 995339 609492 863264 506235 775336 423437 387699 61118 390596 438956 178695 897969 183445 171347 733367 975860 406148 624616 565022 408900 94159 740947 518968 831802 117021 63350 704389 903298 619172 315708 19498 686518 960257 823446 831086 552098 49265 478980 353262 767216 226893 154382 185702 788405 338903 230175 644356 159439 812817 93453 185968 820282 901085 874528 313471 98363 953479 584084 18685 328989 722675 88491 670149 520898 985370 588088 982148 918639 11724 990270 757525 15891 791735 1719 576639 409049 687660 964610 634154 700233 434054 497356 596298 259939 515540 864308 234888 358109 287780 374864 894342 507528 759909 947495 477674 947140 205422 644622 258904 616397 33898 725897 701764 104674 245576 371782 51870 122419 822908 661844 333888 427762 755980 540095 542915 609624 762585 869359 881181 959402 830126 640606 118145 476412 299668 289809 796662 247820 714137 493722 402511 615734 429315 786354 132702 43671 940475 800137 668766 704808 946899 705673 32021 252857 491662 774439 614384 184664 966659 499098 865871 45156 841067 862000 934701 452870 99644 300543 317381 50516 52543 534274 211632 171453 398746 244475 159231 175910 616798 431620 744044 296589 954685 577188 52992 379213 326153 452325 370769 300940 742535 915979 480687 728171 787347 228577 314035 77007 528796 188163 763077 649166 856902 124698 435836 391064 869083 670876 499285 909838 407534 325001 33530 920218 949091 106228 873067 971707 729146 830745 150773 123831 356229 738020 360437 237124 459396 511781 530926 947501 419856 892394 146520 263183 612773 345435 799687 668575 331563 757037 101971 297921 213847 955537 425209 947771 551346 807028 173610 723474 619114 652461 783816 826396 919629 898086 776522 982926 537655 562221 961337 738363 760352 896279 508395 712850 400796 356479 316898 26758 352527 452926 473638 85432 8832 311760 864814 748538 671035 585039 249286 138769 987611 10683 256423 331438 738482 420257 625746 229967 741046 597509 261930 163894 172221 447282 290759 679726 520576 264336 237960 858113 73657 902449 487629 416098 878880 420808 715829 419461 694084 900069 179614 442253 684419 87669 603104 36838 967710 907770 618821 846047 749097 420758 547252 863684 967485 559847 321087 799725 373479 858427 981624 819247 567671 826764 354441 667643 503716 824063 542683 732072 548146 32078 15080 651890 944471 435865 541669 311742 445868 669924 508671 845796 605371 93971 891707 968533 454806 792324 824557 59738 160941 162299 382517 230813 394030 447362 593311 740428 764881 180323 512868 478708 122205 821736 755814 591501 638571 168914 117331 641683 485009 649518 330406 306311 514207 204202 876320 700796 916436 626994 953531 518640 692927 812546 555626 866030 206833 872922 884651 842627 944574 586096 681989 491010 40071 339364 788404 272693 500520 651987 826143 602583 220839 718128 985863 831359 285108 795660 572637 935795 422848 412472 577158 329783 290236 740394 753168 372128 833257 262252 319816 506790 580241 294638 777053 53325 262530 45164 855387 800929 617388 465173 152458 860932 457387 415365 440299 341893 10418 336736 968669 978238 53247 752841 334186 177344 267650 273617 819548 776078 657103 855401 111223 37578 969227 369633 269140 271840 955961 77987 875634 731803 479584 928492 549435 296689 651539 590517 852192 268702 349547 662512 330236 462143 54166 846630 147157 494821 646991 454815 971556 226765 222662 668519 999018 171346 614357 471479 6474 584019 444714 226017 950108 126657 327361 706283 708337 883172 799730 788498 328721 172495 105069 63089 659069 725021 191839 207435 64615 470318 259737 272404 419086 410847 297158 38868 895070 650729 978514 135720 72461 244966 101805 887284 13849 971502 647854 801292 691608 506605 877051 48232 450686 186393 288014 571407 225439 828104 707663 920203 635468 384592 721998 648169 664320 920012 238395 370230 562486 958602 642023 793412 852107 462224 865543 462915 548167 177619 861299 659569 399219 82937 884198 270606 202499 460679 153275 866683 592386 792154 570330 838046 919520 36570 204338 543875 823697 475296 4915 120026 70922 508789 58469 777225 176513 218068 830440 524490 228287 851680 541061 177370 396061 744445 852793 709409 339590 746094 416893 4700 474778 73188 893566 404949 444083 509417 909767 367450 454069 876859 272780 350980 9852 60800 444108 70489 985762 427972 259535 409065 335156 909864 286380 635909 62317 210764 271647 299535 720933 585393 200614 362498 969518 13051 353236 829631 720944 277925 447300 379109 531944 86497 764699 653953 82782 683555 276891 825929 833589 881883 309618 416528 178991 216404 52079 729694 657141 674284 322063 641770 29548 399054 576234 337693 848432 830476 336632 463942 675255 53964 403561 768174 117203 640947 524195 622393 488007 395610 928912 828071 592143 346269 555328 267371 479951 509330 852417 854912 462336 143780 8211 92436 339525 82774 966241 607088 906661 226562 52356 755545 323251 284620 66569 434221 216585 596055 588345 215494 547949 370370 753765 823649 878539 659389 158684 782226 738967 509069 756566 997274 691861 648685 800796 317142 262675 108888 957714 330030 937824 555937 49455 217542 862795 79151 545776 679010 537637 543023 135403 491704 509637 45815 918970 177087 821824 219972 577552 77574 888186 311672 671296 283188 566589 571403 618068 859610 52197 36793 622049 437597 995402 143506 527497 226064 443864 420785 793298 916965 293208 789953 433557 92792 213013 606640 312631 958426 320492 636666 278571 130760 36487 754897 280930 54425 409393 893964 708748 448790 159500 478160 669942 107016 774014 928470 771729 723984 4080 987707 807688 330618 63198 338178 415096 767964 598726 686445 921190 187764 185313 596057 159076 428649 415231 351407 133954 313155 352712 195697 850619 782795 382411 653972 481393 300383 354642 594063 423059 38451 847757 78545 6539 635292 696206 382829 789888 434132 247620 94857 847349 77619 277579 646721 506253 133331 451010 257756 242091 299979 490381 838487 912989 900660 981102 831145 111245 748373 487048 110398 260112 752288 72650 747829 465886 276929 972985 274898 506250 21199 418938 983004 982342 215668 272619 299878 218064 312170 406508 76593 561662 777054 636548 852397 542337 527329 350127 734064 365156 144385 634579 233951 722133 689218 827966 290739 429701 91641 905913 851587 985712 664239 5896 396096 842917 371712 676811 38976 224846 592394 586504 465657 538657 11422 204616 63912 117055 81569 305589 166027 711155 856126 12592 785516 588970 402978 658466 683657 578849 333092 875958 175659 390300 241311 107093 835304 609253 894788 407934 101774 977152 768532 48553 55148 720391 657341 682242 273730 819648 92816 450396 973171 23363 759877 310726 623809 190203 766125 601501 894866 587437 620996 704318 216411 87725 773730 447992 656766 138349 765223 435057 903094 516589 193523 347705 224121 304317 747519 254561 462169 947514 468039 817654 946934 688053 966237 171208 968401 556701 598219 558443 426388 440216 653427 136252 519613 879307 328068 814502 277992 345710 707518 158378 864331 799702 778610 279538 164204 463358 625249 470283 269377 567011 244247 44682 554901 729219 990215 860854 194994 876071 581917 24307 85677 992714 395717 554802 527536 538706 930944 617140 347100 929516 687105 138157 714046 280543 806997 43543 586697 313769 921564 206507 117529 10879 44660 169734 528500 433069 902336 349413 137916 143030 654497 507075 51602 621693 762298 336788 964897 235110 957057 319592 770881 64370 293299 977745 643767 907013 772645 654874 530174 99963 906734 170170 441925 434952 995057 419198 37013 669252 674153 49662 504578 730161 985388 183412 764200 863803 644465 230111 766294 938292 615215 903291 636129 441132 84272 506283 672866 499742 154194 331226 976749 762710 614723 201373 895181 239504 766393 574093 5879 780409 810156 178083 365746 168585 297032 350463 922286 303558 177607 283760 309253 342640 585507 94689 418267 563306 990199 884813 731529 765702 840633 767644 671845 347053 373606 558360 725725 548434 795690 742774 58866 565678 713209 266325 285142 305478 384819 254332 621254 893854 247930 967712 477792 328514 566403 245072 382408 915239 452058 774248 723748 994015 737126 636969 354866 705285 849896 301992 733100 333099 708200 16429 599342 224039 668405 41032 937967 788997 868125 561133 298193 586468 375587 102463 374810 441408 787419 961566 348122 400521 615108 492777 684031 132017 799160 442610 498294 720091 653051 791740 559638 656295 449966 865590 69137 962092 114406 689634 611646 870304 215167 711832 107004 15179 961485 224041 116962 974386 530918 907234 907811 941144 659103 740939 786012 872652 389556 231615 302214 492326 78277 905363 298711 87630 844434 269060 39375 266867 782858 209175 387963 136256 495460 936617 78534 82933 275333 987942 815128 411533 691718 538790 874275 379711 52587 212561 111496 30237 211887 774260 819008 308239 334071 645917 448642 633496 159040 681658 370969 65056 915295 547909 515623 659672 338833 139190 256178 481124 593806 682502 859699 150442 604169 875794 800488 634721 606749 141615 309653 973664 516801 929513 660582 810629 775227 324320 256571 632665 203140 189091 109172 563930 426394 446080 417283 155232 174537 44556 151777 223132 400691 903391 988562 368835 93919 355911 514149 548881 120424 460273 364270 190526 683396 943343 617073 757320 43245 48615 284972 759886 6212 682948 82275 690981 376368 903003 777429 521130 106787 881517 558873 734060 883357 744121 244152 995558 511996 140935 547838 963067 256167 673706 83019 48324 1163 464857 210222 400174 704116 561464 528102 933184 941210 534919 785404 557344 438766 204181 771198 214086 345979 142712 980428 288479 972197 647403 815337 736654 771927 921170 678522 867569 73826 952383 786333 523973 418919 926199 794535 911281 96586 975555 821387 292939 255517 501714 150670 474831 891824 866599 46359 301685 832972 771835 411700 752272 22011 364095 17067 884807 698737 390178 964443 289052 725345 590154 801781 115427 729205 176539 808333 371809 244797 339565 487686 744834 208847 10218 537133 891656 920335 41892 517842 756589 100048 301495 10511 866542 66027 541164 824496 802652 550547 438211 667607 251460 509387 671093 246410 909350 546718 933632 231533 795503 945410 968096 972895 858688 554161 347647 503402 589449 532068 142218 887619 43456 767876 628348 403711 434196 805640 964646 243681 349622 764975 691404 705693 255601 884751 689122 170341 242246 776851 726582 555506 193801 706155 912463 995933 245256 186349 63847 916578 103789 4338 986624 257314 503131 518325 692785 202433 303675 357837 249392 538681 938062 181304 870911 398902 153424 927569 421468 751947 546179 593524 543736 319594 191510 505684 441860 268402 898364 513297 846662 61176 798392 76269 800697 628180 699769 691721 98322 771527 342736 950798 361447 183193 434849 383764 654931 817164 701474 423257 396300 358307 90971 495660 993049 861611 637092 407844 912891 744631 138600 282815 237522 155028 387835 788853 318014 280600 839857 371284 820486 394833 829548 849184 596803 43421 837504 12138 977732 38 860678 311391 690387 69638 451264 29016 962288 19050 558259 246931 272363 241002 493253 639477 829643 87081 485716 960690 804500 416497 744362 629049 213193 913003 412118 235403 100665 33421 531262 386895 325018 748726 141927 975837 24464 223436 820516 775004 536974 663098 279468 989956 821036 82315 576497 185142 238091 783683 548352 857423 894696 730654 433794 672764 756040 851390 807928 381759 943041 94187 629310 838606 561578 181793 816948 87646 990716 738578 445895 539124 418882 85026 74785 855647 104208 135422 732687 178446 645374 742053 553738 658814 445054 468189 275023 495631 797627 927402 888244 561798 618905 241498 27732 425511 872585 108690 371052 263460 464934 733580 32044 42643 395183 617483 518576 192383 998297 560279 52017 108036 636986 402831 760222 893530 247701 965715 648175 574895 677325 128729 918139 361026 58644 538826 160889 624428 500799 389538 71840 708677 305399 603541 990229 37757 89168 252043 443133 913522 754187 407425 661814 893633 988187 196295 788403 388813 762616 733442 259511 69994 756554 287879 265689 637852 144912 877594 474841 598659 366487 97280 795210 734333 932 93961 940666 148527 406558 64731 387129 87302 748285 57581 894021 466166 637487 880073 751288 107085 922922 942751 121838 21056 741618 830106 455642 812326 900431 26927 338026 304472 849086 488031 548633 853943 204532 322303 423490 774976 447188 915125 922603 121477 465205 913918 550762 497685 31799 886711 425104 112409 300179 455067 892413 499134 38925 878504 865599 389214 41278 757075 169212 56175 109168 211584 362484 894940 894583 705653 911878 32246 539396 564784 106144 213534 238981 64838 688602 384353 39375 513346 932378 184128 999259 300166 793823 389028 610975 687605 999502 652248 228294 117362 184420 390673 650909 662866 139253 777482 250746 784939 87187 649328 668872 864156 842533 741847 220352 17682 106947 718041 449641 917380 371139 8979 394235 180426 971003 450361 240521 277305 293143 830346 298996 304935 818033 810689 574016 367056 597965 880315 170210 55627 940172 780006 161773 620030 635702 483482 698295 238914 439391 966483 339905 669471 475565 311227 896177 88845 962517 303874 306278 466331 897255 840198 561883 664601 313705 265835 420647 974296 967750 276421 795812 369748 614133 721517 633055 917784 191990 638149 490531 80040 641971 662405 177525 164980 871331 571595 799843 827170 548168 609500 57548 741156 480388 224446 351491 789462 28485 795751 905433 613669 520267 31351 356126 782707 737397 117017 2665 709842 513580 158583 510453 225476 829452 913600 91517 830780 598262 180531 688594 892238 343612 45452 580611 976521 512594 524034 909965 598995 192241 55133 412840 12068 688802 44546 471810 931068 633670 669250 754863 886778 768658 578277 365164 263712 780778 287364 425308 72737 7955 922367 361372 629903 848069 488216 194534 246083 839527 863072 340722 506863 592921 955146 974388 580017 268195 286765 643380 114652 308189 503714 407174 917160 541154 342735 97939 774419 199191 65993 353292 966675 79381 764190 80752 796493 456327 364373 816529 969092 900178 643413 807298 87876 731979 671425 48348 681203 281181 190806 842927 292440 306669 957673 644055 349351 848802 569175 472081 788171 977214 869793 950790 468030 658873 817565 76925 383892 866722 634277 216089 567610 972494 67440 461026 668427 448421 247887 541866 621527 552574 201931 656155 522394 754657 512806 780241 865326 498745 889062 132589 813823 236729 896167 370659 19551 956882 468192 816710 605003 689731 682465 676480 582458 897199 394118 329358 693989 676602 70570 570659 726547 262789 808099 199683 618552 905532 536671 543218 998466 624097 4187 992564 356017 316078 608372 895810 25671 315429 25452 987640 946307 681732 264853 851281 411788 485565 600887 416701 541339 870353 795404 411479 241001 591536 103351 29467 479019 437928 103540 202202 528949 377985 359273 515819 566926 483549 299657 753839 546493 368874 919946 196470 421611 890310 212100 992264 561502 881852 798470 543393 12232 514615 515936 727918 818512 719127 832478 214649 635343 244626 529005 533129 801916 639853 662700 81764 239142 944168 767812 532131 926803 807443 450173 352020 930437 668836 388267 470376 939596 435790 90650 874578 433763 932598 974264 582402 267632 41329 349453 915790 441896 596271 49867 56176 733163 116054 760117 212513 129497 66996 46769 373237 572881 300645 690300 153138 153686 861453 236989 688167 466748 5063 516990 379800 108559 789523 268860 368641 634803 711267 705422 659951 942342 259340 876189 639102 855480 985350 806737 796656 185885 265412 886602 215956 175779 47718 837267 627732 713469 452268 936637 481328 299274 555428 290238 287665 253765 791687 448413 717123 584194 294918 520734 413851 697470 997468 61917 674959 304973 785098 292580 544247 165167 109700 197657 43206 251139 860215 563575 337798 476260 484171 704183 828751 175065 98751 291696 176137 820888 765011 317679 123965 381972 902039 172166 319756 589908 759363 337345 67019 193511 107077 522660 751773 276518 516384 795728 99696 971676 684679 916640 567251 384265 237488 842518 35895 740988 202843 516686 94494 216212 951734 236303 738910 126515 229374 984048 869046 439141 162652 960028 646868 525594 438766 258933 862580 375768 443295 737376 949684 354111 717487 216800 637235 725235 937281 422902 655177 617939 583182 963094 957513 92500 844233 622242 20558 58881 373072 400706 711075 238192 872322 260784 276630 219571 478660 936413 216596 99020 318239 295955 594444 952429 434574 662844 537613 697860 925216 579144 272572 33474 83176 631486 786901 605629 198525 6028 452258 454104 415674 437177 926282 527700 898610 333730 660988 147282 17963 485863 907820 28101 950686 519900 915692 337029 999752 574333 172572 513827 792947 70083 155692 957580 570637 865015 680682 85920 323251 970373 462341 863541 880931 689292 680770 519787 687513 378775 953277 52293 305534 97252 400665 487887 25687 927984 334094 460816 84503 552653 152614 403311 235270 782679 550596 401603 906200 547682 710334 2535 456994 183341 731080 228436 135515 736245 951754 778294 169888 8959 662313 178407 898828 298790 680314 620044 881960 652359 27113 121940 767595 155799 943995 893965 573319 613399 124859 248299 860033 344840 280693 446878 590106 674215 615863 187475 907919 375110 492859 451511 577935 620401 431336 96123 880499 211374 166130 582483 336412 734836 454080 221126 685809 423041 891844 479592 73372 439347 808257 510034 293729 122211 273229 545018 286851 377288 561695 675065 470265 824105 404028 774112 189207 982632 160518 351842 798328 221624 855086 833480 407225 534835 49328 428145 829314 235036 112317 536107 229786 125322 205048 141889 316556 778084 366236 488367 220428 651034 796181 837 687658 429509 729046 772492 703344 561410 820474 179079 891262 729936 401110 210701 217838 30171 672491 406608 536131 561787 808653 185755 412133 549314 408457 473137 470068 28616 585627 12291 117732 441978 275219 540259 516433 423769 176903 99218 109221 776197 276101 343307 112002 229140 368157 700599 322073 49207 965479 239888 796804 521864 259406 104428 729129 435469 785394 544797 994925 927306 726038 133952 44476 528802 6408 690055 117953 203285 334940 440038 680109 6644 649894 572384 323695 325938 89138 934314 83415 715462 869076 871556 416310 383793 323276 994823 620640 800452 579513 524670 409967 235412 237153 713351 647565 622476 939642 162010 265536 158865 624445 40096 957335 396562 567909 221679 981323 239037 661262 265152 914896 64759 105267 859895 537786 766996 650960 411057 75089 722274 319213 740964 635312 819182 6239 166748 380541 767626 892845 129055 818038 100043 225713 284454 95926 966976 265188 932746 935713 216047 965134 540172 100418 596758 383049 947601 292042 763108 217351 358445 344879 724003 249787 886837 612357 494190 624262 144981 852535 320368 943441 634597 82900 730148 235593 974647 921286 330262 352175 813023 378772 300454 259555 494687 546815 765809 843957 618390 107285 460101 994386 255582 806305 863703 966800 576122 173061 169363 53199 821024 169973 822723 796837 352352 267459 545984 851486 467315 525857 314501 593032 355986 426936 170713 525037 579710 758843 637081 992549 453636 19457 495521 920919 946160 291335 802804 248438 235245 73549 793585 201576 357038 179872 678731 865747 227569 956608 389943 780966 771223 57672 583359 327319 68213 843969 457916 304117 444566 362337 519087 477643 535340 404208 469317 644860 126622 846537 174839 59764 10873 459218 695560 978065 576438 953029 469093 265621 607420 49816 715821 925733 37772 657826 515565 923936 495265 671733 608044 962481 644761 387957 624388 991764 415330 376906 304517 511874 624901 232533 251991 790161 828797 784272 884606 703245 855243 626636 376496 334738 450342 281814 728791 249658 609284 121533 56779 296246 626612 913996 843132 141324 378549 392345 581783 289481 263026 11477 805665 391171 110234 876601 97399 468382 358910 498712 872846 595168 866274 883496 536299 899536 160327 111021 762580 943682 66637 384786 914954 547020 831988 918198 22087 912499 271154 833806 846416 260592 60049 17621 841618 588600 842858 810347 334569 72635 708396 323028 363294 26084 196249 737519 709564 431378 763500 947018 632801 67968 707404 590721 39898 230990 450665 422418 789519 766852 922002 712381 547978 256342 182318 38793 703869 683161 591667 723531 24565 139902 601050 725699 937991 775622 637542 470417 208839 343768 542853 820162 488180 140673 19999 615576 805669 140193 484330 500218 506279 757585 244896 45491 583150 102421 489748 866520 555422 675276 667634 911055 636155 158137 939387 164512 892384 711509 582852 637618 433915 150667 417283 301185 90230 351729 304509 223128 419923 904663 111440 591459 48735 574017 401783 867465 783806 241504 416888 636180 237695 502446 64734 133973 654702 134258 465704 907104 869197 864325 101878 759525 974074 871443 36761 955236 33958 799225 442781 207787 514012 301227 747785 217213 30044 713456 870862 257212 349430 492352 75905 218664 538093 783675 735410 462080 322364 424412 654949 25033 678675 96614 97691 382581 436440 345127 313633 593628 984829 672517 485033 498051 842358 197476 46582 403737 113189 366431 318618 170114 255143 632486 814405 973291 69213 566471 988483 157509 19440 210993 827007 10407 385584 479308 630739 157536 181749 830290 305102 165936 957325 351319 321512 675696 227801 338439 968722 872594 142232 784579 347594 705156 298550 985294 577106 444258 174242 835918 61625 353444 867119 642620 533731 848170 762884 250883 322340 601228 861419 509440 793304 771127 77724 277046 878962 527258 316776 254612 945525 595210 670232 972746 362147 127761 308003 741419 914278 858121 542917 199272 541143 451612 633498 30295 434928 757809 78960 884257 155687 14354 892762 342715 183024 953801 281154 103258 340421 33916 240338 116809 269189 51678 496858 29282 449702 495476 108131 692839 417138 890015 378310 372496 20948 562757 908516 861318 786989 318508 370607 628665 846121 306342 809580 890628 803292 323907 184898 519551 478962 664064 140065 984684 31564 952620 583056 959615 596421 196126 912486 143644 781848 213746 1959 891490 97576 523774 585619 600578 959802 400437 205870 766906 941445 238130 427959 972168 902356 856103 872279 754591 177940 444373 120966 670896 202922 663979 9787 977085 244136 66404 277541 513385 189140 916304 803752 685162 495463 578673 790 647277 134333 298978 352548 667542 396115 857918 664719 622440 448693 306824 376821 62087 200689 401513 171809 844283 103137 917643 460397 25019 624716 642256 292854 868733 735460 519996 907016 574069 162807 235327 271478 10409 365982 769656 386052 125355 448195 750221 557760 50732 238513 575442 864743 665572 720800 462501 978661 51168 512674 785921 158203 326402 426431 304728 119838 887436 350150 749773 536320 794087 927085 628706 498148 647782 189299 928175 900086 350202 814439 765983 814375 913580 450366 628086 31127 374983 731360 660098 472249 116600 243060 3587 619592 672496 862289 539040 282516 350993 780816 627541 532652 536086 420448 962638 235559 95089 995775 860442 726599 368522 863504 209154 694853 594689 996026 326641 506634 402964 56142 424010 774538 405440 708734 891967 456716 279687 706089 65059 191587 276458 258334 295563 250379 761160 426563 875497 378857 15456 954821 842438 274592 160154 112930 584510 201 683712 851967 311982 670721 343875 610714 127290 55231 22155 887181 77083 286984 437960 73418 489658 127953 779745 242984 77767 439736 469013 177686 727849 873319 362760 193742 525423 804981 145748 64332 754553 226521 525691 546202 312081 97278 630245 680830 834617 685044 284070 295675 62570 742160 636492 492120 715244 664865 435304 625554 64128 297546 406072 170614 553347 611535 966839 396225 835129 230485 364615 241598 137488 502983 546850 690927 841952 623405 717143 338786 260650 992166 61802 269570 850178 779633 191221 43796 126266 724166 335372 293042 458308 146156 862453 440923 821103 841153 264004 542082 130988 652869 527967 489070 497587 366377 243720 759506 583192 186540 580246 480094 458483 958697 234905 756453 130798 217660 523596 315127 185359 918273 798534 941869 638161 617200 597080 741961 241179 821716 650261 872787 949786 539350 746398 522154 697380 559778 788735 506896 10458 321949 211857 186977 543895 166574 224815 354288 807940 116756 707903 99199 991383 605862 372419 81195 984418 380178 713997 446967 718718 750511 551662 975408 355889 978050 89740 564883 731205 337228 225682 608963 482960 262201 259303 95714 634519 221540 399132 618407 891276 832219 419858 58959 490365 106844 415986 829599 13476 812494 622791 212484 366816 934753 682208 747437 790614 290954 337963 239720 25956 114878 245364 170802 881174 151092 468681 288477 153409 414999 365653 120685 660873 619578 19407 788477 703276 738551 739929 462113 324378 320036 916481 267998 614040 778422 473502 636334 389564 453123 759296 352234 641843 391930 52659 849433 716599 446526 388026 381847 892548 134976 147375 656315 288611 536255 809055 395720 487305 601232 764835 515342 510177 987046 932164 528681 707463 660793 237936 193085 32039 387422 184105 188709 130916 888376 909712 283476 46569 442460 403659 304695 926881 36431 253615 754732 112408 988317 630160 476711 343060 334047 94700 583529 410084 495927 414737 721958 547886 540335 673209 834902 348325 300754 316986 32230 683847 951858 795061 217667 934412 954533 886795 470835 162804 242994 143988 793175 716340 892111 250237 680835 129666 404033 161738 966236 421213 617652 206254 241665 926548 594763 999055 420422 286189 936736 617862 70087 497500 349352 936317 319629 704201 193169 987889 847692 435772 297748 799015 103317 80215 522544 318857 589915 694070 38102 810152 539390 357618 90049 442058 816287 333316 351835 924756 929170 322671 590141 992598 740471 509066 321924 686388 73729 278210 155047 966424 126939 427980 738200 885554 741974 14820 792883 153828 408636 183129 167042 146490 438732 757588 17335 901840 772704 58605 27525 33950 539878 938885 104337 558927 815818 669448 522048 404348 749217 81138 439051 375776 154467 382626 786157 98056 841474 519474 328009 462789 82766 742952 573908 59349 569665 489097 351986 791923 869613 551414 664124 113296 874151 552550 76581 969300 501690 689443 765510 600154 877839 518177 79678 222599 56749 916056 256390 385388 694153 953352 100129 679785 693042 190627 536602 971462 528778 709909 745704 725992 232065 811484 629570 148308 659678 735639 883980 589125 464004 497628 364967 663305 689424 175698 288951 472515 988564 366063 605582 546846 619465 381902 499625 702626 854000 754782 14879 491269 219664 883209 570033 771935 6605 169550 550268 450237 331287 389353 640120 992781 291678 834075 564468 4174 592647 503920 534524 273133 841231 259838 846513 674595 924394 968738 13915 878160 657593 936084 159698 972135 580493 307404 474293 115616 713576 596889 212874 826742 413647 769695 707865 209840 466940 465120 917375 676776 762753 947077 106144 734353 19134 565462 591892 890813 56027 19689 968052 358098 490835 279999 850158 161772 331172 377787 610083 438029 549444 740492 682589 18155 481228 736495 419115 702491 62611 223944 459052 128331 452395 966825 253579 99175 708738 307279 192858 328159 558612 337965 540708 86240 66098 93339 863191 171257 273872 538999 755286 748890 824449 553285 120836 546433 891029 724008 364367 627468 770280 893163 146301 271086 326253 30067 729276 606830 273290 100867 760018 250661 953213 794615 952900 783463 97399 934332 48297 377881 656372 44969 675148 120412 432676 223058 84862 936481 62976 445912 615992 603765 367339 117994 807826 954149 535946 405861 6211 367975 654268 21622 643358 720407 373338 10574 226378 878586 112632 399812 653494 891916 859156 674985 505447 356363 461313 409791 100265 89180 505666 585637 328825 964801 402084 708072 154779 57058 822351 49344 941661 304577 88136 944146 949951 115587 826511 718220 59080 625086 814514 617285 125623 40250 805876 469626 2329 661157 15489 975449 632200 849917 812830 131775 249453 214925 796900 997819 553056 699159 963703 948492 332238 569142 476558 486217 323745 953574 246613 250099 387589 562974 593292 784648 417513 918152 232040 226964 609129 619707 885856 914431 11504 225807 27007 288614 65510 196750 372733 790679 432884 921786 322502 925483 897355 729100 248116 9787 517078 631467 244781 299740 381842 364230 347789 197597 718403 299835 776089 528740 425565 630859 242705 717168 749009 93918 144164 131590 228341 685244 678049 422655 465332 180540 865337 478288 328401 702502 155129 517770 234356 622940 779508 659543 687060 89306 417289 212323 517059 39794 704951 472974 973818 26103 403303 828420 383356 919299 959912 372389 398028 257868 9673 984389 468403 341047 815675 16410 164676 788967 96374 618593 61335 985147 156348 755966 240541 970677 394416 902454 791990 184506 848375 861814 938393 548705 520373 508177 139422 273224 559126 954117 720883 492996 877983 628829 404948 241277 221990 701158 294792 694585 470995 981444 819301 556264 145400 352187 810274 932641 679897 353741 255452 351077 26571 303991 276098 835652 542247 563977 953838 592401 539041 912113 185588 65329 268342 914669 435003 311818 746466 544035 953666 644605 253105 273602 872500 221112 790644 413789 595942 19868 951699 633248 3796 81701 483688 542107 128162 363863 180360 700720 173019 165158 147711 530575 788500 602270 196550 284319 580866 409948 407113 75615 437704 979399 495412 270742 522553 349032 507083 889327 546339 925657 942502 577167 579212 825670 263634 677093 81895 549987 313090 734394 242622 646391 484419 178023 31930 171100 658624 243753 705661 432024 611881 527282 572906 31682 974568 54092 81451 7030 791419 421325 416675 248330 522607 742835 209974 302389 1001 207564 695640 56836 223364 883136 652889 390721 581903 221559 447603 479108 664493 324779 653341 767781 297152 953010 750814 402493 656348 112818 771150 684001 368814 769394 805791 572328 280381 668216 609195 715818 167770 290 38394 498719 933693 604442 551900 105449 711805 130000 645157 570962 401323 361102 816936 605287 200128 408760 356402 723439 573168 145471 316391 309258 155080 417900 463709 168596 224200 197703 204290 178122 55685 628965 801481 88193 107737 937713 925969 384731 131079 639731 521992 111505 695954 193820 273545 91581 29419 106491 378519 997254 585201 488627 486245 49748 261831 532990 25423 597806 464991 392858 657998 979772 567807 592195 6937 211272 892071 785958 747529 947590 803527 810288 98862 394600 547130 105658 710624 424739 285320 237636 919274 819732 904389 309648 891758 785486 195458 754602 845884 596345 159138 526537 207283 279810 546965 587922 207594 313560 514079 249666 608311 42047 578381 763039 623453 894903 137737 183501 184455 49255 330851 949600 159858 143982 15070 534582 887119 247482 824335 587348 453576 480117 863584 445109 834743 989838 427847 968914 697193 880255 935960 923434 564137 496906 490856 377073 862527 532958 312730 22426 730662 31408 310637 481811 368989 462138 742104 827989 453257 695774 147159 830437 487906 258177 185619 401893 214139 24551 602214 427240 493892 939841 401809 947310 527750 333547 754501 315184 799187 799027 999910 998988 457464 495398 821764 714864 937767 550886 282655 444179 774492 662840 548654 970850 799558 749282 558807 277102 378978 488433 290526 862607 245189 458054 83335 932319 593348 355432 409233 896273 641746 710117 812537 65837 828806 332140 271094 18826 137698 412417 319863 93133 265859 563781 679697 784326 695396 243573 552745 251331 703724 498704 315567 56349 606021 304017 474847 67539 353159 183550 766746 701912 924574 409613 615128 180805 907147 753706 752581 661924 343441 122488 611306 589187 217163 680900 56361 265012 956468 139842 460343 74330 257069 546327 798354 975995 753302 769601 325673 25361 484921 761242 990887 929240 401309 563547 477898 747553 692633 824244 146695 640829 522795 564525 676983 810670 114150 274071 11444 5789 732794 793472 528808 419639 220204 856820 15440 92924 413591 551880 80346 986357 655963 595462 896250 742179 401579 559061 391424 13139 623536 887188 316425 856206 46235 116057 795897 557186 167300 869682 616108 407730 687559 457244 141414 612612 268127 434859 937422 126728 703646 662594 623907 90343 971554 684850 197162 594279 827898 951889 40168 372936 761786 692788 593984 406911 656928 86703 237837 802240 780312 265412 529590 990383 926630 848389 311630 999473 472274 685492 798572 554554 637292 899410 895539 219291 739292 90475 183021 38323 80564 475421 160613 575173 94878 806297 680852 984815 715823 116431 312671 611702 883918 747817 409040 870566 92122 633277 640296 543349 612184 622017 689136 753626 604059 309921 625622 666713 318981 532860 820844 631569 429769 234680 782455 473334 62873 375220 933645 49307 807090 23004 703683 358500 930296 124602 535684 252015 240561 561179 854796 988403 237986 282725 232084 734941 313212 439642 171219 372734 676402 982995 980785 471288 598127 150585 669194 536239 963823 525047 308930 595385 405353 653008 28497 445838 273472 477583 370106 584473 991079 150499 164458 965406 341683 66723 595042 974472 447283 481756 996660 161531 241452 803504 68861 741099 527717 346575 312841 825213 113113 562631 57150 966245 543153 638511 455835 962471 669510 315054 120899 60290 778284 962548 74914 896641 301185 730843 687037 747572 798502 872250 323521 425245 601748 605172 416889 310124 989390 988962 274576 336842 195259 527538 832229 714351 382690 902802 720768 576454 949628 853457 228525 267369 565284 723913 147796 887534 687325 137952 669779 406798 127438 484731 657389 456248 972565 87897 681308 510616 581696 142044 891021 459056 895484 95895 96035 343294 413810 37531 8238 406228 108420 280782 148827 13372 247743 351774 247744 830705 951133 208859 196328 786652 982010 950729 324341 60012 80686 84973 236015 367596 731036 924301 461476 193588 124997 182333 351684 761773 745376 826625 751858 513248 384875 644324 828173 209878 238270 395782 251987 106838 788203 253537 444006 648440 975359 732324 101056 660590 877094 57033 657177 890547 453002 716367 521613 210028 288768 79450 613410 919752 707765 280242 548261 982608 848173 344441 38973 729422 276299 123354 305818 844912 268793 67212 43599 787992 403963 772591 208748 769954 721301 797498 207170 995688 448788 270836 833620 987866 700350 744265 883357 588967 329345 310774 851243 737262 991930 13384 964151 45320 519940 675789 935593 339422 792294 247462 623506 640200 76425 73686 88716 604683 815947 356498 581158 527375 106941 211069 636409 562545 731411 441674 12110 732645 780930 464638 478030 649751 939456 965879 766437 74755 126213 251177 388001 274107 742778 150695 600030 776081 841339 921542 559853 3889 408769 523241 963722 851919 93281 512091 201952 601655 75003 280000 336521 439390 356183 227617 324537 685945 529226 190855 444634 382887 190889 592626 736181 870696 432088 23354 161739 542699 320485 327369 283286 143425 797269 321384 11205 535195 15292 524605 292859 617870 379379 161531 56505 741531 919060 518945 267286 114929 413390 318801 210982 619630 41116 555721 225093 43245 892034 443448 2267 277524 245439 68981 618642 383654 854318 541817 109983 241353 422225 828205 250830 726777 842825 601725 313748 775164 660137 279041 353010 644189 973218 138375 755280 567230 212043 160459 635792 650794 830598 103352 190305 978218 862028 41150 687412 533111 322563 762123 936883 267567 619789 565439 969991 649116 359467 179003 333053 709651 898168 583912 807943 80957 648578 451174 311181 708782 208227 192413 342172 328511 42115 108688 710842 330303 448932 372206 491591 779273 969103 461342 29501 319914 464634 423921 401180 436632 476948 564572 830720 60669 683458 33648 482467 662528 730736 82584 974920 107339 896308 34214 657574 926593 273740 711950 775024 952397 543463 518616 111712 803905 231096 480908 585901 248259 60271 825124 958513 499200 214948 821058 68628 714956 375517 177401 660945 487657 695279 993720 568817 435287 738126 950610 583529 473154 303759 511414 933371 793961 555729 189163 14227 631168 677104 250920 576958 610143 936077 328947 229171 453036 327577 835126 888359 135053 494649 52704 514881 997622 431853 550755 555004 785755 827377 860251 748843 670396 536822 221890 866174 406902 461809 443493 431309 535127 871884 290118 288821 285789 20592 35032 403017 804680 116291 598181 62864 544235 606429 415129 853501 720420 602736 367986 6708 276508 960898 482871 30998 22096 423708 865243 956436 639123 858147 636128 674967 418069 562850 3663 42630 436421 169023 885044 974044 333836 849605 94453 798990 783349 68367 377896 214368 809823 667415 651555 201242 60697 951357 566057 386904 712275 543406 849716 757247 74584 39746 166509 878370 542133 458393 406098 660797 620727 854654 120758 731800 287511 297071 775672 227878 108454 734561 323684 608123 536773 845401 746470 375133 66387 196665 286740 529914 938423 51032 749209 40347 26498 476119 439052 744550 10175 485391 291952 88125 946413 880207 718122 216182 666880 454906 353219 358615 174449 777786 222428 405950 13070 861241 999947 614887 756778 700635 841014 702072 751996 291481 755665 818488 931558 241078 359655 427723 394688 697560 774333 293777 453133 904715 67341 58198 28556 341369 52970 556356 327801 214128 761707 874304 116064 23167 695236 548164 829833 399250 866803 178743 443329 435004 172346 698821 881292 400459 974074 915107 932127 939632 89749 561279 236588 2035 682017 610452 220238 311260 429211 497893 205396 482267 353958 431879 370149 304139 497385 634325 601499 414518 34148 128198 66661 648448 852342 815375 354173 853715 378499 130699 352929 409459 175428 856238 22175 35902 329799 515245 961181 262146 96728 289444 276336 870436 73429 359475 111045 213980 323347 340840 178925 929137 226240 333662 693852 341121 907925 916916 519721 343593 378520 542957 934976 612411 575774 442899 892958 630030 234066 941028 781386 299690 40769 371803 23864 201726 590771 406789 263072 304130 108386 115536 662761 620791 702882 793646 251759 419136 564221 753575 916515 720577 180984 539775 420817 419806 596075 345584 68443 720086 85916 769911 291756 248686 654099 502935 742454 100402 960936 619746 388664 4005 268709 585629 83793 412275 272712 751665 367160 275806 845713 932511 18591 454654 567899 287484 798423 337268 314211 91463 48450 448237 457936 789586 203821 506327 684876 80685 357564 569994 94529 100738 320041 784607 79154 572801 85784 408646 945051 334335 44850 171952 246243 444953 502636 882227 557552 591553 381780 502107 321286 672089 909126 903284 587993 912626 525474 545135 805598 932510 91719 492712 582771 18007 511856 121713 720382 78617 949383 582195 666561 717147 170320 889295 42343 548106 784635 42784 644293 434309 962563 370743 752992 56874 232075 121096 285709 189209 5858 988930 382974 993511 734106 539335 633749 258565 674692 61710 978770 994810 896301 813089 19196 165852 201208 644153 953862 624463 611344 323968 759225 455032 972918 742893 428547 506736 835521 738347 538091 218241 943346 862508 91203 862542 798087 878886 354461 188792 14513 744057 615217 34451 624578 485197 779429 358445 306709 295184 920323 959881 291102 112304 506993 446104 641648 321865 206328 427779 723831 657515 801261 294861 360387 950560 603850 348826 445097 343753 333594 197757 253893 125771 463292 632184 209160 670493 399638 967154 350644 116633 412561 22079 404164 773283 63502 314882 528209 826039 712706 235214 981771 730542 608967 140418 849719 595254 237361 868784 849240 102469 578562 900441 43919 474016 276930 887472 340723 611756 796595 745128 919070 111936 603187 882498 54674 206784 770058 437709 730947 978902 493956 470271 839551 191236 681289 420252 529298 385601 261433 378240 965739 31089 59286 881747 903009 609315 849576 49083 136248 765411 867494 911776 180862 29662 858033 663872 664189 114812 182118 315129 257191 745331 370144 78169 918668 97902 625520 67316 305757 568479 4129 612111 423703 400887 565360 374518 632610 933642 716914 168022 28679 709808 522479 319779 190231 268217 894857 739422 411181 945516 501335 983018 356261 167930 200285 381407 828578 313622 673265 456791 363090 34721 41588 251557 392784 66825 108939 56471 651322 624447 338783 692569 84719 362866 628420 896757 656251 294288 807078 753306 165641 961547 628427 550712 119965 725346 874874 107525 538513 858846 435259 531027 976886 294222 48151 473738 151331 759517 913758 511645 528640 981767 936808 85784 433556 666310 905697 275042 121536 405778 803508 745714 559374 169624 617885 26836 429810 357708 141434 469164 723537 23959 873733 437408 554140 229061 792551 416545 986030 172536 191195 105135 954376 456264 452296 687645 735837 935033 102433 974100 142693 797197 203932 296648 464371 361004 504979 508804 684096 569011 925345 584837 627617 165147 382048 95166 292769 35935 408718 224371 428975 258394 951728 211669 867514 282039 691162 474223 32914 119694 739025 992659 720547 271226 642666 185533 504807 509217 368178 438931 603568 627383 905213 258970 726695 234518 58535 874626 520957 717610 855056 209167 10358 530701 196397 321268 788006 155079 419105 360938 156812 855797 289300 912178 184088 55040 309962 229244 357805 959900 888961 210867 745525 102584 781079 760843 660481 629433 329797 363547 527422 758635 232403 570884 56217 875909 609273 548955 370375 475370 786323 117943 700305 361498 346644 280693 57878 220189 828240 557680 1492 665668 36676 696628 554298 907850 804057 37139 956193 935321 386602 97163 106170 811330 160800 769291 575002 148872 638267 655452 413133 13306 465126 732328 969335 812510 687644 597961 123939 526740 8481 401824 274277 301378 371299 756115 137549 814095 745384 62984 97465 953991 75552 110475 889027 89701 689453 924825 289749 110019 771017 281112 866661 324186 216864 450223 97539 402487 433951 196808 634874 65499 90214 328979 468562 79320 482137 782028 747032 637438 905813 380651 92388 518558 59512 304455 322861 425698 569589 539584 202542 300723 122589 863865 557525 200304 548457 769066 232694 404924 269322 776612 199414 454384 801283 312483 724064 725751 15116 773411 446093 359621 545540 603127 374499 382662 447699 105984 811494 195602 469778 700188 312414 97938 382892 388716 247957 205310 416589 745420 184090 733252 396467 5636 999024 864590 62915 379737 39827 179417 262873 799201 838742 160870 104317 161332 985481 62945 951449 670423 392071 97053 476988 58756 883014 377178 491325 626855 990557 58752 901568 411853 606994 241177 232870 815752 420137 392149 429200 541680 978940 910648 552624 864431 321600 933134 798805 267398 91158 835287 986056 957953 78404 275173 930623 665560 748132 464546 991327 822544 328654 527487 470472 591594 505955 804389 781776 700138 20324 741767 251551 138887 533550 187094 326717 254268 670097 110230 647907 297788 988125 82406 980475 55903 74736 435191 83407 18725 236388 852507 860803 806996 913118 752064 205469 291113 518191 866604 504844 701658 757186 839946 325404 866811 781145 66376 688408 213825 604809 191595 849203 920582 971605 866252 809519 657942 536160 181013 306236 736067 116500 5610 665290 733032 534129 695868 882755 899602 181392 740489 609385 983315 278946 65464 911425 668726 537867 499536 245200 284505 215742 961692 378706 876432 183222 690996 55837 67139 602151 722044 449310 75993 977617 744098 867173 463932 288390 341823 230529 168196 314417 166362 389146 796647 87948 156089 334824 80112 638013 384659 100699 795883 612742 610521 348324 959599 147434 884979 990648 786202 314230 249080 895082 855395 834614 47723 141047 500069 473847 711939 577265 981362 563031 417946 775781 27847 975269 229815 813741 170501 933631 980962 75578 482629 486396 762317 35502 195702 449470 641424 190827 665855 793579 529313 269492 827644 757436 561878 329963 57414 752337 740083 593751 156919 520449 645431 617548 869997 694646 456773 127476 97039 816700 630518 769637 172091 224583 975417 454788 411034 597572 16125 563105 269144 109932 965064 609139 583212 654687 107971 47045 577372 116400 616415 204320 859236 428668 638260 248535 961081 617856 470902 178929 701946 783590 931145 115335 877063 942671 666124 377461 311869 851751 781370 354087 984055 150532 929929 252139 407378 547870 269440 243505 346878 345844 842821 459131 885904 108427 139642 95090 690364 343511 58339 689179 781367 480628 885679 92340 591038 597060 505813 342770 189147 241144 824480 997134 626600 628004 235576 601006 295553 940181 734906 446534 943404 620855 27177 878574 97348 400705 613172 521405 83821 72692 103498 234893 303457 694624 292055 109597 236237 378490 451112 534764 301021 2937 615803 122934 572383 427616 970310 16381 329276 458377 772039 377914 657407 650560 306740 371124 184635 749451 933812 982978 461252 110903 51985 227814 950216 731516 917041 44647 407986 594719 264725 803184 209761 630448 503301 561806 298896 318243 969091 575412 75281 657685 38032 756379 591706 406336 136857 251073 310296 654553 991078 896238 57568 554837 540355 992567 894229 752581 258361 96487 643111 240859 399827 992906 916823 845999 836829 875189 375074 334039 887447 759832 936671 275425 974080 781430 580586 527889 172507 627549 826501 384381 592174 101978 886899 363731 782566 344706 99708 345967 588317 612940 605777 118014 272776 376557 907400 625095 364601 5288 842146 315926 471951 233311 461210 204867 5539 773519 901310 803476 366919 898715 513386 417141 489839 526609 156923 256497 996754 11429 247395 150397 242003 330528 755918 84220 516592 149380 239611 130930 269966 736329 151223 187737 925715 386632 280953 675559 542085 989472 388707 520237 717077 514470 518538 421399 578698 881558 363409 285555 212793 984429 477551 765290 90578 3754 510335 976082 352425 817721 106776 688512 174894 829895 330784 871627 349044 152117 327946 517430 333441 96122 675901 45684 682848 238526 996452 433549 84503 467874 131051 906990 419074 192461 114493 921934 460094 282639 191840 652031 918740 586925 228989 762520 860943 692074 34805 371683 159275 116669 724947 404773 376174 804859 822877 708489 815431 830369 680567 717607 192359 11636 465069 835261 568234 765345 371465 895631 527224 806245 176464 584910 810557 921406 939353 715241 972761 445723 181895 896349 425202 181448 257517 340024 464812 804267 434957 302977 797046 1067 828377 159699 77117 402909 982503 788206 683526 886081 267105 190766 522274 774985 488264 646328 360149 977412 863912 870622 783121 854039 197434 707226 115630 792611 536132 177237 54819 237344 177061 560236 326782 814813 248989 414667 807409 382659 530254 199995 462223 767262 981465 709499 610674 232374 185313 332085 602026 389959 176507 919674 738282 701732 645730 125819 401382 980188 913073 302859 649538 728840 852070 45252 749054 448825 679788 109250 386705 267297 851133 415777 525863 190894 148631 710611 988130 442240 992862 653408 56966 272083 221200 655479 497159 329216 327683 120832 547252 298448 88924 3946 753495 431631 394386 246084 813079 840968 589411 917276 901994 868163 124886 178348 578337 598021 938418 716912 184828 958917 481120 601842 872249 258442 455244 378943 173257 717040 793895 747799 901052 15 903832 353613 450031 717897 867410 886439 649589 516462 408387 970299 615566 949942 846100 210187 966579 319063 970216 556230 109316 733304 506608 783384 51823 166273 535658 435491 992709 910448 949523 875009 50494 882620 323196 18869 915655 776869 934196 560247 959006 230399 55074 804007 606354 16852 746980 38282 598722 633668 768041 667449 322676 680425 652277 78609 729954 600360 939072 991875 520666 306342 998959 636196 608050 601995 232171 62687 318888 925802 125420 924344 496926 510815 624746 838800 573141 363228 374408 993548 870839 915878 39169 939255 932616 470583 244744 977329 427625 537575 658366 688486 264505 826409 695140 684226 644015 434331 971192 960597 661611 504883 284081 953316 354157 841395 538172 472468 307422 154501 585327 235944 331753 239876 132272 607785 688464 490786 518614 301523 556587 209632 727857 677247 156623 994875 582814 276737 861781 966777 61849 544268 252641 469626 164444 92266 960192 424185 567605 354565 34079 494615 666343 491947 909229 942893 304271 467274 603303 867244 254586 19563 805053 911785 51604 294348 306522 135978 453907 542995 203278 756493 304144 449590 32469 854144 821187 716100 988386 861897 695243 824706 775975 483864 747795 532826 694976 703252 748940 645806 263160 12594 529763 293007 375751 923949 562062 453639 809772 686841 421963 125618 937353 598471 447176 233637 827958 250590 157546 804958 218318 322375 146068 865057 578312 903411 974801 379715 481313 687996 351385 377093 630258 735387 809771 501905 771244 850134 508665 321318 929164 260004 768758 471197 52681 936025 999813 182142 444820 922703 181697 43526 973756 518861 2280 518979 629752 543862 993502 946323 567551 987802 149740 614590 570785 637159 436484 316249 889458 44682 670339 354804 114436 954554 991002 217229 772185 353017 592991 497024 372717 726362 863867 445083 166727 412610 102732 977042 6674 157041 627801 265843 463239 296315 624228 385960 439256 886009 291776 681528 931735 955511 661709 240381 95458 376583 40555 2697 423592 607210 637237 776907 415624 456686 407532 442078 718708 703607 504567 557439 588179 736172 304888 41896 379197 536240 142121 39292 704970 377660 240954 135704 912392 739009 377484 116965 42117 85354 538379 266322 456926 517538 268730 903869 940700 438070 615037 772189 55344 717763 269073 648471 758751 354980 83144 325927 513968 761893 913684 824997 360988 149461 702153 179590 62172 843841 918752 315170 379755 426589 752929 231859 528112 284632 91581 438101 366929 44341 847171 641934 851126 885217 681674 586500 240521 247124 26217 846090 809435 98444 324072 77761 656935 293404 945069 40306 625537 383172 565310 253001 181605 425201 381190 22020 264201 903917 910055 952151 342928 531176 604084 636051 449139 709858 919827 397344 276934 248947 298704 143123 10448 428530 952036 688261 212271 455704 509994 569015 145113 53505 550698 893124 698051 641916 54411 270000 412710 916885 249765 386717 601402 384413 364927 609438 813909 251733 144483 567854 973099 535001 563975 454209 932030 381106 38342 420080 23581 859707 620613 712546 528194 538060 783376 599372 328134 117305 469417 507313 506493 100635 572353 842655 572207 754934 854206 81825 108668 602471 618850 404006 482327 628350 338172 392401 421712 88164 525611 403519 33229 291258 260095 137002 486100 675913 317879 308791 48634 656777 642656 170382 893889 907490 127725 698426 458627 221883 584916 695702 973154 710019 691053 656120 805824 641307 45698 189525 747395 146828 875081 412629 236033 713268 811543 516375 301286 475332 644528 56256 215542 374712 301202 481166 966341 848033 847721 443004 761943 543933 261207 350738 479897 978639 230894 896193 548553 891132 69322 354587 640816 535073 418439 752776 293184 259368 269746 329915 262679 750667 540192 227244 454659 270669 404159 450380 420349 41255 627418 839877 318491 641970 775613 231593 853398 458013 750462 208771 283482 631320 322728 23505 237469 773468 823105 142407 160297 85394 21470 129200 273757 795892 716059 11925 843686 56205 539686 635663 678232 742314 757560 332948 275852 520523 867527 768252 157746 909006 421070 131515 304237 621839 286512 343591 554677 125286 892598 629706 283026 342441 791702 113253 68275 667868 971873 892430 855841 359465 473285 264417 436849 391565 336100 15290 655005 291490 96502 672364 218237 239810 369406 399419 351121 752188 379760 828769 258042 855496 818739 447115 462620 592531 389044 286368 618480 617686 59750 851565 604034 522931 756341 591639 291511 144178 318338 128757 541028 101093 440697 757894 133853 116103 766675 581123 373814 356029 661740 36610 615757 299673 526538 476638 360713 10390 389769 227584 769543 893304 71830 447269 922725 98251 488875 850387 214266 760754 418470 182449 706170 830770 118767 393714 982940 170915 738299 657514 862325 198893 744717 300577 803688 687873 34775 46750 51001 538392 552243 443557 867586 204347 751022 30889 230212 26626 539338 729581 941975 265870 273844 382000 171882 861585 549077 986574 140281 384119 958504 147788 711274 468083 14626 920108 132554 572222 836298 404527 684500 484611 13177 504786 910643 316927 772073 58514 697277 608184 764733 880963 166396 253510 515045 569304 407025 847775 396125 474313 184177 884400 186613 578190 25028 230935 433784 778031 966667 269741 515788 610533 939903 26970 785817 526624 160775 502975 955832 882417 346852 565670 45858 917323 698688 436826 107085 238880 101302 697485 475453 905686 144502 166513 593885 128688 248635 365233 950394 308740 10018 553891 179578 207831 777641 965079 301926 508647 912698 668279 862374 658738 615736 64974 401622 390228 406687 723452 762421 960346 221151 357776 91826 522064 725305 272374 175722 492020 837100 615196 38164 267598 260081 249774 467278 680818 918774 714523 469332 896873 652847 739428 92390 78424 672815 281129 889142 282677 268985 782069 588729 889572 126304 759249 360022 948608 628924 402443 450103 354170 266570 723115 589941 721142 847826 239991 214278 179663 937085 852628 948043 828589 928090 54795 54186 791309 357914 257910 88290 134251 554828 449354 948745 268432 265992 274040 371697 405793 110932 729343 558191 366136 203156 43940 857695 635696 130330 56493 538335 291278 509722 315020 860824 487555 923146 841440 944141 969054 104928 339931 572936 593248 32583 99708 560336 801761 987367 664983 92373 921754 184258 380507 284125 274926 495606 380498 817754 813847 553223 690114 812976 495435 71466 146276 420739 716327 191159 547697 506886 112054 974270 827372 562678 491635 17417 779889 539098 112913 561107 315515 881964 984198 742937 355366 596497 320742 111028 346019 602734 843537 515440 265335 223386 626544 507268 702306 654588 268921 179308 103847 701137 227372 28853 639398 666215 149203 764421 270888 856022 560577 442774 293008 118119 460917 976238 732236 395570 562570 250586 954328 245360 42774 77671 659698 494575 853885 86013 869153 301915 722303 736940 835463 942975 405066 266360 519419 398415 789386 723704 392869 749556 28879 509291 868354 521901 184245 393206 589172 126667 274424 573529 49213 785294 223304 88938 800432 93923 38688 446659 880236 662212 48686 406023 412311 233500 118477 752916 210046 731648 236955 36209 41412 668159 499876 578238 116922 519891 420283 740850 627233 783486 544958 797490 769474 257923 85321 963723 997107 784039 113567 96078 948981 331741 487624 444570 719911 840612 408279 9348 451220 698766 301435 994726 138804 947301 855832 371543 17627 661094 255002 47576 203814 117330 640906 505136 601593 241527 289924 412545 381251 497960 944954 422446 318443 611851 36955 688018 237389 85449 147645 536344 149267 338152 482132 320662 98228 275039 538052 779676 502604 171549 430688 181082 390995 523169 417590 350330 886258 283630 653803 998211 18799 814204 503143 982811 881771 437568 645457 499056 278898 384896 510459 58657 428171 250941 328629 322765 925512 177596 551095 156703 635043 92833 682228 205636 70829 737475 452211 692310 972649 445111 155798 237301 299670 169429 378958 991066 342674 271096 473938 263001 347943 34323 64897 709458 856129 962470 982037 652609 651355 770006 417857 165233 534219 122593 672593 396459 629869 322524 588714 855204 248938 967486 561848 843631 245962 963328 800995 160247 909902 70996 563090 629366 752847 72718 591534 325093 164287 976033 110130 161619 112212 10553 200651 696187 913668 386095 232597 464505 901145 956794 27157 662677 155230 12167 257105 286089 411955 417490 82955 975667 541636 331543 1652 993948 165553 603801 761607 109051 372711 148066 310913 544217 939850 364025 372043 918872 669307 27141 152801 482078 281265 433015 149006 231144 29753 756126 592578 556781 626576 571444 103338 945839 619602 247043 420650 706817 109771 981874 676305 911598 179393 834504 541923 973916 96226 379408 965495 31574 967448 213422 745834 987144 821467 81319 654916 379661 215300 249654 29327 860444 609856 323654 880896 198034 992313 759781 609324 757751 99856 241033 26122 988293 635169 860117 499974 392302 888823 762009 939504 494079 477048 831338 787861 373887 683285 742096 928544 624869 357810 82802 527327 374373 338997 435160 974922 285135 241788 106659 471332 409429 631944 191943 943101 187975 521450 423215 79079 766333 805200 53002 248548 705493 488141 353642 37307 796353 538502 629069 154668 883128 641320 201670 477297 956593 147636 112668 56659 793014 227164 889300 306119 965551 375141 707122 131071 995681 607592 691511 912221 476088 554715 533987 751328 569895 849724 309190 253833 681186 430257 894251 198807 761009 819116 641347 285024 99325 640794 3 871577 464513 780096 474220 981761 127103 816719 154971 269039 6803 101938 936136 799408 383165 551733 49718 552556 298109 50266 774635 581106 820764 783277 940068 55011 955041 197609 892287 134993 744089 629596 550235 453225 480010 278906 292964 19622 697772 102294 510045 49443 940879 414460 47418 619183 9247 235342 489735 917937 607490 185841 990269 677034 535100 998925 541598 631941 60101 285562 959596 830113 441008 547801 685088 141816 675985 811867 207059 721576 33719 344373 514384 408942 392346 841778 799459 897476 109671 687402 392210 731435 668011 89452 885232 760703 80908 805583 311965 965476 644416 756124 239804 968027 661402 425594 981207 669689 384486 831821 213592 476265 81064 798939 410623 937512 588845 655556 805517 339896 910499 804911 551388 530330 159486 318786 307697 89575 446533 758263 518558 790107 855973 894975 557291 231617 237174 79481 819114 593395 810578 962574 233698 66021 138063 579152 702840 343047 297580 161632 137129 483682 936451 398500 393623 914582 450668 158711 571130 372865 599157 717013 580639 713573 94272 455047 774883 111468 699756 588937 575464 548502 176467 733624 544019 592895 108351 743330 702574 167692 773032 844412 421808 177318 62360 724615 144421 260749 381725 535951 281301 960164 406647 927769 585926 834603 609450 904033 971871 569691 731950 868505 133535 38414 961483 308354 349011 395076 480469 205621 469120 667115 354207 799564 107231 969282 510750 839317 692946 652315 678188 45102 895755 5401 530871 129371 994924 715372 696508 93412 40305 272153 679009 628111 405730 849811 869734 628709 835605 885141 471291 873931 669061 18614 534266 717292 161619 323819 250013 167358 308374 94097 204553 327069 416999 69930 614341 266239 749782 66126 312030 119521 55382 774519 237915 500491 520345 818696 687285 276748 45979 423500 201719 239590 825129 809274 193798 547168 299955 263319 79563 653846 555842 90565 890043 383053 502236 659203 417385 320977 964210 799495 741381 374241 590566 254294 813588 552199 293464 213317 423626 777370 210127 919697 150229 448983 931519 919788 86835 349869 519989 124418 845112 14263 870698 841998 938634 782549 506358 15151 840868 586491 314460 579423 890703 964231 922133 118175 474541 354561 410786 519996 66736 765779 938661 469976 842067 108916 645796 949821 382016 607180 390442 775294 796475 458554 647918 77381 549738 44403 60026 700864 631885 314152 333581 880340 501441 573574 85349 59134 761143 17326 527613 970420 753512 287071 785829 253348 369750 111798 372345 342573 873099 158677 204589 342397 51115 563638 571906 196699 127266 359137 402647 28 528680 767351 93648 528427 790594 930027 955828 366955 984413 315998 821189 878455 496760 234650 652304 45083 857653 664600 141635 993962 248402 527732 618211 697409 636210 277270 393174 914547 390940 352153 517589 747675 570928 463477 528553 443880 845026 360088 750595 195772 598984 380451 281704 452062 883205 734663 176249 480892 439526 900954 471800 910026 932196 759608 263580 682312 315749 640600 512860 607841 355363 475497 7212 318154 604207 177744 886027 397184 994347 687340 991331 168047 581878 813055 184323 810625 668805 837220 30940 769822 793825 698020 274014 424479 330372 919409 421619 35051 138464 794691 46930 561546 439729 544939 923157 170910 162319 513011 699796 577943 84568 655552 59486 462610 29407 343248 192044 690710 795478 225383 559286 179240 641803 723781 104401 732391 392196 259000 63334 162185 157837 453003 231232 977066 785670 330311 601619 686685 934567 272734 898673 604183 976816 761296 389051 359803 850302 725258 651255 832595 298930 561995 86536 158902 915871 499324 605371 128712 23845 223785 989939 347604 227087 263054 499008 711464 260552 872921 653620 66675 765872 785410 929930 658610 56737 74912 170802 465056 145917 595302 518175 521901 746703 928494 756564 854667 495688 499136 114053 337971 966302 865744 521157 235473 163830 877457 14215 326819 314834 707170 393305 616337 943953 537797 371055 760032 77187 595898 270486 783259 372881 278054 291664 612628 626344 736203 449625 933386 663969 919445 288974 393666 952608 459800 771470 98528 358765 931808 628406 140680 873982 474425 786301 995483 676082 234552 60322 926465 75817 389700 38242 346428 297832 540665 104122 760684 274499 203692 678425 443213 9173 369620 496293 750015 811202 517282 473117 385753 388965 205308 775775 384383 413104 111298 922469 342607 414390 916536 251353 509415 256831 387333 735333 467958 8967 476460 399377 95604 898749 608342 979964 562724 415127 711606 717727 827911 792776 520767 483088 792801 22172 783614 815569 312991 789602 497111 300431 835912 734211 996572 398083 284411 807456 1657 157189 975466 112805 199241 957773 501671 594104 964796 397975 387878 623111 382975 436173 888591 425514 216271 118589 617582 78017 565261 443500 603859 79078 22249 138700 343426 932061 645454 910116 675821 638078 111730 810143 48221 222272 380183 504268 576800 130724 590091 382326 39601 516418 360400 867096 897741 409019 525331 195565 863632 122295 915771 707156 735444 959112 778058 102893 626418 633435 871722 289573 194342 758134 758113 143366 462839 575157 903292 35518 156654 974609 823390 741412 556297 214471 481707 958348 108321 767658 812715 451738 352446 27307 155076 847663 463949 791378 879055 282392 731818 922615 753080 748056 266272 783549 298201 289376 45045 787836 280476 876424 222031 495656 176918 772487 908308 685884 251783 679034 643050 531230 209979 546066 276278 639635 852218 788339 400592 379963 715660 933759 737901 761472 964115 492433 899738 898993 275285 701399 968124 736250 142713 788858 986262 920028 85857 23719 93228 216903 107605 166610 105639 787387 46908 418170 730734 501819 37544 294473 667318 24986 197746 803578 710736 338239 77765 120887 797934 840837 242954 544182 726455 853640 557287 973493 199659 141224 503772 520841 284712 260349 957832 88661 2233 136739 409123 499535 768131 743629 831431 845711 86305 684964 322884 558578 492615 718234 217848 990919 248291 197422 367103 645580 306724 323854 997496 784907 362475 510824 644662 754620 84467 756595 778397 906930 513881 837376 967860 257156 864703 55322 927079 804441 34775 408783 533616 159801 240063 959744 615606 847177 164533 815189 626868 631517 399328 110741 782976 818330 783178 329809 118469 389849 800000 193988 593742 319980 958192 53910 529135 599223 365564 836927 739020 159533 684593 920707 300892 943746 7705 334975 159622 530311 494399 84315 468080 225677 708505 431361 547588 387150 967632 527811 582393 470597 357466 882666 13310 583282 652138 195835 296372 144913 923786 703251 908167 194580 390505 261790 563339 535613 14026 641555 634678 28771 448868 342302 540850 626842 21790 455012 630753 106710 937673 32595 470679 460480 168705 394691 985586 738204 949745 326016 363597 89164 638850 51239 472392 741613 293047 14164 841105 740198 623565 35808 991925 591784 570548 367368 792064 394654 52175 104803 434968 821471 838293 161894 275520 21438 522348 94156 517785 637397 117362 152189 499328 595522 123996 343622 319704 860864 677128 571539 538242 655366 886494 619428 391811 195954 628974 601227 134298 212274 343405 982432 564401 280331 869129 919544 192304 64951 139735 424077 670638 912293 663849 154820 233331 161405 363384 604831 414096 184885 52428 750227 16406 164952 794057 568169 108408 881781 237717 555201 716479 515946 883243 572930 144781 638446 256038 116349 561959 928208 147869 514019 969512 667659 974929 932456 56764 188390 487239 212482 278786 754829 702060 684431 178651 61048 146959 860820 31301 268841 494787 441298 258266 592631 819620 947167 572730 794057 657377 735221 96075 622225 33149 81023 286148 601087 213378 792746 74054 128472 299409 695523 420546 531210 360600 166786 720213 552750 994946 471410 461262 445179 698632 338992 982149 507754 960 980892 126666 820416 210943 909537 122252 574143 294970 869905 949471 712227 609589 180692 976974 847288 545281 530693 135114 74052 446783 627695 7030 929383 147977 249232 373071 859790 916114 576361 890122 970763 752408 171956 271797 935848 361006 204792 995238 751602 193787 652758 145702 987498 761697 845217 260483 349431 181369 57835 155986 461056 50672 58801 498168 985400 813732 107563 616872 663453 333432 941903 336752 126621 776892 980563 868081 538827 301882 571989 652292 948418 909091 126947 777292 542891 89418 128411 379700 722461 723335 97602 212887 991625 97516 359983 671159 636214 790054 478023 700762 462697 941836 626490 749825 357949 371009 77435 827966 741978 741347 231637 788751 64104 968842 624880 97393 55550 581899 328905 590617 933133 590232 73230 132716 208777 455510 51543 821998 993039 107899 584788 323382 992711 276302 306652 305019 400968 677547 195602 638786 720883 955127 596223 696102 170606 972883 751184 542329 899378 652701 225632 790536 896464 294378 183539 673613 94815 197724 861843 900949 491225 77337 705439 590078 484269 712763 989602 17459 369613 373778 490435 252587 365518 851840 376034 816945 318 260760 479002 785424 61087 327064 452014 734264 577123 820323 642454 314919 547034 910077 319254 774334 756467 656087 910896 591098 717557 319528 960399 58637 819509 484679 225814 599717 777127 643939 765481 728802 700264 227824 910444 420325 944034 243767 309284 916521 973954 331549 874365 757446 418463 435841 224411 56841 74706 524114 956698 80704 111647 274611 279961 968286 595660 35174 258720 193875 836737 248242 268112 375796 667292 967914 74693 295725 201111 771584 417414 244918 57216 507969 959226 823537 229239 53938 527226 879339 481357 296484 274061 169925 766688 165890 524584 745516 408591 350948 548903 551979 34799 304192 991659 412758 820665 730795 587617 95138 987195 599413 138616 174794 523879 206757 696543 529112 689510 947980 175287 196681 36646 807926 403710 685242 790136 655544 42812 457068 631525 361086 661970 763480 370480 219566 876838 251780 278018 174856 228858 857768 788987 225516 689143 73378 932240 712922 840210 919593 697215 531314 929254 927044 168922 443677 633861 91142 235725 850334 440591 418751 607726 76972 5603 360237 560049 899432 5327 386195 483177 421100 391443 916113 784541 636992 1647 704756 636859 424926 529894 794448 710772 685561 264868 284688 721607 217589 152792 319049 21136 787326 771867 773841 11459 413748 497271 826854 886570 385421 772686 632034 983364 647324 84886 28717 426406 90343 994477 580619 627974 715245 41007 822058 878994 61224 398332 735208 341517 529646 62043 505521 930922 56369 667181 647901 287647 865593 170668 901526 738723 9536 536529 93755 151260 387489 269046 147768 877769 337136 918650 472200 569389 35674 165519 612532 419226 289420 16820 850010 926188 4108 955269 275992 178963 743099 801318 177002 315951 455556 965307 668071 718441 299936 344014 970533 114090 889897 228451 566047 223065 952673 508891 173327 924857 877775 96021 858563 647959 553021 858229 223927 220033 405258 75577 154675 397207 306710 827989 269775 144377 80257 421630 61340 689123 171916 240210 384750 437384 465231 439971 877127 478063 697050 517958 441410 360830 812401 208686 564698 304720 933377 871492 366425 103328 182463 179023 247586 772153 876566 735606 751948 968035 138191 137948 293625 418870 274573 618596 743450 695626 748903 583492 307453 767061 932449 640184 770276 190527 444617 553770 213018 469595 906035 441888 67654 532369 728664 735687 300059 396816 564589 533097 651809 472748 707244 78144 818425 617132 396700 94052 230272 217872 717522 714440 84757 717088 830362 458992 269825 137732 291413 987339 592541 226325 646681 7418 970561 612542 186444 829098 729974 452438 106310 113549 869080 303100 12665 900502 146277 945729 260473 901409 505316 192926 592573 119361 883237 209056 925578 384027 71446 218194 384237 268340 719597 242131 900775 459572 142119 321679 65835 320736 390186 392758 859057 225986 268555 843296 210956 487528 235389 57560 410471 921594 220955 136880 194908 718400 620870 401601 929962 309501 340390 813996 443894 656373 2782 226285 374536 199968 188288 845449 395261 216531 153764 208393 906029 81436 771858 745755 39308 56894 505625 715855 55867 599364 743021 933157 955563 794544 977733 780084 868445 492934 180190 613054 101888 446814 605636 666779 954192 823438 94355 620824 73132 758252 585893 66456 462095 583599 374867 571918 594339 895112 587011 558130 182770 818845 438666 15492 250883 21400 294425 688519 706497 475926 198196 771289 539891 970109 313819 925756 646978 418300 123358 363661 357821 185977 844420 814712 59018 979698 271217 682104 222857 72509 708289 336935 863590 626700 517517 999685 147056 376838 285396 731224 606207 937896 206844 420304 365155 509745 452601 271024 607568 878695 419320 154250 389672 653522 254980 845237 21753 387913 927836 702308 627861 71453 477794 240781 84783 333836 373805 91194 541826 537431 534867 879519 489286 114368 339868 894457 551188 880735 789301 898962 294596 450698 211775 598389 391290 74749 606106 883296 737070 618410 462461 334536 503069 547442 580066 123788 443516 751475 551218 958140 878715 227961 720561 777811 840470 661228 96064 209635 808926 292886 589149 845386 270084 419164 610056 787364 438797 251468 883984 309984 483425 79547 981355 432507 358241 40561 486614 822185 570253 73748 526940 891778 411587 367376 640148 499060 808217 495061 884024 676600 449070 978066 235874 283110 716097 725902 511981 977432 142241 273938 944261 967288 974460 882626 672709 591719 641316 474550 764351 976802 309670 540088 496556 547520 454780 303891 897105 133537 958393 514432 249484 582954 214368 663007 410194 981971 568327 954542 486732 391769 732448 6548 2081 90495 899086 599820 998907 790901 790083 668341 181478 49042 298178 252133 553468 861373 909340 528982 667241 629081 740919 224270 61054 588452 511588 758252 738959 636282 315425 635071 412937 585794 646058 481761 103748 879087 571026 166254 854179 863307 258933 779852 727434 12808 216297 211616 666684 711178 48877 818072 314506 40243 103908 786041 690082 154909 959324 429481 588764 796857 514753 590463 99437 91391 465841 413303 989289 425653 480183 124579 895217 318080 424914 923808 639464 394970 649261 600966 145167 175999 317789 249722 363746 517229 425236 40518 407754 804471 11077 443322 979577 556787 974386 670631 784474 302520 359133 757879 38690 494392 114950 356397 52506 161919 208998 392529 748670 192226 812012 722881 884215 185014 851443 743 107328 776174 136244 239346 64342 764667 879386 831591 317831 457452 82499 669088 900810 664335 308628 310160 700013 758366 996000 777179 931669 711007 427371 650554 142333 334780 370172 490108 867823 499720 166741 644672 818968 573815 955262 780145 101159 991742 108375 170184 626555 178767 435874 119681 599946 824993 473775 674633 508396 642609 10733 644093 721519 363881 320414 617257 763754 905777 291563 720670 561876 223146 858589 353621 322257 324860 150843 648346 286877 437975 138090 414821 280391 427646 418605 744885 888896 409320 730860 61901 650451 975439 120160 634947 610436 800027 577415 782741 664731 515490 160532 797403 567866 16021 607786 599340 844844 692543 317129 181695 460655 660717 961 525012 120784 816483 501275 543326 317236 816843 372212 343850 878318 969598 395760 402710 96340 459763 923602 964936 599487 867125 959269 356485 232030 663484 199392 986681 280402 990690 815928 279567 605192 916700 647941 409881 137364 655067 320504 176507 767284 934365 33923 958718 780536 596416 889885 731308 922846 360979 365200 346519 505386 510782 583983 501850 228292 164372 322712 797969 979009 95331 737123 413262 545163 461408 525398 634665 413794 656822 328051 32684 225590 111481 205111 420311 342358 484876 658941 329667 924711 399306 529900 468162 914252 637541 640615 225274 998764 276870 608007 502121 89175 962155 408697 514228 327024 417679 739737 296624 47985 256654 794364 260397 371913 838277 456803 882280 194363 597760 684777 39970 703365 700268 69927 131362 394264 836292 85848 613418 796649 64802 464036 337569 305568 595111 415378 245828 385405 631764 787139 491054 217465 623699 507109 553751 107413 64901 848483 186859 820179 875978 874263 347404 29389 926670 245874 932983 228129 828766 691274 488820 363598 144588 987727 495730 933616 870634 918505 726203 695069 824666 609492 722452 769138 272552 490770 640071 572554 435579 593439 533393 789255 434265 368899 692059 505606 373024 87132 774810 753398 412859 64412 190793 314446 1620 401803 319987 42474 439556 958238 936329 73982 204567 262058 869949 533670 117390 360721 141678 72271 630553 14980 853953 898032 205802 62256 669396 933275 778760 881634 208289 811614 179227 330503 723362 661960 840583 499370 2548 406543 502403 879761 975899 384761 232833 874271 480350 248505 167581 707159 403822 505120 301811 941743 663572 331596 244399 51502 260556 334142 798829 809569 839384 947408 965764 388986 935717 398375 435503 814883 600536 49051 158146 975231 700001 197273 793723 978924 233156 98718 711222 909055 73337 296684 265413 996250 108463 969079 971820 910489 9505 740404 980626 666230 156486 396979 27701 388332 926686 685080 483340 278786 858874 701994 471004 292508 472448 43679 52911 482510 837868 840730 436113 792246 497618 224152 470388 144045 497491 201209 265531 973347 474722 203475 212908 846761 592425 214142 997894 358251 610100 954468 750063 132797 344171 792556 838479 947366 827546 546241 457413 9615 712603 24341 167299 551150 214987 111137 498851 601017 951003 982101 887398 295588 154120 871404 456991 35106 441566 739742 755927 819479 298423 123230 113601 516028 378263 386865 868246 564655 395671 167328 327856 626570 822200 971728 855973 617162 347606 638609 761138 499622 290212 254955 301357 604691 649694 222372 243986 217644 84386 962286 87721 544509 853167 78082 246478 354595 853739 785615 926582 19559 848796 204859 275361 338932 936101 133687 81485 419904 187124 621947 51405 641303 138375 631976 856214 531287 694998 922125 28977 732292 173584 724620 924506 416672 121829 185708 272075 434919 629410 939898 544944 928641 194547 313418 942944 926561 903660 535759 819889 340478 8086 232923 587962 509905 809664 348183 929456 163822 970701 641042 595611 49229 816041 436 64738 859534 438521 361917 399933 353301 965964 676830 778607 560837 576124 969756 722426 87201 961214 905258 365193 781245 124164 600182 280693 61455 543769 375995 924604 780266 681662 90114 920861 939357 668874 241876 308037 559819 669213 557331 145985 642231 458471 329054 136243 871894 354328 213444 218832 647150 690509 744205 489910 775475 261100 693682 702602 678624 919337 255447 48545 625527 595686 581204 352314 851077 506714 355740 97570 303517 16809 685570 95352 895509 381688 200935 275797 305458 992995 921314 311448 33327 715126 902447 455204 316484 568342 427935 373253 350016 752703 965636 475248 964696 833548 518187 347858 647825 702299 535788 860954 273207 66440 585756 383646 129639 125508 986013 160797 615522 223116 159258 907076 542282 57913 808171 223019 474960 86139 122285 329184 590222 390730 118704 712820 501576 406278 601594 228143 635780 670034 266645 69200 783411 291052 820597 622840 542860 28771 16722 695314 969422 539665 25479 587979 43899 736332 137909 113954 812591 709688 553533 569625 370047 332888 549873 658809 111579 423000 473006 654309 237676 320433 491680 675802 11931 340999 421847 549822 156546 117310 809851 463801 602471 172181 830297 309655 345756 462453 921863 890914 246240 222977 963257 612633 718413 874179 906878 980911 51208 621370 459837 97202 40032 830938 734952 131881 821887 224930 58794 815556 901100 489761 10593 844685 972950 677850 269943 717825 476688 890195 583207 425348 451051 189905 7644 84509 987334 977068 204977 621492 196282 363283 729276 832484 89744 660564 858524 555216 583801 453130 716277 47323 189072 505589 693364 817713 314490 616319 495046 508547 9487 735181 57058 460944 936321 855076 581878 913592 457143 697327 444030 779593 442588 474314 841113 971259 308220 890429 859868 102843 170177 645156 911129 88948 492374 642797 77012 690549 503326 88523 78736 275207 785829 464070 426119 625097 636440 897762 77830 873414 473487 792524 540258 981917 928199 89758 133809 806250 197304 428976 759906 441750 426698 872822 728294 686560 133853 928687 613828 238994 788783 39032 927087 977064 220403 391915 980105 684487 161514 225667 916763 929790 852586 721995 52053 280141 398532 708340 97045 852224 991834 693347 677731 394696 602340 679941 499561 952763 691680 400350 760844 638896 255853 950 394640 801543 447649 946634 641589 218457 936171 609979 372564 98936 820590 846790 274133 626028 714626 706898 934059 350198 701987 542056 993867 103672 922914 224744 95136 438622 977259 599032 14339 338005 37065 128 77327 856454 406818 121194 937861 57197 285819 58011 392273 854891 645795 572919 296326 969893 677552 693300 147588 81874 432205 941860 158628 143398 489859 976161 827785 541425 23580 141918 470027 210132 73474 279961 210601 474917 936226 666869 463033 471745 450402 620735 995611 140057 515955 2268 609983 810129 774424 108907 476151 208459 574328 98968 744968 716825 661290 622158 109805 588523 334466 635393 119755 335418 504519 427653 507641 419985 921995 414822 234784 24156 598508 205639 469911 700574 942360 893938 152456 982362 550394 427177 206428 161732 89024 127074 714761 236252 243705 237013 458048 255391 262411 787462 8544 704240 706638 113635 939990 141861 710938 542449 165317 989476 141673 293550 705699 425888 84304 146441 402972 775902 944623 814529 545774 617317 557864 791591 7541 446069 984536 419630 568856 410971 993486 127487 364709 894169 503964 134642 175944 253993 655481 162769 818627 351491 30067 777657 25817 66863 451682 335041 732946 43074 163936 612939 613976 576617 71127 15887 946427 104004 949985 564455 262261 72675 55049 357874 966364 102698 71053 732291 159986 646307 320228 877850 303474 86823 24937 786029 254547 893649 821730 645455 887826 827106 628689 37902 943182 671497 183331 136546 530773 621043 36012 284004 871087 344196 723359 878789 307213 446948 375422 152180 524050 436345 389162 860037 661764 537360 269108 533088 755095 190516 125407 629071 591152 786910 479143 196611 921995 717208 84060 778020 976975 588073 818124 528708 622897 260074 736733 737149 579319 187303 952062 784337 914603 240659 964455 59066 367746 467667 966332 669899 224540 608876 386854 615576 899629 335401 645756 107040 227039 174705 105608 925262 255963 167209 830595 508490 736108 49819 447174 433729 261601 702305 550540 693208 160258 686032 867051 321517 384727 858990 463349 146450 739709 27460 896955 393384 609659 635341 676806 114433 189963 298937 225801 86657 464816 661075 556512 235995 546505 732883 475116 771045 513454 850489 387294 852256 639380 257214 518571 423868 558762 621709 117230 526992 895036 926148 752148 680703 673212 617091 460368 656124 105061 311986 544218 830016 955144 705272 745451 349455 395957 579888 183415 10652 385468 448680 513868 929432 975598 911 565529 66408 749055 282639 332552 454069 257169 451258 856517 878611 501879 69702 820224 871666 21430 791704 117404 905025 220404 387747 469765 725291 999289 116667 528998 124133 194056 912980 390685 389708 804701 975648 182491 237401 671369 871382 17966 781223 316980 189283 57793 276104 670038 624194 571966 322776 698375 343274 806282 472045 365144 744000 151340 462766 144929 674121 860267 844913 565463 981279 751041 376590 67824 97600 870185 978548 84353 331129 324943 107254 711645 503275 522227 565293 814555 608477 749784 590210 46033 70501 322296 871507 44155 69264 395982 576362 889836 81987 515793 640845 446496 870854 312321 169068 71817 1015 229277 87184 178456 224580 130279 917105 472895 757664 100463 23536 266546 786557 458051 607706 47792 771664 458383 791254 905171 135233 766840 207799 661957 676997 25047 407557 54009 178254 260559 506374 924499 286226 7009 98774 688177 903972 852108 823879 605680 996070 222116 118896 639489 258595 233763 5025 729418 397344 383870 440023 888314 878222 904485 668331 442809 888125 173137 211290 834927 787676 155812 835343 83202 875044 520272 654379 898765 338280 161624 533473 369561 70770 679422 259914 582689 146891 925462 309705 580321 964897 409983 708164 257081 938126 236925 220014 403246 146282 132061 757385 645991 27995 375052 722251 598823 828400 544979 328693 982774 496483 378981 66658 116579 276586 275679 337828 380316 157396 641703 801240 455687 271849 254875 192868 567943 950521 808350 727830 513903 62890 603508 106768 677242 417944 67899 382966 274450 385758 640926 513214 933156 32789 590387 815960 603086 839476 3367 701830 497165 834777 274672 682712 40352 708211 425675 904828 744806 987790 502708 812708 436479 658902 995973 603239 302910 551906 692336 856220 187701 335516 4108 410111 267819 723499 817294 408647 671245 800764 482332 725501 708275 680674 905620 643252 972524 122738 268584 621525 357820 132418 412982 761022 577989 400599 150736 294164 569980 891014 389840 492363 558223 715111 132559 616763 549909 86633 929057 40070 716682 87373 573017 328800 637846 413093 588393 278568 229546 329263 993901 860880 702713 732209 671830 611760 18921 546016 423561 340865 791441 53617 171184 346362 830110 341665 910982 906665 364998 285328 671728 147925 744396 730730 912071 45069 722690 800362 271247 754915 950074 432552 186536 730608 594095 121412 86392 757530 159157 392149 474623 58352 513242 159802 791076 414799 705854 136041 837647 689219 429803 584757 697758 190443 743580 396408 131953 960130 71387 69206 754523 425575 522013 569527 263047 92628 917238 322292 857166 179427 468151 528583 412402 58893 899905 510512 398665 344433 118169 428920 597457 146848 248365 368465 266769 868162 132966 464078 281869 114347 416348 161283 98129 863059 975878 124513 675753 74117 241944 225682 704690 327922 208064 611333 742326 308473 452962 847109 642792 652138 406897 181663 643161 872893 790444 99388 686699 938129 439271 325487 271791 907201 52028 940324 194850 767839 618940 985317 829232 35761 707718 25361 649011 702077 151885 750217 150534 580316 461264 29068 441307 986497 2713 803747 633832 95758 563014 926195 821863 425633 315874 614075 559690 752876 121535 327629 568371 163786 462578 576108 986030 345579 316743 44574 993057 809614 940561 895785 369054 51452 964487 7581 932003 764495 400564 177061 454229 463105 662058 969922 677720 986177 564007 481259 726262 401762 401457 121889 948321 106025 990793 98997 237224 316127 373755 691410 515753 220593 355128 245114 656378 370434 856524 563289 545462 42479 136264 358901 555003 263678 911269 643295 972017 229805 683469 682996 704016 887629 577828 706903 683894 375698 903831 157602 190921 210347 833102 791447 521538 557749 442233 168099 791307 871101 259001 89660 940651 838754 354431 599662 358362 78084 596672 160415 25272 33378 505311 835799 716188 977663 888868 2809 133624 945092 53835 657217 368439 899239 768945 362365 645308 27082 570908 246588 145616 209813 993950 543210 1426 603798 682822 733388 442895 669121 469194 643268 18050 410416 731392 215708 691340 779197 395579 311404 730605 145275 130207 992745 766881 942699 725442 60207 867447 778241 4213 753569 810192 947930 715208 7189 797006 720527 156042 586875 484760 290792 568771 442228 863356 48564 951208 853229 529142 999794 97005 238654 557948 810827 142747 566335 930851 41414 461987 328840 386864 428913 627541 263379 639886 369727 972843 823195 861264 520662 454581 634217 560782 750451 588957 55142 306436 253271 32303 145715 892541 834447 463312 172718 61796 393980 238581 996664 282908 968966 715201 151784 665105 636402 454081 834811 363760 700754 238537 690964 668569 509630 477600 17049 204392 236327 598431 698980 252709 997922 395846 430405 619584 261486 777997 708603 105919 267991 23450 176074 400286 881739 238558 311328 378652 459176 384944 486835 161449 862352 203435 73378 565528 817973 865323 953692 554791 835793 105967 695976 522930 955585 343240 187839 907469 738336 638531 920359 903358 874532 523128 171739 68503 919170 49542 678915 721201 478639 73990 595711 98986 225026 577875 236594 977170 418309 198033 642239 507942 172430 459628 207190 201344 756822 913988 778049 294522 913856 422696 256160 41966 6929 932733 702287 924553 548846 987163 920549 920552 862985 217988 447772 649488 843203 508073 284012 314159 35256 464564 741358 291903 895774 914893 801833 240448 789590 328429 637365 46846 516935 762069 471273 739921 531673 838314 176416 47073 193924 958654 977145 512045 551967 604895 395683 237600 312709 11640 877415 323504 874923 631106 797279 852727 710563 827707 434981 423483 631672 438123 463500 49603 225686 201993 267375 570064 441514 71081 383925 798803 302010 609152 607336 233848 637921 225324 640620 258863 6987 874286 762897 50630 616999 626620 111377 451527 198471 652582 229073 797234 698413 482757 364411 773989 542290 948739 404930 92292 728383 818287 748657 893428 750825 467653 93940 408712 929321 445135 902288 50029 356968 733467 902866 971653 821628 245912 146125 624837 693660 180057 858548 425366 304354 974602 811569 939940 607051 872631 542155 403535 83942 109749 444145 233679 601842 902581 630524 973442 323896 872074 263630 532072 773492 85897 774290 480569 804186 120301 29670 534796 155476 379308 285343 606178 729271 633395 297373 997784 400080 340405 850727 115067 488132 393045 151659 988290 405988 662283 485799 130424 230933 25147 674231 920301 634416 38267 428066 873996 431834 348894 674903 960244 18182 684903 880988 456333 367724 456231 959701 877804 444652 85673 65428 126630 824004 845305 679715 487508 404624 656941 912334 265043 269477 816703 755277 411979 974715 48305 954428 442029 361868 40949 869918 100114 425073 713303 216981 461375 177621 80311 420773 408251 912049 679564 875881 184583 965519 500826 633012 739756 738117 729034 601900 757704 771204 402783 52203 214414 934222 607692 28089 31417 250527 731709 189779 792501 794514 113133 654027 855529 121302 981493 439074 798651 879084 415119 917208 213795 649301 459735 772814 191976 795568 790788 872764 687016 664555 453064 913467 200158 367142 636566 892894 94248 67255 357463 360520 1403 656525 926991 352050 193017 832787 31158 13964 438902 650099 519161 874344 703934 122909 799861 735801 742184 284433 94548 378835 937340 702803 935894 456092 453232 471975 161188 421334 618935 200236 994119 950136 732966 285432 49401 330967 705942 464576 44455 147065 733397 260946 526558 901539 30304 298640 446965 372816 911400 873634 395099 148515 610180 201187 328175 694680 54437 76363 676659 788989 645490 991639 602465 751851 972561 939046 678351 650880 992309 190997 254877 341108 158597 106851 439449 533662 78250 912745 480926 915616 781995 777448 397383 848754 671241 381740 520913 941646 504839 584438 869198 640819 951514 101591 118468 693337 182595 188602 972437 432244 247786 73672 345126 819183 115139 610971 394128 803670 458853 318916 292464 393860 196514 109243 183080 423335 548840 943277 156759 583573 592789 36886 371625 732382 661554 883018 622527 386283 721460 793459 225407 367763 45437 955121 362686 35579 68193 652693 396533 916563 571391 641433 118647 16708 525080 985073 989778 230116 939304 583763 128216 17528 256695 946324 56709 317147 308716 253744 774372 153739 409724 343778 496300 923088 578721 153790 259088 40277 783188 807845 968866 715599 603994 351119 479872 833506 141978 563260 950958 181705 105367 554988 983503 150327 214447 898721 362231 529825 713465 791995 416800 145738 646184 390121 622274 712374 848069 454983 453521 497009 835808 935286 293594 427849 13374 737784 985528 2677 996930 890742 448529 855819 597908 203064 292775 941549 81557 371225 436175 787584 845440 51659 638606 297570 770289 222671 731939 26222 811868 324833 908209 810985 846617 441041 836580 495093 106308 52292 562159 251774 687948 717328 308317 453552 111923 102494 862028 665067 14663 527196 298969 621939 867836 150538 834977 924782 543480 459199 789789 476284 406122 821906 577481 524047 565295 426217 998 111018 357936 369569 906026 446227 819799 357283 50111 616569 213018 375571 149397 769787 791105 558283 40696 37889 468036 512092 645906 389634 14286 597160 366377 755040 801059 480183 185153 436579 328077 842395 651003 553843 412861 782214 760989 561167 411606 740359 171786 15813 309394 729493 506238 146778 434108 309816 476259 259026 734007 942147 679932 452278 627390 589157 665431 676583 537537 971525 507594 60404 288126 349385 481401 216903 146026 876662 322733 187360 739217 846655 563237 838280 501646 322792 989440 250783 790244 512821 816835 102634 746371 132323 443023 410286 961329 452493 699882 802067 725647 137948 471243 517944 786361 294939 689246 191357 37567 655310 418965 65721 39673 144998 700201 345029 760194 402694 34509 526733 67353 518354 730436 293043 485901 710351 977375 338042 726595 95181 356013 312706 425850 349163 196235 186559 766044 13049 372647 229730 767405 322895 724078 835005 474856 184725 576903 7095 898555 197407 716617 311008 162535 531790 556133 632919 356052 344146 703506 607469 269976 499218 983074 1155 633336 117961 516032 932220 408130 486678 118635 345299 101126 166511 41433 669160 804368 519419 684457 122151 286641 844594 333595 181447 64237 416661 619522 579495 513586 875565 456988 55916 58068 203172 934239 23398 347763 292790 844894 344785 274141 710141 594691 128297 404381 224535 505959 571428 304191 631745 624212 345172 345521 983076 410482 387403 795440 724160 767898 390348 582432 672248 973698 48490 555110 811563 563110 815927 8512 216400 834857 496460 638201 12370 395253 464854 306214 308526 182495 710783 669828 269712 969841 184395 628638 863304 802204 53374 41617 615769 969449 868995 41457 888726 337512 516941 227431 514181 678064 444729 879530 844502 597567 433651 700850 986872 916846 475054 20091 3012 495616 557562 58247 461170 840817 808637 793118 341243 209143 874435 417127 411039 230866 126602 403325 462965 488268 998245 350884 741860 993248 872495 231799 960167 459923 12600 701453 198557 971092 917257 798717 899819 429801 724363 192355 892676 575356 660795 389232 595546 437692 201691 365068 592950 807392 854607 501077 364460 347503 553926 599547 842806 558302 900461 120930 858829 443366 594852 365938 92347 668652 63800 5478 991471 192229 357481 235392 422515 948784 113537 981144 93020 599309 749965 523894 96812 947512 576181 339340 298384 569288 510146 769256 445054 161853 606284 592595 791105 207650 107301 299446 23992 454893 810412 283038 332915 212056 446530 719033 102563 993711 589928 699018 514784 94298 198191 704404 918548 889222 397903 555915 655762 825232 638614 411209 231003 885335 983703 160010 220451 241925 378489 323206 437804 538627 288612 868864 289542 216445 743888 789681 532303 380723 301174 602632 657278 3303 327052 503923 145963 788049 183556 336158 531376 928396 952681 93307 300805 171148 297483 445805 508620 394578 218218 870646 246276 796230 108728 266984 197162 341687 845371 238062 992437 718157 885460 311980 831790 811249 962095 696093 492279 246497 774912 739834 266458 626788 332345 419312 799876 862902 93896 155762 810008 990616 725832 187769 945462 189274 755293 376220 92296 202699 446632 865512 233187 964893 33682 888474 598997 613261 925123 902482 801810 939756 263359 135446 516897 974074 846631 749943 895504 459958 86769 24067 720292 420 874981 899795 267387 687318 486296 919379 244852 300835 648315 740676 244980 842834 463280 565218 775956 574608 362385 34987 560058 51747 367887 844969 944860 74360 250881 998512 682615 337811 715089 467963 647868 429644 248581 202249 601200 305610 453366 993911 392760 658989 822287 1548 390810 241336 921447 700982 99772 521247 561197 979621 905917 769789 595237 413559 845818 399861 567428 617172 248764 948810 482741 274402 283690 506053 60048 845861 666056 293903 845565 66587 920975 837698 494857 992434 143365 216288 473172 309316 876204 395466 281087 256263 528503 5223 429569 49566 877232 389207 506634 339493 901338 210911 948900 747116 812185 909002 858726 284171 251826 481472 26510 38535 359736 12670 581759 997440 93435 870364 209340 673984 561268 892180 499620 901534 435855 433364 490628 162587 852198 778049 231679 34991 399160 823947 617934 90647 747421 161586 494444 260431 19419 896555 833231 807461 988601 312575 679813 457721 668884 51410 900251 748251 286767 937285 84138 522970 557946 487638 519281 463145 352587 486643 922508 21803 460438 32371 655218 440082 757535 391470 304380 197839 138473 433322 754237 957162 886287 694782 99454 547734 81456 615875 976214 134830 858499 106505 125149 610509 136223 323050 730094 6290 407809 137052 969956 249823 895829 249824 299833 407734 103482 235545 621432 177549 687014 901334 823257 765381 668733 689676 665440 289369 131817 258200 845615 868158 965566 343857 829066 422527 987007 733016 288210 691078 550089 267082 923503 616505 431990 771299 953553 120834 481412 680675 820632 433595 968650 627175 154231 490668 429506 876586 79706 806898 645411 951705 610852 360759 383650 431138 570026 42723 685150 363489 976090 997545 666186 65943 827750 14920 694511 338307 180729 620083 156549 835359 232892 395159 328132 23365 38470 959591 914940 904876 355405 530016 93458 308222 380122 451407 74013 493526 765131 215971 90653 268626 134993 608533 49473 326371 911069 821825 518401 478438 743522 684555 212854 128777 336505 900519 85549 27492 417794 442587 147201 492508 978419 132311 132017 823527 668963 441633 203819 735211 681051 94319 421267 833728 661442 968573 223360 197754 570342 714103 559254 155655 342393 134496 141023 280741 879791 700781 387591 243649 365991 299500 893557 728168 104158 778390 31257 439347 362482 841123 478631 129239 979771 392282 838688 560440 849642 732782 90117 469435 602218 190645 620925 379471 15868 36748 614435 976591 899752 337310 886657 216928 446219 416439 52443 32352 345079 13138 766643 688509 681455 934960 697696 262752 166358 98692 95027 105603 363700 615261 940457 576535 379111 90200 239874 24841 264437 853193 160907 384879 541006 8389 85214 260339 163227 871833 607154 676959 715893 762744 317616 213803 270070 365595 555707 183776 850967 130459 773407 414179 44771 554173 756678 150993 181776 443676 14819 590837 947741 244543 80975 991970 682122 178423 994572 908575 871968 176535 58151 19927 452070 737590 329666 525191 170747 634039 800708 756323 860595 543886 938504 3052 310093 825422 381033 210843 847211 617351 90685 552104 621054 266392 52332 182242 984069 617413 517310 663044 157733 729118 153748 935605 814110 402342 405538 657249 106880 40429 163043 222531 442576 671903 680499 769149 770796 727174 94113 327952 244126 870120 845050 447630 87213 597167 127953 792755 311244 26681 717993 433590 463931 185725 48246 431280 766999 693308 940004 625800 463770 147817 151907 343402 794106 277175 824995 236582 867958 827905 195919 776494 927137 897254 845669 628937 686398 851876 620629 856673 730106 345093 739579 826975 198182 326012 654397 744757 799243 342817 985700 960465 696765 722562 311655 78178 960451 751737 214987 17700 566304 162389 33702 101428 924844 68382 724971 498934 671619 865699 552059 156397 465973 160906 70298 345867 814670 112990 99960 691279 767328 543259 16868 13162 259893 706492 375534 680756 254514 470488 950207 174751 271537 50907 854399 592452 712617 480901 751460 292231 61996 744208 825418 74689 721832 438784 718020 514547 372514 654640 162059 172769 957919 58927 896366 687766 863143 947183 852580 613146 845413 195210 480130 969272 911377 688835 812499 621853 86240 672193 159743 362106 873218 31293 760539 500717 224568 428437 902235 585624 466632 350387 471175 795226 714200 759990 96916 105650 370592 328124 595880 344881 327596 490099 631846 109006 777483 703915 161692 307390 969079 594084 261700 671442 458011 112009 727279 748478 248599 695143 121794 480524 841456 57313 55329 856035 495442 351100 724165 59593 332569 902678 57089 477356 785745 677941 832653 112986 295844 824950 855651 902267 955914 965451 146569 263446 385066 284786 773946 236755 278701 527017 338237 815007 700007 914980 410934 755089 246961 129484 269542 242094 414563 379860 464230 372118 453191 460553 615745 106910 730009 442612 50014 593244 685291 885020 780090 146911 815634 160916 266053 744305 164812 507853 878556 484012 107954 119620 116200 728979 54634 95991 829048 421796 78936 376507 647392 234344 641895 81314 133082 101546 16944 306145 752548 216960 322361 31203 63249 983698 716474 383059 48567 184648 443918 486493 505922 347785 685995 423726 830122 783885 37151 459175 670463 62627 246871 342369 825424 261580 446237 734306 899981 319029 192965 225967 594988 978966 963706 888801 696302 614716 392838 44593 25946 152818 326894 769796 641953 161706 251414 206157 435051 550208 648777 424682 53194 14223 982169 306501 192569 568922 304648 903965 375646 86315 661068 700961 452619 147674 251865 545041 64491 871932 171393 7202 631540 366436 381076 99856 427633 298013 969375 711863 10820 603316 792972 205766 311512 445460 899980 153668 137001 464117 160589 706156 205318 717684 455585 91894 554310 982782 25287 431134 274257 923143 72413 54759 732287 28213 42768 461383 747626 417221 939871 328141 14406 385011 726842 847782 473625 695460 775184 671779 294185 595957 233573 48853 945326 971044 337780 457482 557031 140020 717089 162246 134261 107446 353933 657576 199789 196746 557254 252139 87990 146375 119030 309328 974686 684457 294336 364791 829093 968882 784617 22686 593108 843383 352038 739729 513946 130723 547316 774090 89174 259911 85475 250403 278035 396027 800838 100347 735622 896853 320387 807208 250942 833310 903102 465095 473430 52058 447403 306400 566148 472821 417499 162680 106335 48846 976089 413970 62682 209335 94834 988899 980850 689968 568571 997732 316610 292030 264258 355880 451914 78047 930810 492496 574496 990125 520913 578745 625404 269267 622949 993764 702735 890303 155349 734364 604660 715758 149169 435058 222337 157630 113791 599759 847944 188087 12409 176129 831167 738683 189491 167807 555295 783087 673049 590927 393919 862157 496904 830947 237978 283015 983329 375235 352813 487766 363021 292451 706663 242819 581603 410948 982472 833029 489226 459421 577040 127756 780404 569245 797237 683165 132888 625170 192920 279538 187751 197809 12276 171311 731149 625921 790910 709016 149782 879722 717877 171981 4814 337399 568992 710409 840790 17585 762818 653099 353646 47604 633250 704167 278078 397092 839222 936003 588544 25007 151468 358724 639539 887684 222939 187831 503993 218079 834713 756649 460265 456980 125819 464032 598876 482327 315216 77534 50981 729628 927707 919721 750686 556200 600431 944229 473738 79185 554057 576007 762839 943770 249691 489938 89270 905039 953074 246810 963760 889752 28443 26734 942770 808599 850308 551239 907580 430251 186960 32667 597873 325698 410284 528250 870541 165066 763856 254990 474860 319539 683040 227462 764262 930023 335149 872504 799380 808513 947249 774726 176184 222415 806287 402638 401034 760250 978755 114391 189469 503448 488216 558678 438827 682875 550198 998784 42471 876332 452051 136405 211518 357621 171264 322358 768674 898891 885235 945478 103172 312637 435028 555181 817510 666927 635133 361672 999499 427921 877680 677685 131981 89951 240036 264790 638650 765200 635408 226351 43386 695185 279725 738251 601512 151315 442041 969472 331444 37775 572339 380490 419421 755659 347380 35110 605118 554292 264665 862029 578050 722027 17998 520604 329380 871652 446370 616299 148821 964106 778758 920620 948075 88237 781049 695527 148883 282186 611868 125291 289272 332368 250656 46303 773284 7294 340235 260348 321340 850966 63719 322813 586139 862084 382411 650963 41151 954399 122406 944845 285600 583414 632424 909896 763219 968203 580937 414688 414827 78674 626044 358897 542451 653143 903031 887434 15729 646190 691878 842850 274851 660805 853668 739891 624410 119262 280792 218630 439008 429185 215302 117103 533668 572190 691860 252220 222332 619346 996914 69278 101755 272149 718325 407434 677352 702359 4149 347043 214144 783841 827327 776319 59372 427790 365281 106667 61620 993647 549305 665531 785454 581852 736719 566608 631084 127503 97536 899585 349838 725976 141794 970868 382248 995749 633945 886233 858980 918666 636925 932471 250707 606287 503725 771332 524561 911943 155368 867639 697015 451721 377825 661241 556991 93224 193807 1151 853895 816112 971504 336464 392541 47118 960234 327195 13307 193811 594681 411459 748041 894803 354322 584489 857661 858884 898331 413181 897939 696501 964953 18520 260203 877187 157519 92610 799026 930754 839353 22539 572746 988157 218358 530769 184428 978577 45236 797863 515948 866862 461441 853563 331290 463508 671186 311259 813066 713155 948439 405183 53114 27054 150881 199011 782476 968221 15725 885843 331438 577410 233989 516327 341990 394054 128654 72176 564761 315694 519665 88054 536806 296199 636957 775857 796851 789997 567 387534 99427 939933 431603 869004 271318 713314 910959 85715 196242 734516 42702 529837 34412 207461 968239 524274 128249 504775 105827 726754 372833 887440 868592 164878 792650 482376 995659 665945 19122 480161 352496 286946 515435 347663 988475 281028 240789 68940 572048 108939 895842 809930 943635 261879 15499 183954 636875 673513 190453 982023 712071 905892 735680 961491 939520 246001 828581 761768 155967 347084 785990 38027 921286 834019 829228 47473 488932 936506 345849 741430 988070 658953 747788 27447 613954 954199 307364 769841 636516 31764 989375 771284 686172 974320 645725 52718 781027 70532 444675 715746 165961 784109 448100 686797 954 233950 704719 848047 212180 741150 608517 108032 544571 702707 612403 831022 437821 143565 554262 966613 37101 272700 976115 758956 767481 533439 62849 980909 684251 842974 514179 515353 990035 811013 317007 925018 519730 600827 193867 982633 15422 240177 36293 219653 280390 630851 787610 985556 489321 291079 167339 208053 908607 340951 690282 504795 659787 287315 795687 135713 156503 468115 231488 502502 745371 412799 162403 876109 805683 115075 945399 996900 813123 501056 370534 163706 4533 719905 925972 916831 945094 34477 600215 818425 513745 366419 229346 840621 745847 683256 678717 934473 153989 45405 928993 424619 152601 477508 364167 601939 10912 863898 567120 589428 465905 367416 996033 859139 999577 349539 714398 984506 20058 195891 122630 820922 167247 514377 624599 444756 91952 162607 614699 533458 889199 453256 430509 583513 953173 551085 692254 528203 555251 840982 483042 59082 999764 194295 62099 164910 983598 325611 817330 144545 435733 804610 490771 39833 623454 933701 159745 527667 376757 38024 135764 775249 824120 551686 924372 506455 933588 502299 293536 496693 941850 32635 62253 252763 57094 855833 55670 166807 486591 827008 726173 713816 579088 791113 923488 43362 354852 725515 585127 530500 18678 300696 853352 76532 436433 909125 177608 213486 614262 991220 695531 243367 766589 675634 659804 129705 486074 572357 36740 263655 470477 25991 157972 270943 572946 254840 97804 134171 197570 559470 201165 343759 608524 770295 24627 767174 204549 487864 620895 391302 816747 445205 529621 273472 335483 704596 743308 681231 947665 347488 974380 492654 321483 304314 450712 796978 599568 637728 587692 235745 296713 452868 749665 570879 105389 393443 71521 654998 604038 691578 34076 895348 54128 222289 188584 326547 922435 584166 613678 844416 448537 71611 148156 929871 690685 247338 281059 353494 648284 161596 438981 589441 985403 309799 223132 460401 655219 625498 31330 56248 87535 224212 772567 240433 282717 891717 34616 877300 397882 174159 192050 358879 886292 777447 97400 394127 365643 21978 343510 592330 84060 51976 813816 978309 588030 565001 268364 207960 254228 863015 172010 2285 209683 120728 120148 312109 370753 427286 909880 937742 771801 480810 557663 264130 581015 804662 943636 411343 906042 640019 943128 619152 731959 844342 924065 510047 577159 677791 354316 214377 27849 869916 661890 704771 38959 373127 359012 231762 883559 616954 997586 810 787150 308996 807028 282456 772452 735198 805174 22636 546009 284410 962452 294692 129343 160565 494034 670590 257225 798428 509149 662613 50353 893547 262439 523260 372802 208935 358408 125214 516344 951077 697498 481583 698026 301721 578024 167795 765020 248337 56607 712867 464645 493175 842920 551377 945769 36084 854640 640030 959186 207529 368170 169851 182097 540678 964475 855807 54304 745452 11813 447763 486264 577581 23621 772340 160741 654936 189086 899482 734057 392186 837947 165624 536201 240483 542741 654857 464393 118684 668228 395381 632002 392862 518365 326144 770490 407854 169357 449379 211240 215918 35714 503192 964292 108980 721899 481849 156179 399813 465698 215355 289619 430465 837559 334300 784189 497996 996008 941339 588729 179827 749452 579778 157869 482975 220499 147471 321078 104981 377009 581659 435730 525942 13584 337037 458281 604011 216873 808318 371276 306264 214604 581903 229618 518793 243974 968021 81702 81110 692350 534451 457107 12797 703416 329109 341467 620960 625471 870942 905157 626415 912366 25056 675223 461779 496359 259142 500873 168212 387755 626172 115348 364205 855759 917574 796891 225458 789770 55718 184183 572374 866881 898839 570604 794786 765558 474030 599073 213198 67552 382052 394097 727640 274585 243210 312632 904316 58651 532446 228572 500306 729888 673621 447071 743492 349974 46941 385303 255579 382259 249721 334667 209522 238367 40147 291216 862471 825348 356897 444508 679718 777412 298286 548990 112988 591648 205315 171618 78922 927346 44690 781763 40574 398126 306166 1763 708175 524866 104694 325905 708739 695259 665691 91894 377324 743161 33889 749121 924718 340248 972641 231979 35102 888025 854841 320569 762727 909414 353248 875610 657955 792431 564620 634659 351374 763643 662082 998511 100592 953928 683134 413290 70274 887368 689027 212071 320819 77931 471984 660509 129253 254631 162685 42888 84409 627952 315036 178292 979499 253689 998265 179955 77416 839666 999524 272735 763369 167475 632008 206031 645658 123056 333463 132821 884880 651610 142517 564574 893328 659537 849416 838025 683874 370657 438432 828577 63493 150108 988023 59861 284493 515963 443688 781873 707981 197923 674701 369700 871189 234153 197202 305585 734892 971171 398770 594433 346815 47474 639386 890576 672279 251252 180602 457555 788925 725382 186819 379126 993739 419998 652977 130977 54549 392190 965291 170487 942724 417330 203605 427873 361410 480585 76033 146952 869255 363579 771120 988899 453417 989533 331011 536912 230780 799974 200368 613066 910398 65103 360110 869274 376366 394343 846831 493903 61975 584969 460942 842512 143295 610536 373433 340165 157973 79181 214616 563351 995773 178937 850347 709614 941395 672768 881815 385285 201581 98698 447071 782582 704682 55148 703880 990889 758281 52915 200017 507146 543657 625307 533350 443678 450366 252924 324023 363937 226156 573427 752036 947230 730500 697255 465167 310223 883783 897884 256969 165582 697239 252385 855896 644435 699107 922825 162186 227438 35658 466154 753580 80853 63177 556792 990331 635196 519217 30763 426651 788697 609739 210220 443602 312045 773354 779752 878032 915119 875241 327861 269430 521866 250403 631452 450803 71302 879940 202370 375899 762869 924377 21949 902637 983169 593913 648714 836226 201927 370052 733598 166117 641210 788937 432767 160514 86963 691007 172667 756410 929862 682534 251591 823808 494517 467903 384706 661575 708127 316891 383664 920099 473740 688797 362053 23444 297934 514610 190261 882509 493235 166553 796129 740968 714701 396785 340979 416431 968989 629850 680094 128749 629469 414902 114852 217285 177401 652935 522341 422601 237015 703278 891390 881012 243841 590944 293449 213605 220114 670206 354971 758363 325491 432400 998466 319450 192120 729936 236209 573085 433325 346467 102003 875658 269803 25212 801201 144202 518117 298513 444043 513747 320306 384846 449272 2579 623272 388553 827761 40173 378667 831361 821830 85272 206252 244674 603125 87142 991420 274063 928502 689753 716193 101086 26837 619335 184623 278244 638344 713123 813153 315781 907046 198036 812324 191835 291895 979671 838703 576252 939375 463037 613786 461413 429443 614352 62449 77661 535787 235232 104338 493143 763742 296371 180718 39203 902218 122916 651057 789891 744199 902977 382220 248647 880117 743558 852108 175629 511683 281343 255371 854412 230523 361969 777384 104700 849439 33680 721671 125379 6418 508769 736669 810750 701878 56648 536795 482667 240266 557477 534809 225114 644467 27001 629725 796533 135066 323942 729796 821855 426869 632705 977247 128140 271632 57993 479553 2830 256082 362872 947869 944052 972522 513680 548085 41158 219135 568254 425832 246389 461980 830994 270147 529619 422022 761874 810222 566331 538991 971113 827340 612098 419067 33470 533965 36370 694969 763922 296155 746024 231394 144736 85555 152048 699734 204539 70668 846595 837439 681648 446375 113645 579136 20125 647744 601292 21380 378480 901640 402670 611020 329635 105626 917447 897253 607589 127266 954087 843708 282403 244382 357196 437133 421423 750542 964221 104420 56965 716135 413684 764768 952213 455186 863403 152115 71888 650614 815120 263866 406482 429076 518998 418696 944341 628342 294963 795278 295645 253536 23283 496045 467861 47988 966668 754924 400645 426874 465211 126074 333939 325396 369393 69190 457511 503053 543078 301289 575739 254249 758515 549654 483716 715785 552931 427132 575468 614554 345599 477024 716549 901803 655848 7529 394746 737966 755022 211160 272849 561491 755248 950450 860006 707666 42720 250485 919381 818654 208698 91043 777318 351522 757713 354734 770804 812709 170681 942676 515102 571293 969870 287516 900047 163177 788514 790893 523781 682135 457714 83061 509668 758091 623540 565058 613448 695749 78748 866649 244873 902237 621975 930692 987793 225201 380334 547287 150982 822999 447269 365894 124734 228432 125380 693082 891709 713129 963044 667067 124942 463129 664645 503476 119118 230751 642061 320744 813991 388433 73680 622663 372197 774835 700868 263460 633405 324623 176108 367457 793395 477069 150771 154099 378556 667346 811769 451306 725857 913005 228295 843598 569117 409604 908527 941360 307452 109110 925963 786981 368701 337209 867416 505064 210885 829091 601501 699511 798093 934346 568287 648040 851016 225518 807994 481337 795759 699796 85 985263 518916 232949 282559 519814 200828 414105 570940 447843 504020 33091 727793 346703 660701 726205 246637 847866 122538 581878 403542 806690 879311 905765 988854 883689 221158 416053 600125 738728 226409 466940 540337 960338 873531 246989 161248 854617 589410 633549 128737 789749 389814 789885 139721 970225 878554 111028 833971 187166 56121 589402 830742 371240 186378 996996 530225 386395 669218 821156 727750 499628 652314 410193 885584 134848 948052 11635 741089 838161 860745 892926 900622 945868 462898 359865 595471 584718 378052 300152 138893 219514 280744 96447 872949 418830 750394 953226 578782 226182 314811 701717 509681 237644 118523 616269 524792 755314 404044 364358 138497 308203 176683 111943 819989 956070 630225 931026 54750 68952 273041 981742 457190 521241 330492 725200 340367 100964 424425 516098 157790 853987 891996 320335 500362 626665 877790 804719 745441 101387 578916 698872 354727 175205 571407 805291 292277 633408 505158 772262 45954 766890 688554 738174 876054 964743 814587 121741 418672 406665 471372 533759 615253 297896 114929 84612 481061 786326 91921 767466 631130 451976 331064 9130 291081 739920 323689 655370 183922 93498 45838 782124 11217 551552 694817 516292 342040 15518 849381 609471 637859 783412 884860 150293 372290 31944 158861 204299 787835 902349 908596 691063 525926 203205 440520 107785 478047 942210 675337 674118 346308 962888 224424 650187 210579 253662 396028 967199 494842 197352 456549 527041 950904 411978 130782 835781 813032 842518 124370 267736 116780 535325 37475 36060 113130 447461 463083 275544 729878 204099 526929 953117 813351 850648 599889 414016 939633 82871 387402 952634 666005 204442 365352 452632 786152 332351 732513 482802 386374 201563 257605 583293 581168 713011 889033 920092 644235 986145 523078 538589 706056 49580 288890 50481 369760 588052 439224 651515 406904 29272 952940 417640 176002 197155 732987 731303 271287 81205 720124 367715 238102 892720 842614 322376 671052 126370 364918 490753 448353 12524 121602 830941 284368 804384 379163 739485 706188 689317 119015 187135 155641 512977 256632 204494 379322 270204 537169 297387 747036 165704 343433 439970 262823 384626 892862 240135 871750 27730 608329 793591 200379 12954 250088 717412 164341 406655 228463 825886 764807 139023 154629 406257 21663 302083 501494 94752 682754 265586 751306 643367 430952 91852 625779 611111 412390 733351 645563 270359 830655 529675 347245 315141 789603 928794 344453 416535 547496 558932 491595 298569 206831 689042 108851 16160 960522 687615 724910 972227 669291 590710 839410 460395 349710 648873 154309 751582 166074 62881 475235 166129 337727 400954 103028 758745 268178 292210 943668 412187 442174 521489 184813 407369 773721 38414 516951 843260 687913 16262 958472 23447 705577 782725 51980 773622 323886 695999 659280 24411 865685 846274 397757 747836 10294 383857 487169 61884 616463 214633 739469 122188 62654 106994 8355 267065 77138 721763 324642 665784 849230 439596 330186 858674 920632 421860 477783 437892 884189 775868 720806 357667 522565 992820 193448 667790 301687 320008 390613 154698 63149 378498 705786 722790 986801 789362 995924 259293 501375 744807 976686 496921 363525 838258 588935 722544 257021 373879 504467 220580 843913 835277 435913 746364 206624 36708 750115 751037 619081 911198 539021 72864 160028 656329 640677 164610 14677 838976 706715 894629 474910 330527 555210 423723 25732 3139 369392 961593 991230 284020 134032 432357 957642 791698 745625 122595 754746 588241 367538 266108 564844 183680 329317 782970 882165 756490 305628 530788 671176 321162 198380 82368 23902 746326 896675 175571 483784 420446 399269 790429 858882 49963 936109 823144 925912 580135 331481 298611 175995 93325 160597 787593 46838 908592 938828 298737 114831 586361 660094 896431 634801 555009 725422 214541 627386 372534 83727 959923 915721 33925 389861 274248 188314 595077 725481 391182 274068 835833 11856 264702 476701 800634 904277 149532 920287 288134 577865 623073 40328 786360 580589 95252 305830 249779 840093 126617 687017 843734 1843 971791 659837 931919 952865 674213 862309 904108 829167 439876 625575 552466 951087 756019 416342 995476 486253 848496 127003 558291 91827 770161 521049 158822 867095 387188 748517 367993 754837 293507 920430 930977 343604 880843 829046 793972 988398 660218 685875 736961 923673 810868 692911 490048 473011 497138 913299 119561 803201 122069 793641 857415 579667 469332 488636 169927 162466 404295 254349 487762 407810 413323 568254 416251 503127 925200 984830 428432 15391 229051 682250 584458 304757 958893 411282 103414 846718 916938 813862 874087 725221 564212 588533 831652 359533 51357 39472 777472 40679 385614 480505 430352 952128 364944 649678 736809 149741 600660 425063 881876 638491 225986 819072 288396 164805 180001 679264 157111 953474 555590 626338 858913 771195 56347 267966 450309 202984 987276 266585 148752 959843 970408 475530 208192 751309 166523 729454 138482 656127 569124 98869 607021 205453 509669 951840 91109 769300 528576 331746 241927 325074 948302 584498 544403 909022 652066 363371 630797 223135 914888 603594 256323 669185 64575 437646 121691 477300 495159 509164 418973 26608 798622 750529 541175 641815 715113 626681 515221 20853 776613 490751 571835 140063 41992 332796 49871 509302 575666 288721 919726 443783 688847 442120 766014 263944 463933 447361 429402 401487 633823 105829 428590 83254 687003 906431 220883 233439 261961 106024 110796 559665 489292 36923 797830 212335 342382 412251 710111 911080 563018 280915 616602 234794 502991 579634 338970 442671 576432 294703 396367 766432 412414 583596 622262 914289 506193 837163 722616 315566 386805 996476 613696 14091 710308 668413 405464 979892 289543 730503 929089 43297 635700 764189 502289 100278 137351 599828 463828 166940 478693 697833 185509 551101 231763 378045 156985 781540 275437 566530 159354 272360 454578 676025 666540 751342 986480 279366 193847 832459 830624 696775 703084 278906 727850 229924 575606 575936 561320 215986 464219 909773 942857 361198 636934 65974 493788 362059 448834 544346 402672 891000 62844 572251 177965 876441 937737 655146 557485 632762 704505 497655 995759 35957 372642 35953 730984 653950 159623 502001 571917 173872 536830 813122 57407 810306 552709 950606 513225 269472 519317 244177 3536 274760 40 598400 200336 363964 334025 67025 507296 955420 21251 712841 861821 627009 746531 642563 509802 971188 507505 941176 461544 592726 550750 150433 788351 498572 243008 454031 969193 638166 250764 245639 887095 281307 992902 340212 868525 654510 190929 204534 770585 184247 984346 13609 352144 24546 90868 917394 544675 705965 220992 837164 788838 330922 804751 976963 929485 85455 806218 801842 641145 430040 423378 132010 645880 246456 225902 542 555079 78277 556374 28190 706434 654815 591661 575172 185520 523462 402281 180430 208673 501433 980362 198776 638277 351470 11552 722619 438690 120365 309470 467815 374337 198125 295410 295369 647068 156489 768902 467443 789408 955417 374140 334569 474011 253225 302588 480931 3880 952021 52194 81368 226496 603790 246113 713919 318338 364009 649531 496402 135891 249085 240348 143904 409335 443471 222222 187963 742809 367391 34672 256305 3138 502514 125501 113987 964220 666204 371914 56474 971707 886892 816391 95194 637212 107958 620185 133227 438165 570325 49339 946761 138033 174800 471025 71763 937019 248189 220691 27646 387249 49236 725237 163446 188949 270188 897374 378692 182656 824859 588617 712878 141411 816419 995829 136452 474735 381796 703378 160809 439866 994693 864270 600874 19725 107378 526721 843792 526788 749095 29386 49583 823574 511318 269776 117320 661123 902939 727449 617427 443566 911460 225431 791341 736499 346205 278357 115517 179544 84006 75291 475914 760022 940889 989196 85417 163885 828585 391371 397063 510339 921717 463812 461587 254028 407923 222673 206755 596779 697173 815333 163018 706146 725943 780400 443279 886035 613289 569716 728321 4301 56781 773522 289447 316713 978858 726280 223703 178856 795833 826533 763960 134951 220592 785882 706522 366295 122195 866581 916076 740372 285453 141762 828050 382706 604593 350482 717856 268148 611004 809025 249779 772240 571122 490045 728935 218425 80081 73589 322849 536153 70526 758836 71316 688342 957965 365056 982536 452880 681364 808746 6169 165254 243895 184665 976023 579926 725612 367757 521528 924123 708969 485062 446549 556075 31021 708711 157016 530937 745969 276159 181496 566253 131487 715299 553798 366378 666875 685682 733798 857111 951427 617846 417641 200298 697321 355247 821075 565070 567144 886976 432701 594597 75811 452100 732278 28166 650445 950530 858823 541481 168203 714564 786389 303950 822996 821540 403813 497416 996017 336162 449425 150292 129284 119514 201805 625823 420267 774770 483894 643147 973598 875207 586262 560960 314878 289057 812162 72006 641883 21722 36346 633333 543883 338734 812074 404047 719920 610254 639719 778207 313480 288553 816832 911235 869243 533274 625471 836146 484904 468821 25528 915075 122552 765579 356611 509530 119015 950608 180808 425966 832837 900934 659807 12766 723649 551541 417496 468482 604206 715659 236551 695988 404441 376079 15154 248961 823573 841909 156681 233378 473280 598267 777078 144866 908977 434680 424899 994772 792483 860392 234356 560341 637867 236764 280025 608335 93477 797368 70698 227621 24404 901439 9908 717603 127044 45510 189248 76048 171538 443536 578346 347316 239512 908879 45852 523209 809858 203256 255794 883705 941819 859440 329494 381025 238097 203334 942784 726745 196396 609451 686036 520787 585358 391647 774943 461933 716774 622892 509844 75697 731876 754794 335144 925869 995563 544479 295971 981176 427202 787926 13857 356564 689649 847892 165895 122860 996506 352173 160999 645785 687728 358139 232335 395033 994552 735812 51747 145316 812348 994168 635435 125856 234410 752523 268553 873005 991389 719110 779312 915573 405640 50808 203793 816146 530960 341620 94824 669171 287078 221195 772656 138534 366819 174276 508711 804405 35038 673571 757415 924052 640201 723612 769096 362262 65735 481107 932718 252735 858904 182967 337122 137847 640666 841089 123528 327318 155406 693545 513040 336388 735776 890969 429663 827959 309832 326199 943280 362782 204437 117299 404907 675747 907182 871899 349991 787049 276395 538652 406037 919716 841250 182825 477568 341483 169053 712156 386787 479827 799607 914454 304035 792285 594734 860580 428796 948679 62497 293944 618512 773592 828145 259716 70535 698518 207476 238952 389369 695976 444123 48915 687163 427914 633570 504869 386151 201053 727820 88878 216721 225923 443072 2903 765759 315352 594365 487821 490367 183024 983792 212381 734242 909367 375557 645480 368550 777686 139787 247666 912455 760702 868772 56578 816634 260075 923274 191210 334914 304368 431520 305857 631557 577010 102952 882080 945287 242244 358780 733731 754322 873146 889 543777 278809 98036 367809 662871 316962 577965 335113 876649 126082 7808 247075 844417 467905 77226 468264 968370 259155 574262 354725 628356 829864 951218 247212 33989 401260 899878 733202 20024 334437 179751 634796 510071 213553 863640 246678 325071 624828 518097 739776 487846 234822 430847 805923 245475 609881 832035 748811 284184 43531 156808 254149 305040 527976 919356 534440 548948 15531 680623 978069 780764 492805 245152 333794 397813 850493 722053 942468 976909 288390 485680 429519 481397 551481 645465 238315 425776 948481 961279 782688 299686 952051 898880 330047 128051 36466 487110 976464 861247 778331 578093 573268 663607 57049 345827 969953 245245 940059 605933 282778 880876 580578 818989 462126 402810 856570 591298 344019 803607 366008 14678 102745 176032 911077 932164 78244 457291 217001 589360 644364 344588 623530 501987 425119 381783 445199 301577 65445 623865 54381 549148 881432 441822 238798 93625 271632 738733 86466 129520 784646 556762 787773 195197 328804 68645 617412 347724 779751 534657 834788 141824 566452 532028 227433 990327 873284 18947 374589 127709 327969 85203 660432 470246 960491 887352 919815 357334 299243 729015 47897 155293 51544 47540 320512 579042 513082 678673 609619 597666 848968 642164 480124 668072 272169 308023 659242 438980 570657 71281 698965 298951 32553 437802 475343 52140 660206 836490 251194 303743 963178 216123 821205 968809 241842 719075 55 367207 546634 424418 55963 692610 581979 238684 374656 519773 241878 760873 791137 332807 834434 22374 702000 684328 109761 915290 582113 9330 424984 317535 522372 964463 27593 27626 167875 864719 529228 611753 115711 478239 374726 445625 809400 39942 941562 996292 57039 898244 601699 589619 861415 571483 233079 273567 809525 435249 42813 590588 814671 702023 268496 615043 435512 827291 172341 871365 246798 726071 148357 346546 889251 659291 416778 875139 250345 168500 731593 757313 624808 356878 869869 218651 639324 946482 875077 355051 924540 614704 217421 812348 367521 213547 721017 96052 889623 592764 429480 734106 334324 888759 77319 299350 718715 915523 589472 216643 187354 412526 92768 16604 310878 649697 194955 330776 778071 491321 861787 241259 649933 426351 566924 344792 76414 314629 694814 483729 710704 924349 42512 72547 632582 137679 441327 65711 721041 573265 575409 51873 468837 146640 651899 420204 460429 99644 944359 797068 537615 851301 367753 806867 741361 741894 1332 158592 700713 730623 192430 369009 545561 371831 219404 721081 598135 94549 486630 622642 14095 76470 798913 905718 995941 220119 77488 199807 360878 335892 190802 479272 302981 519764 708815 473743 38317 773425 582744 204797 660924 852802 984382 109837 303080 987210 575117 591793 1428 728099 224442 516031 90000 443670 643562 46067 353728 558952 126821 423638 576730 844680 201417 333472 215685 112572 898559 367155 873178 419690 442129 120560 315122 422074 944270 674784 474748 685874 86082 853906 741800 930042 674257 261834 976837 170739 387710 562274 772331 639882 487310 695692 667076 790577 788928 73919 396845 507962 346262 78625 785888 230483 754509 842888 251275 997077 549674 513126 430629 269583 226222 196563 30681 498321 985727 460159 83665 861969 600388 420740 945793 997563 443291 815667 891811 187912 258079 169789 410209 673660 853901 976332 596263 431841 742223 182511 74126 666167 761638 424011 834202 183780 997328 865916 662706 680620 43263 3679 304034 779245 586756 458198 329749 24986 215260 423441 558614 580421 854644 166389 759306 31777 781664 311993 469059 976674 19095 993491 941624 100468 733684 374740 922801 954587 301320 773014 301822 224641 950893 518690 911715 92743 478301 564785 653531 158814 986470 947585 87541 786530 174411 252146 382120 710474 248106 407220 426736 599198 280636 620311 525712 97423 852055 883504 728981 626005 951811 162561 818551 142346 88208 905963 664943 317569 610460 538973 834410 544731 209126 989521 682375 896552 539878 865148 799965 699355 332672 418163 427237 759297 507414 953762 60690 754472 462851 358761 600034 156147 945659 672766 768646 590068 640946 172262 501059 238973 209465 345856 798408 447532 478668 826041 279041 814323 236329 541109 804837 432265 963956 883506 303324 514126 727376 702645 666733 133815 466113 976757 967221 125772 488286 957287 502245 601558 349047 993673 431134 80515 167114 142842 500192 940306 480247 635165 561690 768571 908305 198455 588635 853141 761948 445538 478306 416770 869267 657457 955295 577475 323049 204682 270985 630281 134030 800439 938266 566133 797545 687070 82618 891549 83729 157358 586026 372724 797571 658993 905034 923705 376829 791950 696712 335691 473336 897210 191469 615392 915820 957871 289374 791220 339081 389707 284459 217371 50931 274468 433935 605893 569932 590997 798808 448029 761128 776027 834152 632291 513225 886416 699983 202890 828422 127381 33016 265952 562281 516499 881017 377613 85160 667121 345700 287170 224795 80774 348658 64367 127413 926324 626141 135478 410101 182514 864560 789054 830092 428919 462920 251995 949417 695651 60536 879896 487802 876544 966208 315976 851832 731685 439031 530531 618816 98143 421493 521088 92061 55361 864275 344271 796738 475803 585773 451044 318322 556233 753159 804289 166651 231092 573232 159850 584797 103338 976091 239669 719727 203562 930034 438961 294285 246634 659586 467690 717368 490856 836645 199002 732627 302742 457921 891973 820709 194864 876130 789315 723398 330225 382345 635955 509060 469048 527223 521050 924926 815959 990960 671452 197259 876736 11240 399586 100763 765457 166185 391962 678398 456298 201623 756382 289090 970770 526912 130088 468843 563016 480964 555854 417966 837705 814820 980558 658332 591701 743804 428320 25276 386497 420499 83498 884910 927079 8678 728902 512568 553780 112436 922240 145752 738420 33464 153186 665739 441503 823635 762194 408031 175734 194423 47173 418097 100786 415713 959792 372164 140575 560404 446077 277133 43198 178639 522637 699982 747442 333080 755066 96426 545913 809481 180359 938518 263081 500512 56356 440967 93896 717305 118847 787000 151376 587539 512953 699662 84344 975741 352819 442107 439822 606760 192967 745991 187896 54659 971026 666571 762535 266693 264768 390890 679035 555069 520882 949043 518385 833277 87088 831854 44884 858175 527432 839945 162712 125736 141524 573016 618813 701023 775291 332881 871641 147978 192817 936988 311444 622285 287850 574143 429085 737172 782039 950430 608255 861236 677241 631409 91852 808678 942512 669478 811841 458058 323018 998902 309682 134178 120719 603560 603823 527697 344645 77142 153845 784646 880673 546377 809746 609843 45941 877882 643235 306970 718550 506448 986844 930813 430443 513294 36391 123548 801627 102969 878928 654498 681521 516949 467177 980907 667452 1140 964070 523870 944686 597281 276553 385827 828693 457460 691235 627736 917165 726290 644900 236175 413915 717314 422712 220295 33180 234083 360249 219279 153306 372338 686080 229132 177181 55995 340518 537215 635883 99434 160360 628949 755497 234169 502828 118091 545668 196096 445690 370784 293021 466667 501306 777905 820062 733620 340270 19074 704228 260721 854040 178609 150588 920641 342432 149314 787709 312398 488700 472995 952810 398265 229947 631583 831886 397187 551820 502546 658811 286216 420988 585376 437825 987314 732048 321646 226259 979547 971406 973448 848138 138168 502772 150893 632097 646418 906497 15911 542647 458227 138056 181479 84101 932850 528684 443936 135771 244192 372548 507591 932384 977077 559622 397356 650882 827862 797137 400627 487573 351539 46626 823261 38277 375368 37764 658316 864093 420594 798088 254581 272798 308424 794380 364938 649238 317969 450075 102306 852571 271709 571655 933734 957362 488927 554981 135914 727059 811855 271729 998495 352521 634728 100260 847548 405913 167565 744283 148415 118332 296096 479279 427591 754029 388499 875212 127176 427637 956030 77362 335609 643294 411105 497167 983835 754062 338145 755099 136234 751181 913324 25325 740815 826130 176204 50360 481392 93456 306338 309974 476291 479446 624864 181407 284234 475170 479394 556429 944117 58577 324341 835011 113450 292135 591309 160914 720872 732827 663699 385886 256675 636305 96596 998395 117856 590042 636349 287461 126164 803048 593399 794721 69589 349277 470656 246386 84671 765489 337656 461148 474870 791293 1939 91319 256408 612801 176483 816514 990897 427153 253818 604094 870737 239800 778500 147249 305418 607153 711821 938034 679721 780047 764192 302871 724750 132163 746876 515954 672572 266015 920339 320242 719840 169564 458704 563088 115878 223958 1886 521824 628333 912381 144445 750965 325771 873020 406961 154728 852019 586795 449658 607006 311844 188399 771107 153839 176609 695086 702218 271400 233094 806593 517283 39771 689578 774301 719506 768079 76387 111520 591463 675316 16614 686884 76628 13818 993592 382285 391043 844241 666782 954228 386668 263183 557463 762902 579439 294069 259399 126517 1890 212467 715132 835725 478133 731783 584154 358277 156480 79408 121672 95334 608444 893693 652698 169762 609847 808431 587886 841588 634155 517569 487530 368066 344427 308821 17904 566593 526213 343281 723639 213950 112326 98665 338551 512493 335320 923177 363778 878082 945204 575328 886834 232352 40392 376093 724618 435378 359044 891351 590386 774639 45183 725942 129254 56154 721298 68495 309423 401981 516041 821739 261905 928996 862199 805409 624201 350554 342777 720835 474472 871582 570553 145042 104159 699029 422538 702176 264083 663291 533018 478073 47777 455791 203808 32807 742697 581935 655123 885694 639189 238259 478069 220825 924467 703693 890382 350430 51254 872293 169928 639176 202599 494765 615811 618156 216599 690365 101737 711917 880713 747346 355926 353671 608387 890716 406684 145056 788432 153885 278403 242968 815461 902952 162927 916772 852519 156272 330738 765636 836591 324762 81730 724028 166245 932858 929271 922461 161893 461232 443244 204440 83021 278408 74157 710998 857993 11173 882530 163265 101568 820601 229678 154139 448816 631463 583815 589092 564129 58765 706021 185263 3069 277627 832835 770876 746569 556263 40809 537451 781684 792205 80336 724644 295457 999130 22448 606432 800978 929442 648497 627490 632833 984568 137625 964005 150322 752030 83425 126698 581190 240348 844555 624100 332136 219630 363472 553760 280507 40020 664328 198100 414966 755471 797750 564169 195842 225001 876965 671487 779758 841774 668454 190472 450227 332815 74403 184630 339591 710855 743879 849822 96506 48153 154970 223576 401943 727053 326749 519686 501647 270184 216303 522840 621061 851932 51112 510879 480105 256582 52693 168624 171304 593637 458914 848440 599787 131718 248308 778962 864848 123157 618908 80295 93886 660059 698868 974510 751012 185232 895201 241840 418755 263437 262850 390910 236774 230014 156103 731675 82047 987981 564590 51415 247195 306542 49525 128743 118446 23827 657540 670989 294446 491317 340188 543108 814348 56730 292549 135477 137092 864269 437436 560221 954997 843876 134412 472108 855158 995619 896684 606933 761012 333289 332365 496493 811435 383001 570846 837713 949406 614457 998898 431080 608026 720087 156197 665524 3241 468566 711664 789604 398668 209802 124713 974850 111474 303736 973892 559482 577241 932232 253768 715339 533452 183839 136666 298271 141052 459440 581510 691555 403927 624630 170440 607822 609282 217055 515895 376802 668224 763378 616183 929335 519651 159006 773913 388329 575564 908248 544628 212216 746769 523883 351019 83833 516730 185943 685924 281141 944667 340924 287758 449682 137483 797846 407539 527507 31658 481928 662778 630049 981 661652 859418 645124 664351 49192 100374 988581 279008 633344 848681 197134 368224 836680 531299 517478 485094 724573 543050 673715 542283 804243 868639 137609 862222 656409 580047 479580 25711 589311 802741 228132 122425 604408 58542 547273 602575 905818 877998 818522 335760 927957 513988 963288 116198 810810 70702 870341 323348 940333 201457 322977 243524 343509 706537 712585 48890 652003 149975 917464 633082 523290 906143 139903 303618 756451 957520 168202 992176 62006 115691 601148 784024 532392 961506 441938 307278 390108 411410 266449 886993 18607 728740 245336 462440 444011 983821 839408 104424 761577 860946 681057 99093 830008 892681 609868 210892 813622 861445 375223 170274 626165 151674 92002 603042 316794 550774 855989 682103 463426 604695 687078 953352 689178 986042 193568 438913 352438 228942 881914 489859 296457 428983 415995 2734 67533 691178 326845 696394 490386 573176 484302 347160 184386 513912 408059 598919 231351 66684 359935 855179 235654 453088 490966 757384 37614 970555 839429 380779 800878 521897 37341 200148 672642 859124 384933 202679 890696 16866 605215 385256 633847 728406 435136 229212 160715 627374 673744 646594 155530 299780 274275 178994 200027 132865 169133 873212 331716 588652 176003 705434 988828 719460 480651 823417 919876 572419 378437 246912 154395 664774 724324 979554 429804 126373 45501 775205 772098 853291 625609 39078 921255 565817 989998 183132 957640 710168 997451 159993 94578 464747 948518 113400 875221 353260 618744 711229 340930 298409 182965 715435 841420 28009 712708 238858 413822 637518 208070 430011 267845 21817 17250 893433 657326 368762 966558 475983 815657 856590 784563 399901 104245 220479 375223 278943 466439 582518 372775 899714 427944 151300 484514 698894 342825 37939 342759 717100 203325 924271 885493 910768 240112 610926 680953 800888 141730 42063 443644 726396 386325 922561 683042 501677 455702 275721 648496 506857 344515 266295 33600 210251 309189 780045 657788 461732 938764 652804 650021 273112 169603 143065 560505 591037 871031 113888 662803 342471 985030 190231 648790 482131 808195 995235 454098 911295 650133 807449 312977 476793 415889 479828 97029 554577 142402 954142 589233 556627 831620 358873 652494 748444 705106 752587 715567 42182 357696 530749 4212 227864 705387 362336 343635 672144 986351 405870 443381 694266 402994 59036 674971 723852 661955 18432 183212 686545 746729 550225 549018 711647 854735 965053 134246 417259 562466 817939 751128 137885 539217 887538 97113 611554 78536 424400 896772 919331 249743 701155 338104 753665 238731 887387 794083 954098 129661 118664 495639 265926 160652 432875 527308 219961 659466 363439 149660 175498 409547 114785 870573 370499 596961 465424 178164 11486 331826 471589 709802 769846 27666 826746 413852 655003 423729 418346 8788 25700 816611 437810 868499 922060 108962 593283 394312 406495 494562 120828 335144 624985 79800 589765 404 387005 419029 501770 454757 130725 34633 789825 612364 89925 294114 990777 808359 203060 214929 214206 467654 363092 973094 262142 649126 922882 652910 600001 927936 684820 930059 765599 815386 252572 32713 196686 829207 545115 792522 464629 305372 842529 914868 827093 843467 389083 11062 169551 95454 790508 552818 191307 473239 885333 582760 128768 886737 607404 765600 113269 606177 708062 81415 742409 647096 109669 136460 789840 675460 179898 589087 810794 412963 974232 84119 747500 348405 952829 787344 433449 125283 234807 875580 50853 939762 346003 27098 33650 465696 891890 302732 670155 160109 964070 895541 221400 19336 424117 217602 360327 534181 659921 95937 684138 615262 18846 54964 135617 723372 555169 253888 364504 484980 275313 403588 836189 501387 989743 418106 345146 940708 976603 305380 514866 688650 116695 718606 408466 63203 918651 208715 101038 151736 648296 849852 805461 144426 4864 743949 144491 648064 348612 150101 99762 637274 652341 508348 530019 300323 681971 924553 136097 517072 575159 532768 578983 703794 758867 316842 499716 691498 712422 349096 130481 775312 427023 733678 707846 325945 974423 816708 344448 4024 24064 83122 203718 420021 753460 72663 280527 335917 411341 627214 655985 63966 758515 725559 703755 388843 964344 24837 415903 968890 281086 757517 837183 823876 220064 738874 688347 402915 106949 264913 920459 451564 43841 807586 888976 670627 646128 341592 189395 457708 316727 111837 851369 290659 98740 340204 474283 578357 228436 100007 332640 335012 471121 839427 732115 200218 878519 175147 627721 899233 86620 218721 160898 635164 481740 700692 686061 672068 90967 680062 770340 274572 427333 32170 990925 710767 548293 32220 572228 642657 869005 128636 225285 440075 156252 62017 487631 438255 562604 473467 29734 966750 28072 502855 320318 544424 150627 113564 335122 249528 731813 404217 472149 75764 115151 496619 348302 585384 8859 68682 315278 650601 690782 53772 186776 91556 161416 658567 367449 211057 595993 941841 827105 676349 417855 94562 273241 660894 721376 140242 4165 171842 500539 370303 105132 404103 542737 893236 15673 827874 626585 218707 637307 444170 746078 774184 673449 672869 516533 481860 547659 85471 543885 618942 388398 617546 880285 292923 683859 363379 838658 211036 472190 268943 237649 173116 325011 268657 403486 977462 199170 484226 337372 693950 915251 684814 556650 21056 55422 172554 66093 34883 834766 179397 230123 159438 369852 274934 830989 459701 376501 958604 297878 416397 910754 465795 775138 543035 955425 603081 439779 539051 434475 718387 799682 405477 317738 206454 910998 681109 340792 559051 963718 182664 860156 704976 916887 983611 223408 857132 743201 517888 321275 447664 742564 494162 722704 358768 245058 436564 376348 166776 473366 259300 165017 585823 935615 765108 400960 929321 326808 513004 588549 520659 988940 784284 669224 846840 97307 763245 420772 681292 350166 503482 636097 34748 434774 760813 904738 452853 199974 342953 43912 468137 307359 920706 436724 365616 296085 535598 77485 789495 412033 876887 943260 612366 550957 279073 740904 810936 392589 845707 536561 796328 431932 214496 948600 985628 114271 493828 301336 288374 76390 883288 454377 291786 502691 180033 492955 647113 522305 381581 748843 285475 461699 629884 260272 131854 983264 279217 804861 762962 906012 471104 391512 507185 62708 486430 119578 472098 302886 379541 449733 364644 337164 709975 134528 580881 610824 749671 54770 439723 296276 146119 255997 31032 40055 542998 680294 278576 671672 617364 186800 898604 613851 839565 647547 212542 770760 407241 344003 192446 302865 470329 70067 729568 797068 515083 448660 125156 130678 347840 760838 718708 431541 694566 705767 791617 242311 950050 701949 941794 439444 663837 350087 687922 906998 690492 883933 150353 568410 659755 373530 751376 511029 428662 623555 630645 686539 958035 350797 707599 202714 329442 72494 311798 332852 613335 941660 782715 919843 66371 619710 506335 459779 266829 723350 649773 995407 178833 490700 507309 501221 36305 181803 592807 989884 695105 314401 576864 954518 129237 366903 118659 823222 925887 497579 647996 976333 709284 508349 472575 970476 744022 720071 630046 399475 370957 774100 350365 117779 228324 442697 293542 191653 209651 960001 969681 235656 543096 470408 627075 11831 382247 298874 211426 831453 160250 795653 583467 724796 34173 652036 294405 239644 100350 85866 913466 652248 907586 97695 406426 369410 698939 253941 950452 378150 892427 859615 464579 280564 470452 180688 603733 628299 774507 175172 898103 142192 556837 784033 228047 684645 514162 514674 217977 43960 466050 328028 722111 934763 445529 412027 849515 518653 985300 474028 221359 509406 382639 578832 174204 635686 359549 654526 80239 507117 51493 673563 875378 447947 862516 914406 699624 938059 198442 185482 5025 948231 479197 394062 504473 898890 857522 721308 855504 343134 53403 928932 597347 887624 367748 23500 984152 978219 706343 973933 307546 92779 432938 611789 597045 198317 936814 246433 195132 880710 300219 952618 447767 281984 925177 503398 851111 811546 526755 271773 578421 35591 661360 118164 973189 635770 131137 155454 71741 497210 381827 673884 684387 482978 905523 950576 825716 421698 537779 353018 147306 461691 630626 904316 897871 643001 439433 305235 343757 137265 25912 967624 870676 470618 341572 266786 10542 646824 566904 512278 386767 399069 24359 910452 480774 253425 124190 481448 901261 832032 502273 174891 410874 948010 977025 181274 523577 492729 905612 310199 513044 420611 383054 998961 971566 660143 503258 420637 728189 105459 403814 554498 989096 464463 797723 868843 449390 634580 833457 546386 995059 483492 117117 337652 155602 467733 23643 34440 926483 54501 694295 695056 283929 53630 198860 850278 71405 622447 80631 181432 585078 484726 748710 240983 22228 689661 296116 307169 285168 398094 422667 7245 57722 751521 478313 451170 583690 900584 528293 140804 691345 870723 252613 772929 689597 240324 181465 173246 907986 442060 400457 707352 471931 678564 568030 130247 17392 927602 96195 535537 302333 932033 969716 42949 344468 683417 998038 840153 710623 768974 883301 409737 542186 995549 152327 435970 728304 556864 76477 315457 171760 38059 527985 501036 780187 427492 967484 262579 104055 9074 637990 507798 550085 513028 556658 382167 513701 818421 883290 631469 678870 459989 164124 73750 665697 579813 950589 103991 353405 673472 542616 192862 411158 512790 692911 729322 434566 63327 594988 683711 825423 22120 558559 154622 152137 941316 864730 583 442145 754968 456291 149367 43786 634005 415917 100498 567954 600202 762918 85401 758790 960320 953739 517842 372251 44310 333849 930513 506680 818556 311193 325237 726699 140527 290127 345907 777553 3969 22561 206932 303490 617934 373876 456973 907074 254341 48178 272073 652842 195865 885403 502669 991614 207676 906054 642019 399894 742659 735125 568510 218853 304610 485930 983597 588848 60819 526090 861375 441460 341218 236337 347106 264031 440459 622981 594111 40060 430549 366037 671954 331872 952222 547048 337984 412791 434815 542279 196054 56992 699988 651122 239059 654058 190277 790561 543956 576267 600828 653802 536211 145996 124395 594037 854260 612360 917714 400249 937159 290853 494509 951661 752709 418934 308117 88744 57672 267011 874361 728700 392572 102463 903350 766767 452987 443946 586755 616791 908772 247524 918771 968077 42087 321549 921920 815724 838735 773465 402516 671567 875774 714852 315383 415497 179910 456869 213151 938721 81294 306159 396169 413419 41557 11763 779108 920201 809920 101909 367664 555780 260372 248440 718312 192315 312248 160651 999574 134094 940758 521763 970139 528464 75463 417187 99649 509846 271623 750203 621244 294921 749729 394232 791065 835759 60709 308839 488971 129475 319080 436138 249349 375244 429470 31868 890235 590142 450466 670023 685606 236561 24381 828466 119788 560169 720642 321751 379851 461620 80821 835009 902954 82424 632217 208460 212973 345743 168636 474552 718243 736829 255003 481527 662133 292236 924648 461502 293986 584962 535273 186276 853784 664526 325283 378502 532980 619000 626390 184495 366029 907606 240076 434381 821747 472203 547039 882624 755027 637290 309334 566978 430349 513594 823592 998521 872042 601440 878250 323733 13998 163581 809583 212516 310827 51944 776095 274396 424297 423430 988237 328102 393676 654636 342593 92965 15548 921527 1993 986879 175269 567188 427915 372736 805810 318363 968725 741227 146666 157715 848488 295681 675463 129128 302215 680559 239492 822133 45245 55883 40203 546818 790663 422331 231599 272893 790340 925675 110408 39903 336425 293090 826834 300107 988008 853597 72666 736957 394367 382218 165150 17039 304239 132672 838390 707043 322318 869123 923434 20029 117333 642383 930368 36506 931464 658309 842288 804154 828534 68295 857785 884305 111642 603653 192655 608226 314984 287672 358480 232323 630022 471836 168304 840193 976363 555138 355443 755953 359827 131883 71416 122729 152988 297787 989338 897784 729816 272409 825947 334571 308374 249269 278202 120264 335536 283043 909789 259827 125046 633773 17738 883098 361375 381540 689751 891793 327634 658342 483068 975921 844059 111709 585169 863396 108111 538796 872410 471065 95611 786459 826897 685243 595166 514196 898128 72850 915773 768118 792215 470785 861501 41804 219884 801624 194298 101935 197054 968004 682709 789160 791597 138266 295830 378493 796023 352760 404303 566796 483689 13323 355945 173970 478170 739401 836135 986292 3659 912036 559014 593674 112306 163027 269178 463344 212286 693423 20731 441004 713431 879600 241097 957750 646616 652794 896465 639042 192990 894410 773401 457520 128822 466617 556074 884530 445186 109743 576460 972882 96925 271709 595729 471597 66955 801244 708145 789950 557774 658903 25806 20650 165662 948174 891489 148605 694991 203447 190470 734526 364069 465217 302925 226882 859360 507752 736149 539614 456771 230433 410001 246697 628366 922238 351560 388834 270893 704394 176654 826635 715966 479067 10986 489291 285301 375011 987229 649874 554226 873551 833407 551057 395676 551887 722210 740452 263751 152169 118369 796814 732017 407408 649095 337934 414233 923414 931289 73678 598643 66550 223912 795375 287319 213309 187957 28778 260829 637011 466588 721560 336081 634910 576301 505220 220117 261363 101442 614387 836953 264222 129930 665051 132619 933751 118559 797383 141061 13858 595977 533120 948798 994484 44869 552341 639520 353614 158152 857272 689153 770710 265487 777873 194996 911346 229116 202126 181271 765830 16309 958843 565815 534917 821306 325285 278988 54018 616807 246957 75766 363640 128369 496986 573257 429663 907103 842676 480681 806235 865461 823541 373058 304437 21520 911904 822584 286905 21114 537563 95563 798848 311817 739676 122175 147078 905193 679581 758552 480783 754763 856623 92856 808971 686168 497688 584349 424790 234834 24352 390479 111772 902268 267611 546841 273266 738260 883485 167555 158367 902138 117064 337678 534781 450185 719880 646315 810633 889435 289131 500772 331358 889133 170301 977976 695439 220459 512213 843819 726646 926491 981160 262068 14391 177979 614435 821024 981823 198489 99339 451686 864681 16216 660040 103217 727237 805412 564480 749309 443021 352009 756829 995583 638952 837083 734430 92796 108276 353998 706680 224304 870898 675437 41779 851142 908292 522566 555075 794314 587279 814951 428689 258833 356830 847348 999317 89007 190129 823528 622305 214672 838853 766860 337440 663599 477577 525001 169993 564459 491383 184327 864286 988696 996792 885636 121863 294996 572438 109216 283085 945329 229472 360655 396545 770000 742508 577737 318272 977322 211498 246541 324615 300176 851111 46153 499996 285661 799289 655242 688167 22921 146226 390307 970266 781790 5708 945099 435018 552683 283067 247412 333220 259652 709679 323999 272480 944507 445539 315599 67350 626169 379074 726350 71294 142731 778585 276301 767981 75835 486172 76452 355869 743467 310872 745020 264132 131268 335703 360753 290766 581257 45895 422413 236544 772948 810680 444214 285114 706822 362394 838862 26027 739349 171571 552192 514584 55340 564110 426024 45091 670890 193036 728388 478858 167196 750606 289405 629733 353769 761895 929375 290463 700702 105898 706816 647851 863120 357268 681361 252362 970540 114593 615060 787866 632996 58535 571524 499246 487372 83855 712427 158302 182877 46079 223357 253078 457504 820466 861349 664217 323617 593723 97489 238459 740445 348152 488180 245632 753218 904214 28576 523984 886666 361620 586999 645344 454402 31036 452010 286322 117534 513846 6235 130633 995143 61695 299425 806210 163535 973504 147787 414855 280585 929196 110366 885871 914189 703116 465701 190001 227880 163442 474381 484176 231228 809524 305750 587466 111845 434066 675801 21116 931225 794793 571484 400933 330647 863810 427147 992571 301000 860949 938755 679318 534691 940017 322185 383686 487493 849742 79120 464764 567867 794906 489337 222404 88084 945985 658359 189105 882055 140140 237855 929196 493858 214678 199815 564293 806250 401818 653167 214496 975607 620888 743080 328350 792313 271031 16948 938365 134864 664615 465595 847033 139886 152624 941928 320336 345178 691211 291272 304473 704520 55796 264884 772839 375754 158183 911560 702999 921804 912710 795636 51307 305542 17511 574450 379959 361653 660134 664014 65406 602506 442047 581478 134177 780315 773948 780827 394710 748645 193197 311038 466196 902519 993460 627907 145563 893968 949640 680396 534451 756515 942809 35815 611443 28727 409178 159205 569543 686812 385910 716872 811732 400717 623115 272202 758671 625019 339365 205047 773080 633641 377159 154384 238477 329661 545255 759664 697397 73619 173050 160654 587629 71922 307057 70948 777372 553677 105004 259065 873716 471444 760368 585710 273646 986123 592572 602152 340401 219031 478517 161643 239364 457023 745361 834555 928029 892683 394707 761144 246407 387097 965093 54550 422142 311679 899829 211422 656128 200701 407857 315781 57956 188781 583809 699678 117375 480947 620140 216266 979124 687933 587357 672307 99461 831622 309692 727285 94024 237203 796092 790039 175036 684663 150395 729203 945523 527153 516263 950037 704262 853207 345963 17990 268369 110648 133621 842924 354154 693196 70032 177529 346925 312372 958378 975010 837849 992234 164535 728061 878998 795160 754532 861048 119647 889797 701888 679719 242456 589102 729389 518625 537587 149255 760606 557123 747105 239383 374865 78005 606668 976510 207991 93360 413153 631566 443509 751939 571885 170453 820558 173410 976980 727583 92739 133071 513253 231697 535404 216972 719192 188833 692486 642077 598154 511979 649967 597008 411670 707016 605356 261977 222941 164789 347698 552279 385152 513054 992903 368761 566310 60132 815894 408295 448330 265072 784307 170774 520275 408594 350938 24377 195606 600805 221446 867123 580233 829977 55450 127161 16594 524202 235824 950513 227678 248449 621646 438886 1312 58465 390657 56180 191922 97138 847819 671652 116421 899206 13403 614864 731949 831969 660393 250875 129927 588900 124687 933521 291205 219510 108212 793724 642298 208495 412224 973197 809086 409026 600734 207740 230653 91447 61261 107717 879747 964942 453078 348214 307856 17241 448173 290268 939354 156835 767934 973525 223679 250779 17727 446048 373437 754884 298533 998709 880247 698064 906747 318478 453214 179648 140420 200173 11193 355374 571972 685155 195276 946429 988938 973645 114899 599443 892698 259588 765126 909121 518007 535816 285866 238828 537077 289956 554925 749916 42449 11045 987980 384067 739474 940064 642296 645492 549168 769479 577076 723073 109846 634672 790795 939510 982179 710436 879287 196294 750720 815205 623875 594726 609952 583394 48712 105754 131077 504964 827318 346332 247286 537553 511575 938550 767513 150653 199076 977339 425085 999707 456971 523363 89833 533906 209861 505344 535058 533442 813097 876337 789031 90 886480 402848 310257 993143 573294 566356 937154 161800 115928 448216 92406 905578 220572 592293 208509 153345 943063 558261 199543 393708 400815 590943 401673 571737 964083 954384 674953 385483 280557 545851 334616 276179 149094 968137 535640 634055 495768 586903 318837 857194 775745 929412 383617 750884 115103 225959 79805 453265 615845 164483 83785 885312 53649 175543 973531 981999 98523 475372 612510 510465 666253 782807 503384 134962 318634 622876 500347 789036 424391 247492 512202 12056 113984 993085 258534 325187 152407 249019 966097 878966 585821 17748 455252 805164 582698 585761 140977 479770 692044 871252 794900 955423 604465 860949 135398 982220 160087 777726 509531 788826 897431 884251 886595 851466 923617 629110 628920 402494 413742 723826 224908 683814 255438 860544 789599 546228 591648 869199 373726 314684 550848 352437 243895 630169 824947 859231 527332 34503 904402 215227 688716 911079 890313 698640 838061 300551 621411 996837 132924 871034 224247 610129 458856 524910 457291 299392 260806 626772 772100 340685 628339 274287 945914 545522 932502 832889 640623 853563 374968 584201 649023 72274 34486 425765 358623 669202 934199 638667 825856 298476 375531 691313 972518 767392 491744 638539 687671 199995 166635 82167 909661 426600 396288 264486 313628 640259 888229 378564 628632 566737 178866 25926 739900 464889 34773 378837 917933 724576 425120 587034 376042 72898 415830 378292 40636 888913 567197 20651 76526 367586 618077 487268 240454 751279 401369 820734 953334 37008 272508 772713 932253 60883 731615 493899 356533 998503 391472 791241 520359 277044 629871 558110 444550 654043 45969 883428 501109 932835 651105 742571 580951 783739 634641 870316 970732 958104 271413 923309 266558 176432 118556 12511 304903 503036 923882 392342 889547 816738 643228 94328 549643 346100 846910 107886 52207 430506 137547 612101 354099 109879 164484 120833 108659 162397 172409 498914 378244 202916 181747 446312 685843 76656 836428 428151 324128 957764 577872 558386 306487 106593 417820 9096 961712 501103 815437 558854 731116 570810 231240 878062 292200 225876 571601 267137 777771 751023 612252 380599 288805 764831 976788 608917 738080 357072 853701 559109 355756 522273 570713 469573 798565 501203 395882 824903 397934 346335 539210 205582 58637 909749 888617 878988 416921 249317 275558 160363 793170 167243 443519 422142 879405 641717 707191 723479 186230 525363 182046 602827 683495 564066 121494 942556 23160 932204 302390 5038 818765 103953 224282 277954 870 773744 120418 747465 497668 871970 778915 269303 656148 295534 606622 449571 474021 375032 325171 921592 262467 500493 41179 233239 654122 883364 740981 860198 141247 413416 111831 359265 258490 76774 790743 563392 134754 261276 877573 527446 531261 680946 232319 88172 932220 598875 864181 270372 571457 223877 732675 899715 307418 553690 612269 286170 813471 300957 408414 520671 696279 89977 861283 437173 957951 152926 262573 764704 72910 706536 175286 202952 662324 895573 864947 741414 248654 364431 47943 756673 300475 940896 25256 596805 244064 521459 540930 194680 442140 930529 875956 591775 579203 33570 960920 468826 833207 268050 679739 890416 404157 192261 72900 617335 787355 363630 463813 328702 845588 6852 324570 502114 59006 385982 174488 120558 220961 794423 946531 87365 950986 778704 340079 292543 944931 975077 36796 771252 682140 233779 547781 826963 376979 104041 528674 914451 396939 466378 699399 931909 135738 418495 744616 510884 6504 326531 146739 175866 407902 481991 409241 434150 454725 782892 525538 591584 364814 423804 756467 694139 62902 726114 193377 5002 817277 830327 983433 858702 512272 325305 122245 490083 165592 293738 856222 740035 610919 347677 865546 836375 445164 337029 71518 139370 556083 60594 802157 127205 78724 424816 642801 17131 467601 807658 171304 189558 660768 268200 97590 637663 319737 528532 448898 610522 624193 322681 865410 440345 269760 210597 542167 298898 723743 499684 885493 769027 985912 707456 512490 699954 721683 151847 130782 74214 364193 9078 98832 387678 625640 27229 431907 760381 56367 866314 275 672493 209144 744140 526649 374986 977374 972702 991091 356560 67276 48878 877478 746549 879601 847313 313063 101011 463991 615197 423966 391656 51528 278756 513941 24007 860222 341851 426545 250970 889780 692229 636396 118318 633713 787215 721595 537059 664695 616972 195980 330847 816562 102794 197781 196717 851108 401372 931320 947391 1010 182718 962183 433626 763080 64775 833713 531226 836934 725393 838316 873206 269267 63882 226119 228295 296903 525861 240557 454742 98731 386071 448084 822651 92417 347945 480756 827491 434819 580922 682790 12390 369040 119089 494033 421868 510616 320978 341265 590945 747849 247068 659156 209384 368998 810818 94026 243105 119193 360813 954846 930763 115768 951811 554846 469602 299973 216641 713715 604494 754607 693426 17276 961905 600684 725561 648547 890199 813699 561945 249280 850981 884400 645868 124091 232465 898250 980348 728144 129707 929572 465845 349394 621687 49242 796820 562355 38353 862284 312982 397727 870663 322459 122887 737240 853776 927556 58027 252248 92943 481684 755012 430389 278877 765680 600068 97983 547510 86945 438951 692835 224844 695321 643752 221513 354873 81400 997725 986105 972398 904953 143815 292428 288872 893549 924749 795662 729134 3231 164338 231361 478630 751372 883478 446864 737717 680752 514280 112321 339600 79674 653907 993917 310819 210129 426778 347759 321214 552269 715170 438744 994314 98413 622028 172534 290696 333112 235015 20971 703904 163650 83177 420089 316358 625616 388658 293785 383433 630313 615191 186585 233210 632961 96580 955645 774848 936071 129574 360375 868643 682558 811696 325792 220321 678000 965643 651604 639899 522348 836618 503474 134123 341053 271262 383388 153039 256268 745733 396188 926543 156107 510453 99147 189515 484788 708551 85895 175249 329252 213358 614197 976630 322445 443765 119780 189859 920671 241827 332586 102666 164144 533464 311542 296421 246321 529842 779684 275359 337831 724647 202703 242223 679270 820965 237027 75934 361660 805142 288190 123005 474141 376040 404670 262633 40663 16634 676585 145232 166452 675503 864433 908597 658364 869020 650053 412945 986178 89826 344400 464010 864619 535197 569200 715147 971240 393281 574531 596436 499300 730561 870284 700347 490317 926181 559815 839740 710700 425897 678576 566472 92735 527650 721939 623950 370296 976272 452120 204817 942793 957263 469346 456527 505698 477355 148258 130136 967519 48688 574544 375921 440822 540948 354354 530835 349200 915709 689445 497852 609321 412320 603189 352129 323395 505170 390892 219862 872738 820181 228415 724685 435524 189071 828257 610630 587113 255037 622959 864518 934995 925188 34415 884612 329730 537772 230431 703844 564545 553911 85456 907995 573809 182902 691253 759783 633938 488514 298027 855029 256502 279164 89880 747469 165547 73713 914359 272345 452045 319105 44694 249194 27961 762720 776833 26299 558636 268419 932089 14851 232110 703959 557043 62253 24432 404941 692450 956561 433865 607462 733047 490877 680845 774385 735600 782387 90894 511916 445065 323052 363112 731132 996623 979663 347798 279033 134238 823547 934156 993756 664328 621572 2915 778499 464724 73648 213337 56195 964452 830907 625385 58967 309010 147784 320842 810904 306660 477119 428403 544293 5825 351262 398160 142604 852600 54748 593811 651848 548169 55483 755129 324074 616739 838878 888046 294398 662355 235368 379599 254980 145383 324656 232583 292178 739528 163543 313047 374467 232964 341329 88141 812138 635709 501735 798984 389656 359594 541244 410766 199791 775549 606285 259827 499843 871337 94913 713483 575447 355610 5734 103532 468664 427040 296759 323700 645878 406196 461540 541333 824672 834377 999830 276327 402995 397884 474041 143966 532120 933369 943488 723760 131992 538041 412069 161387 66687 965733 510850 312528 448676 142339 232840 211831 992482 879604 273156 391226 452825 729237 200997 21080 232847 58031 290096 876343 847656 257239 1606 687046 41206 359380 531256 23172 578250 212519 262912 32928 893995 662597 51496 154963 187031 520652 440457 975381 480530 225360 18778 633777 362890 40235 574376 104008 353497 486010 247755 625326 902650 306588 981840 998473 781097 671927 832785 886739 609635 239466 988153 203813 906726 105678 717866 457254 925567 671003 420432 750083 801928 502674 733829 911644 62362 303682 916895 298948 792244 861551 5724 935256 751007 920898 621654 439219 715233 652211 421374 199096 440813 469727 261000 281766 426106 514798 131356 755265 505201 270830 372409 441796 889202 771717 962007 487435 641990 156604 167792 483102 320677 188217 27703 479772 804812 393214 687213 822865 810217 850857 533533 958341 508605 463678 528146 914800 873373 309003 819278 100295 971174 556483 518563 357324 797360 609856 506727 712277 677224 158361 581272 237121 867333 386015 549549 879352 669749 430162 268659 7635 95019 125081 813158 828066 98932 284340 778261 665217 155592 835665 957236 285176 271419 971527 198484 270631 574404 376978 677783 465824 871383 687405 696440 70102 394069 487913 672234 772350 208400 645083 892369 622543 505294 442393 422248 476257 390936 501799 502442 600843 185625 616645 818024 615741 169979 267952 805777 737744 742171 755752 689260 346375 362295 716848 765914 504852 626718 411339 160321 663300 300397 523242 631859 649893 260681 96401 335201 794615 13927 831694 607295 330557 981604 324426 497446 953084 644452 315 38315 331508 470325 372839 41144 806057 137734 597223 283202 915624 69696 32439 234043 786081 63004 367876 701998 878679 904160 237773 245698 387823 86989 926984 185712 535292 96035 285953 465606 484685 99068 639712 381520 28703 337993 542396 127190 943270 215356 356578 352276 592569 289238 817287 777448 828416 123604 850240 808446 885258 682280 533642 321804 677462 357806 407610 965247 223627 289427 402203 524829 123639 902442 90069 148283 367374 10987 620044 3760 44133 634274 29275 89641 614623 692212 360292 794350 501699 383279 468765 542132 815436 149067 538600 956566 263500 85402 842014 459095 729261 602320 611807 531884 309323 344516 729566 335015 963251 886694 855405 334345 141576 557168 361616 791474 464411 540999 218073 31153 692938 998949 611639 370276 906517 764609 935433 491486 539735 299917 922205 844540 475516 98398 208534 240811 946473 521497 715623 424548 722142 777681 751204 686029 152638 608869 103379 266914 631362 34378 17449 888793 864755 147719 736771 748667 40418 93019 14346 929769 783408 926044 704611 308382 661192 125106 373192 977768 517413 642012 439924 473030 61755 785896 84464 163837 951725 816413 17495 889239 238347 593478 379244 848897 293766 463340 128056 598078 868413 581023 179479 95812 419320 605806 295070 246344 537106 484630 590455 780853 836627 524198 609408 758274 206270 752834 379087 635447 14926 255808 398958 336098 293021 644350 921972 757485 227390 375879 272592 849810 592640 71588 885015 920216 228013 863572 577721 644868 309455 891432 765965 608720 44721 380282 449757 401286 332011 859332 358781 874136 799725 891633 108912 421268 763127 302762 204467 593503 795356 901977 391950 437063 542199 660186 930007 879897 589595 87007 645431 691651 377378 956918 783397 164871 220243 857140 924492 497772 726671 461960 913814 278305 639921 283282 721324 244609 495677 298889 945341 404049 797907 830588 87650 764309 929029 457881 170540 559291 655005 260713 821004 811323 214966 757158 581949 105064 808660 92430 765903 728890 641293 38989 268546 549190 456940 304190 904869 972438 621254 911934 325321 462071 67830 745081 827990 471369 109313 382510 292401 837908 336547 99276 143140 179702 420407 556595 586607 752217 664896 384467 701128 347646 343670 349851 844275 753936 532842 946458 506758 195872 860882 251978 179197 888680 814929 239610 794117 146664 383533 837457 832979 279865 78803 146515 133589 666281 952580 194031 494724 999311 933854 290596 372417 956077 437943 271379 842486 608594 805639 967458 918727 694738 853299 129825 192312 787945 67352 533242 515145 37922 10447 213641 179334 576899 820376 536226 272682 341797 614541 166117 835301 822296 395879 397994 420957 99724 801670 925043 205669 544317 427770 190652 928612 373656 588036 279663 204208 421092 371689 813583 850700 317237 2669 71022 501281 678372 965027 336831 676164 384933 683146 455329 492338 276708 24240 657092 277779 580017 133466 544386 639691 74359 159155 570296 158710 208537 259564 625249 580044 496519 705231 534884 729607 991311 841074 938030 643333 579848 791071 96344 2622 235880 243035 758476 42930 454335 210833 821484 910104 102747 115304 851627 677297 370323 784633 458598 282862 379687 583111 459521 679492 485131 106735 180559 136672 209991 832098 8287 687062 401714 643903 902796 534541 366489 982070 876232 441162 408491 371948 185194 27977 68349 3714 692990 330443 383196 981201 631768 996916 355165 863177 917958 420750 339796 1723 18853 921892 931960 357324 329845 676809 514753 747462 451424 874173 69690 407615 947177 768751 586254 598381 783751 617533 165208 854506 104127 618809 504697 758866 769712 400931 181886 368432 37974 713735 428102 344565 160236 224994 20223 912069 537887 129627 301091 690276 734708 739890 725174 351874 378332 82644 83977 116876 623928 870311 142942 904311 130270 552470 569354 588088 945329 480797 583743 224278 264035 808738 173702 12467 478496 583044 732393 50836 798268 689206 183498 564927 844263 975591 366737 462364 601791 480849 670910 825988 166189 405762 489965 275507 681602 737966 170677 874529 96397 159256 850253 309021 755587 370238 933078 736271 404680 368885 105075 874169 369541 683153 672989 564034 67813 906124 14808 122139 26885 712858 883887 682523 734025 296979 876691 236285 287727 223462 473443 947381 871296 720392 806619 583818 305178 283393 305424 787533 593808 512546 4998 380360 482764 720776 611752 765629 55303 370357 442367 763951 46326 366665 308364 518288 486980 895383 592790 767990 174097 351657 28051 553591 531454 769836 697114 521886 676227 138232 210815 57211 306690 887210 744034 367604 837165 719989 187266 524475 697971 57049 63812 694200 907152 739400 821435 141003 787639 500243 948433 480515 796787 176679 641676 324380 997921 183884 137356 548395 317361 570508 863658 317752 34621 805264 596950 108136 4788 756241 708009 648081 265597 366580 948067 143151 445063 554421 182955 171415 471650 603265 947809 139733 786847 466658 284998 149122 693589 656837 171778 193255 331028 919312 465892 594619 371685 688872 237194 905107 204282 982901 534945 965623 125363 838348 637487 526171 896782 716268 310977 151950 771532 922394 726877 111633 548240 162937 242711 822911 421335 4526 231111 814025 770270 129374 152949 443643 233297 948605 214807 776975 483048 317597 57519 30107 777716 721536 153965 604675 245090 568686 347907 484861 85795 844846 308993 165293 946745 408573 941759 247021 755202 700729 854754 936168 785155 154795 213883 757424 223142 130342 814786 554693 452112 543370 499651 937331 581266 305219 767749 956806 101490 478691 664736 609724 455053 656561 922633 46872 615559 348724 414117 420130 164967 643896 135161 303854 619624 160998 525747 328431 185943 806860 592754 243720 422968 200367 489733 81062 783159 169401 694706 356630 774879 557843 8894 336198 275087 580399 591209 639059 279868 297717 991809 323090 454952 417277 745588 230978 146521 345620 357931 895341 907719 37385 305130 77493 4142 477243 286873 359644 242932 903224 97529 278360 611420 281009 965577 200963 539681 240686 640250 593983 53977 454232 884122 120371 9373 487684 547297 136566 612382 442554 651689 560283 995740 765049 467749 728471 931253 43294 646150 56471 23419 549358 314698 920520 208732 444573 737281 85682 725018 313426 974434 31956 35759 885061 618313 125011 745053 711350 166727 718608 299458 693225 425255 501944 977999 397678 698195 46735 626389 77196 245639 986273 447607 734482 102024 447831 894792 468181 146351 251807 986399 940693 477592 563736 339491 934444 267198 954880 872898 259875 458549 289074 293326 421295 189227 206357 762120 688200 532082 759552 95793 801569 267638 685140 893831 609962 781952 196595 763206 894237 350533 162965 839892 839095 615380 740227 303685 947810 504433 223812 282069 788817 686642 322107 491909 579934 557733 71986 823917 807795 427422 753644 761176 777506 538681 894835 164943 576625 336904 806328 685291 767815 138186 288313 6297 857345 988069 315489 295312 909388 787382 654820 356753 885179 685496 628566 695878 996038 248892 762580 466652 554394 382275 356216 568600 817203 889345 510160 86404 553701 971256 61948 643670 264914 21484 608051 527593 535331 959876 672411 25669 400889 342611 801776 895932 138542 511129 547962 419233 637640 459979 291059 130239 797308 509581 978435 218148 267648 191011 601435 644842 244020 770227 197655 890258 13833 722937 895323 666881 294250 360274 795779 525653 512446 440226 117789 591200 598002 391984 858688 14883 270037 124392 661809 462229 211322 221 108075 286503 600135 881967 361382 153696 538481 955163 217873 940851 434486 926039 607770 37252 232902 957052 217985 677021 517097 385183 871290 443334 741187 908971 348078 675078 958442 590074 495613 678772 967645 47354 746204 948204 617559 115909 776906 424240 83649 664183 755786 867861 423978 657418 172728 122838 470425 494249 120014 746334 493559 132740 469474 771321 381759 598625 135742 318070 635796 917008 177103 843761 957268 915880 102946 458642 804866 230266 444910 439349 735762 943141 689550 822837 488386 484111 121740 877324 618794 146541 112645 476346 139078 303236 174845 622792 2633 198410 649016 193830 88066 827013 664234 603429 966853 451303 289322 732079 275716 104378 884527 431207 697259 949386 775493 352181 915467 46303 874081 625523 928081 506493 451051 10543 562538 606583 608396 379348 682429 92202 860818 320658 93541 87361 564694 480849 605748 633704 280726 134231 280360 918882 993538 297773 362257 910399 353515 777095 634286 120304 558061 90619 588576 9217 520367 875237 210645 118791 308175 440053 584460 702716 546666 231795 302878 270681 213892 604851 880755 486361 441449 17528 779565 47364 951602 693444 467989 892844 46887 227574 574590 284748 868481 288823 922300 197562 55575 503213 754580 486423 891056 814122 637676 287926 320984 223143 64158 469134 386741 292326 984497 205670 252836 877588 912752 183664 504965 676924 702362 358225 460377 493568 875723 259739 398049 661920 889509 702009 324300 864566 468485 325536 140318 657919 742372 765671 231053 958185 707343 567893 740559 517676 751090 462958 776196 896482 873418 592978 653141 968576 13737 308192 251236 744696 668939 682275 403352 544200 729778 917582 803151 266480 123163 913428 66200 99310 23067 61447 566432 270461 937808 432032 918532 957574 380574 113004 558258 542047 503477 974701 564630 60943 418278 996955 131412 537757 209727 474723 479811 483025 832631 8431 669541 147116 46913 666079 605278 297345 638675 908408 127419 793615 351751 405352 431698 273735 375595 389837 591528 397366 271449 231229 534909 89994 574497 154009 807783 855293 813434 895286 845104 346907 672389 511218 959315 756007 558854 766112 972916 275220 348091 720382 105009 261809 160768 15602 813394 419373 934978 333838 230933 541522 222656 204787 921305 80769 690148 480577 526776 406714 566659 726674 631591 528293 765484 875325 529079 422969 254018 956813 543867 816406 169370 955625 137632 450725 421962 168731 905729 953412 900182 309579 259835 872716 521244 136135 367973 394704 301168 222416 302963 662179 482360 56869 217226 867357 605091 271791 438242 690218 239283 305434 216168 489123 747994 999507 231144 55198 515597 943702 633941 823600 392215 364762 38071 725172 369470 977651 447137 355601 601619 110652 983339 658556 861808 982555 521056 223038 121522 567268 357049 319523 411082 499905 64692 63510 711650 88447 804850 488080 338855 938455 200177 701995 239005 870605 831511 969886 409810 284253 761429 540764 410663 865633 278371 157399 861577 5359 704120 561662 172763 474583 737508 391080 883398 165872 283872 726404 32237 462500 83029 846895 245285 972663 183377 74034 908831 327101 527382 242274 735187 338409 837143 936109 967421 634108 415973 400365 890616 239833 60625 665201 998656 776841 901870 3393 120262 429468 826943 988312 331497 83067 395789 599020 515441 895322 609060 340379 708226 813190 728924 918601 254177 422191 301898 595886 857553 400596 612682 504242 355292 552018 222605 931759 211729 686034 927672 359216 260197 218807 44920 660141 594949 552053 485441 997899 811875 412787 186791 458510 646811 629922 851299 731736 663740 771007 593291 882754 375188 681065 697591 824882 289984 619025 962372 235725 807077 410998 411501 115555 355846 690753 512216 24793 204525 488448 914935 219395 851355 189007 246733 225036 194542 37330 697974 499980 464223 341075 128197 214853 286818 791350 291556 649524 726232 789285 304503 20120 71621 620248 177814 832945 808058 97648 318966 382259 99664 180659 552427 727031 613813 150281 408270 674238 828921 181627 610467 752045 900831 331621 469512 299009 267080 228050 174244 914595 933990 316722 766306 555345 769023 952781 753891 32814 223811 317503 369073 451873 335053 458104 672566 851347 874644 218472 145594 512417 455706 529275 826247 531982 156061 666491 576365 605347 660800 245558 156607 636501 586581 28251 665689 16181 999845 350145 152846 92542 361163 468177 606532 829182 781450 850616 135716 966400 948638 52709 947958 988258 311130 923989 158136 664884 196626 579090 239586 23213 105179 500737 192725 179521 430670 622343 738019 447759 872252 948258 960542 526115 779582 72509 140770 607461 485098 889638 148992 493629 89444 733965 420223 660094 529122 357616 197515 698209 172457 530826 105589 474476 345051 329778 258789 744602 5503 473014 987192 386616 824181 890721 337454 687797 240095 212568 303387 54974 203839 770109 422991 395456 136357 96350 699280 839443 731839 586509 974846 253629 846879 171277 602001 980754 917224 342810 788817 40866 984009 310866 90179 623973 332756 697928 163844 80159 949390 424025 353246 848987 887344 745099 909755 280922 45299 781427 253846 992375 768770 809742 229482 617450 203174 334136 119619 594855 754588 149244 899354 779733 601351 300394 598929 372337 763848 681061 695544 950747 225899 638012 723416 895283 784278 838751 107398 594358 664486 182909 999571 951430 505034 104724 844173 869331 280536 364784 165867 215380 933935 331839 874916 745879 102668 937752 37418 599250 275446 954462 234878 756705 147355 618352 248320 556814 59088 60035 600715 233005 201678 887605 716936 891435 117857 472106 837253 408194 483334 783357 417599 712789 931295 529242 866410 424058 882483 3948 101276 333216 784336 645035 287805 608491 185240 208728 104240 323343 138293 744779 106982 222269 324199 843425 736090 208533 28162 849649 91663 654931 22699 673296 148734 530245 455101 714655 500557 209028 645448 636383 233453 680754 617673 438349 68631 617342 767566 965241 287851 448917 296258 254717 423918 227922 750813 691508 118779 803078 17034 514210 638376 465788 348092 594930 677742 396169 702974 153582 48246 402597 291397 103080 235292 484910 454102 759019 75158 689816 55215 699779 900195 292461 612600 451582 291009 59545 12583 49625 551917 411019 700638 752048 321001 835386 757628 209654 253110 387221 82213 23662 850686 493101 770894 539324 62051 81304 245549 361546 651722 306189 692780 565573 374782 752320 420670 132302 638896 519432 882126 547589 795020 309090 733246 839479 781692 454576 635015 644116 519301 873847 858662 668134 214570 47744 661519 534753 198571 433439 953664 516576 830293 595704 653091 512367 160364 304067 507248 835591 188421 65306 60615 642771 351575 817303 726382 492568 132047 626164 604589 974434 784422 937758 926130 593962 281543 983753 642148 269962 863225 754226 25014 983876 153270 375684 546235 368684 981225 902418 667116 151691 265396 60578 151526 801658 601045 105539 560190 216162 252536 807727 985236 200121 40054 438678 338558 470668 516891 772471 109685 203101 975793 448078 586238 827758 682216 665670 360234 453420 634680 524324 175721 606132 382028 936627 405286 619910 681783 267982 756216 616748 695110 299616 376645 583833 947380 616752 432422 456628 790832 498748 634291 324133 194826 899731 895511 856481 791181 853089 630650 703156 439849 6260 306027 670075 644197 644900 176357 306688 285965 967306 662148 256955 973057 721895 872291 934453 905135 752088 59376 942334 131674 14274 144789 694481 11302 11841 447157 687940 706915 689755 51179 616962 476360 397552 943305 287035 478664 546258 364899 922458 421774 659438 335844 64089 412575 763413 558118 722249 604091 765791 298368 69221 95484 238116 802020 679960 326068 994764 613410 700481 382575 523530 642281 751867 671978 441816 400764 337450 988331 151701 805318 940655 747675 330781 246603 546105 43724 647029 935699 782718 887344 163402 696660 306222 924858 106422 780655 805526 49217 425226 957236 778733 861456 787068 275956 405441 915209 719765 661484 371162 173732 74860 213482 323837 95598 134210 962755 331447 324709 129336 434153 526441 586070 420675 422337 414016 582799 689602 546288 808257 746339 47111 877086 930102 927014 16033 3886 609046 316235 774644 705520 564299 492049 871004 363860 403326 811039 368153 359763 992619 803498 919391 225805 287296 30459 762473 463474 769687 237209 486755 35895 814051 545881 530042 925998 279183 718006 786773 742322 745428 945450 170239 381419 938006 424873 116434 502255 117773 503346 233586 457836 351907 76178 449002 815517 757483 229207 20363 31100 534469 424154 544355 617539 644843 733476 4730 164452 670194 979869 167815 876552 373507 541845 39006 44332 23859 789254 71449 437987 898688 323425 955584 31618 65601 657379 182665 414774 809605 452425 799658 765141 486087 140984 454481 543587 225889 227915 244198 921418 988621 606542 986923 364484 369343 326828 953687 594818 784400 637716 804248 939123 477959 837381 717690 152213 160053 770313 579313 256712 268313 200336 119407 213460 177318 264729 854634 309869 833299 819314 827366 902195 140062 843854 642934 318366 922282 243717 969494 207820 120771 159571 555967 912618 860147 841346 988036 870100 268410 94548 513171 565251 420120 729671 838369 79462 898324 765417 613079 935559 729380 330181 745656 561649 699783 710783 547524 497217 157120 365574 645246 456331 403138 4424 7784 196229 295464 716354 842019 954565 785135 767798 268071 742701 284001 525502 615085 373453 860383 141932 631741 52749 787790 282418 873946 501971 498430 561293 404014 919661 628879 141135 444921 104163 383489 989217 795145 733 663961 248803 649271 356388 797465 641237 947580 722483 353862 718908 140940 34738 898560 399154 344754 163574 819294 643464 969570 258603 690725 516167 392710 890104 378231 879578 94730 514854 314725 417866 705579 674355 990355 287398 873616 153621 744608 593324 246166 681109 339078 143465 113563 19923 335979 815307 806307 438579 948432 446750 330744 249839 746799 333732 24125 853203 96917 696433 839236 784861 134115 359551 23824 467208 69689 370960 782349 900004 155540 169139 929959 677658 160170 624237 236708 25032 629021 695138 343020 595467 78954 64925 579831 699678 446379 801868 938189 8649 894319 520594 30644 447498 87619 916934 30662 31740 21650 138579 674143 519612 509128 547370 655529 540638 334821 132783 754692 758642 24250 655138 695573 216514 25183 392745 837175 398510 629621 275235 127597 872193 771108 673256 165223 56821 910335 566153 850604 146753 431648 265303 236062 294939 152389 597992 449663 974423 414375 776660 470153 652025 157781 823575 50521 517901 595266 442486 874904 142049 865844 259830 676677 911364 131932 923757 713695 341947 987388 812153 822989 118273 145200 324397 629628 983479 654785 915513 816148 181152 716909 316505 194805 708601 580965 405271 891199 267409 320458 694025 214128 54389 637036 670208 839982 180992 756337 706014 748144 129155 113000 646812 14811 102334 225657 41173 107144 366080 751029 4674 491722 642099 626525 194969 558466 977312 8545 769036 647644 588113 548531 779853 781296 294677 538148 295027 203242 50408 662110 96733 287277 793666 543243 687778 22433 985163 46647 663162 663339 752880 911324 644316 125693 10093 249348 383843 590020 917333 799773 584294 635130 339201 666991 327621 954074 1596 297485 635987 688478 248591 528677 89766 758649 772455 510786 861522 404432 184531 204433 138285 735173 887717 439462 279920 133447 678837 568241 737914 665913 513626 978617 481539 250041 470067 83424 2798 561994 187419 577336 416876 544713 780807 476940 871105 231988 130142 505479 242626 766616 178988 614161 189313 836620 148389 516021 434758 24173 305973 162181 952154 871349 224497 737103 453395 589845 348359 171032 957797 422333 286454 820163 410443 832060 59778 867332 739410 418083 6425 551949 216733 257903 797803 418148 733218 233512 792661 741713 656047 789602 339407 910326 482626 255375 938025 305131 911119 171482 80403 574992 550115 58257 140109 238558 301831 23649 509068 351799 897430 451988 134997 562219 252656 24046 787716 769403 782336 124137 158113 629847 364811 826433 545888 903526 649831 409799 487911 241428 293493 990345 855269 276463 489966 675314 306775 764923 311351 819149 682808 906118 232265 940072 510082 153266 829813 558543 306908 565355 721071 589678 821728 287742 34193 912740 642201 402131 692018 696904 934870 191551 133509 378172 5902 74477 378372 907327 148195 876971 596054 128371 316978 6867 559057 971714 392573 848945 87170 780450 882691 609162 943927 633507 515258 277298 669467 384896 335528 278888 896442 203666 261603 49677 908205 762053 611111 791012 488613 48027 504542 851799 209644 258572 627563 432957 281907 831085 118904 11068 148856 540597 759216 174871 766156 329009 216850 823753 818270 954474 466186 696850 442393 888478 710272 464125 556859 128832 909300 929113 251560 762513 347642 912351 521153 51892 924455 484924 491867 908679 191044 151103 306722 590626 870154 853036 919342 475432 602136 553232 623888 323502 354275 3636 247566 191369 582145 274533 169214 736274 305318 567575 298283 896305 343012 589313 190092 79530 675830 750447 382785 198044 458379 492861 792320 348979 950901 279003 552308 68185 479670 945242 224328 361844 978030 136907 689706 168544 457946 756989 605598 930175 977396 844593 299855 967685 625976 951343 995399 287871 13193 41445 946038 937703 640265 865714 727972 18561 436791 669377 420132 361545 970335 185099 995080 982725 185975 840227 672964 452863 759305 496283 771577 241796 439701 103202 766590 473245 988445 995346 878620 223217 836054 104061 402901 319212 220389 747878 104507 755557 130567 381 383917 904293 742830 944175 972345 611107 1200 287037 278738 343038 758396 453563 965996 233734 162159 634961 967020 893131 494636 296629 264902 834619 612418 534908 265519 664221 802599 67279 798252 449641 237628 943664 602759 4628 864177 931038 934916 727101 531576 175011 596465 376239 24007 513702 794950 529112 406893 22875 910954 353535 743264 850509 785997 596830 7997 271341 134240 253785 644572 450262 251013 839466 338841 653046 548788 888393 414071 402617 663558 865087 153965 248845 179784 610507 97887 377737 706839 962181 943270 427701 789404 893748 898188 23685 108815 819393 462412 21122 206971 505633 710890 678493 302687 174075 762017 256353 466311 760466 667918 879001 64949 364518 951292 188097 158616 877466 223540 809556 369806 656469 81312 721573 666890 593264 984506 788038 625039 465047 653563 373399 722875 881839 202802 697231 892323 643241 888586 471709 70117 189274 415252 298830 180534 820554 344812 367647 738081 194988 959828 12582 41542 703319 186272 548735 433932 474704 976884 446288 59308 309057 164645 928505 333105 573271 230296 129490 623849 475128 896503 221943 301686 902352 853959 711232 258828 2114 50314 631152 557162 561819 846344 835333 963415 667281 959646 871718 785079 663288 555575 311952 61727 976775 768764 230101 166500 521413 425448 596712 405712 289829 25264 224898 577444 935824 595385 455582 162188 525361 939272 869606 718596 454135 77520 435029 819913 387483 703219 388778 639179 37487 556138 569526 371086 601406 618296 144848 916396 11085 988283 817231 401518 421819 297330 936495 372476 76895 78302 656150 50053 822479 332247 74541 911588 871619 934786 737195 56175 157527 74870 774993 714954 783647 696028 556308 84872 649151 126848 408986 887421 534108 464890 856514 784503 456828 838361 548674 747228 324855 207137 939358 523936 555649 406424 481856 266041 213018 750581 957814 136815 297008 404021 560424 698443 392265 996965 822502 939994 67524 492069 122360 928380 67670 725982 266817 451814 270366 40843 586424 709663 881716 310580 162654 713113 862542 412715 95237 580997 376919 695014 478036 790358 916440 273001 922022 17100 497879 228130 818548 261852 234677 826233 858574 461199 337255 76437 650061 438830 30827 552361 984435 334215 476444 131733 828299 878349 907795 991393 896996 179819 237634 840457 924057 930521 227845 280510 849469 636691 150980 422668 188616 666742 724848 351039 393911 369138 720596 22973 309078 786261 246493 979693 237803 608241 95961 85323 214726 557709 888296 249771 595111 270986 379525 342273 315677 846025 175109 752085 695716 492244 347445 603595 196386 368974 951766 270129 228474 672813 77388 704407 114063 638524 366190 448165 139421 929047 761906 978801 155151 506483 757226 305034 394615 682082 155524 321158 394802 108593 8240 193321 824246 94358 456575 333695 43963 397522 427808 718759 204866 403247 493127 925011 585595 463488 33224 134785 51005 585911 673556 656748 422080 383424 476890 64893 450178 500626 600503 911785 782791 623752 273945 135526 721074 640668 182390 227270 359414 44000 424282 741640 640480 78562 367202 33433 466137 653770 22664 400451 599382 530929 857940 307101 66704 178625 379802 468006 566415 443546 376214 647360 843056 147679 805521 810376 197808 622663 78190 505569 602937 631104 915072 236213 963121 835600 242335 390685 264104 147186 838171 240528 833468 456326 150122 502646 175064 693730 11914 694145 928737 546341 477651 880484 369582 951471 545704 733844 519458 58374 30695 487697 780959 735201 447380 732144 233752 236366 55036 839655 995668 397914 589673 221406 381269 143054 1090 950968 504946 298439 471964 267914 174454 651604 347277 751909 779627 933268 130651 385320 139935 651248 954848 799712 507642 614449 855270 112288 814674 253893 797418 75111 786747 26459 113203 812671 795942 752292 133680 238533 581907 682617 439837 756150 221037 809587 553546 244428 626108 188354 715710 574365 264011 771135 806536 277304 935197 281391 698494 928628 510296 337401 136587 136684 534804 450879 554444 356906 333975 861271 983944 532055 188846 235218 207633 489635 450642 46768 483499 263120 506339 264157 975469 312555 949508 807059 972350 397640 702555 858439 354464 424096 367978 811188 203706 105744 97618 596993 168898 29326 429082 444463 722406 314817 214595 707563 396452 284359 848645 854475 970082 879991 409390 240889 419299 164611 656032 630561 967814 999451 236405 920377 400378 244208 147779 108779 781631 156478 886379 344949 522890 113328 255894 819389 351867 505719 206511 595239 358265 867717 235061 404231 296307 691611 164566 692631 336758 794690 622187 33260 958620 178761 785954 734795 764563 406808 869359 833442 536068 889033 173800 524920 871159 141141 315873 230554 609575 395370 439957 740301 635473 54599 162542 742645 564436 615458 628410 421506 564776 465903 349863 48823 101074 733299 940864 90474 146332 895321 364831 877523 787405 292595 316921 622124 834061 447546 464209 769101 426345 162906 458758 504615 420212 87672 902870 285468 845473 805519 361340 383402 749008 335342 836859 880738 159573 863147 129636 314566 882082 977933 306484 254474 424847 484848 450043 44753 95551 806039 164545 483684 348853 991564 121060 230069 619684 965195 575885 364882 289711 750288 676832 395973 991373 7700 100620 361407 759213 242598 456585 589982 49417 138691 934513 805467 460010 352920 472058 772689 319481 153102 898270 835778 339481 918498 820199 315802 285524 423637 239769 430677 208868 265315 165173 324651 140122 123902 234640 999760 722097 120147 525405 219699 983761 461582 960706 928261 986201 392580 467992 421606 102684 418274 396167 831548 101287 306588 828683 288748 269052 151441 626617 234261 679153 945834 162327 539626 938770 557412 563027 570394 8947 351725 298661 877224 687335 373849 843907 164773 883772 670178 430687 428006 983472 199906 888597 933086 438167 734296 993678 631402 327986 203009 396663 236056 494267 370364 130463 839915 808558 301163 213551 463179 109269 935632 70485 996496 311685 151416 751878 268029 835125 301226 576215 522455 262948 961171 532308 852639 774271 357589 561365 267698 257303 323603 491883 726393 359425 431558 448884 92454 96330 117377 710304 879760 256729 674893 276568 18234 31527 657547 138465 613768 264299 234572 130597 622549 857936 375773 766538 489343 498302 874595 683142 194204 766731 571254 277533 381605 898159 725319 788911 155463 83588 567048 851033 35292 506614 868993 451414 147435 567962 690188 499846 948537 957005 200864 167892 22438 585244 196226 114262 755561 249307 733855 961726 44070 829486 15114 190461 604752 589861 904040 184657 931153 269833 166005 12813 532655 70493 363604 382426 344175 901130 932843 21672 244223 407812 473961 896444 551400 735259 637224 960428 326095 852515 502930 524976 421660 420965 759144 678193 532588 33826 833880 363488 787988 690343 384293 572296 762349 674700 351036 758657 46937 721379 650440 418316 100592 383198 398217 590517 394081 107445 452718 620362 139501 434872 552533 564751 592245 38901 955973 952872 727419 320186 97260 177954 52956 964366 36543 166503 913416 51937 930727 28642 499161 883300 9991 568821 397374 731370 836017 3227 490760 888090 39557 90364 386421 20178 440053 61332 758774 703086 787024 897922 313475 345287 816120 640898 23432 392830 596222 709198 442420 747581 529685 637699 89088 716537 455523 633159 325112 964174 572480 798554 843413 511886 645139 713932 916216 708676 948286 939798 37108 558402 949433 456623 657654 826964 503797 506931 231850 843171 255049 501960 174731 343363 520966 927620 819850 797859 313962 219960 430496 618142 671403 322643 448115 255005 627799 142660 957388 913644 161137 730025 609871 141307 434488 875472 329026 904591 894833 101397 282570 818522 481120 621587 691021 173838 389524 40418 64617 364839 340824 12989 790068 489539 99195 639747 20694 257557 700778 665502 704186 193548 941998 690228 675559 888701 542680 843368 315433 458276 636086 707835 601280 803402 306726 422621 462184 978078 108912 625442 151586 746034 598901 916028 640485 724221 264870 733862 438622 271079 577036 371717 125780 634142 7888 59761 776524 79204 892557 590393 881044 333749 977723 834199 319601 43482 276392 116362 525377 697675 639458 768557 706178 745021 267754 292634 623919 211435 541988 61166 280750 685032 321243 840326 134896 573646 468607 324715 990118 651584 300078 881665 970148 199571 333874 491761 621462 846786 569465 188448 369533 172654 69611 122624 504142 120510 21078 128675 533603 834453 36887 899381 131542 94647 732163 827459 676138 659827 35828 418929 883036 114275 999880 596612 713018 264897 91031 960140 718238 407624 977242 287517 13009 595803 580998 269334 180612 688607 953145 853160 610723 986849 893496 52832 289612 928482 665531 256177 64630 277905 116266 720485 645115 989910 776143 305733 833800 638770 285542 127961 749840 639724 375208 925153 987361 835777 567109 96399 709888 46017 379320 430626 705980 430615 745799 460013 851261 394715 651775 791191 541912 577373 674295 8831 266258 647829 565779 989552 121949 30465 274457 432275 718307 465280 789212 578504 129472 546815 582617 785584 967682 719027 744021 10430 876935 960543 977204 792763 786789 926073 271208 930801 693036 177735 562969 104414 67383 750448 573856 758235 916746 452132 577238 473498 419574 260135 609268 321145 404594 836628 655576 518081 236231 395585 158060 368072 938297 257224 190716 998793 436661 718494 773633 124856 321257 891392 51028 855183 99184 775873 900224 563671 944704 767360 182532 373549 161186 235649 682661 88984 3535 703762 461241 227822 36668 538097 802829 487755 678421 128272 337799 246763 471494 770941 664128 239713 434061 623837 721032 812016 141660 775496 761810 453254 140401 878773 771797 529757 8809 37163 215169 309842 432669 21079 758714 91657 720722 174816 901739 242532 935017 702696 163581 759973 247402 903871 568015 764302 312785 732788 536767 499780 99285 554625 990877 848362 589896 127660 825798 893353 939026 912325 66370 451170 448293 590262 905072 92674 967835 724231 851748 945517 710808 772675 943941 982931 948482 953392 729525 319710 413685 148969 420502 480921 380884 542279 779218 306171 127290 540884 799548 100553 774643 706578 779321 826185 273259 10565 16173 995212 957001 836184 88246 643098 872674 745869 468806 196315 297355 878440 355153 559731 558016 893904 894315 432603 598549 878290 901205 404566 70157 171303 201086 595664 69511 732386 988477 407198 792374 348602 307440 780495 540348 249014 864320 256629 519107 783726 934420 274730 396137 885581 577691 944774 155348 707618 594111 100119 385822 111877 630683 666176 298921 870887 643719 353224 413383 401242 238954 503230 836380 809429 151571 433981 162360 167306 746210 176747 87110 176304 314830 292822 297527 760340 175058 991211 867055 35067 441174 209479 699163 40751 416521 268934 784339 53877 305097 924308 710749 257850 235945 275355 141284 186408 733963 42281 933503 133160 558985 760015 516993 603504 799832 691275 655024 279358 330404 117998 880108 582695 536636 874832 675047 124133 597188 468095 340272 644634 133653 665756 58992 484028 436094 482920 876663 164861 918521 301472 121757 497830 182554 636948 71200 671189 361000 624828 986677 282048 737817 177230 102772 371226 953220 392645 62029 628309 245382 572253 308752 885747 186396 560835 923144 968592 327374 209489 824622 785321 344359 183798 225484 728554 868669 409989 472004 829947 240557 960182 615119 766818 616716 178786 650440 165104 517225 882288 818160 942534 515783 431176 283420 828051 798450 619456 995468 808327 571372 546491 865961 194324 372651 556296 233074 99772 860971 845589 106500 178073 493362 680741 646815 983534 363971 220141 290470 969760 248333 429038 907007 946029 611636 703774 298108 384857 104028 548406 453741 752274 321610 303875 247817 13981 822173 936479 764290 157740 839251 461352 835157 887176 826795 369217 489763 310965 754043 165975 346684 940932 639521 96874 769923 351432 997502 33044 879961 594218 720390 196989 991087 421305 498942 524043 815375 532539 394572 867948 791043 205905 94758 848970 851674 148499 373222 158895 456194 927601 588073 467206 392850 321074 919420 512656 560015 6904 27398 706778 384245 158038 291581 147763 91665 912096 803687 988938 167157 635447 165576 773347 484790 423885 143224 74858 931402 505563 711419 581744 670648 575196 654345 643498 809843 605827 976798 163972 302273 548844 120122 928258 838115 354124 974998 295526 75712 199424 571003 212043 587430 357722 649519 253922 249486 899198 220718 772565 477211 445777 653576 656794 843354 757312 237912 448639 554168 428118 540595 246073 221558 801194 833656 630029 915156 809304 715870 278433 62754 848623 357755 404081 190234 472851 265880 152928 479334 753239 577202 107384 522654 941842 450684 256222 380029 580254 525517 356468 430550 932525 612948 261579 866751 427239 492106 666726 474738 650532 836124 93207 667133 683385 632542 457233 12501 630011 422715 336884 714925 476743 841896 28612 666188 339771 123346 411492 828587 728238 985771 738122 404517 990088 692449 288580 214943 766733 62128 837449 525030 116356 524112 306899 792115 525406 682634 237375 980557 902020 875411 646100 863975 158883 626033 544163 840025 220947 670379 646972 839695 958334 283518 455560 803461 602156 411916 950850 803838 804576 273969 945938 74689 425226 611115 466931 379528 228502 277448 107488 985612 632039 829420 445647 650417 378504 803022 220989 463185 867811 11848 404384 957633 474547 659488 321045 5985 240060 6817 604247 809216 155116 723426 850016 589921 647654 763055 575867 219888 924501 552982 308817 449092 909504 645576 279058 604086 850812 360767 926225 620429 930935 311384 34623 554464 154406 914092 812056 355932 389542 934480 514051 50960 299365 97450 77674 492817 502945 199456 276707 724583 719352 675638 205073 363725 267223 451200 757021 721245 531332 335621 830438 792111 381167 935666 431358 333971 676199 778087 88020 306421 822793 654335 155055 483108 98104 642459 546987 966659 139695 409482 75879 644333 32812 496188 828197 112369 954309 416131 598180 449368 92162 73979 210350 708888 496362 7331 907932 160895 547800 938827 695135 531083 652681 789571 922344 165249 817134 505203 53974 215012 942696 937084 266145 439584 963232 204534 410370 26156 773932 288417 625486 363971 676540 174046 979248 545889 254868 792627 615577 771644 187877 83137 18277 248111 474657 826152 442103 499475 796027 892025 343932 188170 660862 974410 987 667362 944673 709137 532643 481328 117756 116980 591573 155215 453928 533679 65776 303104 605951 884504 6418 775673 768921 413601 526117 303642 237311 728862 637295 729997 500911 366663 877005 416873 761880 836233 920358 886169 651484 469440 585447 242095 278880 230524 975904 311661 59664 106800 49874 899767 663196 345034 133720 821239 853743 949335 189767 551817 389946 626092 731400 486346 982846 509452 799232 137967 435976 757890 512514 290636 954344 920827 483129 818852 730325 216444 744136 207748 831250 81143 748232 689991 510520 538732 701659 168388 360171 244133 356124 881502 458259 485887 92356 502722 409560 965497 323191 578491 206762 155269 62199 519267 397388 492044 812198 238684 641679 725325 542190 178836 998387 849120 734615 816145 727114 192945 313933 71156 268839 455850 146188 676888 252598 218579 742837 596212 681156 820004 727950 574956 245132 124375 456157 821608 378687 607790 396344 112475 580257 663513 605223 256 530327 521102 322189 616924 725657 730605 442164 796527 390014 272027 896371 435426 836572 727782 139013 584455 882806 33248 595608 61265 874899 969652 252295 556073 376129 512597 320456 70278 592322 728364 628889 363381 603662 405466 421677 85981 605126 853091 871544 593223 342929 241155 497306 568104 817837 765438 974738 642370 228976 864281 372512 557633 765703 964985 824673 996800 504941 13588 376433 520100 587901 428903 494038 873675 564173 912564 553518 565551 190174 351115 986402 275309 871950 30814 540817 441138 203965 651327 582850 58050 942943 142608 117352 911267 174820 701565 475391 108304 580634 675249 733493 296977 755681 74464 480002 675611 752975 442324 581148 754354 531861 422694 119518 526562 35292 307472 214769 63266 570990 539386 663654 612963 263641 351073 939545 440428 243521 182614 945224 243617 234405 605890 220668 588504 209681 971396 502458 496220 538629 120375 102407 107086 86763 755491 630244 651477 816298 384036 974713 608624 880851 11225 199048 79914 629375 92525 753523 13810 394027 437013 586374 173942 53080 997586 340100 593516 204919 170226 763044 634571 726018 173452 139973 272244 818373 247444 430780 845464 580254 952519 117952 378538 990281 263300 33995 519628 182364 440526 322879 277367 744750 536415 980672 968353 768818 833718 244826 766858 209530 600709 952615 64633 444216 326816 419727 54928 806230 87839 78325 934938 982862 69906 552843 195094 962316 66387 761498 110502 807162 742681 547711 228433 743197 387499 879605 482502 273781 999507 887007 532917 172618 872565 259168 990619 560536 688506 197533 885200 681325 675 588950 990414 418821 580444 510682 976012 212842 276462 174704 548934 532817 844277 250056 843709 134443 162000 579971 488061 973784 589926 189792 646652 256448 745063 563210 489203 716943 199562 48427 879157 392610 724232 950124 363064 815257 985702 796948 825488 588104 239234 496264 702173 727845 312584 54620 27243 524483 638166 474474 488976 196106 900039 280652 204701 327259 350824 193504 596638 476695 863933 411772 499783 993940 624444 452009 105232 501086 970290 949794 260214 555234 888371 154223 986304 232814 627557 486238 912933 768281 78793 741229 974833 379838 537240 385698 976710 692822 313483 963254 792231 528065 281750 343071 638768 844082 250187 218781 595798 422463 112626 877425 166026 28831 12009 510180 727432 54600 360555 944806 270349 26743 712285 114058 322520 562174 986283 233508 306730 98048 309262 943741 560489 504409 390423 695293 740228 56579 762189 879877 44627 272228 391041 803965 224360 760726 304741 146388 72136 852209 80272 341 644654 530504 636900 137889 216265 984597 143944 940010 429334 576540 583776 397908 314127 173704 569917 263711 213558 634424 612697 200707 525881 613444 416425 221433 358942 902809 858478 564372 931844 499688 470216 176810 30588 407880 689142 290255 746325 967010 219927 948137 286882 340020 706723 229201 299216 796122 188050 156223 725523 983944 282140 795377 544379 698956 288473 501617 208034 113191 584551 664534 43185 319254 521639 97637 794242 386209 716095 727149 729237 789587 377009 21978 114210 409186 61207 233742 727449 637676 36466 695471 794973 393908 751269 55087 36451 825365 353124 119866 693712 25184 345185 622287 163307 723427 22778 894651 678309 194703 988931 316161 195552 607116 810457 716955 139517 575173 709501 539242 568714 33645 378122 164565 308384 73877 483170 206195 612298 18536 913576 919038 593646 345068 940790 211409 332419 586026 375987 115201 513765 574647 341526 42931 977045 121655 768251 887221 983652 720375 190867 306796 703934 46321 996569 828900 330335 797916 639765 464411 25644 75360 783974 519980 963902 194620 319340 626415 285114 762988 785518 277204 194859 797679 53866 92109 635267 938313 27696 321608 651149 906100 810680 769621 43665 288170 966972 366870 901327 860483 309960 828738 158190 296516 547148 428122 127603 612140 43924 726349 94094 185818 245822 331599 384871 736104 302990 317442 667689 72254 26703 833509 13694 290511 207532 734694 878923 644855 43771 919566 380201 851922 685925 426544 725196 813524 59256 230458 353499 948126 93233 288503 214609 786989 407569 663824 329269 952889 979913 165541 221227 864215 114446 52749 596855 247870 525832 859549 681175 849825 525247 197618 26126 401546 871077 719003 79315 983762 418441 326684 394627 654353 263068 849202 938473 906437 531223 39919 482798 2422 399144 460085 444321 284675 305941 365801 520067 383395 258691 583944 548761 897837 506661 336883 93001 974603 134955 827634 900873 468653 157008 469490 519308 569865 759562 838710 351559 948678 275996 359867 736861 305225 576582 103983 328958 139551 582658 825128 436143 801190 301149 517800 631277 854627 342353 601731 660968 880252 982402 965839 208873 416791 176717 280209 585506 515437 707902 307209 33564 354206 596206 559762 751450 360569 811920 846647 932352 209449 214159 471104 931690 239849 37351 786963 144436 769483 47085 530854 623640 523091 690552 528305 765988 199812 58516 336956 688222 578988 147453 489385 607988 371687 942997 966576 996285 526736 554047 187657 229499 98534 710912 199778 598794 744104 427779 719016 924484 393239 591273 678970 524148 30366 728826 747042 20900 16776 177039 614876 524234 999815 660569 385670 329225 825573 818361 26847 469574 407299 257052 617004 319656 851753 47046 952495 822297 468593 508090 621297 35683 774245 840490 344683 814545 129516 505634 774426 76593 272063 858565 629150 674036 898405 968088 765695 842296 944352 752191 707316 838909 188232 937083 777405 833535 416975 387500 567655 548826 514631 167884 483587 797434 961734 440200 411334 733900 152227 355492 117149 383420 886387 541083 942844 952688 720635 706951 263828 109602 59608 672538 486699 593175 231038 308632 693098 2895 335706 645078 79181 735196 205454 247358 554859 621498 555067 79164 316279 114040 862470 753266 116381 167738 130560 785218 356489 50986 992207 577753 383906 600168 145814 784265 508094 113682 128959 522689 162783 60922 149005 582480 341866 392131 481074 954030 230756 50167 197916 713623 258611 272203 830993 607127 789201 115442 262374 987990 129351 745581 84482 897664 185040 147182 795318 237121 390773 962475 546640 230018 952695 960527 704523 135234 753296 558408 348582 810968 368497 324734 321139 195104 861382 867462 253280 352032 204674 898737 829984 777060 408547 413539 623661 701104 328872 867430 477963 248354 73122 391207 95584 249701 467720 943277 382972 402024 486538 883641 331082 467188 541946 168809 347620 19512 685538 808440 927785 170659 644467 829324 182201 73214 739218 351994 264511 990044 501626 553422 97137 349732 242429 608026 65204 656780 762529 990199 363746 499202 34255 936633 53460 487817 337540 660554 455834 925265 778665 155046 264265 744009 504561 247001 566167 961558 431039 678278 232313 908025 401712 741416 516857 760996 898898 564349 482271 785532 243474 640961 355868 213758 841405 16766 573330 539853 642162 211989 585898 563280 304363 186971 254381 256754 806615 337082 402433 352948 192812 389756 588007 835407 645053 591929 310781 578219 601529 670900 306249 473334 234627 996089 155214 78960 779632 814753 935116 21982 418640 104263 452278 547896 495800 338345 721478 256231 841161 884295 515008 498525 803649 151096 861260 29056 773846 663650 215772 721340 745181 956016 802109 703232 448111 591608 177804 213973 643300 512500 502802 611037 327218 644867 902500 376540 617803 510589 701263 829778 388965 982826 277312 491782 237405 791708 642770 52096 829369 666487 933452 95297 899316 359168 61292 360127 71280 125671 563543 534029 444553 243182 50404 936859 64384 907913 550114 330089 982770 543596 900787 302653 347946 778617 264400 50678 277444 258391 341633 222231 440909 436901 737690 437084 687722 837238 585042 488093 464755 653334 82209 616279 973953 535655 407045 719634 59686 480736 643079 900246 86812 963766 661817 698843 812696 612960 693824 209995 135463 207840 38932 714621 956614 61399 339976 744955 822503 360976 330108 944350 400407 686387 666465 145115 314863 322394 922833 236126 412489 97679 229039 315863 858086 178643 944738 629113 700791 240402 607237 671298 128513 433927 944888 175191 559027 150634 229545 430254 890779 510253 665258 389889 877525 94939 791417 298518 210698 618887 172630 777888 131995 182036 872899 998195 325691 597976 58424 105197 803799 259849 639017 618810 913929 224693 803618 966253 495391 296577 437215 851073 152576 792693 388314 790367 752360 843576 523427 458685 907933 902415 967074 342183 865714 447927 215294 144469 600107 117266 547892 204633 921367 130761 203500 61241 133965 814626 70072 740808 139080 800925 255100 154589 471893 264683 210462 240553 194252 381272 800145 240066 31986 858616 112427 949388 863948 3565 658365 90441 66077 985954 771473 716999 748845 930146 411304 778793 335984 440624 500720 313301 565205 133014 919481 998505 754167 498156 661461 468831 946353 104833 616144 74607 196327 335293 969942 36874 674682 826212 419015 33202 384660 153336 405793 423551 733245 214872 618538 349393 147110 535355 736099 243841 602136 893366 173398 834913 812745 21093 261913 73449 515949 6343 619953 391286 679160 763894 190243 259687 587883 636406 242184 233613 867723 383135 116022 225807 947310 120137 358638 3471 747070 989040 247910 916240 426984 485818 808211 144636 785411 887832 950054 907530 652140 644561 648918 550737 688791 23485 396063 356561 959866 561461 340126 488416 564828 404760 576907 914106 274094 967520 566256 149968 50346 23393 394621 46557 11672 449603 306032 841455 157966 520377 266512 491332 31858 28783 425414 396066 671937 914094 865863 961442 531800 762161 164446 258460 513588 731771 25036 638785 857298 221856 503154 140888 941755 814756 966410 791937 723486 99231 658617 644812 861725 416748 442036 379106 184933 607750 11539 46033 394493 548666 972975 73449 436050 322300 199398 468872 316750 17374 66880 37231 550217 842666 413325 972254 531963 745155 113692 61421 519629 501727 736324 298534 206145 958115 40379 791245 346847 789278 367726 885923 615816 644455 140047 173657 999024 268800 184663 1801 646858 22324 613306 810453 676562 613531 443863 474684 777971 181394 617607 455858 284861 720581 396479 588097 716592 460737 979250 709567 232383 5807 881732 362098 690579 176817 133822 679060 776836 817177 255482 404926 214405 258566 99483 888625 508052 639210 26260 612843 360417 985247 25897 120239 906436 806900 770617 933622 817539 404278 922320 74434 498553 613022 927783 513566 906334 527915 790138 746171 340861 563322 873910 239992 347461 821514 626469 766934 110556 345528 508621 794689 651431 373228 249214 168196 197545 387799 952648 18467 863105 403354 451159 940997 359965 42734 370712 35400 894612 396925 642959 911064 925675 732941 415259 905350 6281 456758 406075 727049 656214 747164 485818 657519 601128 40094 751965 26507 898984 999536 509828 583676 56354 90738 877090 142501 806354 842029 770805 230795 5110 60366 345252 339135 228021 348135 568678 214251 381558 184279 185227 585624 202710 825718 319119 661808 946034 966833 472316 514152 18516 392463 806065 116727 783956 305381 493062 236335 95338 907469 411360 584430 746787 500475 391462 989429 54460 842373 822798 11693 486647 796925 133498 813003 527291 457254 346483 132918 904696 932517 802066 336366 819089 295354 837169 7184 522184 380023 966185 272841 540460 192277 774068 369111 932550 610435 833480 215929 116252 312591 712875 875125 637098 223056 355642 604261 740619 296157 397105 556511 598653 897666 114425 933695 938754 326438 218889 185230 275167 884864 218629 112411 391578 436210 780423 738975 769451 128591 91673 159882 267960 390072 719748 232404 332310 199024 409038 462322 352093 835084 545268 300656 863959 672036 33672 644502 223540 802629 605117 658995 583630 866010 520742 153725 554987 955803 191035 570787 561049 287599 424066 323972 692760 311319 149141 360494 814782 963277 581758 492362 378094 630007 474553 632921 973711 722090 953288 742278 708337 274708 127341 420248 930395 902520 873145 44156 442906 95526 51470 665063 129085 256384 667128 268909 991873 478354 175130 571914 322138 508227 977603 781599 488523 346007 907396 811410 257753 495285 645500 466834 746714 436959 245132 968197 814672 394239 47250 516831 740388 901053 930526 657568 856915 771352 352396 745563 533255 482906 797606 122780 68473 784228 935089 229947 604358 631131 751553 999120 411731 915870 426116 612894 268601 430181 322685 943256 577192 465507 916512 297623 400569 983850 707490 156994 886111 674638 606613 777927 515270 852780 705796 610801 402998 608473 153675 829314 614419 65687 933464 808983 895202 892781 128255 695257 331272 771363 657719 884869 462019 588743 385956 430572 539018 21750 390690 888566 317783 800407 446268 59806 382127 864735 487196 362223 671729 233368 830675 463423 421448 851430 541147 985162 473857 977388 247418 434119 170347 405104 836649 401004 333427 45942 876708 935202 6540 64154 824526 582181 134828 618774 174666 951999 81539 316317 637685 877135 911559 194739 807511 917202 48143 197960 193916 413463 770596 435213 645237 931882 19947 31511 241367 577806 393770 425808 523821 578362 142447 67013 137777 480422 858492 705924 364355 67437 939474 127086 291065 566795 370026 692387 895272 489222 707399 561277 793590 357171 376331 362989 73306 156518 27663 603232 703423 590413 289400 906673 69865 605756 284575 335250 121671 436839 986654 453887 950421 239060 987838 191822 64198 312961 735339 832523 378583 375369 678109 101090 608904 673963 808281 437295 500033 994597 12266 799486 907621 561633 159362 998140 513911 733589 316504 789078 620730 342639 122909 208706 694889 619524 624654 598518 327912 265526 529359 695113 44966 112190 760856 536221 391317 211215 620789 914967 877977 857400 286579 964825 323689 798606 731725 357481 409491 779716 26961 630114 37356 229083 951474 634022 464663 149371 643371 761122 337438 637229 509866 530164 854603 527387 187197 385097 953397 484589 664616 734095 731187 498811 413812 33922 962766 425141 602698 365857 332109 345987 74816 2367 772983 578353 857335 47110 118798 132665 423603 838376 183740 539641 366825 712809 315287 763968 945144 897427 330726 741245 318163 624861 706390 277436 906382 527328 579623 139580 182416 437961 21008 213032 663984 254172 372030 105150 476551 794309 877468 954762 337442 934765 2791 845058 219751 464763 346772 177103 604611 39391 451525 63864 359497 450643 117959 166801 892177 423110 727401 414594 287249 265215 325144 550955 884906 765617 499714 869652 818205 500963 49074 672168 42909 929194 327819 316545 269213 362025 314090 546962 317772 140701 653193 772520 734210 641747 60987 625411 413564 861744 915474 823640 760064 447925 665395 917892 694035 679804 772330 962378 32241 904499 166776 447172 508773 999719 452087 218029 224557 111551 787309 317570 402011 660146 477364 45735 257087 909738 406822 585640 576249 635879 635300 418206 211458 107773 25838 625160 427178 142319 352658 511136 985885 992663 969533 595920 14549 100478 559780 162346 305556 407501 504869 951386 252025 650610 629252 118983 33728 91579 25724 270838 335081 748399 441604 258969 213699 738845 402260 956952 346384 306276 21210 556491 314800 491058 481264 902112 988825 392859 815884 488775 963993 818349 905578 341999 250368 794351 500491 286333 396014 279728 229548 897376 627804 384281 124171 890429 562718 754339 585750 586931 872106 226084 121348 170741 273797 626550 988573 37626 810920 110973 945089 674043 521440 525058 126079 256586 648171 919259 873323 460359 934219 912659 90745 178354 220854 805561 706746 437124 92060 458275 814120 295952 219031 86148 738500 909996 594351 487715 206193 973075 621417 755903 968247 399881 873981 487991 162379 927072 299525 833436 224933 330692 862929 144029 809475 149005 822507 630381 607500 200717 291192 946996 933069 291328 804699 475559 592923 87245 388614 62781 52891 326135 245378 663626 82650 463686 725403 537703 281789 323886 257041 391787 976272 458540 11751 123966 370607 164666 328315 62688 150129 916524 101661 339674 142008 183145 48518 815945 967034 861305 264219 723839 307251 17800 964683 131836 692078 203479 138413 340334 45955 558486 373801 243042 780792 359294 9048 990431 98729 146487 64319 638096 298746 65834 490998 647835 388504 923323 524023 886526 548019 211138 668551 708990 931074 929301 46557 280377 669803 858568 770061 33596 149610 636126 430232 551682 684027 65711 71313 586938 813269 195867 187801 259521 662288 604974 371593 30315 775085 114244 535224 324026 880933 542482 358196 455674 553424 844059 471693 747059 578718 629297 561779 577097 518722 454613 561451 133282 997505 694623 331344 440137 2628 96034 53746 123060 332645 322478 572316 390748 401745 520285 435489 118891 837700 788563 559800 238199 653047 501291 112755 453070 826807 48053 936523 820264 326741 195322 675345 396895 737734 718648 180856 168084 299338 963466 382116 439344 768222 421454 579414 353743 663412 939444 172522 958845 52393 328778 379562 190015 606231 588856 482952 243039 800773 932108 606990 496538 962375 853503 596650 502081 512215 688156 436456 877163 430985 369248 197130 707755 334763 52230 616854 444665 664253 698082 329698 756130 712998 856211 293180 343460 238142 397707 464607 847182 667332 738684 529886 137176 702316 585006 447524 922064 434572 139345 760312 56681 639506 15050 164275 414041 12256 940650 112145 966736 177599 278308 439101 593572 740952 215053 513260 673239 564562 559747 692987 769416 202738 704367 377451 594160 929464 685485 857799 63375 464009 975482 724167 463444 755771 870792 564996 411835 28291 371492 345456 921459 599050 761559 386405 298786 616997 393686 625578 973066 977518 936426 886196 396325 974291 29346 781134 224744 340370 238371 712404 325587 359923 975353 564031 915630 606271 218983 661724 971108 926715 196505 16719 586779 428290 384884 597436 17370 520832 212006 120603 632741 376569 259281 514263 583972 150829 743736 893646 771953 996923 908436 478265 482937 563060 206168 804898 52897 125526 898017 6021 708153 73916 653084 846824 850731 869570 665168 56620 54372 220376 94750 321765 310965 876168 586917 155683 617783 933592 520956 37416 157998 232915 828486 648211 643499 791581 70758 631694 193396 392407 188941 267479 273048 807033 150469 775712 784227 150737 170195 325927 536859 508565 54740 284800 187974 700019 175833 153057 881528 957936 204013 515530 775230 553192 453066 584571 157048 968987 500194 151825 895332 990184 273744 781665 957854 273180 350446 236749 925229 688549 314424 307836 991440 901181 930000 392892 252923 231102 669432 480515 401292 776542 757757 699774 279735 628392 887902 251120 89703 613049 684677 638371 980681 878712 191301 233330 491398 399108 605812 936617 733808 927707 173203 109990 944251 227672 188576 273184 25917 150594 593793 75381 105445 527780 499847 943539 635892 156392 335745 800827 197775 717816 236825 35392 198681 522206 53637 308110 526959 640234 546962 729838 830810 746109 920952 837977 203435 511639 893218 756484 708029 625616 969380 743121 650887 665861 140182 795518 624239 546316 842415 598894 119871 851797 522909 535580 823411 745288 349669 656186 484684 893535 630618 206950 764416 380958 531235 726056 433600 60573 605732 978608 969560 259117 248424 272729 201510 678550 368074 486569 148395 141274 39993 344389 305737 318306 603855 508693 244525 734570 987066 375160 134085 635630 814386 4183 28890 17867 389367 492593 37315 276132 31900 598449 513555 501041 367854 920500 642664 415419 759602 412706 647184 351688 533858 293867 71615 555140 567566 211435 663646 434238 106915 512464 596896 583478 144744 639474 566342 128205 195088 472125 484622 649314 577866 279315 437771 993798 985722 841533 738397 590200 612335 723018 225214 230409 961436 929744 197438 878782 642844 181266 359997 665620 700552 706684 426333 926966 716565 278545 339416 921597 781655 909579 791135 429795 359339 361181 874077 37899 384209 973023 737948 246687 725328 293 393356 872080 521473 414480 80605 546953 183761 68848 382423 814188 157131 761647 258963 823406 290343 735312 184685 681220 350912 820196 144877 571573 497619 36229 432244 607287 235355 147963 494490 718448 398972 921568 975963 980833 447666 162278 415706 115091 187070 788388 682846 194313 65667 953425 376617 233564 881685 224954 15290 181210 746018 279267 251674 852022 573373 556931 673700 833437 786686 73887 31872 627529 187262 285405 670708 271365 171064 661137 949965 842577 455052 103597 876147 331556 646975 906549 868105 140541 904107 254893 597175 635876 887911 54088 903807 320791 986899 673799 730777 644664 167878 235694 326806 319741 228800 943127 953919 455066 778715 662117 388484 31206 76315 576898 651384 827475 1407 690767 317419 848004 311155 436225 637874 493943 428020 126759 833909 747081 883849 24338 320046 835953 307088 758833 365767 417835 880357 317344 296502 383151 206441 189357 534927 621959 261130 208941 915273 392919 83872 329107 259392 790482 633925 842455 823596 281016 758342 940160 102199 251491 417043 62057 702798 468065 435386 757320 620509 206348 818897 345971 9809 978098 972947 236779 383438 302056 146637 452694 647160 63041 363625 791795 76795 886019 916311 756201 79382 687979 556573 32283 936938 18848 277976 296852 178820 231669 437132 233972 144982 780253 187674 766358 744350 738873 500719 14245 912947 733727 190939 504891 948185 324212 536213 341660 745659 159971 250984 167424 57356 845739 910587 224524 93709 747264 396465 378482 478931 936967 558781 909469 381 954029 726638 51392 748736 273138 38754 364637 389732 501494 840158 776808 342438 88486 716897 37144 792700 266645 276257 739941 179152 938731 218765 259054 722391 635680 685154 648220 123949 922069 737316 439046 502208 249512 344655 703692 541751 259088 243233 621334 627203 557976 418214 652238 933888 352805 583652 713425 442765 970417 874320 516066 387921 581025 491964 112412 875936 829679 180931 866009 512102 309370 725375 617817 309568 232716 55973 1405 797873 621387 917785 963150 790221 877097 6110 172113 43508 20550 682586 728002 336292 863022 789039 579005 712488 841117 931121 289511 76393 627585 611210 894024 318006 849484 962199 928876 372292 926726 450065 745416 110986 21871 468972 162075 107176 428621 276597 213781 130525 87917 975786 862574 198424 12296 528634 549890 448148 200909 794583 624516 807448 497369 461151 255456 240416 795909 538203 113086 267644 425996 818547 843316 812212 548641 173061 209079 6851 439607 913713 606676 571635 352527 912839 593952 731771 181551 425886 549136 839315 638503 514956 534186 770882 974797 628142 845014 545419 901533 109676 809741 908817 374830 330880 149624 162087 337221 34670 351141 115004 813235 612490 623615 176063 246252 374459 371163 238167 178659 876232 520807 971422 714828 830648 565832 306440 661465 773460 266423 429550 546940 984823 124847 860818 622081 699263 843849 695268 467263 25958 738801 873337 964420 523927 731891 527394 54844 812438 197620 429166 214085 291799 16722 296176 40044 73510 669390 681801 148041 634885 780430 703079 500946 538615 749625 726014 229534 149607 480381 158284 943544 257010 868016 715397 705434 245416 578694 591330 73802 217003 831853 590797 640997 740246 390336 734275 720556 102894 329218 772799 186828 896181 377792 250346 787231 349979 628469 3402 604673 50324 836954 7996 357712 965678 357444 935573 190579 92810 603132 241328 719070 634970 626041 766887 497682 24477 987938 734334 855893 778467 586516 834433 551262 259155 282971 703576 529235 304463 389555 486087 303868 942429 542464 397404 995398 483298 520514 870289 144355 164504 212395 656906 766403 177783 490613 539698 458387 36957 72497 421370 821508 325091 649573 959126 136048 130935 570121 142053 553194 657344 300765 934686 235349 118575 429715 425481 462667 448359 819528 679706 968475 585234 876414 682795 750596 695551 906484 371298 749840 892964 390527 632085 245343 471753 657038 808586 610037 682175 337787 484986 43417 553360 854834 639546 350527 550069 317599 696869 812312 380217 29175 850497 195883 438304 392905 277875 685036 359551 599332 279722 349437 217774 356424 961177 417814 15444 373303 804536 848549 239907 283382 604472 110369 947972 561877 996908 877189 45562 341060 251669 248914 726668 197306 213923 912568 104071 732735 597777 880729 696681 304705 315063 305848 494593 455309 185301 228913 716413 755610 24630 389798 175413 495895 283201 567120 640984 455146 182235 677090 530387 84806 598127 501058 119141 731296 900749 709163 225836 604810 337158 997122 128576 312922 83463 336272 774651 113332 778633 920438 499499 124562 211412 333535 673875 866750 926865 499179 39305 847992 620489 923708 959312 557076 903232 83277 332095 698216 421530 730716 490812 451155 915158 138208 320280 857374 882442 976191 508609 97105 541820 500015 994331 748442 27805 864412 146742 100056 151680 955285 677783 687628 135162 44818 492938 525545 437310 760143 517360 528100 742936 571414 413283 869741 602580 231412 633789 202769 849242 308582 985942 589014 512394 978585 438271 167838 817726 873270 785631 502631 578764 611519 106165 162153 816899 224945 589416 436511 82958 115448 451615 486045 929453 454089 362146 710560 364492 644563 248762 606284 373770 195058 223902 315820 536707 678523 532924 94708 384053 393849 651113 308031 7279 387364 6811 252734 128660 328870 270396 901538 275548 77227 27569 531946 772632 532946 714783 665419 30817 703137 885419 749141 775728 843528 452741 948036 467190 320223 570692 465402 959713 496436 740399 914246 935687 571254 601419 578468 817397 789857 571877 859851 531572 479341 467218 430015 370967 78339 358588 405793 271482 985598 872988 724111 414609 606368 166564 992834 798451 388980 601423 168835 40909 414895 580701 874540 50395 625812 566556 2217 502489 816210 707805 778480 399098 703702 665735 344353 168740 786041 92401 956773 421309 517683 999286 849270 455371 482251 307504 197367 401685 187846 34699 564497 789656 567197 866304 981994 220407 754962 601816 189259 656377 724459 163501 861996 456506 933273 646371 988475 379865 646911 197713 318795 946337 524768 595844 962902 899810 700346 629366 632311 102577 760530 854307 523176 851405 704454 386210 564824 726109 165698 404559 552535 106346 127812 828754 143719 203296 716130 771595 527998 622135 650231 105079 615182 220977 465570 645187 959881 795172 27426 633242 175150 639882 449283 971155 919138 416667 115124 103024 5972 604231 131973 998797 209073 842150 52508 943489 634664 434689 700164 689070 187782 977145 224014 738636 580146 292120 696847 259517 160010 32216 246898 780913 939078 206787 369294 676946 981031 395981 500249 499576 625623 871532 805402 26934 550888 482622 486524 881508 979621 423308 547509 504632 379756 313406 535663 928540 72952 602810 890800 410371 309636 402290 98882 58186 609442 231365 693904 898712 522557 650091 182640 989261 302219 418429 469484 771711 274130 739856 322468 621921 474215 128710 765032 472137 196836 512011 821547 99678 850872 30829 322593 880377 518378 817138 531773 329114 281625 534607 680194 208101 53749 51144 412855 480748 778723 780475 817501 902105 616752 584011 424240 929012 406031 597391 893895 653564 752254 572953 582695 789858 96770 883768 30626 592758 732954 606975 949289 1751 798196 603953 941309 527891 135978 241996 903414 582698 876110 680089 865625 748686 242771 129321 696767 764019 770899 520897 311453 507800 326505 470162 186371 56765 321162 506730 20325 973443 26136 57310 631017 419826 816827 218254 600230 197289 791783 36495 99409 113575 874251 121424 495109 234191 423095 892613 396297 170236 649572 843816 346807 44614 821029 742565 214315 467905 681757 381795 621072 868534 573724 850731 376265 905287 405929 631372 411553 379535 641863 420018 297470 122071 110180 892167 696144 741981 14721 969025 946310 881800 187081 328567 969485 253610 740590 102613 389002 106363 785575 272292 974576 122787 368058 133509 629735 722549 669726 235799 266562 322563 645995 851996 455868 652669 78234 752948 102262 642136 835729 619951 410137 144878 655487 450707 768783 595470 908787 652276 572083 332292 137160 435897 60447 715692 710911 789737 883947 975903 926699 8858 206466 104770 292451 27710 538852 145557 396820 387873 352327 755455 463535 576216 713602 120904 833068 268835 726391 725717 706811 112484 661947 292241 419571 6260 853751 134103 296803 164908 989496 433340 594266 715622 514445 469763 907702 129868 137335 901277 540315 543 844282 602171 342095 131815 579987 493027 691789 820958 226875 194309 25227 547729 695775 810009 339352 599779 585061 16316 337308 359352 410863 681430 81872 880511 113984 904143 647187 579155 304970 655632 758275 86352 835372 896027 977328 54675 663913 533172 120401 927863 844581 419217 426489 429191 516057 661975 481990 280728 203396 956455 746671 102025 145010 97936 482117 897914 384206 583219 351547 872317 565425 768952 677303 608137 728668 572698 261631 244883 121367 254153 116078 336243 945883 823131 952788 615280 387030 612650 608147 441180 824062 981378 967723 812427 158306 485369 504524 700750 722543 985505 990511 57263 265391 441524 646345 957007 950896 972171 536300 241553 65253 268352 533715 337243 654096 387188 334882 982753 668118 77766 422033 505120 875415 11770 847036 370653 22365 344671 137749 995065 508034 169355 371119 653199 775301 635981 955171 838372 866373 367587 174933 882566 410082 740364 994437 453155 740025 363366 636749 68421 781181 249779 43956 524311 767446 485755 243012 222224 235244 567465 179583 141721 786666 787011 620680 834701 511154 975117 221939 611135 96534 460136 696026 313174 361180 192553 580714 4171 399801 743726 816274 680586 489543 187532 143809 869696 789485 505712 973586 69980 707706 549283 628956 685639 492570 779508 805597 398383 568906 146394 453227 95968 222580 498901 497385 545428 354166 740471 550424 369653 678200 710038 646740 769534 27491 769292 435306 655615 219303 445878 361918 592895 238178 590068 123398 622603 153905 648984 127383 68640 828318 113798 523234 178254 656506 207384 623910 993720 626490 406538 540463 192717 649475 975674 189758 1638 712596 703923 229388 933918 519449 19839 396794 234708 985964 149937 545053 167069 566076 730420 130014 968776 16151 161975 71608 359004 704902 561024 737596 879456 232059 544730 43884 111026 351929 329801 837453 827090 565756 961949 80540 984401 39331 484099 256163 718778 933561 189210 601542 739077 819761 496202 548697 273234 734194 509454 996266 891330 829362 523947 120993 340348 957362 867414 352278 50595 652161 748670 301952 973808 958328 224104 293847 230336 964851 311850 790020 988922 343214 131331 834662 647904 14264 471728 589020 365151 666677 591919 18758 124450 648651 622190 131821 770854 694019 834207 76683 716332 196234 59709 393830 247842 619512 626322 441099 172867 623833 503355 523697 523776 959022 933923 596946 823185 4139 329078 692130 844595 49311 632994 562794 468329 222975 611651 355079 451970 891154 399845 742007 692760 470944 461012 155700 399796 669876 538131 306361 876091 121976 184747 574549 960495 314067 730788 176331 338528 875244 392437 93244 326149 280009 710194 182025 250191 128102 363453 693144 808175 7600 411755 522119 401482 512556 496365 854982 503842 492147 15544 709930 132787 716886 177535 886024 984117 7728 699079 551158 237678 582048 799466 760141 934639 365139 985071 680423 381831 908598 712088 831240 125125 826195 887875 680102 40437 54452 696461 347953 213231 466155 73640 845657 53603 356975 635709 522324 243846 332168 416270 10796 129506 556612 149733 490858 274603 906572 529934 256485 937990 274498 886836 456118 770921 432995 177050 242891 950081 485101 644316 566029 489639 831710 692987 385825 620760 998551 115363 238199 228951 544245 761180 502136 353949 428734 979644 612076 613246 349552 464258 732538 697064 821340 13471 576067 804678 727552 402481 965425 243670 557649 699584 179442 796550 210527 598501 798259 801206 362228 806728 205402 973545 995380 113477 385882 701755 765395 246055 569684 556223 414475 755919 582274 40937 954093 36634 882473 151320 886159 676720 828186 764227 803238 571360 335892 351075 993213 210022 37875 781961 542644 217094 975832 178717 288147 365046 54044 804980 885538 704827 956471 584058 118716 44851 887464 5217 708636 332883 796812 87643 20567 778031 218467 506462 931815 267416 61299 914544 478366 646537 772755 17903 40082 64638 910066 969233 834104 975118 855339 479112 441457 483932 73494 546769 534768 874088 319380 94836 572484 934771 638622 147530 596179 362377 383235 872934 633841 293202 456790 536760 796938 577114 573032 152401 948705 486733 920624 728976 396227 951494 384663 145784 136195 300025 938102 922645 295247 98875 790535 45834 328695 39437 4270 104343 21931 72043 127419 291627 741463 276236 844334 818984 561670 911454 345861 770066 313310 19281 985235 662369 372095 580116 21935 522256 414032 615967 975543 595371 451427 893527 394158 770013 726641 63700 350051 331102 650699 122920 36368 219291 884942 377961 821193 999 494173 803583 310874 393315 576945 194207 435242 832850 449228 556392 605030 84269 562433 726078 159863 480259 153936 380339 267547 816370 581331 305100 731658 852807 983990 522020 26000 12040 339239 527924 180346 762208 894504 835250 525759 966870 78046 30545 744004 857227 99135 324583 882050 715682 104302 583843 6836 519951 783819 408697 319113 322674 518753 642637 545183 757849 32875 230598 508867 586101 477623 865515 543144 701741 99121 283250 885405 505438 320470 94568 11924 590504 149055 35538 5066 751664 809487 740018 748965 8931 414856 48160 356423 178971 930907 553129 549849 550920 25749 713658 713292 165990 186950 55356 949125 907403 471225 578921 315155 903933 91555 290738 734555 986049 396711 908997 159673 589387 187083 825720 865054 55527 551780 27212 711976 213129 943080 364828 133352 204738 743600 966429 156250 50543 550590 69064 390 473166 857393 404888 566183 749799 454581 665721 473504 319992 436589 779587 422749 54166 408247 662554 931280 594721 20249 748801 547952 82919 246976 412709 350150 882661 595623 438652 332506 403855 883840 101541 210605 862417 241914 998832 897871 100638 872228 144402 699311 705306 308562 792094 725404 340243 165911 868494 324238 690566 587288 618451 189896 651005 825224 307611 94712 570518 431720 875239 510577 821331 716126 779528 841855 919297 510055 361795 628970 899480 90544 372730 738008 322132 191468 499648 402249 558498 283825 725587 139983 628879 823911 739983 261591 292045 801483 146260 583798 632243 67953 715915 581355 146097 737996 55074 97958 634385 230765 347810 70930 670176 161816 966142 436369 301709 350066 323660 491887 756555 602860 511455 224119 125053 397898 881744 973360 953954 824260 814771 838760 688521 776838 855625 885341 41531 394952 644537 256045 450820 371892 274164 990004 763458 192704 119690 49526 433863 934296 206353 253840 388189 800406 679117 32772 427465 928113 857733 746072 701905 657578 363811 300789 562967 907159 969104 338436 116981 988227 216728 580050 358617 384094 164599 495024 174285 844436 352183 710396 634465 711934 732355 231374 947574 640533 517971 583359 604688 318028 612675 953663 528260 168407 127222 639131 260459 804391 533423 77406 537637 193018 968011 52565 65685 30831 215343 309085 573600 317314 941615 517336 381027 782360 184232 786018 68335 842490 307172 245347 825880 476518 313384 438821 536844 132498 479276 976880 430718 841332 184477 475237 709579 22014 318103 507615 310910 831698 241889 124784 505653 343686 276028 973573 991618 577882 10358 263925 536899 874224 209787 799519 784229 990039 441579 633464 607426 760449 776524 596793 584707 405400 269961 604372 423063 579186 295680 172997 105223 16124 519870 852708 737691 252912 832033 516716 670717 234182 235228 971767 660489 971807 252362 711618 550844 128443 119674 435091 921758 652804 21908 478208 478983 546389 391760 443445 312415 674847 613608 585040 53773 235703 623350 848182 592667 571735 938460 141549 327812 935536 837258 129066 520092 192925 782635 644341 553006 744215 724866 60373 244873 751076 257785 687243 179332 147974 661708 78243 868208 105307 946827 383493 168022 686347 544781 583109 463678 249251 774427 271440 945727 263403 728146 461148 309899 307287 216461 827056 364556 698474 35206 850462 937342 945804 18297 825728 407754 230074 127793 389594 509741 498917 776041 431784 5519 136600 465565 339884 995591 212039 304241 281626 437876 427102 614744 998446 27330 966277 204865 720928 963746 72768 847971 300327 737198 772007 167092 330420 284202 433616 824527 827960 307514 696213 933189 714172 298566 939761 181481 715959 273704 449977 611118 150579 454276 626279 714180 744230 693642 423431 775317 820181 122463 13208 876722 155184 235658 216024 375908 668941 155854 70520 153694 589855 302868 498222 556434 277540 775464 66166 30355 256174 179110 237188 266141 269501 293048 601632 250211 971401 572014 127826 635539 872844 129579 468738 586573 517349 371480 525920 612897 466379 752448 907187 730240 681680 695395 291797 362739 204648 871939 427052 489785 549106 564884 415235 551305 88776 584371 496997 985938 657697 17922 496822 635155 768277 945679 333454 201014 794487 467317 925588 18390 708036 475099 796694 413742 842114 879540 112889 427118 429204 499673 117837 74107 494644 670290 326767 33104 2441 146364 586218 723640 839479 769360 378855 632897 309545 226492 485049 117803 308916 603638 338732 865271 753596 4513 176155 680064 233404 967496 671634 911063 12982 935751 141356 672217 188349 842296 590257 725272 562619 192081 595474 630562 436439 537151 633362 707142 522807 990613 973284 113661 609416 726648 479631 367155 513131 893182 649970 406553 715783 826422 777337 4982 465467 48637 588873 326655 694209 50539 225426 750782 207921 954453 573107 555524 415312 830590 260164 40246 950906 242381 55930 82562 156069 210901 224776 578527 703683 114006 221351 571538 743529 673387 38921 232244 65296 143193 984055 43213 765630 173689 516140 857993 769436 245464 804894 842426 816107 765529 103756 860352 640731 382319 341277 365380 700345 680883 867863 436509 207487 504156 682658 456605 55842 531633 961289 3336 448771 820679 615460 566766 400595 538381 306929 302468 345557 411010 456081 811675 643098 445187 602640 997807 536299 518443 459764 369846 193418 46439 478123 573570 980860 650825 317958 376387 946881 243604 198319 894958 94839 405059 25960 752384 145923 492215 250278 320923 958948 398182 625732 760812 121308 31657 98346 78348 545190 848620 738841 393480 225836 293012 61310 472691 829996 843291 501736 888035 952232 216612 252331 427440 12466 717302 525260 929629 860461 703409 849851 895333 153453 817146 568577 410074 752433 409040 381056 254945 916213 900855 941831 592951 851494 230677 779629 278956 219357 28188 762096 943287 356967 596581 869847 843946 17387 795335 875622 804130 306692 635557 720790 760363 219820 593320 249601 726697 300732 858485 946182 959072 998938 704367 82650 109850 248695 871561 963707 203980 985427 689598 36167 246122 804926 798175 393053 931241 325898 653885 540063 583602 968247 131032 872933 845904 252914 110516 887292 301134 868677 471700 344403 113658 650249 442038 239987 278943 715413 606164 50962 169054 577070 712383 325409 761855 307960 971037 639720 777051 396872 533526 923426 815774 570573 665336 198589 235172 174654 112846 710242 10242 977825 763002 913611 150821 652813 70382 619481 722797 710366 740947 820797 153838 273759 478281 51744 452052 3395 328505 415487 711339 438623 947556 496363 875320 233746 278549 182673 25250 213469 710834 967721 127334 466989 594587 957033 603521 242435 108835 548876 479547 502935 921235 164513 857545 272121 885242 134614 92114 827021 343718 985523 225097 926398 331408 113266 467015 504371 939238 216631 159001 130178 367257 275235 352933 685236 643647 548927 776708 798065 128354 139646 668359 171022 948681 760001 203754 705885 728974 635473 685801 248214 508770 709696 510134 892969 441669 343597 595321 911674 65321 36735 693848 531433 585717 864340 354489 207441 33551 414791 44042 170115 765694 795100 515312 485534 364940 688670 699645 470450 126452 657970 464734 385363 869997 974935 76959 587257 569810 417114 245047 592095 326183 944697 452147 927335 465106 806570 56772 594340 456763 722551 363903 554607 190413 528657 800075 560810 263043 735335 404089 584677 79891 447481 810911 190853 415097 979476 641150 502229 846001 76517 167657 737962 357774 852619 956404 531191 557886 660050 215911 688052 362513 672113 508000 332177 868228 320725 339793 858211 65274 306718 416678 560509 904803 255453 39285 114903 54029 718311 208859 498783 778415 267161 832018 775540 582205 359970 86879 325422 788158 654315 480663 308206 630427 901099 173521 42632 180332 503754 730258 867158 830917 792012 69164 824325 750271 356838 206694 267716 257113 935935 240394 225209 93030 689311 721513 95187 599640 666296 991593 538423 428838 134610 887684 895681 736555 935715 829869 623915 759007 344491 867871 902568 125664 729103 716728 859076 918947 744532 957780 25580 41258 919065 593549 41371 238463 522464 689240 800660 251751 851252 777159 583569 713436 539210 212607 162421 76052 77151 602679 864899 404271 149919 155992 603304 564556 539669 977063 421630 86109 705038 655175 296154 111885 468114 956452 812860 706259 183143 544322 775176 73597 968492 345319 30676 667157 581819 779355 337594 890999 771334 821057 896519 441261 777496 648280 899932 487234 507597 706710 257430 940562 470077 844749 956515 442605 708293 340169 585028 147356 873691 396478 255393 768702 843403 422326 398062 664758 247174 23688 202820 311852 713715 230025 194901 618467 214624 900051 453060 473216 956387 610737 788034 313156 648995 757366 389878 974471 47210 566308 775399 146611 604863 716772 963837 596156 197474 111974 497541 394633 107567 345822 677449 435214 483944 982758 842633 966428 750168 605001 823773 967815 758435 859840 616190 424843 821994 91830 454068 613580 537998 17103 179723 322234 909631 664782 251697 217491 21697 687696 583017 882086 183906 620756 297638 222399 426331 818449 459313 752256 469626 974934 962756 806551 405589 786707 994761 140344 642313 528857 575928 326126 342179 711115 122106 39169 804782 673018 454342 7237 1070 423479 926637 577374 15147 694031 719443 248088 670057 389484 902341 646723 43839 352581 538971 34078 161583 677496 61648 158411 473032 279945 961775 223794 429846 219528 740900 470704 916161 475480 591854 408691 632451 457856 647010 561853 970066 793651 508270 506945 482345 366012 163403 671310 123954 817401 629501 463407 843507 478109 688816 943865 658123 49266 656966 55949 360816 442025 7409 802341 512329 962213 297576 986878 613256 141633 151182 977746 302785 617259 314222 274070 352814 71690 764702 153141 268338 74852 325438 719892 314466 858162 698866 585646 223724 454674 977521 292198 258493 264582 113824 506753 863282 42360 552372 275442 791199 665893 40827 893881 262211 159620 686279 463607 814671 477991 588491 285321 397397 6017 183469 465417 11171 555021 887854 234707 167317 665525 526795 71491 34409 554112 143360 866515 580908 925383 394434 25938 749663 752702 206350 975124 176878 366137 305751 274544 390879 780336 299 542893 248463 510857 203950 892109 711845 331306 226317 900803 815008 512727 805075 148891 39818 864877 721401 566653 367332 956158 402420 605545 765379 818486 797908 670074 559388 494610 307092 127145 502825 50215 291141 869428 909313 455836 500639 155067 905250 358366 336050 79948 873597 349661 18857 520733 376237 465020 848052 714335 276670 779883 679939 759046 214712 10866 21839 432147 853190 675888 538525 557663 337805 231738 863698 831619 43592 607727 707858 727545 87228 35368 876336 907631 72710 199590 527305 760248 509632 811315 202621 580850 373266 809176 298482 514145 322892 68704 476689 153531 86343 501021 561005 86565 25801 442024 266884 673558 142413 340006 810408 555983 383931 45851 860270 385034 240218 235341 84465 391575 359907 386677 517667 481097 349298 477564 125660 374398 322616 376755 727582 810892 767991 856453 419085 938445 969841 291002 363754 414499 466227 689944 530984 421574 364400 107653 22855 479392 404834 861180 481454 895368 423240 134351 444714 78774 799456 901363 897656 873771 970419 996190 502360 148227 434877 180220 847367 642704 508466 246768 230259 75853 817497 350558 365574 191950 149054 902513 492194 67476 924173 659689 815155 134141 254117 295561 945987 381837 232310 703840 337946 162921 588318 559994 403412 876191 272890 369819 6618 778788 659987 154662 794449 260445 172925 31818 38200 218577 558895 817359 886813 253222 601172 445912 125135 322211 535106 801455 597432 845497 365966 202664 601525 94509 249402 337034 380820 744963 168306 917438 519119 359712 741383 280734 47207 278926 830088 858983 867160 792424 990498 624192 56572 249092 939119 253817 443422 91234 809893 427710 439349 44426 96934 217347 179203 321820 127627 792344 682538 785499 360557 263439 144280 766399 917434 416491 299385 843644 204406 93577 392456 279620 213303 406170 954159 317888 37052 565188 80415 167646 459885 418444 636152 27689 65465 192537 789369 33461 790735 453923 26415 395001 789424 83408 52826 848492 817712 802468 604627 3019 741456 531654 953818 73865 174233 160400 14960 570696 718305 836760 482382 496799 13413 620654 969108 670683 998294 413138 812510 106148 824158 882582 502469 164459 347695 98456 419716 743924 979280 901179 534572 937324 768911 614337 502800 844630 202838 748500 318186 649367 944098 770956 36492 136306 545706 69260 805466 141903 737513 333793 863129 767212 924372 388937 791493 228794 90720 797907 597431 495910 574678 789461 827862 903231 585110 827303 388143 77432 591022 792765 340503 621765 79390 965688 681797 174678 586086 786443 414442 941092 792119 702062 2308 89775 519951 138740 188621 180239 607874 899804 993175 919402 803027 74403 851525 742678 782153 645009 182738 514227 747554 445593 895796 885720 721286 803146 277850 936345 66508 256022 323609 351650 920389 483645 217565 705363 113344 206161 931146 691226 463502 363306 871395 544435 845679 998891 767486 278311 647932 666746 867583 57379 124766 524250 729736 269851 620198 348584 562861 905503 876950 944779 277497 623294 16143 608062 450721 830671 855154 472156 419629 779898 959557 860463 578895 208009 108190 488353 128763 599090 642753 1823 767512 2291 13131 768086 365675 49530 318209 161906 34868 256088 768004 566764 911574 762522 2659 542746 851816 726586 807021 984085 157735 313517 787045 985007 468942 866069 617879 345142 903017 10095 211307 514861 300861 449502 983764 353912 395756 797791 337800 914420 605047 854512 828798 658123 922002 538034 218190 751284 422562 309863 623466 64166 859578 115215 608487 348142 110269 298726 75528 540651 61679 337613 206805 856174 667164 638061 639783 324194 785023 405396 464793 262549 413243 869863 298006 37296 994786 64437 760711 480146 371336 968386 391787 798892 673723 793178 976250 698861 931086 988516 926780 241616 76927 12662 458316 939794 105537 850557 153979 841201 589300 542529 448650 737776 655562 797973 861154 137604 265969 314219 426199 635332 554956 231835 208618 288338 360441 563194 810326 795689 374204 89210 509117 936582 70291 123561 728786 312663 179002 886071 834810 346519 288240 714623 766508 425809 160938 265544 271267 477629 502043 76488 996214 805550 241676 181239 485308 44650 978397 962463 133400 909000 124521 343596 756697 719152 998839 944999 692037 513237 404233 596822 399406 656527 110785 558962 838703 906973 67538 489837 141744 219703 410272 270708 994703 16742 312966 520104 78359 286705 330173 820273 157153 131242 877065 541468 23249 536965 733878 808192 522961 329380 437587 75193 248450 654891 640084 608720 304067 697153 76706 48566 425012 778788 305816 636180 115628 256553 638315 577429 79224 661756 417391 655726 797972 858619 922141 634818 194947 958732 30554 832576 146640 15904 916341 315545 362977 630943 235701 148609 650650 300333 962916 695318 741203 341092 832336 182850 275450 217556 366543 111598 499347 915226 266118 136875 523107 856668 730977 147708 859632 455754 836000 901245 359311 182479 217589 413877 509262 29763 745171 242268 796937 323582 624757 121273 71958 14912 505586 206525 524527 453376 955160 398967 457240 639011 558205 603026 642562 81934 151396 819605 250343 852114 104890 18789 178926 486184 372681 522970 628620 496341 692398 814578 71827 104071 361523 116430 786393 699359 143914 194247 254365 183420 11259 319601 908819 189611 130021 982491 576126 606975 294991 787801 714241 159975 903783 766156 626851 858470 782196 245697 561088 755665 62827 119318 603583 832955 61840 127881 496176 386406 626605 79031 473838 39634 29733 825847 292600 851790 826841 963556 455956 124089 515002 679715 348530 477354 225685 237337 224701 895275 983307 226851 611968 744256 31053 741556 118216 551423 250086 156762 219704 339774 462478 138896 958795 799520 252747 267231 941060 455439 11359 607223 304214 477103 884544 613044 564981 401299 761419 187547 726919 696787 777920 148545 974915 527256 448737 53178 569633 988827 453373 819223 509214 471316 969979 5651 921861 6654 209439 390556 84054 929914 788491 356995 339805 687569 130345 750455 973795 715667 986225 307041 593217 420383 683504 702390 587209 800551 770292 157482 556445 139376 200216 134058 404320 248538 49409 96634 99213 801801 607653 170489 964272 257120 755658 789970 375953 140971 422855 589222 627423 591261 176921 385269 140409 575234 728566 160839 567568 106054 299649 127052 738758 220975 340656 654769 128631 579408 579051 994757 573253 618730 74023 474340 297722 189422 236614 61696 482593 850861 509025 774741 535017 484475 239118 497761 794601 704328 897792 441955 706480 337609 271072 459971 934248 693897 765808 391746 385037 579117 573294 256875 155743 804632 872322 238866 144688 373184 74233 500454 505495 185423 446542 49115 962235 495885 304453 933894 729597 751703 607855 232071 39716 200646 185039 297626 899023 826566 202380 232021 9635 598505 665273 466406 26642 176986 899665 390684 536948 979506 836502 208135 518486 818904 312849 473344 158495 174253 65028 284318 519182 313435 998914 657801 17185 606352 599419 638449 411447 571280 634469 635822 23763 736915 689597 654412 519921 930115 258375 448400 172914 532096 959953 657121 931591 518602 959410 543441 310786 169845 938542 735668 506532 726567 874981 282408 22226 627142 610751 670352 912225 54018 122945 257675 539823 73468 304481 181498 254967 256137 960905 953952 803631 788382 839123 430317 497412 481343 994779 754025 512099 404334 463252 8576 314282 216725 739061 357350 829156 53477 841991 674435 834640 365097 156395 556063 377390 309257 208665 760463 907476 181732 973951 505387 567151 725729 833440 497629 19682 439210 71006 287596 593635 833218 351748 580741 703296 165313 720319 288461 107703 120167 415168 832678 320741 836480 9811 782577 955326 474358 170607 445475 610254 861438 529016 736570 700037 814379 514537 206611 142516 599406 808882 905752 504594 255188 783386 635761 685512 850840 406775 418655 716359 747815 290280 896530 514369 55798 964120 592375 761250 861574 707342 843188 159011 335437 265270 551580 734688 15521 326618 350463 159827 848305 92950 676699 28130 873082 766633 678130 967015 507612 682982 461477 377086 508119 236657 133924 355861 181907 437892 56768 704689 430751 157209 614594 372900 11777 814233 320539 28412 11656 150525 274286 106125 204693 506162 659449 61039 962761 862928 14967 784714 629905 967367 801181 140981 768596 772701 237786 627664 488130 44596 391439 311382 210931 370070 61511 428237 616619 350662 789209 945255 823291 650438 315476 451488 877380 812790 891640 758734 14165 584892 336171 626259 484282 568711 578522 587690 553338 257361 826862 107325 367314 424171 658788 327303 340551 802377 622985 305982 918165 224550 666205 455278 717548 763827 179702 643151 51283 770870 155556 226217 423721 71036 51744 280981 831542 394569 638305 553931 198972 599849 893388 626328 496227 369691 814195 195039 960216 962166 698992 792899 611560 970561 806167 379986 524609 153265 762825 861334 776365 163767 762446 409378 831687 405913 22685 316755 102279 467308 664821 438987 803219 323244 271708 545676 420756 663552 425826 180028 816622 364172 696190 862461 312971 511682 799046 572339 286149 257396 438216 205431 755358 601139 257663 466683 449078 323470 250558 691470 367455 72766 2481 368190 886940 781341 305206 120536 970623 903333 333840 931495 961295 470087 38822 981372 938152 552145 122210 770896 494524 414945 957688 496321 357317 645731 726363 556170 994615 462851 98542 709066 143688 231806 981562 989765 676352 22799 381972 123418 826628 896238 57408 632462 595344 769241 814640 448328 767362 747564 992104 525602 217441 484684 916779 314473 43042 520924 882605 281875 460116 601228 449359 377063 652100 968446 771772 498024 43777 975562 724086 860095 252046 388964 871336 775655 532820 980248 925743 692036 533030 611960 82678 537991 956404 890970 379396 948827 561995 10200 830088 438544 142432 602402 350326 635546 43079 447951 976148 57889 357632 129148 149157 760774 101588 227693 453218 591978 97430 123652 517630 701544 856513 255748 907970 298908 472875 305259 887649 40597 474471 636099 950158 349811 427680 645160 467774 9621 669418 376068 282786 200959 46525 525201 564914 479721 545265 382104 31073 357771 761535 973641 948695 141055 222981 626693 313048 673551 473799 623655 337262 89321 861443 734127 429397 557011 226183 537873 99038 769365 331090 7305 573252 315515 839320 525193 117517 954673 709345 399870 453693 212580 195179 116535 158152 787782 503582 856504 647709 804075 43921 983673 147720 301339 541735 644292 540537 344006 596777 486901 658899 643783 139243 454764 5910 299005 132987 817410 866655 579620 19281 637539 559506 560427 849671 338803 292681 327859 834788 904562 930335 492611 63164 421251 363843 336321 882439 368523 31331 744513 591089 592565 658942 293051 769166 299578 524230 168504 186160 894600 510622 715081 795999 978859 196597 490022 11781 997161 976329 295126 57077 90086 522509 160416 253340 5481 106231 260686 763748 298760 426344 61004 797376 185004 290334 366826 913610 574561 708840 813425 174132 121433 72312 974892 417287 394412 732228 880789 307865 366974 103280 633317 550721 739326 540967 321029 653781 57848 996272 235073 763848 346645 894233 673701 930382 763866 349122 344317 346963 88414 312396 135535 248490 804046 820405 275272 262734 190883 385320 223811 550774 421277 152443 64443 221485 921031 565436 743125 744049 847374 299726 49946 594332 503497 714942 452407 704760 429706 476472 601700 520560 847840 119133 323071 414873 65358 286796 116853 302832 36414 387131 197393 94260 502721 974467 674473 775147 234006 434777 18415 532731 87775 198115 458920 248747 817753 23316 593829 156647 363798 584542 860540 899491 994557 480868 879222 146243 43164 259138 236986 161812 808820 513120 647185 913595 690729 44660 723039 538813 421576 174039 446744 783149 738223 512926 969447 381844 431521 306793 458597 760929 489808 102012 965691 883942 657186 378439 3157 851337 205255 548543 66102 417019 50925 806195 479027 607612 823280 712923 517272 607331 789229 931297 732891 735059 970292 740799 939006 212773 251080 332614 416944 561609 900607 330390 579058 532967 290606 864359 463852 672268 917800 938907 81855 315019 584629 641603 372745 607001 244970 789304 843132 401230 877972 214524 116736 470003 39609 209502 502633 834797 906165 595071 277088 657794 917887 898647 660039 852203 787406 987890 423550 502375 927402 168632 612111 16828 411574 649528 650545 233850 374282 60627 110764 435091 119187 745102 503841 964102 403355 376513 265456 53277 268196 760664 767247 359741 176614 565922 626910 667131 719635 116451 480001 362767 60550 875281 595914 132173 609523 801883 279963 959192 456972 93076 581432 751700 167985 866659 930490 913654 274105 671144 98582 53225 953831 72626 710129 478804 408338 390226 198796 815195 288796 415635 177142 526105 153216 142551 527950 783675 181155 464664 315606 538579 211652 663927 868706 76132 575127 979777 901461 525722 897338 283452 743514 299043 641632 390894 653280 978312 627484 250920 523039 794079 976702 369707 330349 625032 113232 372140 334700 434020 560576 124053 530501 42878 761272 143966 369459 935846 843476 627516 171217 988260 647136 772271 884608 557843 198446 419879 453140 567611 124623 28939 203886 693108 10691 311540 202241 349037 878330 994149 628517 16823 361743 19454 164795 203360 668092 610599 100298 493086 610 39899 379262 770975 700865 426878 335700 428779 119406 234340 958646 354144 737855 438451 859286 413476 72262 785123 21747 113676 609885 126776 959720 41351 922859 86158 156269 120978 784661 698407 862404 929190 187335 309020 340720 65273 120901 899833 252759 517026 473200 783449 735969 276388 62414 868576 932518 649396 118441 191681 274038 644196 547091 482211 762691 659383 817413 109131 194164 894593 680786 527114 431047 289327 970769 718779 83017 838209 537726 857103 345622 527257 216283 987357 110499 77516 623431 174555 550660 15453 707266 771901 800620 741138 93859 784408 616203 560584 215730 598571 258081 245847 645266 689591 931457 423302 31379 821176 413794 39464 908747 10455 529702 533768 162875 861916 34733 125384 50975 161637 626903 7764 187833 307667 301672 301178 256185 104212 291122 236601 560347 849826 993752 70312 614298 285158 16661 329705 561615 260381 848135 20995 269599 841547 315590 964069 795671 650823 856478 315742 858989 418023 430856 42539 836758 416025 362407 883119 768984 578863 183817 858844 416235 417223 318039 689948 146328 404918 89698 22297 673204 893632 199407 307388 561961 843722 63536 976640 629636 14508 62231 542544 268471 459918 141656 64828 282841 432615 372135 79425 832921 509915 771822 256540 432902 853826 989896 763459 17939 489557 966070 222682 467912 987275 776412 640264 945577 583149 134839 175471 54425 536216 183596 869780 973448 80565 390514 941857 881626 822199 793329 640079 595633 715193 861372 729290 579784 565048 147176 145049 953526 325401 46125 45423 166266 723982 151486 450360 366432 187741 457090 588018 268585 783152 844445 114917 243260 869639 374171 36715 229595 614400 467135 847984 244058 656149 61682 88678 313147 78496 617423 401700 348457 55497 185806 173068 301963 193882 138564 66551 16488 428270 279099 950567 414433 261808 619060 828824 62760 639605 86327 109694 979790 148823 845628 805809 611574 205344 449825 770125 815375 885495 720348 461164 65235 973860 428228 302375 491610 741819 366544 664257 824774 999785 620053 874361 883362 229810 381618 961201 93288 689159 207709 177056 209748 363586 758320 569228 763800 860016 741396 8505 780626 127908 561762 109154 126755 341105 885923 14955 302398 957033 748706 764294 961739 133889 374262 923296 924990 85277 7210 940330 114800 891646 569614 15168 622335 572551 16700 793357 503447 924447 846534 273732 437168 258770 892173 785090 621854 264379 514115 740608 749127 630482 251066 45360 732204 804911 872119 779814 394267 374955 217256 936835 971104 997975 616481 71399 942175 831928 336026 848836 498013 847236 52609 707982 120946 651222 721520 213882 211128 814588 823402 910020 253234 833478 260011 252839 350996 179324 80638 195879 181067 963773 742202 629475 938448 792750 917958 857577 14684 827619 892093 505047 304594 516797 11961 904017 633950 112436 592375 216428 838004 297517 118615 340421 423058 573939 44363 776696 364650 486541 300671 868579 689505 765466 17352 906013 89727 272844 20619 345008 721199 293365 432975 164123 929093 731935 560469 630063 468509 458870 597551 364041 943569 447977 898209 713322 633947 757497 208230 770993 139018 869549 708130 454342 22527 972239 440691 63412 352000 594366 593100 173844 500100 429479 194051 638169 170075 583674 200510 463158 643643 592108 557759 9220 680888 683905 850679 737467 201852 187869 355201 763843 498118 317389 986393 456280 43988 608110 420013 471383 82482 765107 269390 20813 5333 413307 826217 4948 51466 60548 664358 115966 887202 560113 227542 986718 824251 161251 622668 827828 13292 279182 722814 877893 353630 983933 469517 859443 922442 846321 281437 868553 696270 867916 373532 175728 177356 304491 772902 585029 406407 534749 703379 205880 614274 801107 260235 914704 713591 829247 442449 360894 136919 463411 15235 970242 683000 372116 301695 568778 144330 129105 484680 145511 54678 666248 630029 788083 303564 273446 200828 384486 613631 80737 793655 441458 428187 306444 626552 117425 713322 27248 414866 589612 797557 388128 611377 265176 817754 220282 83545 861442 19260 560060 70511 922833 633461 966390 462805 418739 674838 558768 51799 147551 618108 920262 985316 673371 15084 218881 566088 26531 558387 346361 829523 464756 292186 648832 387500 549828 2520 839218 496782 689235 548079 40556 288433 325536 794535 663022 711841 971222 339709 809549 114138 617926 15702 461415 55724 187101 267358 614967 37852 792049 416169 711212 381828 565564 887570 440582 131364 31432 566578 745424 212581 954217 165188 655336 22060 226838 699501 12285 198942 792768 368594 603190 389301 710029 895955 459582 326517 640936 6094 261756 967313 301067 568225 278147 433340 187312 16809 352515 858634 891341 173527 753079 657742 313080 613497 371554 122959 297120 880730 764836 861053 243731 558424 558651 33326 514601 379574 398346 673612 228304 204184 269734 726934 799314 393392 591330 846851 810918 599348 347141 967346 798661 521573 497647 650582 684452 600485 179060 733398 203503 209010 47146 296652 422454 402180 780170 53068 795518 506251 896707 759870 493118 129315 480929 202554 433194 347704 638371 105179 636775 883963 337578 562275 897227 323253 492108 644625 818445 703220 395343 357048 111805 989696 284181 586903 627940 349919 17292 205579 397237 622590 53651 966500 792359 247983 491867 735257 782212 536878 747788 351002 849257 515635 783236 176019 179414 892034 445906 54846 627989 993591 765097 218943 361238 725562 130553 249793 783669 121142 729601 436059 363143 799094 13777 150964 259670 650568 330701 576979 313081 898704 702139 532608 42689 77261 269940 596026 875573 262383 103122 166895 527735 794579 944855 377472 452355 531955 640163 544834 193065 189890 25770 870893 254089 493727 295062 38840 111241 111592 333967 467638 124761 408462 244226 596195 129956 431418 737550 249635 119708 696175 689892 83170 265193 568833 564209 264778 562252 791921 290324 547839 797709 890824 797560 561678 948736 240338 262935 426812 349094 173601 829667 795068 667633 796625 137120 919510 362331 172451 378695 319201 861404 416690 615825 326960 1933 168146 618710 196284 255790 629752 512451 62268 339631 710856 982152 308161 984940 279174 733516 792959 340072 88071 243583 303690 653835 464326 115909 597557 726568 749744 650656 536195 586358 813072 537546 889824 977104 192791 417325 899596 96828 450320 9025 827385 335094 762726 442286 957369 274206 84850 393715 742198 491557 607864 453549 431765 641938 704200 852224 911693 202315 151740 212818 689421 411622 42444 411593 725290 456382 730605 830154 863064 767731 709262 520678 190256 674863 894037 154257 417522 763655 691420 391994 833750 190521 365244 415232 84271 460085 44843 130794 513622 1246 740122 953992 218922 743180 583748 65615 970480 116376 171936 428980 916207 242552 384769 157156 356998 833221 348940 848719 19008 741305 756608 349238 814278 357754 270170 250979 392819 978919 874722 584700 675067 304538 112821 619168 257915 104715 207371 167776 721993 707061 953108 699681 941512 907081 327764 532035 436135 438451 163530 680851 485696 23850 107344 493495 991677 470965 926892 773571 591355 395484 609037 533715 524298 924037 144561 591811 259494 892102 249331 605847 574132 368447 977432 712053 375449 210018 268965 688194 203811 855298 179533 506336 276221 822687 933162 278461 137434 799255 737495 309082 587947 24899 642322 621063 662312 607064 878299 818395 583040 372670 561130 785924 65639 659475 200566 706357 248899 812223 109391 950080 236069 689714 723794 564175 961595 855674 711795 37440 125504 876279 656799 571667 324070 817763 863383 583505 419751 777942 748013 55815 374947 506598 897406 547594 709926 764129 621909 152522 999497 833038 208834 862051 837754 313993 543764 750975 227538 783996 853405 645838 375777 252818 784054 886395 883409 55839 767962 409166 520986 149202 850076 339358 832920 695897 316506 81945 494776 160857 627529 774235 106425 46666 286833 281288 564019 885559 245607 821719 28421 808570 673063 165868 692900 700791 633038 345734 899770 127950 493229 931647 137851 460757 712554 866874 942920 338389 826567 333397 670843 65933 811799 194499 581364 50488 881321 61991 786908 711901 643845 890587 245415 849470 66468 201106 969383 98152 164604 345654 871408 99679 234652 471358 648663 785969 864466 305578 273400 716434 624704 901362 365869 364039 299445 659446 11553 186726 524529 204563 141000 764079 984860 859515 515134 937422 462944 262776 207496 893473 535272 826692 845732 698938 228487 133228 605694 567804 88350 133669 181742 519742 91789 852646 961229 387598 442379 394604 514750 588087 301171 676933 64993 251325 967908 655156 398707 845076 295764 667674 259254 83295 410421 648489 96010 991963 740564 236272 454445 229243 141112 685766 826916 250996 10797 292903 758719 456894 866841 138394 339983 235551 991478 511457 17919 3556 2170 570503 961899 272165 920312 420902 479963 266746 183340 638546 371316 896552 430250 405138 54107 258464 699949 602738 853833 769181 165688 856459 463724 371954 277805 992002 939484 407090 423476 815145 775726 476713 356331 204503 578541 15338 404335 16297 188350 918416 241647 278613 357955 186982 766389 532068 382346 85070 405183 198975 236566 254270 80372 401362 895080 471406 355337 368230 55315 793537 586234 560742 972257 980385 907247 399461 344680 389079 761012 324517 227619 703735 306889 301449 384880 82136 856299 605958 31106 717924 538811 72922 529505 381816 234197 83725 328836 895909 682397 334818 286524 268410 977106 598751 89810 573172 654070 901105 230785 569577 838779 399912 75701 292102 986557 95930 943455 561266 392498 541411 848465 136813 385885 535825 654644 574376 220560 55209 113918 761869 426726 96022 832739 198546 249703 801013 84336 184684 215186 789559 4743 308970 999897 426987 527300 617528 436282 65102 721105 669849 740146 610841 14864 348894 196800 284208 121617 717672 694083 627098 367768 917107 695043 832290 412054 107060 480672 267443 650438 874434 347353 950423 175190 931815 274459 664888 778623 851910 864156 158326 55279 87925 80096 733666 394331 493610 391145 214600 889324 185305 753386 877512 89750 69373 592219 761257 929510 90564 170748 92871 67654 230795 285638 946005 464692 129214 428584 818835 838378 644378 131650 378087 784162 784101 422106 329334 271554 476420 176044 657828 74197 656698 79212 112217 248440 341796 957004 55420 869971 663179 177585 47616 120550 850387 898424 554186 945756 556553 264466 258766 533599 881690 449553 749949 747959 475597 50924 498255 51660 501287 533161 536644 151086 938689 800084 453027 376233 40048 733654 182201 835640 148166 556983 74171 215449 917015 510867 248225 502955 95006 215601 50200 486160 222233 761339 561132 642838 187288 176385 598137 695778 888122 404154 817439 179738 191393 409241 826455 273176 515302 572400 298142 957369 820347 969085 786169 409258 233681 566712 231215 968588 476423 515246 942816 48345 344732 820263 902663 239405 64684 329363 360363 468387 461281 889343 424408 220216 148470 224302 166342 418798 850828 141122 259488 588193 427622 589666 5601 104688 253376 619002 807730 648864 3940 433559 82286 394074 509976 869938 543414 468420 668318 128625 323807 299043 668545 660019 966501 309344 227662 454146 916118 478736 275035 380933 881982 706444 246700 765241 294131 161108 520363 762363 30123 140054 435595 686029 835468 772951 336166 674770 444331 587288 463847 35830 990000 157737 635520 452608 165292 46534 607337 921283 707638 848306 636762 80029 377509 705437 172525 398038 75623 688891 766163 944589 823463 677752 530100 566325 762832 509550 153736 890818 319205 256240 320025 506540 830541 642960 761138 548112 96948 360252 996344 781291 968466 424137 205248 231231 621023 470688 738170 127105 279290 277017 95547 224424 364758 53954 358618 810554 649837 428069 115381 656930 194663 14409 712849 235901 694986 534130 513304 523847 779821 795164 972220 723442 61782 384650 934334 741997 90887 590874 516775 429038 47331 712454 944700 349311 611377 64865 312842 690128 293299 509255 402381 850990 129159 438260 815219 736184 148589 666231 190736 961000 491166 887390 704385 185504 223636 916611 802545 519149 462685 523569 77303 692218 81880 833915 462441 198520 294872 554220 92538 637776 865562 517959 874492 624990 551352 656766 278998 442035 107959 24998 186483 147214 795349 678801 722526 32446 272661 494673 255822 622204 507681 147929 619479 191865 90511 108089 225587 764148 972451 927514 518498 639070 231643 509624 423456 528960 490619 125186 584034 417362 876897 617721 22396 300676 935872 649383 638977 541777 208822 778264 691650 590183 388734 748065 245904 697663 479349 989694 747437 846835 241767 528472 431867 844063 78916 99490 50225 822915 89116 257911 516316 641242 266912 606200 295997 397015 868391 949111 792610 652539 839722 113584 566474 65562 865743 156945 551742 638409 677914 833073 34478 171343 867298 268565 988984 68301 845027 669055 482911 90699 983537 661169 661442 617603 580141 406617 940608 510405 981888 204346 211452 475479 746829 232352 503886 206724 929393 534316 264047 151552 310145 731347 148807 304927 668946 547855 787528 768692 276528 120398 358721 59176 660740 726226 879085 529521 874498 694550 883158 71104 546565 725461 340072 855006 749970 446102 105825 12943 345665 571317 659145 121382 51268 954672 608307 197821 664619 641550 479500 296471 962537 103377 524608 52767 249560 385888 215171 552487 436782 452271 676510 499912 65345 966504 600080 475792 422115 360023 976205 333478 323320 317591 413821 393042 478539 696200 783403 746958 423997 698401 343162 793754 416808 850490 360688 496602 40288 460556 84465 889048 593634 711707 827421 706694 886779 386629 642650 764862 995712 103702 245814 140662 42176 233565 858656 515191 14390 510118 235919 337554 501096 264358 427997 193094 705163 137669 891362 886228 567472 490003 456304 833562 298256 380573 907996 335187 150069 345095 1033 678922 955400 419058 192638 592345 149800 666683 363223 155894 35811 66738 121229 301038 954519 3438 608105 277249 337125 159303 982028 931910 598858 83581 856344 697634 756579 434583 197166 251142 520579 971675 856489 587735 842887 945340 43657 10339 551565 784781 887367 261987 151614 698893 195381 223339 857546 18752 79429 624005 539367 57304 92789 390813 71036 769708 381897 955158 980942 990535 419848 466059 228748 559574 599092 147477 103959 403126 736577 12448 407285 153017 148968 517063 29350 827091 525933 670155 412075 63059 261758 598423 9417 521065 446664 958500 206749 378993 366375 799385 401081 979510 361043 496672 895953 329693 444185 205476 14573 180788 459047 739939 18663 797745 925094 430693 208512 850362 200568 442914 996054 966559 520745 658251 846166 665110 534256 75908 291761 40623 879862 909471 388915 132622 181819 952933 543664 249791 377443 621420 277885 705972 524918 316800 242492 912537 88522 681261 710355 233312 685466 975972 281980 755903 30718 75417 713157 170952 649322 386107 284823 541442 329380 321043 316537 547202 486369 720493 42258 616913 217186 66544 862374 571247 365140 855969 671612 306218 599390 845182 757029 658538 676074 542504 146330 662199 417533 82852 355178 372038 845506 812839 555 518251 931428 397042 125800 421759 797038 437652 220616 783990 303644 902975 374992 763036 366339 481866 559109 834737 790122 753221 329326 506837 780568 414888 629909 855506 653906 49581 981635 830506 288082 241491 422290 43336 760404 745584 853549 830950 40468 957111 751154 839389 307362 753525 479341 994996 360065 577588 334769 596771 472869 748003 662930 821312 650777 717581 602010 195567 803558 347676 4846 826973 211751 735770 323843 304648 101033 745808 854358 869682 247018 832384 415541 857733 439927 309712 17464 835752 170251 98849 786842 152896 113146 815346 982317 789594 992058 59099 213440 797381 259665 762823 896900 24749 589885 130898 683970 663868 370557 338732 806260 438219 46928 835042 266430 318116 532265 294380 945946 300556 378286 991917 943593 768607 413511 583310 954739 547897 91212 34015 44158 632077 226612 413397 423810 991583 31391 50840 146194 492578 214101 635179 498356 333866 176988 380104 372964 552960 385580 118152 671862 288073 242987 514047 418363 680703 39910 190560 786059 756738 454771 286686 546580 502088 908625 584452 696405 297797 937771 590263 529570 806608 268068 155746 911294 780355 494047 47429 376669 947573 963522 194761 201045 291708 874677 68904 475705 38147 323874 666344 468127 338955 544194 86759 971435 110898 297220 272605 577443 329070 759217 488929 83563 689407 580323 622378 156838 146031 905177 55135 300523 558797 621261 139326 366083 175568 747742 72414 7076 171759 948828 13723 936844 561047 238411 5092 398179 134156 329489 959863 681531 952547 539134 998362 277642 322156 726695 179693 326214 126214 409946 229843 363818 248830 117752 99236 436107 42767 104850 754382 969014 720515 128254 947472 701003 337182 573473 752289 703330 780761 19716 174807 512065 238264 672568 680437 59577 476811 796509 389997 300277 483694 570085 452483 608509 991960 61222 764432 385741 536614 223158 946972 977992 796779 131550 743816 455952 258671 517223 544824 7471 910478 852809 607992 88083 554978 799936 636780 642076 422915 189884 612754 194869 46163 123384 645352 878629 292621 319489 500364 371103 126478 958064 960210 579612 330814 843683 988827 887928 142188 325484 13451 443175 363404 89785 651999 407878 107912 531005 387529 899462 322758 447931 247557 990247 403393 241280 654488 72146 698078 326421 543818 19258 941492 676614 537856 198089 52788 364583 118228 842338 926085 351388 159884 577038 125307 624398 443864 391835 968500 112850 980635 644687 814248 862357 17519 821397 357133 781962 651995 375738 679896 102016 689023 629621 678088 507376 17858 358326 1643 618109 622024 401482 320405 730446 412881 925847 979103 461916 953048 678653 525013 779577 487718 170193 45382 754205 879321 212149 235154 755528 141750 42228 882121 14996 906506 438330 819856 679440 301825 484167 46508 882741 664153 902453 360125 194588 983918 322773 789870 674688 9820 882593 923543 85087 92258 276640 577539 702371 262522 977819 906135 104322 18543 195337 766220 869850 114798 622660 956049 846054 177824 274585 596553 346943 750369 760879 894808 496638 203795 509124 320842 143716 177022 1813 472158 114490 886212 197197 228624 446759 324606 420931 812824 441816 78524 849150 693219 315776 955535 739555 398164 656074 785258 808354 963437 200137 178517 953044 339598 193926 924801 891743 795440 637698 726744 519089 126239 747857 64135 914975 928237 728469 662930 247709 940399 950819 469164 869236 544773 730986 753395 38647 941005 936704 265831 362947 832971 122026 388103 178932 713732 940104 250068 479899 860195 871456 122356 270833 888419 385994 300749 692446 592580 162012 969986 603172 607172 406480 834109 235263 386494 811824 491480 291577 312549 488062 742641 995059 168217 675442 53377 514055 817760 674757 803148 260038 116654 220204 603160 981356 970086 102626 415597 789872 407899 123532 248085 537925 167408 964659 808720 980993 332535 407214 960517 532113 895047 958085 220914 485324 162413 424351 910222 392367 371955 703627 492698 331048 170631 611645 561725 557635 714986 254775 138552 785233 259285 951155 843564 224274 34882 45031 845718 329315 916099 476207 667005 853358 93655 668073 917712 714194 962862 754688 477586 415436 374082 219707 355547 892988 319726 832871 171146 21091 847621 957906 198553 687372 547075 641878 972340 892366 226359 640204 843479 721380 120362 863568 403413 196792 192816 707756 27213 830815 339224 611772 749370 533429 26021 378588 212249 683238 51076 720636 705441 156253 720625 701601 682721 440923 84978 178395 82508 540089 451851 215786 642525 684810 456710 210859 947649 645502 993134 636224 92854 561789 38738 593489 140988 222093 85631 593258 219484 938808 539578 650157 294704 692072 667787 191974 975331 649828 531107 915053 799361 20686 409251 780969 47129 999332 188059 159460 762610 73435 552657 486728 747597 558851 464278 449044 886543 71079 577225 256302 411181 103630 350434 27410 757626 817000 931940 334358 950511 353516 310876 868591 582872 866639 908521 858233 292745 40633 895297 212545 56292 819674 849560 164731 254910 873730 846030 849087 955751 543646 595237 801872 73256 949987 236075 123247 76581 571603 125673 747566 279611 805791 931051 589605 334362 227447 644709 27366 882555 736957 403532 889285 611698 850289 259265 938224 52172 864901 668012 709258 561822 675660 265763 404178 597874 855615 401257 468182 590310 569708 465617 965470 353139 380847 319441 851485 291905 238869 981703 909892 166268 386300 105948 401975 919054 685656 138920 837895 585037 992069 70329 270930 82288 87745 488231 842405 344324 903188 472803 10230 518870 726335 155305 10157 875760 397558 970194 595319 135403 8113 381946 240680 985455 306272 801940 839790 684225 239611 263721 893926 235971 464249 457567 756474 529055 174088 68981 144698 824473 221184 797528 49095 282819 477849 982950 862198 472170 868942 304789 392729 343631 127984 399299 854206 985583 204810 73617 632467 585890 711815 709831 48226 830655 677106 682721 324767 233753 904073 686282 94986 521741 745123 760212 899231 125810 541 816170 506172 856569 208073 758912 144853 827208 45782 309399 89564 401613 170635 962435 802970 792798 737132 865680 995560 970228 321188 723450 400095 749061 103743 758860 353838 953509 500361 298429 533037 922431 534619 927729 435264 451652 170415 604056 548598 670240 753669 761902 294570 957099 507155 708292 662297 726889 620432 239291 438383 345803 602205 347457 397552 604982 132238 589403 64411 742363 188102 209248 356160 83697 891839 769196 183579 300001 750736 39575 913301 454317 45254 11932 352998 533402 513045 781941 410069 128450 629628 396195 711160 657712 183328 199625 844183 232938 381013 309711 851604 148079 692543 909254 145450 781718 774697 629890 903362 359292 131255 588315 854572 852854 536992 713288 846763 548334 322168 988204 193369 906387 160676 611658 193425 28244 719771 771481 554626 646916 52293 602542 54780 80038 205074 556039 857292 833646 300146 61322 445760 211424 892116 159978 410901 866884 933567 431590 388452 168657 98782 115702 257431 932895 842581 131193 18125 710567 297652 652337 578616 629939 2710 998477 31561 43551 198570 154730 665384 758185 66299 794295 838216 654665 678449 1290 671058 546251 283312 614545 940445 26080 572876 437243 205070 412806 314295 580901 450024 508831 690301 630091 783069 71768 26013 365880 420696 701088 590870 865970 554980 679827 380002 241272 749650 930605 687868 234950 363599 36864 904338 728232 323044 423314 492322 388651 385518 553102 16494 228230 172918 956475 569791 432810 323600 355144 911886 202656 649696 111753 628063 784507 631531 151797 582520 759157 795373 884078 112187 80869 334965 332042 413029 182920 419938 629260 528483 386674 539789 621945 541065 90350 214522 1318 245762 664186 554072 341922 889408 706472 228630 34188 129022 941835 918931 318662 145100 755719 47346 729635 234997 940004 829594 351854 710820 473540 128246 812345 899592 24055 433719 181956 716826 649325 475622 378748 925197 870052 73767 960196 355812 267579 356620 527379 878207 532662 357116 574994 904387 895448 128541 419423 224362 603769 458796 628718 584725 517440 655010 46086 191964 880344 297973 133139 898470 812544 590224 141896 911382 945054 74103 905574 39298 419653 450034 211345 576134 457 400693 389906 12533 155040 445425 902957 134794 750072 165006 829611 959438 896222 522063 672758 324509 871943 897550 747486 265248 76629 845716 94053 164979 505055 476973 263565 444253 458491 604482 425042 723771 98414 212352 495337 303737 521696 283088 654270 726518 797537 434409 635328 114000 252333 86266 150553 474288 766090 527696 198855 93131 343111 360858 697467 775806 827591 691503 450369 491418 435741 31795 44031 740538 423752 54322 349559 199752 185285 845624 325626 241862 601653 637700 406822 759009 218355 146518 771009 448508 193837 421124 139952 151002 953209 461122 754143 340176 674987 717092 473188 802093 758955 278953 22590 502202 61637 661227 906554 31278 215867 131554 14295 946096 181099 430446 442991 133685 560556 683240 637133 98923 341863 654064 572572 880546 953221 718139 380720 184377 957344 651921 16481 500979 897531 846851 84951 662320 9643 417408 831012 177020 300971 43375 501690 875751 40342 971596 131815 518498 640190 786931 349610 456476 148815 264031 889426 472948 51848 860428 932243 131003 84159 471571 628148 673770 491355 366085 660916 447661 669590 295347 234888 518287 467543 176830 303869 491831 46376 406246 426312 101240 200617 242462 467577 537620 443753 497029 878252 230518 260606 820490 666596 600215 297062 543061 94254 610807 671309 461271 340520 164241 36938 289972 234251 217028 695835 631791 744878 740647 954195 298801 845019 85989 405562 98490 98184 426159 17404 608156 223809 838733 909673 513754 190618 456738 918678 636352 352237 810401 481446 511696 558518 358090 579249 53799 924358 827324 607619 320427 959305 855536 733024 577476 57827 314166 218376 730064 396371 638666 527469 819450 221471 529361 245074 844821 890896 699227 146416 699182 684417 427790 417346 254747 953418 937616 495772 956953 199335 138862 710927 184906 21465 87520 142531 242570 771411 952505 879107 622818 69039 469790 898831 331187 702790 652557 742224 463477 465363 663681 868345 278155 852956 811005 774340 900281 573821 21376 673923 177618 958599 494884 939777 618556 667765 277414 272448 213871 429394 649947 102669 752702 796225 624378 843704 794023 601756 650383 566025 583711 443312 292834 104871 284985 273510 975653 724373 341461 679681 322718 677406 392917 354755 20500 647514 145645 683535 671065 925125 349092 462051 79814 582862 277696 368753 930069 389146 330847 195069 523614 340533 977395 3095 507359 15667 853141 370155 761839 11380 244029 891320 11328 337129 9409 197949 739426 639262 842892 885900 714102 265656 311832 817362 667219 98212 169576 856985 649480 34065 547805 328110 405814 290647 121837 442548 970344 856220 990561 346438 358059 47458 876974 154502 902908 636679 259322 451846 185200 145507 273657 314782 840944 155946 837082 968275 520006 893021 16269 245773 453009 934391 946560 824530 400295 217531 859272 541904 648301 173747 144740 573620 45598 721274 815992 696187 559463 987900 848518 407690 809833 591069 195992 999333 735464 680515 806163 851659 201285 807751 872228 550801 564967 773809 571532 467316 601755 129666 199694 390939 980764 624791 284492 955380 605786 273640 283341 758467 771752 513500 891233 664785 179252 181010 897225 703138 815946 783714 948987 559047 609008 390663 604942 849660 395217 345604 40646 769867 297660 543423 730787 517213 559977 166560 288853 754326 677671 63533 678938 408892 524604 537350 270576 799048 499792 53098 430539 290748 212567 280539 51640 212318 798586 479757 701650 183091 674009 8947 16844 934136 442256 438511 770839 233562 308020 967206 636525 106659 645264 773168 526655 734593 800032 733341 176320 587914 479965 517385 223494 490829 754828 659381 335528 281609 411655 615169 149529 628193 801512 342370 828024 647698 55733 208692 251154 439927 4975 213484 601398 712388 518029 815642 633840 372157 57870 144417 573183 986094 517596 156788 659491 381953 660804 253941 865982 793193 661699 102707 613101 907301 360151 18265 856338 670966 546959 834110 402754 869749 557614 677265 37076 208775 387200 764005 440642 817402 229633 289854 787992 287006 152873 159251 398539 476130 72499 946971 347805 894328 725543 187055 681186 323344 751735 666908 361652 17032 623992 880379 686850 656435 254601 933945 545748 925865 286197 371919 972897 345104 990359 910869 16176 699044 404772 777686 185741 702131 935298 773064 489657 88888 55892 199670 880828 181880 673538 948629 465128 241066 199131 362704 184189 615326 298224 950540 584583 157831 6421 747951 999943 270585 678637 309429 246353 286041 701808 542467 924243 733379 740079 813083 708517 358723 614183 177694 279694 44563 158449 63250 322934 492804 17520 50609 344846 587292 423559 386362 246252 331949 713364 498976 178714 164735 264406 438091 588104 751885 676616 492869 151834 896137 490678 626460 25905 129572 802283 971945 983602 957447 729629 279052 582853 652767 880902 189634 374617 505787 148472 280046 905921 330671 727184 339832 792947 17896 940156 540962 510917 279003 673840 978285 24770 543847 253037 766102 534017 763452 938684 478086 297958 804798 403091 21635 75436 124493 779252 447910 726579 330814 379094 348108 540506 685831 361728 712589 198781 861745 911521 879086 591601 357413 562774 592110 337893 90739 244055 567739 316460 398876 919554 867160 692096 620820 227645 77869 178459 969839 517322 386673 368790 561504 109840 993765 161062 119331 529823 785575 829744 600549 463663 896254 339266 327385 761822 611153 635995 843295 963112 381255 438736 582473 197673 91225 24123 660516 751218 751759 440242 989957 945284 669353 905492 378564 297537 676965 142558 594455 650537 583094 344443 297962 177955 860227 981961 86656 486472 297162 424985 818892 173412 999257 522321 650446 569893 133626 320576 159602 539018 420057 76913 187738 616684 562821 983268 866620 849356 584877 508788 712033 450271 93174 690774 94812 10184 661853 91021 626153 758541 508629 43130 664425 66729 760894 190642 845022 174133 227809 91972 533592 498524 616870 213433 559260 503466 946607 5527 286919 623460 600660 793290 253520 443687 785845 168057 628486 67869 236797 435959 724520 127457 651354 190697 599276 830024 1558 921762 334754 700648 484245 673445 523508 383613 293205 281887 21562 866280 304211 986982 935170 903294 89470 344217 792182 674147 542706 806286 454491 646012 538373 611957 99419 248563 339854 702258 801034 706566 587680 27832 57667 334524 990653 953104 464406 785778 623978 521192 782531 102377 176919 148493 864399 724018 812380 201658 232913 531728 106135 340590 427709 569503 403819 281940 665736 457414 79388 240202 462303 635096 201568 760875 139793 617545 346322 78925 199517 673613 601400 982696 917217 860072 808555 733191 735763 910358 877092 363118 67587 243432 975876 189557 387034 778770 698861 146686 672380 52326 917263 550572 947926 871494 938777 147683 269808 912097 161807 575804 657241 4454 655862 912316 234343 204132 331853 605423 87861 628710 429709 437299 252952 81973 551177 852362 841278 635185 538008 165186 417510 31752 540799 812804 686922 405753 723054 803705 129251 968784 47213 712324 530426 651287 259276 954174 587650 379369 34874 192393 826187 67189 121008 678979 196605 960920 146089 305988 628645 107795 361950 181535 288021 853273 448711 821587 166161 182244 773354 441585 514988 765271 569147 352370 855653 802455 674977 550603 552730 267065 162913 693041 383658 152575 893143 505711 363242 456007 605508 272683 504653 709015 259609 591963 341232 788300 3436 528338 46540 947166 51474 234175 664373 189029 876665 829282 505745 200706 606787 935885 434141 725550 689674 754088 904481 805370 987628 631330 481893 139898 802735 786148 34570 833263 91625 930460 612797 339717 929919 234023 295983 916888 55130 882160 684038 620903 79535 203084 4625 153108 698233 625449 626834 80631 751969 883094 22326 627570 958457 184159 753054 387528 160142 749726 948818 803333 318982 231948 807972 262941 666989 487051 447699 777839 125134 165026 737394 864499 145943 666009 180438 406479 865 977537 33218 828942 701390 811978 829341 950317 487977 809054 194242 475468 200037 480104 165103 326102 743747 401139 59656 121615 916846 423457 313633 516575 246082 286476 851844 242824 4932 165028 566868 902093 320227 577090 209281 140679 109929 144507 790157 228038 944078 898558 557222 850241 723412 685456 375718 837819 730190 212908 537025 840495 260059 429609 429116 14835 471928 657690 478024 406599 559994 921355 163044 595837 96748 197835 938326 569298 913212 466207 587789 471609 269258 83157 285370 204543 168124 608642 774684 783697 982557 968774 536262 839404 395315 573698 116115 555485 146359 310918 833391 517218 920984 231447 717983 712577 832641 214183 342261 34542 610686 656477 510828 829955 104168 429457 127360 907116 923890 284364 521730 639000 395704 590875 457673 994832 633881 642391 777768 991335 473975 514040 321796 61454 30299 79074 364808 338526 609951 217159 185300 46719 436396 419897 738025 84133 32120 374051 764791 430784 710809 741836 104864 384542 79333 785795 273615 343115 882946 929714 791423 389006 804145 107298 18346 100432 474320 167346 405997 81535 66703 727391 454975 415051 603999 357331 623917 639934 103731 310127 141682 245543 730544 943839 498541 152629 84636 910850 572792 755080 983338 449306 878817 232558 170400 258708 773361 123009 405175 416952 786753 367712 624463 272307 775916 664737 737074 840058 912316 153537 975700 676566 646218 390621 383553 697283 286798 357944 5505 88 896459 314519 6071 126336 588446 432077 53186 716295 302978 820547 957037 214237 225815 110627 955511 817180 912125 376022 303360 660507 40864 24268 293065 378093 643842 387422 999658 804379 92422 712987 376007 147817 963073 654604 544259 528755 654126 519331 99369 770729 277311 780912 492627 572873 48888 719827 62409 483471 798309 149478 514131 166134 320374 908071 331972 458054 608726 629160 897743 196690 847621 467075 457279 496755 680815 378177 868434 174910 32562 893612 38614 994279 658139 935972 336184 937391 214185 604109 205127 604517 164263 896417 629699 615520 752793 345605 887985 259546 45234 274119 376463 474202 638662 676706 52999 89899 677690 796351 333809 974688 791335 5076 854595 999697 989106 482237 602856 941004 830261 184106 906725 299392 78240 83843 192240 141270 626498 2810 63399 162090 385799 486155 421203 635214 601101 699543 84376 97483 515877 303231 800771 262173 570731 669958 526267 921012 519344 810464 137497 773530 542241 169028 599712 532397 445789 778909 455446 724506 181190 850225 59963 855681 893553 351840 977754 298493 633411 592875 364655 901703 357029 416473 559598 518944 817906 282688 984146 575146 435840 512305 290712 492911 306375 638747 739444 313404 150250 481054 540539 736322 467597 983356 782150 869874 338146 906525 616511 930666 91414 701175 920274 593101 656275 991955 393860 497343 82740 531130 599816 72248 255231 820509 396279 878817 294270 814915 701765 881484 331267 772580 562437 908939 769667 380790 31531 52608 1467 736660 870862 421059 314375 438063 715262 517206 601798 837412 820365 559402 182768 491744 822450 371326 168682 970511 386019 855546 491637 735261 562819 545999 618605 474684 179700 61878 758958 600093 311130 54338 979545 412876 792837 633764 787407 860043 331800 74218 595050 118001 996244 877999 358317 707466 810414 718742 479695 90121 440884 683604 105626 563939 675010 351236 916084 639496 664131 73461 300838 608260 576347 776109 319123 885726 44114 114597 956318 735115 762705 489766 125938 972681 856052 171280 789472 216109 815103 292411 209474 237896 917731 316363 297846 856819 818306 889314 709606 201592 889656 140233 203291 801760 856243 566236 706380 269867 155907 435164 65468 293628 953431 459362 110442 74116 925331 877127 294580 559150 377390 397485 280609 411882 148712 232974 160652 45888 786459 510023 506350 520183 912938 341264 819459 343431 242793 907583 687232 64505 240667 693095 397803 13230 917709 19569 163979 136764 185987 563049 492041 310897 180480 83063 701113 20334 668784 733616 998629 108255 359862 783256 841191 669215 542237 641960 185091 293340 522443 89405 920991 533152 954441 650057 428491 542115 356547 660253 144802 164489 97401 608788 512276 557930 471214 227453 410954 657606 782051 525130 743680 806789 492579 50257 935577 599230 404799 343651 616146 669918 899749 586710 168151 70809 775281 77841 560449 684173 171065 267541 578578 631164 838794 606341 788359 851041 213845 784119 137091 769023 357384 872379 178697 544663 19872 823954 976509 46328 692959 429511 106641 372781 846502 20608 378629 555464 607457 158524 539782 775275 532933 286951 479748 442980 922910 246154 428947 427032 921489 509965 242277 100241 793010 707629 918792 874651 771439 517291 970788 995391 562775 635006 175198 123522 392485 867454 882919 958501 657130 41140 286751 566464 375550 94827 913805 883330 884402 870430 325622 348280 628413 563099 689414 503895 95756 470827 949101 687116 151980 921080 589807 873277 304147 870373 463576 604490 137491 377538 877318 896650 787975 60106 688635 186783 730323 433225 981685 256019 728738 549235 459303 301398 353365 428403 591863 513241 876139 954167 664859 526053 877544 118749 186405 874295 409701 40213 432882 435321 246509 480165 178308 32391 678822 899687 579136 514070 807666 643441 723355 428344 321457 788481 901655 489615 78105 679192 188095 392015 413702 109063 17872 158040 791640 71331 416853 992336 285301 429432 467601 977624 942783 917072 91490 898963 647673 18883 219893 308114 711355 988540 275674 529782 53956 319981 510646 396090 357865 845252 657367 67917 649946 610697 674736 36247 579579 975822 986694 146698 556971 612510 736195 111154 880795 307700 513429 792355 614943 460147 527990 797863 217178 87963 687600 69722 515952 786811 283462 67366 151890 503100 166606 552924 591457 800025 656221 367603 316357 423866 191354 455387 727822 862734 494067 109901 885490 554404 817746 248574 705336 412866 705954 806271 221101 599081 648457 28504 68643 343533 541197 676101 164621 922345 345448 792198 884143 208937 922085 299026 517679 31187 151410 577777 888358 245875 745750 255524 36024 301449 144447 628283 650087 299605 510398 32639 952858 36534 28953 417835 180642 424655 396527 905308 421960 477963 93530 954365 63539 997819 570504 606998 435025 352275 946935 222247 763127 692137 564563 297638 111533 495232 346833 531398 434567 494709 297189 790319 51820 429788 281377 180780 662658 76751 459121 284650 616891 706813 809031 750782 192189 812706 777971 215368 247131 688352 227340 547186 86459 978994 596859 136630 636730 703992 685422 786125 715959 632152 792463 770741 593722 13065 195357 991973 71518 442189 487712 617733 359248 599935 412246 483773 857342 244997 832290 667189 561835 628216 280653 335877 75747 507648 958693 399684 366773 708691 684083 885413 604255 163166 902695 481921 133100 657548 921066 41933 362037 273735 689735 485884 102451 88461 103596 79203 997284 40042 19001 518819 446321 950425 772619 909791 222649 920013 401993 975154 101958 929358 770304 680245 292926 842553 898007 66341 686062 764934 409340 707413 409263 832265 226008 83364 609948 667800 32334 201721 964373 652126 973069 620422 680538 510364 416070 551528 331797 465330 162789 552507 639029 600243 609988 556136 795122 675152 22907 996075 168375 797690 848326 40176 576171 193533 21912 996325 424382 293054 552798 980365 564252 479566 935661 603938 964703 56848 102365 240571 66307 301070 923847 43063 407073 639701 636945 349248 721810 878150 28021 657769 952737 565084 79068 708661 439059 463297 170751 669204 686906 269385 875147 407483 86482 730134 192006 957265 730267 198888 368444 930437 25110 628039 269412 387146 864487 201904 107999 622836 329578 108772 533653 159283 138717 861048 456990 500142 829834 837705 48378 639395 588475 572537 944379 181366 480648 368216 745830 880420 946771 460648 269188 383689 219096 824930 823333 231633 564140 187829 184105 386245 497120 223046 664180 268568 768368 816162 177630 276129 747839 685623 682196 834070 654776 961982 476989 457538 213186 17843 473251 42280 309224 57424 964315 272908 465671 965117 178208 35433 837261 757118 328311 430995 662587 875691 654364 939862 84237 657180 879718 17381 772869 590451 297707 895658 862296 725834 17395 822917 25079 886608 565638 709734 881504 336727 850733 23107 358690 425205 400435 680806 939686 979189 490564 933907 775341 135547 848578 356299 40480 955434 348846 167889 187897 705346 994252 563531 288139 6501 179611 421632 375072 991207 752601 748159 315513 110292 421506 596586 309580 400773 706984 363193 916684 731318 666677 205855 324381 568190 527437 593618 777798 282522 361230 986600 437442 808502 265061 370256 767685 38532 855104 477375 140184 481226 343536 581000 697967 617118 881553 414104 997394 646689 373773 714320 614441 79980 127333 593385 536374 104026 4269 964475 639360 760893 134586 776738 951862 131832 647489 461301 910423 549277 627650 679730 873342 372568 957698 569565 534409 598531 442391 385179 896080 773231 44777 407948 503271 465236 928418 245346 627343 240955 15447 420935 659297 565637 276353 884361 116078 316596 414010 292628 837865 239429 293718 789087 352907 167904 85397 989203 964081 504270 25356 130994 629259 321368 175108 481763 679233 872376 572494 126816 439166 64426 102544 572470 313392 559370 50148 315458 743516 924213 482769 97694 619038 561153 497498 285016 407669 471030 398613 777969 70549 66503 121019 430347 777662 358725 225955 255103 455195 132920 785962 439719 762019 461166 161593 243773 42463 101243 179541 545493 431081 442792 94105 982837 171642 390832 730959 722785 98139 397369 60581 646957 481647 753721 919407 13205 340681 581554 739841 405697 883194 95320 892136 379415 174337 607073 641035 664151 696596 319843 396243 786373 207761 154578 13216 361889 115008 773957 843262 915858 845397 87423 376159 97518 209304 110076 80081 830603 102368 15232 212847 312799 16867 835395 478340 928689 295685 534977 956455 897386 818097 416727 317679 652621 832110 662539 851352 126727 213027 318532 897427 392421 47140 852517 169472 283859 644271 958891 14021 418902 950317 8133 183350 490907 27489 394079 340917 282578 158992 621814 997760 463619 544070 739297 791727 64591 526882 569256 812098 366638 5537 665598 581559 343191 104797 412279 1654 642786 917435 577128 463404 278669 104191 895317 442704 186199 981171 492118 315745 808728 904027 322370 569581 243768 984546 604984 976537 379004 163448 191453 13831 178143 897530 350441 973167 921969 563255 8919 582101 416128 1520 85001 709933 81384 201876 218044 997969 497708 337849 595601 238292 984904 199093 42033 289337 356132 415750 541224 630286 984874 713797 150059 27029 188256 866818 735911 818259 216327 202823 27772 507223 720659 263387 433621 266796 774358 912739 927653 204989 917977 824321 159911 297621 244229 179110 217850 927279 655243 147905 343044 570435 834397 755325 527612 733522 29189 532593 508164 465435 40176 284637 701498 318586 355227 300649 258421 367078 144135 779798 916502 548082 284984 59733 813293 210883 59005 802213 835798 183006 646328 901757 889177 25081 228895 69926 795324 371495 702216 81985 253856 473494 360897 965236 352213 31417 935897 511790 44144 668980 941536 407207 472887 947541 64139 839556 428325 897598 579282 652574 178451 355500 558543 928608 888294 434671 533769 600496 264089 789624 811217 966619 107363 443805 631124 534309 771767 506556 526386 159583 725000 759722 664601 263515 250433 188425 708248 631098 453282 845555 781146 216360 748275 483745 335258 566207 706765 557617 716527 323800 404756 235236 876044 749647 521623 224075 965055 800143 159553 389448 280904 759329 878280 413341 608969 342426 71313 142744 378061 329561 223849 151310 8678 954703 36298 935237 618105 119716 900136 15196 124034 455259 707592 970643 545763 787018 108244 944191 197628 361061 484199 703010 284377 378295 121229 138413 32366 126012 394490 386718 412972 111401 165221 196779 913286 610583 832053 287727 788609 964054 684321 682955 954942 670247 888480 529238 670702 795208 380010 344705 646985 839149 974564 464959 634832 419551 367728 34218 677375 584336 233534 44192 78726 346714 372356 845384 505724 775731 82219 320616 591693 365569 212369 461125 441504 372835 926203 212182 670574 55061 696644 702269 592005 606665 554268 360825 898982 291363 864246 762799 555926 154439 665361 322030 737331 335075 684331 243769 85842 640336 806156 733196 604823 360491 876508 156461 267395 209381 566889 239793 872738 926849 945947 294900 97463 189523 827802 144466 690910 406742 64341 995758 165537 732284 164602 559245 731565 554271 355569 266546 594260 47273 51982 353463 509626 323624 796147 461557 957271 860418 332843 823540 387689 411224 313286 733813 687892 519341 796014 432909 175560 97467 602908 172852 603798 191593 70321 358784 54265 624534 139055 964116 170949 142446 301347 679241 396905 991853 528027 137910 506052 258134 836509 467097 506209 404556 498437 176798 27131 908024 488433 227265 865556 976754 333640 718306 115627 50420 50563 141705 98694 877619 632009 571898 232561 588627 473555 647527 975131 901945 370846 130001 629076 930359 634177 968409 346344 350446 886458 781319 97559 126209 597269 241557 436961 684813 563647 343023 291000 100521 13077 504611 182700 376707 308334 978732 826906 978237 85806 444837 177669 295832 893205 65174 992403 471512 551375 997936 966082 833329 341328 242596 34527 98608 119832 992697 215363 282472 830199 579966 393745 340408 303509 846309 360666 357129 962760 13147 140904 723065 448706 152848 974440 545684 189881 808704 633901 604262 440264 681626 739627 349547 698964 738065 18914 374891 837214 312846 919422 486925 432050 781429 761862 63591 953811 641395 938441 661405 294090 268519 795699 365518 662738 571266 743159 997880 405015 556161 946124 594388 928357 869236 416193 626860 129492 165893 9535 70108 427533 50854 991606 865210 533018 743616 544674 638435 357042 854268 569010 497372 850085 490937 548388 721602 559245 311524 436974 439208 484389 808432 9948 247689 581372 449908 182307 880684 178391 405093 986970 671317 952993 582626 243048 746201 193839 666231 530273 140306 347680 81582 321535 716696 947440 262452 548106 909562 688651 620537 836248 648912 601496 849444 762464 793487 681898 60965 604465 296201 41962 418259 793718 25818 636819 570374 290288 969530 172775 212221 306800 851149 599069 761806 458355 772824 902019 390770 218752 205536 640647 738577 587091 420853 228578 223590 813223 892048 17053 225597 347699 883517 542546 446933 367847 160755 168334 660786 246714 530252 825144 140964 259833 924989 408830 357574 208349 211502 888843 257950 787903 357237 394328 997820 403945 53837 71175 620649 911676 544048 693617 600950 345148 599497 141734 261126 670887 86606 148120 80573 462106 702875 864592 518388 438527 775090 887950 616610 330788 25731 859431 426994 298965 906147 703554 314590 260904 283018 10176 851314 462391 334336 840216 391077 788233 340139 13501 175081 979532 166916 121860 270192 805755 756839 843600 663873 365589 675560 806669 399440 150407 166353 446708 110179 335268 449366 14052 57869 669640 861014 897785 598778 204577 731089 310127 300510 601205 487543 327713 236019 656378 715833 729065 75311 203482 639142 517862 953809 827719 245673 818998 526584 457013 939949 169740 32132 676564 447360 96629 427768 820821 391179 473356 631627 408564 880704 488584 957404 50286 574507 485495 485777 228784 281735 466295 387460 337645 437662 274768 851408 707563 341065 550725 507747 222879 762189 440388 485136 905536 663204 950662 482088 707470 732161 915706 22860 69865 16555 865782 971053 248923 139658 889345 602669 625815 237362 921222 510971 946043 205776 28429 885044 439621 195557 851388 131207 761497 808824 744286 921951 811271 230825 361083 623780 393940 156661 871849 773468 932487 902905 309081 900767 708223 529074 356607 265210 597798 389012 813658 513381 58505 214864 239015 62758 332516 346525 552859 385202 456588 806827 948041 344850 251887 134523 994881 685315 556607 141841 286812 282187 684575 613333 214100 200836 564194 853764 663300 413861 98051 416594 579260 135201 491105 820110 262674 425866 445143 496623 857112 536137 780351 776302 643002 167780 739935 870725 948937 822598 169850 3751 412856 94431 599412 680491 427292 833715 721725 166555 109902 799749 442061 466293 953898 583198 819407 8897 194819 536941 390619 682692 754734 675544 770961 790816 818868 331614 901937 618622 304593 87263 132603 835800 754644 671067 453200 784710 231112 260383 916442 803566 582868 564919 805682 13016 800342 846698 739914 82878 236542 883558 80563 558321 496765 182919 852667 505349 718886 1256 353938 326457 720995 849819 865219 49636 909524 155155 138963 476571 290185 773625 368546 311228 273420 469261 973578 907385 585851 890157 175056 673008 33360 133383 909758 924495 708154 757446 223260 264417 597678 766617 398374 354461 387461 64054 183104 623195 333822 367003 29268 531467 892203 616270 851531 406453 123291 916500 614626 426745 64607 176708 895934 842800 398209 230661 774966 542167 604142 513251 599119 627765 604338 842714 878564 332510 452467 572443 987661 668299 878592 70826 697985 257454 277006 903559 235970 528155 463322 558885 161786 40207 463706 306254 287358 484709 211032 93746 432634 265456 499379 668648 638074 66705 304368 477966 154213 642947 711749 842621 401833 966125 786204 616643 168080 694814 843467 490735 459473 207155 353444 165003 992441 371185 975797 79456 688326 863144 646710 452521 648561 791860 246125 890025 309287 924558 726393 78146 108052 290710 544749 349643 765369 987786 943358 11555 922235 746315 171409 304292 818298 985930 134888 368154 79907 19281 693280 483991 44175 280550 788382 838585 876184 471080 152988 6565 881750 198517 290917 483092 105697 62193 572115 645098 723638 941204 56392 474410 265806 995882 359343 733403 579165 129109 898805 968621 446174 759407 4100 47716 928905 769921 550459 395959 408263 585743 32210 348728 251637 993848 89467 79963 855247 958872 473504 29123 321318 886827 962547 620289 80130 696781 725567 400693 868878 869532 266470 624604 251132 819483 320898 892121 29279 905162 454469 12008 266820 473420 641229 480206 635747 718827 199777 259120 155499 335666 472495 653860 798258 525867 967116 374414 432306 826886 10739 886275 775390 876359 586966 501763 249525 10118 377976 5962 864005 20801 832782 742197 284021 155373 461666 737292 482272 138323 153498 377443 545000 894342 329802 304186 810460 359512 430440 225868 200609 102881 147250 887813 494282 898642 918713 211437 790203 218417 302189 453107 130655 208093 388053 568494 326944 112155 58520
